2025-04-23T10:33:12.0933549Z Current runner version: '2.323.0'
2025-04-23T10:33:12.0963158Z ##[group]Operating System
2025-04-23T10:33:12.0964287Z Ubuntu
2025-04-23T10:33:12.0965062Z 24.04.2
2025-04-23T10:33:12.0965862Z LTS
2025-04-23T10:33:12.0966635Z ##[endgroup]
2025-04-23T10:33:12.0967461Z ##[group]Runner Image
2025-04-23T10:33:12.0968323Z Image: ubuntu-24.04
2025-04-23T10:33:12.0969144Z Version: 20250420.1.0
2025-04-23T10:33:12.0970542Z Included Software: https://github.com/actions/runner-images/blob/ubuntu24/20250420.1/images/ubuntu/Ubuntu2404-Readme.md
2025-04-23T10:33:12.0972590Z Image Release: https://github.com/actions/runner-images/releases/tag/ubuntu24%2F20250420.1
2025-04-23T10:33:12.0973941Z ##[endgroup]
2025-04-23T10:33:12.0974665Z ##[group]Runner Image Provisioner
2025-04-23T10:33:12.0975613Z 2.0.422.1
2025-04-23T10:33:12.0976454Z ##[endgroup]
2025-04-23T10:33:12.0978014Z ##[group]GITHUB_TOKEN Permissions
2025-04-23T10:33:12.0980452Z Contents: read
2025-04-23T10:33:12.0981336Z Metadata: read
2025-04-23T10:33:12.0982641Z Packages: read
2025-04-23T10:33:12.0983557Z ##[endgroup]
2025-04-23T10:33:12.0986452Z Secret source: Actions
2025-04-23T10:33:12.0987487Z Prepare workflow directory
2025-04-23T10:33:12.1382229Z Prepare all required actions
2025-04-23T10:33:12.1420230Z Getting action download info
2025-04-23T10:33:12.5786810Z ##[group]Download immutable action package 'actions/checkout@v3'
2025-04-23T10:33:12.5788257Z Version: 3.6.0
2025-04-23T10:33:12.5789476Z Digest: sha256:942562b9c7d4b1f2557f1da21f4d3eb4eb4fd01f2ad78b2a6e187d1b193e0a0f
2025-04-23T10:33:12.5790998Z Source commit SHA: f43a0e5ff2bd294095638e18286ca9a3d1956744
2025-04-23T10:33:12.5792216Z ##[endgroup]
2025-04-23T10:33:12.6745532Z ##[group]Download immutable action package 'actions/setup-java@v3'
2025-04-23T10:33:12.6746422Z Version: 3.14.1
2025-04-23T10:33:12.6747237Z Digest: sha256:0f5994bd85f236d7525048fec5b0b7b3ec7474ec50184c8f78a320717cfb3d51
2025-04-23T10:33:12.6748279Z Source commit SHA: 17f84c3641ba7b8f6deff6309fc4c864478f5d62
2025-04-23T10:33:12.6749073Z ##[endgroup]
2025-04-23T10:33:12.9789653Z Complete job name: build-and-deploy
2025-04-23T10:33:13.0520190Z ##[group]Run actions/checkout@v3
2025-04-23T10:33:13.0521263Z with:
2025-04-23T10:33:13.0522475Z   repository: sai-pranay-teja/JobManagement
2025-04-23T10:33:13.0523762Z   token: ***
2025-04-23T10:33:13.0524320Z   ssh-strict: true
2025-04-23T10:33:13.0524917Z   persist-credentials: true
2025-04-23T10:33:13.0525539Z   clean: true
2025-04-23T10:33:13.0526117Z   sparse-checkout-cone-mode: true
2025-04-23T10:33:13.0526768Z   fetch-depth: 1
2025-04-23T10:33:13.0527322Z   fetch-tags: false
2025-04-23T10:33:13.0527874Z   lfs: false
2025-04-23T10:33:13.0528406Z   submodules: false
2025-04-23T10:33:13.0528982Z   set-safe-directory: true
2025-04-23T10:33:13.0529918Z env:
2025-04-23T10:33:13.0530457Z   REMOTE_HOST: 18.60.149.136
2025-04-23T10:33:13.0531086Z   REMOTE_USER: ubuntu
2025-04-23T10:33:13.0531693Z   REMOTE_BACKUP_DIR: /tmp/actions_bak
2025-04-23T10:33:13.0532664Z ##[endgroup]
2025-04-23T10:33:13.2457234Z Syncing repository: sai-pranay-teja/JobManagement
2025-04-23T10:33:13.2459381Z ##[group]Getting Git version info
2025-04-23T10:33:13.2460309Z Working directory is '/home/runner/work/JobManagement/JobManagement'
2025-04-23T10:33:13.2461580Z [command]/usr/bin/git version
2025-04-23T10:33:13.2513356Z git version 2.49.0
2025-04-23T10:33:13.2541578Z ##[endgroup]
2025-04-23T10:33:13.2558829Z Temporarily overriding HOME='/home/runner/work/_temp/66d86db0-b66f-4f3a-adaa-8b281e6dfd70' before making global git config changes
2025-04-23T10:33:13.2561329Z Adding repository directory to the temporary git global config as a safe directory
2025-04-23T10:33:13.2563768Z [command]/usr/bin/git config --global --add safe.directory /home/runner/work/JobManagement/JobManagement
2025-04-23T10:33:13.2594865Z Deleting the contents of '/home/runner/work/JobManagement/JobManagement'
2025-04-23T10:33:13.2598564Z ##[group]Initializing the repository
2025-04-23T10:33:13.2601507Z [command]/usr/bin/git init /home/runner/work/JobManagement/JobManagement
2025-04-23T10:33:13.2691244Z hint: Using 'master' as the name for the initial branch. This default branch name
2025-04-23T10:33:13.2692777Z hint: is subject to change. To configure the initial branch name to use in all
2025-04-23T10:33:13.2694045Z hint: of your new repositories, which will suppress this warning, call:
2025-04-23T10:33:13.2694920Z hint:
2025-04-23T10:33:13.2695673Z hint: 	git config --global init.defaultBranch <name>
2025-04-23T10:33:13.2696500Z hint:
2025-04-23T10:33:13.2697262Z hint: Names commonly chosen instead of 'master' are 'main', 'trunk' and
2025-04-23T10:33:13.2698617Z hint: 'development'. The just-created branch can be renamed via this command:
2025-04-23T10:33:13.2700144Z hint:
2025-04-23T10:33:13.2701047Z hint: 	git branch -m <name>
2025-04-23T10:33:13.2702555Z Initialized empty Git repository in /home/runner/work/JobManagement/JobManagement/.git/
2025-04-23T10:33:13.2708671Z [command]/usr/bin/git remote add origin https://github.com/sai-pranay-teja/JobManagement
2025-04-23T10:33:13.2738737Z ##[endgroup]
2025-04-23T10:33:13.2739724Z ##[group]Disabling automatic garbage collection
2025-04-23T10:33:13.2740895Z [command]/usr/bin/git config --local gc.auto 0
2025-04-23T10:33:13.2767308Z ##[endgroup]
2025-04-23T10:33:13.2768231Z ##[group]Setting up auth
2025-04-23T10:33:13.2772068Z [command]/usr/bin/git config --local --name-only --get-regexp core\.sshCommand
2025-04-23T10:33:13.2797770Z [command]/usr/bin/git submodule foreach --recursive sh -c "git config --local --name-only --get-regexp 'core\.sshCommand' && git config --local --unset-all 'core.sshCommand' || :"
2025-04-23T10:33:13.3090730Z [command]/usr/bin/git config --local --name-only --get-regexp http\.https\:\/\/github\.com\/\.extraheader
2025-04-23T10:33:13.3116393Z [command]/usr/bin/git submodule foreach --recursive sh -c "git config --local --name-only --get-regexp 'http\.https\:\/\/github\.com\/\.extraheader' && git config --local --unset-all 'http.https://github.com/.extraheader' || :"
2025-04-23T10:33:13.3329632Z [command]/usr/bin/git config --local http.https://github.com/.extraheader AUTHORIZATION: basic ***
2025-04-23T10:33:13.3384559Z ##[endgroup]
2025-04-23T10:33:13.3386230Z ##[group]Fetching the repository
2025-04-23T10:33:13.3393459Z [command]/usr/bin/git -c protocol.version=2 fetch --no-tags --prune --progress --no-recurse-submodules --depth=1 origin +b3129683f391a75f224b4fb84be8cdf05e5dc1b5:refs/remotes/origin/main
2025-04-23T10:33:13.6228511Z remote: Enumerating objects: 90, done.        
2025-04-23T10:33:13.6230291Z remote: Counting objects:   1% (1/90)        
2025-04-23T10:33:13.6231757Z remote: Counting objects:   2% (2/90)        
2025-04-23T10:33:13.6233303Z remote: Counting objects:   3% (3/90)        
2025-04-23T10:33:13.6234266Z remote: Counting objects:   4% (4/90)        
2025-04-23T10:33:13.6235194Z remote: Counting objects:   5% (5/90)        
2025-04-23T10:33:13.6236122Z remote: Counting objects:   6% (6/90)        
2025-04-23T10:33:13.6237048Z remote: Counting objects:   7% (7/90)        
2025-04-23T10:33:13.6238000Z remote: Counting objects:   8% (8/90)        
2025-04-23T10:33:13.6239051Z remote: Counting objects:  10% (9/90)        
2025-04-23T10:33:13.6240182Z remote: Counting objects:  11% (10/90)        
2025-04-23T10:33:13.6241425Z remote: Counting objects:  12% (11/90)        
2025-04-23T10:33:13.6242658Z remote: Counting objects:  13% (12/90)        
2025-04-23T10:33:13.6243463Z remote: Counting objects:  14% (13/90)        
2025-04-23T10:33:13.6244269Z remote: Counting objects:  15% (14/90)        
2025-04-23T10:33:13.6245062Z remote: Counting objects:  16% (15/90)        
2025-04-23T10:33:13.6245874Z remote: Counting objects:  17% (16/90)        
2025-04-23T10:33:13.6246635Z remote: Counting objects:  18% (17/90)        
2025-04-23T10:33:13.6247386Z remote: Counting objects:  20% (18/90)        
2025-04-23T10:33:13.6248143Z remote: Counting objects:  21% (19/90)        
2025-04-23T10:33:13.6248894Z remote: Counting objects:  22% (20/90)        
2025-04-23T10:33:13.6249638Z remote: Counting objects:  23% (21/90)        
2025-04-23T10:33:13.6250621Z remote: Counting objects:  24% (22/90)        
2025-04-23T10:33:13.6251383Z remote: Counting objects:  25% (23/90)        
2025-04-23T10:33:13.6252299Z remote: Counting objects:  26% (24/90)        
2025-04-23T10:33:13.6253043Z remote: Counting objects:  27% (25/90)        
2025-04-23T10:33:13.6253801Z remote: Counting objects:  28% (26/90)        
2025-04-23T10:33:13.6254558Z remote: Counting objects:  30% (27/90)        
2025-04-23T10:33:13.6255318Z remote: Counting objects:  31% (28/90)        
2025-04-23T10:33:13.6256103Z remote: Counting objects:  32% (29/90)        
2025-04-23T10:33:13.6256869Z remote: Counting objects:  33% (30/90)        
2025-04-23T10:33:13.6257616Z remote: Counting objects:  34% (31/90)        
2025-04-23T10:33:13.6258371Z remote: Counting objects:  35% (32/90)        
2025-04-23T10:33:13.6259166Z remote: Counting objects:  36% (33/90)        
2025-04-23T10:33:13.6259917Z remote: Counting objects:  37% (34/90)        
2025-04-23T10:33:13.6260683Z remote: Counting objects:  38% (35/90)        
2025-04-23T10:33:13.6261450Z remote: Counting objects:  40% (36/90)        
2025-04-23T10:33:13.6262327Z remote: Counting objects:  41% (37/90)        
2025-04-23T10:33:13.6263083Z remote: Counting objects:  42% (38/90)        
2025-04-23T10:33:13.6263832Z remote: Counting objects:  43% (39/90)        
2025-04-23T10:33:13.6264566Z remote: Counting objects:  44% (40/90)        
2025-04-23T10:33:13.6265318Z remote: Counting objects:  45% (41/90)        
2025-04-23T10:33:13.6266094Z remote: Counting objects:  46% (42/90)        
2025-04-23T10:33:13.6266835Z remote: Counting objects:  47% (43/90)        
2025-04-23T10:33:13.6267576Z remote: Counting objects:  48% (44/90)        
2025-04-23T10:33:13.6268321Z remote: Counting objects:  50% (45/90)        
2025-04-23T10:33:13.6269071Z remote: Counting objects:  51% (46/90)        
2025-04-23T10:33:13.6269800Z remote: Counting objects:  52% (47/90)        
2025-04-23T10:33:13.6270539Z remote: Counting objects:  53% (48/90)        
2025-04-23T10:33:13.6271439Z remote: Counting objects:  54% (49/90)        
2025-04-23T10:33:13.6272461Z remote: Counting objects:  55% (50/90)        
2025-04-23T10:33:13.6273218Z remote: Counting objects:  56% (51/90)        
2025-04-23T10:33:13.6273957Z remote: Counting objects:  57% (52/90)        
2025-04-23T10:33:13.6274873Z remote: Counting objects:  58% (53/90)        
2025-04-23T10:33:13.6275997Z remote: Counting objects:  60% (54/90)        
2025-04-23T10:33:13.6276780Z remote: Counting objects:  61% (55/90)        
2025-04-23T10:33:13.6277531Z remote: Counting objects:  62% (56/90)        
2025-04-23T10:33:13.6278461Z remote: Counting objects:  63% (57/90)        
2025-04-23T10:33:13.6279415Z remote: Counting objects:  64% (58/90)        
2025-04-23T10:33:13.6280441Z remote: Counting objects:  65% (59/90)        
2025-04-23T10:33:13.6281201Z remote: Counting objects:  66% (60/90)        
2025-04-23T10:33:13.6282080Z remote: Counting objects:  67% (61/90)        
2025-04-23T10:33:13.6282868Z remote: Counting objects:  68% (62/90)        
2025-04-23T10:33:13.6283622Z remote: Counting objects:  70% (63/90)        
2025-04-23T10:33:13.6284520Z remote: Counting objects:  71% (64/90)        
2025-04-23T10:33:13.6285638Z remote: Counting objects:  72% (65/90)        
2025-04-23T10:33:13.6286420Z remote: Counting objects:  73% (66/90)        
2025-04-23T10:33:13.6287178Z remote: Counting objects:  74% (67/90)        
2025-04-23T10:33:13.6287919Z remote: Counting objects:  75% (68/90)        
2025-04-23T10:33:13.6288662Z remote: Counting objects:  76% (69/90)        
2025-04-23T10:33:13.6289410Z remote: Counting objects:  77% (70/90)        
2025-04-23T10:33:13.6290307Z remote: Counting objects:  78% (71/90)        
2025-04-23T10:33:13.6291510Z remote: Counting objects:  80% (72/90)        
2025-04-23T10:33:13.6292712Z remote: Counting objects:  81% (73/90)        
2025-04-23T10:33:13.6293480Z remote: Counting objects:  82% (74/90)        
2025-04-23T10:33:13.6294220Z remote: Counting objects:  83% (75/90)        
2025-04-23T10:33:13.6295197Z remote: Counting objects:  84% (76/90)        
2025-04-23T10:33:13.6295952Z remote: Counting objects:  85% (77/90)        
2025-04-23T10:33:13.6296689Z remote: Counting objects:  86% (78/90)        
2025-04-23T10:33:13.6297425Z remote: Counting objects:  87% (79/90)        
2025-04-23T10:33:13.6298169Z remote: Counting objects:  88% (80/90)        
2025-04-23T10:33:13.6298912Z remote: Counting objects:  90% (81/90)        
2025-04-23T10:33:13.6299646Z remote: Counting objects:  91% (82/90)        
2025-04-23T10:33:13.6300378Z remote: Counting objects:  92% (83/90)        
2025-04-23T10:33:13.6301114Z remote: Counting objects:  93% (84/90)        
2025-04-23T10:33:13.6302086Z remote: Counting objects:  94% (85/90)        
2025-04-23T10:33:13.6302875Z remote: Counting objects:  95% (86/90)        
2025-04-23T10:33:13.6303625Z remote: Counting objects:  96% (87/90)        
2025-04-23T10:33:13.6304371Z remote: Counting objects:  97% (88/90)        
2025-04-23T10:33:13.6305154Z remote: Counting objects:  98% (89/90)        
2025-04-23T10:33:13.6305903Z remote: Counting objects: 100% (90/90)        
2025-04-23T10:33:13.6306696Z remote: Counting objects: 100% (90/90), done.        
2025-04-23T10:33:13.6307507Z remote: Compressing objects:   1% (1/76)        
2025-04-23T10:33:13.6308287Z remote: Compressing objects:   2% (2/76)        
2025-04-23T10:33:13.6309062Z remote: Compressing objects:   3% (3/76)        
2025-04-23T10:33:13.6309840Z remote: Compressing objects:   5% (4/76)        
2025-04-23T10:33:13.6310593Z remote: Compressing objects:   6% (5/76)        
2025-04-23T10:33:13.6311423Z remote: Compressing objects:   7% (6/76)        
2025-04-23T10:33:13.6312424Z remote: Compressing objects:   9% (7/76)        
2025-04-23T10:33:13.6313214Z remote: Compressing objects:  10% (8/76)        
2025-04-23T10:33:13.6313980Z remote: Compressing objects:  11% (9/76)        
2025-04-23T10:33:13.6314745Z remote: Compressing objects:  13% (10/76)        
2025-04-23T10:33:13.6315538Z remote: Compressing objects:  14% (11/76)        
2025-04-23T10:33:13.6316451Z remote: Compressing objects:  15% (12/76)        
2025-04-23T10:33:13.6317236Z remote: Compressing objects:  17% (13/76)        
2025-04-23T10:33:13.6318012Z remote: Compressing objects:  18% (14/76)        
2025-04-23T10:33:13.6318787Z remote: Compressing objects:  19% (15/76)        
2025-04-23T10:33:13.6319557Z remote: Compressing objects:  21% (16/76)        
2025-04-23T10:33:13.6320318Z remote: Compressing objects:  22% (17/76)        
2025-04-23T10:33:13.6321092Z remote: Compressing objects:  23% (18/76)        
2025-04-23T10:33:13.6321979Z remote: Compressing objects:  25% (19/76)        
2025-04-23T10:33:13.6322751Z remote: Compressing objects:  26% (20/76)        
2025-04-23T10:33:13.6323514Z remote: Compressing objects:  27% (21/76)        
2025-04-23T10:33:13.6324286Z remote: Compressing objects:  28% (22/76)        
2025-04-23T10:33:13.6325053Z remote: Compressing objects:  30% (23/76)        
2025-04-23T10:33:13.6325833Z remote: Compressing objects:  31% (24/76)        
2025-04-23T10:33:13.6326607Z remote: Compressing objects:  32% (25/76)        
2025-04-23T10:33:13.6327380Z remote: Compressing objects:  34% (26/76)        
2025-04-23T10:33:13.6328160Z remote: Compressing objects:  35% (27/76)        
2025-04-23T10:33:13.6328922Z remote: Compressing objects:  36% (28/76)        
2025-04-23T10:33:13.6385717Z remote: Compressing objects:  38% (29/76)        
2025-04-23T10:33:13.6387542Z remote: Compressing objects:  39% (30/76)        
2025-04-23T10:33:13.6388646Z remote: Compressing objects:  40% (31/76)        
2025-04-23T10:33:13.6390053Z remote: Compressing objects:  42% (32/76)        
2025-04-23T10:33:13.6392267Z remote: Compressing objects:  43% (33/76)        
2025-04-23T10:33:13.6393759Z remote: Compressing objects:  44% (34/76)        
2025-04-23T10:33:13.6394923Z remote: Compressing objects:  46% (35/76)        
2025-04-23T10:33:13.6395727Z remote: Compressing objects:  47% (36/76)        
2025-04-23T10:33:13.6397296Z remote: Compressing objects:  48% (37/76)        
2025-04-23T10:33:13.6398308Z remote: Compressing objects:  50% (38/76)        
2025-04-23T10:33:13.6399248Z remote: Compressing objects:  51% (39/76)        
2025-04-23T10:33:13.6400023Z remote: Compressing objects:  52% (40/76)        
2025-04-23T10:33:13.6401168Z remote: Compressing objects:  53% (41/76)        
2025-04-23T10:33:13.6402475Z remote: Compressing objects:  55% (42/76)        
2025-04-23T10:33:13.6403522Z remote: Compressing objects:  56% (43/76)        
2025-04-23T10:33:13.6404470Z remote: Compressing objects:  57% (44/76)        
2025-04-23T10:33:13.6405351Z remote: Compressing objects:  59% (45/76)        
2025-04-23T10:33:13.6406136Z remote: Compressing objects:  60% (46/76)        
2025-04-23T10:33:13.6406916Z remote: Compressing objects:  61% (47/76)        
2025-04-23T10:33:13.6407690Z remote: Compressing objects:  63% (48/76)        
2025-04-23T10:33:13.6408451Z remote: Compressing objects:  64% (49/76)        
2025-04-23T10:33:13.6409254Z remote: Compressing objects:  65% (50/76)        
2025-04-23T10:33:13.6410026Z remote: Compressing objects:  67% (51/76)        
2025-04-23T10:33:13.6410795Z remote: Compressing objects:  68% (52/76)        
2025-04-23T10:33:13.6411555Z remote: Compressing objects:  69% (53/76)        
2025-04-23T10:33:13.6412902Z remote: Compressing objects:  71% (54/76)        
2025-04-23T10:33:13.6413837Z remote: Compressing objects:  72% (55/76)        
2025-04-23T10:33:13.6414746Z remote: Compressing objects:  73% (56/76)        
2025-04-23T10:33:13.6415525Z remote: Compressing objects:  75% (57/76)        
2025-04-23T10:33:13.6416301Z remote: Compressing objects:  76% (58/76)        
2025-04-23T10:33:13.6417068Z remote: Compressing objects:  77% (59/76)        
2025-04-23T10:33:13.6417868Z remote: Compressing objects:  78% (60/76)        
2025-04-23T10:33:13.6418631Z remote: Compressing objects:  80% (61/76)        
2025-04-23T10:33:13.6419410Z remote: Compressing objects:  81% (62/76)        
2025-04-23T10:33:13.6420359Z remote: Compressing objects:  82% (63/76)        
2025-04-23T10:33:13.6421143Z remote: Compressing objects:  84% (64/76)        
2025-04-23T10:33:13.6422100Z remote: Compressing objects:  85% (65/76)        
2025-04-23T10:33:13.6422892Z remote: Compressing objects:  86% (66/76)        
2025-04-23T10:33:13.6423662Z remote: Compressing objects:  88% (67/76)        
2025-04-23T10:33:13.6424427Z remote: Compressing objects:  89% (68/76)        
2025-04-23T10:33:13.6425185Z remote: Compressing objects:  90% (69/76)        
2025-04-23T10:33:13.6425945Z remote: Compressing objects:  92% (70/76)        
2025-04-23T10:33:13.6426712Z remote: Compressing objects:  93% (71/76)        
2025-04-23T10:33:13.6427487Z remote: Compressing objects:  94% (72/76)        
2025-04-23T10:33:13.6428254Z remote: Compressing objects:  96% (73/76)        
2025-04-23T10:33:13.6429014Z remote: Compressing objects:  97% (74/76)        
2025-04-23T10:33:13.6429776Z remote: Compressing objects:  98% (75/76)        
2025-04-23T10:33:13.6430563Z remote: Compressing objects: 100% (76/76)        
2025-04-23T10:33:13.6431367Z remote: Compressing objects: 100% (76/76), done.        
2025-04-23T10:33:13.9854316Z remote: Total 90 (delta 21), reused 51 (delta 9), pack-reused 0 (from 0)        
2025-04-23T10:33:14.0722000Z From https://github.com/sai-pranay-teja/JobManagement
2025-04-23T10:33:14.0723768Z  * [new ref]         b3129683f391a75f224b4fb84be8cdf05e5dc1b5 -> origin/main
2025-04-23T10:33:14.0753535Z ##[endgroup]
2025-04-23T10:33:14.0756586Z ##[group]Determining the checkout info
2025-04-23T10:33:14.0759960Z ##[endgroup]
2025-04-23T10:33:14.0764111Z ##[group]Checking out the ref
2025-04-23T10:33:14.1287576Z [command]/usr/bin/git checkout --progress --force -B main refs/remotes/origin/main
2025-04-23T10:33:14.1290282Z Switched to a new branch 'main'
2025-04-23T10:33:14.1292239Z branch 'main' set up to track 'origin/main'.
2025-04-23T10:33:14.1297163Z ##[endgroup]
2025-04-23T10:33:14.1330151Z [command]/usr/bin/git log -1 --format='%H'
2025-04-23T10:33:14.1351490Z 'b3129683f391a75f224b4fb84be8cdf05e5dc1b5'
2025-04-23T10:33:14.1710669Z ##[group]Run actions/setup-java@v3
2025-04-23T10:33:14.1712392Z with:
2025-04-23T10:33:14.1713609Z   java-version: 17
2025-04-23T10:33:14.1714918Z   distribution: corretto
2025-04-23T10:33:14.1716293Z   java-package: jdk
2025-04-23T10:33:14.1717582Z   check-latest: false
2025-04-23T10:33:14.1718911Z   server-id: github
2025-04-23T10:33:14.1720236Z   server-username: GITHUB_ACTOR
2025-04-23T10:33:14.1721735Z   server-password: GITHUB_TOKEN
2025-04-23T10:33:14.1723502Z   overwrite-settings: true
2025-04-23T10:33:14.1724898Z   job-status: success
2025-04-23T10:33:14.1726505Z   token: ***
2025-04-23T10:33:14.1727710Z env:
2025-04-23T10:33:14.1728889Z   REMOTE_HOST: 18.60.149.136
2025-04-23T10:33:14.1730319Z   REMOTE_USER: ubuntu
2025-04-23T10:33:14.1731723Z   REMOTE_BACKUP_DIR: /tmp/actions_bak
2025-04-23T10:33:14.1733433Z ##[endgroup]
2025-04-23T10:33:14.3705584Z ##[group]Installed distributions
2025-04-23T10:33:14.3730055Z Trying to resolve the latest version from remote
2025-04-23T10:33:14.4414014Z Resolved latest version as 17.0.15+6.1
2025-04-23T10:33:14.4414684Z Trying to download...
2025-04-23T10:33:14.4417632Z Downloading Java 17.0.15+6.1 (Corretto) from https://corretto.aws/downloads/resources/17.0.15.6.1/amazon-corretto-17.0.15.6.1-linux-x64.tar.gz ...
2025-04-23T10:33:15.4845948Z Extracting Java archive...
2025-04-23T10:33:15.4968058Z [command]/usr/bin/tar xz --warning=no-unknown-keyword -C /home/runner/work/_temp/798ae6ae-b079-4544-adeb-8fcaaa3d9655 -f /home/runner/work/_temp/4de06812-ecb7-4044-8c71-7be122ece066
2025-04-23T10:33:18.0804919Z Java 17.0.15+6.1 was downloaded
2025-04-23T10:33:18.0805512Z Setting Java 17.0.15+6.1 as the default
2025-04-23T10:33:18.0815275Z Creating toolchains.xml for JDK version 17 from corretto
2025-04-23T10:33:18.0894691Z Writing to /home/runner/.m2/toolchains.xml
2025-04-23T10:33:18.0895259Z 
2025-04-23T10:33:18.0895528Z Java configuration:
2025-04-23T10:33:18.0895922Z   Distribution: corretto
2025-04-23T10:33:18.0897404Z   Version: 17.0.15+6.1
2025-04-23T10:33:18.0898116Z   Path: /opt/hostedtoolcache/Java_Corretto_jdk/17.0.15-6.1/x64
2025-04-23T10:33:18.0898513Z 
2025-04-23T10:33:18.0898986Z ##[endgroup]
2025-04-23T10:33:18.0915681Z Creating settings.xml with server-id: github
2025-04-23T10:33:18.0917440Z Writing to /home/runner/.m2/settings.xml
2025-04-23T10:33:18.1062974Z ##[group]Run echo "$SSH_KEY_SECRET" > key.pem
2025-04-23T10:33:18.1063467Z [36;1mecho "$SSH_KEY_SECRET" > key.pem[0m
2025-04-23T10:33:18.1063841Z [36;1msed -i 's/\\n/\n/g' key.pem[0m
2025-04-23T10:33:18.1064484Z [36;1mgrep -q "BEGIN RSA PRIVATE KEY" key.pem || sed -i '1i***' key.pem[0m
2025-04-23T10:33:18.1065120Z [36;1mgrep -q "END RSA PRIVATE KEY" key.pem || echo "***" >> key.pem[0m
2025-04-23T10:33:18.1065543Z [36;1mchmod 400 key.pem[0m
2025-04-23T10:33:18.1101739Z shell: /usr/bin/bash -e {0}
2025-04-23T10:33:18.1102347Z env:
2025-04-23T10:33:18.1102614Z   REMOTE_HOST: 18.60.149.136
2025-04-23T10:33:18.1102937Z   REMOTE_USER: ubuntu
2025-04-23T10:33:18.1103238Z   REMOTE_BACKUP_DIR: /tmp/actions_bak
2025-04-23T10:33:18.1103675Z   JAVA_HOME: /opt/hostedtoolcache/Java_Corretto_jdk/17.0.15-6.1/x64
2025-04-23T10:33:18.1104210Z   JAVA_HOME_17_X64: /opt/hostedtoolcache/Java_Corretto_jdk/17.0.15-6.1/x64
2025-04-23T10:33:18.1112096Z   SSH_KEY_SECRET: ***
2025-04-23T10:33:18.1112418Z ##[endgroup]
2025-04-23T10:33:18.2106233Z ##[group]Run echo "PIPELINE_START_TIME=$(date +%s)" >> $GITHUB_ENV
2025-04-23T10:33:18.2106840Z [36;1mecho "PIPELINE_START_TIME=$(date +%s)" >> $GITHUB_ENV[0m
2025-04-23T10:33:18.2135455Z shell: /usr/bin/bash -e {0}
2025-04-23T10:33:18.2135753Z env:
2025-04-23T10:33:18.2136009Z   REMOTE_HOST: 18.60.149.136
2025-04-23T10:33:18.2136301Z   REMOTE_USER: ubuntu
2025-04-23T10:33:18.2136587Z   REMOTE_BACKUP_DIR: /tmp/actions_bak
2025-04-23T10:33:18.2137011Z   JAVA_HOME: /opt/hostedtoolcache/Java_Corretto_jdk/17.0.15-6.1/x64
2025-04-23T10:33:18.2137542Z   JAVA_HOME_17_X64: /opt/hostedtoolcache/Java_Corretto_jdk/17.0.15-6.1/x64
2025-04-23T10:33:18.2138130Z ##[endgroup]
2025-04-23T10:33:18.2226390Z ##[group]Run mkdir -p build/WEB-INF/classes
2025-04-23T10:33:18.2226823Z [36;1mmkdir -p build/WEB-INF/classes[0m
2025-04-23T10:33:18.2227367Z [36;1m# Compile Java sources; redirect errors to compile_error.log and exit if compilation fails.[0m
2025-04-23T10:33:18.2228241Z [36;1m# javac -cp "src/main/webapp/WEB-INF/lib/*" -d build/WEB-INF/classes $(find src -name "*.java") 2> compile_error.log || { echo "Build failed!"; exit 1; }[0m
2025-04-23T10:33:18.2229165Z [36;1mjavac -cp "src/main/webapp/WEB-INF/lib/*" -d build/WEB-INF/classes $(find src -name "*.java") 2> compile_error.log[0m
2025-04-23T10:33:18.2229727Z [36;1m[0m
2025-04-23T10:33:18.2230081Z [36;1mcp -R src/main/resources/* build/WEB-INF/classes/[0m
2025-04-23T10:33:18.2230492Z [36;1mcp -R src/main/webapp/* build/[0m
2025-04-23T10:33:18.2230884Z [36;1mjar -cvf JobManagement_ACTIONS.war -C build .[0m
2025-04-23T10:33:18.2258835Z shell: /usr/bin/bash -e {0}
2025-04-23T10:33:18.2259144Z env:
2025-04-23T10:33:18.2259430Z   REMOTE_HOST: 18.60.149.136
2025-04-23T10:33:18.2259718Z   REMOTE_USER: ubuntu
2025-04-23T10:33:18.2260010Z   REMOTE_BACKUP_DIR: /tmp/actions_bak
2025-04-23T10:33:18.2260439Z   JAVA_HOME: /opt/hostedtoolcache/Java_Corretto_jdk/17.0.15-6.1/x64
2025-04-23T10:33:18.2260959Z   JAVA_HOME_17_X64: /opt/hostedtoolcache/Java_Corretto_jdk/17.0.15-6.1/x64
2025-04-23T10:33:18.2261373Z   PIPELINE_START_TIME: 1745404398
2025-04-23T10:33:18.2261679Z ##[endgroup]
2025-04-23T10:33:19.5788836Z added manifest
2025-04-23T10:33:19.5882819Z adding: WEB-INF/(in = 0) (out= 0)(stored 0%)
2025-04-23T10:33:19.5887989Z adding: WEB-INF/classes/(in = 0) (out= 0)(stored 0%)
2025-04-23T10:33:19.5888946Z adding: WEB-INF/classes/TestApp.class(in = 393) (out= 279)(deflated 29%)
2025-04-23T10:33:19.5893209Z adding: WEB-INF/classes/TestAppPart1.class(in = 3452) (out= 1808)(deflated 47%)
2025-04-23T10:33:19.5894666Z adding: WEB-INF/classes/TestAppPart2.class(in = 644) (out= 427)(deflated 33%)
2025-04-23T10:33:19.5896590Z adding: WEB-INF/classes/config.properties(in = 132) (out= 117)(deflated 11%)
2025-04-23T10:33:19.5899538Z adding: WEB-INF/classes/metrics/(in = 0) (out= 0)(stored 0%)
2025-04-23T10:33:19.5902230Z adding: WEB-INF/classes/metrics/EfficiencyIndexCalculator.class(in = 796) (out= 525)(deflated 34%)
2025-04-23T10:33:19.5904284Z adding: WEB-INF/classes/metrics/ExportMetricsCSVServlet.class(in = 6498) (out= 2926)(deflated 54%)
2025-04-23T10:33:19.5906250Z adding: WEB-INF/classes/metrics/MetricRecord.class(in = 1674) (out= 687)(deflated 58%)
2025-04-23T10:33:19.5909545Z adding: WEB-INF/classes/metrics/MetricsDashboardServlet.class(in = 5675) (out= 2432)(deflated 57%)
2025-04-23T10:33:19.5911404Z adding: WEB-INF/classes/metrics/MetricsParser.class(in = 4726) (out= 2606)(deflated 44%)
2025-04-23T10:33:19.5913303Z adding: WEB-INF/classes/model/(in = 0) (out= 0)(stored 0%)
2025-04-23T10:33:19.5914878Z adding: WEB-INF/classes/model/Application.class(in = 1590) (out= 613)(deflated 61%)
2025-04-23T10:33:19.5916787Z adding: WEB-INF/classes/model/ApplicationController.class(in = 3616) (out= 1875)(deflated 48%)
2025-04-23T10:33:19.5919360Z adding: WEB-INF/classes/model/ApplicationDAO.class(in = 5283) (out= 2359)(deflated 55%)
2025-04-23T10:33:19.5922736Z adding: WEB-INF/classes/model/CancelApplicationController.class(in = 1651) (out= 891)(deflated 46%)
2025-04-23T10:33:19.5925168Z adding: WEB-INF/classes/model/DatabaseUtil.class(in = 2328) (out= 1292)(deflated 44%)
2025-04-23T10:33:19.5927629Z adding: WEB-INF/classes/model/DeleteJobController.class(in = 2258) (out= 1187)(deflated 47%)
2025-04-23T10:33:19.5931482Z adding: WEB-INF/classes/model/DownloadResumeController.class(in = 2480) (out= 1329)(deflated 46%)
2025-04-23T10:33:19.5933590Z adding: WEB-INF/classes/model/EmployerDashboardController.class(in = 2913) (out= 1416)(deflated 51%)
2025-04-23T10:33:19.5936928Z adding: WEB-INF/classes/model/Job.class(in = 1299) (out= 572)(deflated 55%)
2025-04-23T10:33:19.5942602Z adding: WEB-INF/classes/model/JobController.class(in = 2383) (out= 1290)(deflated 45%)
2025-04-23T10:33:19.5943871Z adding: WEB-INF/classes/model/JobDAO.class(in = 5248) (out= 2320)(deflated 55%)
2025-04-23T10:33:19.5949147Z adding: WEB-INF/classes/model/LoginController.class(in = 2435) (out= 1248)(deflated 48%)
2025-04-23T10:33:19.5952574Z adding: WEB-INF/classes/model/LogoutServlet.class(in = 969) (out= 538)(deflated 44%)
2025-04-23T10:33:19.5954159Z adding: WEB-INF/classes/model/UpdateApplicationStatusController.class(in = 1727) (out= 926)(deflated 46%)
2025-04-23T10:33:19.5955523Z adding: WEB-INF/classes/model/User.class(in = 1110) (out= 469)(deflated 57%)
2025-04-23T10:33:19.5956710Z adding: WEB-INF/classes/model/UserController.class(in = 2109) (out= 1166)(deflated 44%)
2025-04-23T10:33:19.5960356Z adding: WEB-INF/classes/model/UserDAO.class(in = 4628) (out= 2108)(deflated 54%)
2025-04-23T10:33:19.5963748Z adding: WEB-INF/classes/model/ViewApplicationsController.class(in = 2475) (out= 1234)(deflated 50%)
2025-04-23T10:33:19.5969058Z adding: WEB-INF/classes/model/ViewJobsController.class(in = 3200) (out= 1649)(deflated 48%)
2025-04-23T10:33:19.5970092Z adding: WEB-INF/lib/(in = 0) (out= 0)(stored 0%)
2025-04-23T10:33:19.5993022Z adding: WEB-INF/lib/commons-fileupload2-core-2.0.0-M2.jar(in = 63228) (out= 55526)(deflated 12%)
2025-04-23T10:33:19.6142458Z adding: WEB-INF/lib/commons-io-2.18.0.jar(in = 538910) (out= 479979)(deflated 10%)
2025-04-23T10:33:19.6153987Z adding: WEB-INF/lib/hamcrest-core-1.3.jar(in = 45024) (out= 39918)(deflated 11%)
2025-04-23T10:33:19.6244630Z adding: WEB-INF/lib/jakarta.servlet-api-6.0.0.jar(in = 347613) (out= 324001)(deflated 6%)
2025-04-23T10:33:19.7204893Z adding: WEB-INF/lib/jakarta.servlet.jsp.jstl-3.0.0.jar(in = 3712950) (out= 3357798)(deflated 9%)
2025-04-23T10:33:19.7217416Z adding: WEB-INF/lib/jakarta.servlet.jsp.jstl-api-3.0.0.jar(in = 46041) (out= 41321)(deflated 10%)
2025-04-23T10:33:19.7865395Z adding: WEB-INF/lib/junit-platform-console-standalone-1.9.2.jar(in = 2614420) (out= 2294330)(deflated 12%)
2025-04-23T10:33:19.8563115Z adding: WEB-INF/lib/mysql-connector-j-9.2.0.jar(in = 2609756) (out= 2445064)(deflated 6%)
2025-04-23T10:33:19.8564549Z adding: WEB-INF/web.xml(in = 1218) (out= 397)(deflated 67%)
2025-04-23T10:33:19.8565660Z adding: css/(in = 0) (out= 0)(stored 0%)
2025-04-23T10:33:19.8568654Z adding: css/styles.css(in = 4741) (out= 1265)(deflated 73%)
2025-04-23T10:33:19.8570681Z adding: dashboard.jsp(in = 941) (out= 435)(deflated 53%)
2025-04-23T10:33:19.8573485Z adding: employerDashboard.jsp(in = 2440) (out= 870)(deflated 64%)
2025-04-23T10:33:19.8575031Z adding: error.jsp(in = 327) (out= 232)(deflated 29%)
2025-04-23T10:33:19.8577002Z adding: login.jsp(in = 606) (out= 335)(deflated 44%)
2025-04-23T10:33:19.8577978Z adding: logs/(in = 0) (out= 0)(stored 0%)
2025-04-23T10:33:19.8583115Z adding: logs/codebuild-rollback.log(in = 26758) (out= 3486)(deflated 86%)
2025-04-23T10:33:19.8587911Z adding: logs/codebuild.log(in = 20462) (out= 4294)(deflated 79%)
2025-04-23T10:33:19.8597430Z adding: logs/gha-rollback.log(in = 41669) (out= 9105)(deflated 78%)
2025-04-23T10:33:19.8609237Z adding: logs/gha.log(in = 57429) (out= 12210)(deflated 78%)
2025-04-23T10:33:19.8616723Z adding: logs/jenkins-1.log(in = 32996) (out= 6427)(deflated 80%)
2025-04-23T10:33:19.8623755Z adding: logs/jenkins-2.log(in = 33005) (out= 6420)(deflated 80%)
2025-04-23T10:33:19.8629447Z adding: logs/jenkins-3.log(in = 23908) (out= 5358)(deflated 77%)
2025-04-23T10:33:19.8636518Z adding: logs/jenkins-4.log(in = 33002) (out= 6389)(deflated 80%)
2025-04-23T10:33:19.8640302Z adding: logs/jenkins-rollback.log(in = 11672) (out= 2705)(deflated 76%)
2025-04-23T10:33:19.8647201Z adding: logs/jenkins.log(in = 32974) (out= 6426)(deflated 80%)
2025-04-23T10:33:19.8649776Z adding: metrics.jsp(in = 3715) (out= 1269)(deflated 65%)
2025-04-23T10:33:19.8651086Z adding: postJob.jsp(in = 899) (out= 454)(deflated 49%)
2025-04-23T10:33:19.8653363Z adding: register.jsp(in = 931) (out= 410)(deflated 55%)
2025-04-23T10:33:19.8656320Z adding: viewApplications.jsp(in = 3165) (out= 1113)(deflated 64%)
2025-04-23T10:33:19.8660283Z adding: viewJobs.jsp(in = 5148) (out= 1546)(deflated 69%)
2025-04-23T10:33:19.8819953Z ##[group]Run ssh -o StrictHostKeyChecking=no -i key.pem $REMOTE_USER@$REMOTE_HOST "mkdir -p /tmp/actions_bak"
2025-04-23T10:33:19.8820818Z [36;1mssh -o StrictHostKeyChecking=no -i key.pem $REMOTE_USER@$REMOTE_HOST "mkdir -p /tmp/actions_bak"[0m
2025-04-23T10:33:19.8821682Z [36;1mscp -o StrictHostKeyChecking=no -i key.pem JobManagement_ACTIONS.war $REMOTE_USER@$REMOTE_HOST:/tmp/actions_bak/JobManagement_ACTIONS.war_bak[0m
2025-04-23T10:33:19.8822706Z [36;1mecho "Backup saved on remote host at /tmp/actions_bak/JobManagement_ACTIONS.war_bak"[0m
2025-04-23T10:33:19.8854881Z shell: /usr/bin/bash -e {0}
2025-04-23T10:33:19.8855202Z env:
2025-04-23T10:33:19.8855456Z   REMOTE_HOST: 18.60.149.136
2025-04-23T10:33:19.8855753Z   REMOTE_USER: ubuntu
2025-04-23T10:33:19.8856041Z   REMOTE_BACKUP_DIR: /tmp/actions_bak
2025-04-23T10:33:19.8856488Z   JAVA_HOME: /opt/hostedtoolcache/Java_Corretto_jdk/17.0.15-6.1/x64
2025-04-23T10:33:19.8857030Z   JAVA_HOME_17_X64: /opt/hostedtoolcache/Java_Corretto_jdk/17.0.15-6.1/x64
2025-04-23T10:33:19.8857454Z   PIPELINE_START_TIME: 1745404398
2025-04-23T10:33:19.8857767Z ##[endgroup]
2025-04-23T10:33:20.9123316Z Warning: Permanently added '18.60.149.136' (ED25519) to the list of known hosts.
2025-04-23T10:33:30.4007881Z Backup saved on remote host at /tmp/actions_bak/JobManagement_ACTIONS.war_bak
2025-04-23T10:33:30.4036967Z ##[group]Run mkdir -p test_output
2025-04-23T10:33:30.4037370Z [36;1mmkdir -p test_output[0m
2025-04-23T10:33:30.4037888Z [36;1mjavac -cp "src/main/webapp/WEB-INF/lib/*:src" -d test_output $(find src/main/test -name "*.java")[0m
2025-04-23T10:33:30.4038869Z [36;1mjava -cp "test_output:src/main/webapp/WEB-INF/lib/*" org.junit.platform.console.ConsoleLauncher --scan-class-path test_output --details summary > test_results.log || true[0m
2025-04-23T10:33:30.4039675Z [36;1mhead -n 20 test_results.log[0m
2025-04-23T10:33:30.4070295Z shell: /usr/bin/bash -e {0}
2025-04-23T10:33:30.4070601Z env:
2025-04-23T10:33:30.4070859Z   REMOTE_HOST: 18.60.149.136
2025-04-23T10:33:30.4071147Z   REMOTE_USER: ubuntu
2025-04-23T10:33:30.4071441Z   REMOTE_BACKUP_DIR: /tmp/actions_bak
2025-04-23T10:33:30.4072122Z   JAVA_HOME: /opt/hostedtoolcache/Java_Corretto_jdk/17.0.15-6.1/x64
2025-04-23T10:33:30.4072689Z   JAVA_HOME_17_X64: /opt/hostedtoolcache/Java_Corretto_jdk/17.0.15-6.1/x64
2025-04-23T10:33:30.4073436Z   PIPELINE_START_TIME: 1745404398
2025-04-23T10:33:30.4073873Z ##[endgroup]
2025-04-23T10:33:31.7084242Z 
2025-04-23T10:33:31.7085007Z Thanks for using JUnit! Support its development at https://junit.org/sponsoring
2025-04-23T10:33:31.7085664Z 
2025-04-23T10:33:31.7085671Z 
2025-04-23T10:33:31.7085848Z Failures (2):
2025-04-23T10:33:31.7086380Z   JUnit Jupiter:TestAppPart1:testDatabaseConnection()
2025-04-23T10:33:31.7087443Z     MethodSource [className = 'TestAppPart1', methodName = 'testDatabaseConnection', methodParameterTypes = '']
2025-04-23T10:33:31.7088958Z     => org.opentest4j.AssertionFailedError: Database connection failed: config.properties not found
2025-04-23T10:33:31.7090057Z        org.junit.jupiter.api.AssertionUtils.fail(AssertionUtils.java:38)
2025-04-23T10:33:31.7090997Z        org.junit.jupiter.api.Assertions.fail(Assertions.java:135)
2025-04-23T10:33:31.7091678Z        TestAppPart1.testDatabaseConnection(TestAppPart1.java:31)
2025-04-23T10:33:31.7092553Z        java.base/jdk.internal.reflect.NativeMethodAccessorImpl.invoke0(Native Method)
2025-04-23T10:33:31.7093319Z        java.base/jdk.internal.reflect.NativeMethodAccessorImpl.invoke(NativeMethodAccessorImpl.java:77)
2025-04-23T10:33:31.7094177Z        java.base/jdk.internal.reflect.DelegatingMethodAccessorImpl.invoke(DelegatingMethodAccessorImpl.java:43)
2025-04-23T10:33:31.7094866Z        java.base/java.lang.reflect.Method.invoke(Method.java:569)
2025-04-23T10:33:31.7095481Z        org.junit.platform.commons.util.ReflectionUtils.invokeMethod(ReflectionUtils.java:727)
2025-04-23T10:33:31.7096463Z        org.junit.jupiter.engine.execution.MethodInvocation.proceed(MethodInvocation.java:60)
2025-04-23T10:33:31.7097395Z        org.junit.jupiter.engine.execution.InvocationInterceptorChain$ValidatingInvocation.proceed(InvocationInterceptorChain.java:131)
2025-04-23T10:33:31.7098101Z        [...]
2025-04-23T10:33:31.7098415Z   JUnit Jupiter:TestAppPart1:testQueryExecution()
2025-04-23T10:33:31.7126267Z ##[group]Run ssh -o StrictHostKeyChecking=no -i key.pem $REMOTE_USER@$REMOTE_HOST "vmstat -s | awk '{printf \"%.2f MB - %s\n\", \$1/1024, substr(\$0, index(\$0,\$2))}'" > resource_usage_before.log
2025-04-23T10:33:31.7127438Z [36;1mssh -o StrictHostKeyChecking=no -i key.pem $REMOTE_USER@$REMOTE_HOST "vmstat -s | awk '{printf \"%.2f MB - %s\n\", \$1/1024, substr(\$0, index(\$0,\$2))}'" > resource_usage_before.log[0m
2025-04-23T10:33:31.7128327Z [36;1mssh -o StrictHostKeyChecking=no -i key.pem $REMOTE_USER@$REMOTE_HOST "free -h" > mem_before.log[0m
2025-04-23T10:33:31.7158816Z shell: /usr/bin/bash -e {0}
2025-04-23T10:33:31.7159124Z env:
2025-04-23T10:33:31.7159375Z   REMOTE_HOST: 18.60.149.136
2025-04-23T10:33:31.7159676Z   REMOTE_USER: ubuntu
2025-04-23T10:33:31.7159976Z   REMOTE_BACKUP_DIR: /tmp/actions_bak
2025-04-23T10:33:31.7160403Z   JAVA_HOME: /opt/hostedtoolcache/Java_Corretto_jdk/17.0.15-6.1/x64
2025-04-23T10:33:31.7160970Z   JAVA_HOME_17_X64: /opt/hostedtoolcache/Java_Corretto_jdk/17.0.15-6.1/x64
2025-04-23T10:33:31.7161400Z   PIPELINE_START_TIME: 1745404398
2025-04-23T10:33:31.7161720Z ##[endgroup]
2025-04-23T10:33:37.3119691Z ##[group]Run echo "DEPLOY_START_TIME=$(date +%s)" >> $GITHUB_ENV
2025-04-23T10:33:37.3120244Z [36;1mecho "DEPLOY_START_TIME=$(date +%s)" >> $GITHUB_ENV[0m
2025-04-23T10:33:37.3120673Z [36;1mCOMMIT_TIME=$(git log -1 --format=%ct)[0m
2025-04-23T10:33:37.3121065Z [36;1mLEAD_TIME=$(($(date +%s) - COMMIT_TIME))[0m
2025-04-23T10:33:37.3121455Z [36;1mecho "LEAD_TIME=$LEAD_TIME" >> $GITHUB_ENV[0m
2025-04-23T10:33:37.3152526Z shell: /usr/bin/bash -e {0}
2025-04-23T10:33:37.3152837Z env:
2025-04-23T10:33:37.3153084Z   REMOTE_HOST: 18.60.149.136
2025-04-23T10:33:37.3153383Z   REMOTE_USER: ubuntu
2025-04-23T10:33:37.3153686Z   REMOTE_BACKUP_DIR: /tmp/actions_bak
2025-04-23T10:33:37.3154124Z   JAVA_HOME: /opt/hostedtoolcache/Java_Corretto_jdk/17.0.15-6.1/x64
2025-04-23T10:33:37.3154635Z   JAVA_HOME_17_X64: /opt/hostedtoolcache/Java_Corretto_jdk/17.0.15-6.1/x64
2025-04-23T10:33:37.3155062Z   PIPELINE_START_TIME: 1745404398
2025-04-23T10:33:37.3155376Z ##[endgroup]
2025-04-23T10:33:37.3273916Z ##[group]Run scp -o StrictHostKeyChecking=no -i key.pem JobManagement_ACTIONS.war $REMOTE_USER@$REMOTE_HOST:/opt/tomcat10/webapps/
2025-04-23T10:33:37.3274852Z [36;1mscp -o StrictHostKeyChecking=no -i key.pem JobManagement_ACTIONS.war $REMOTE_USER@$REMOTE_HOST:/opt/tomcat10/webapps/[0m
2025-04-23T10:33:37.3275592Z [36;1mssh -o StrictHostKeyChecking=no -i key.pem $REMOTE_USER@$REMOTE_HOST <<EOF[0m
2025-04-23T10:33:37.3276197Z [36;1m  sudo rm -rf /opt/tomcat10/webapps/JobManagement_ACTIONS || true[0m
2025-04-23T10:33:37.3276621Z [36;1m  sleep 5[0m
2025-04-23T10:33:37.3276935Z [36;1m  sudo /opt/tomcat10/bin/shutdown.sh || true[0m
2025-04-23T10:33:37.3277322Z [36;1m  sudo /opt/tomcat10/bin/startup.sh[0m
2025-04-23T10:33:37.3277652Z [36;1m  exit[0m
2025-04-23T10:33:37.3277899Z [36;1mEOF[0m
2025-04-23T10:33:37.3305755Z shell: /usr/bin/bash -e {0}
2025-04-23T10:33:37.3306062Z env:
2025-04-23T10:33:37.3306319Z   REMOTE_HOST: 18.60.149.136
2025-04-23T10:33:37.3306638Z   REMOTE_USER: ubuntu
2025-04-23T10:33:37.3306931Z   REMOTE_BACKUP_DIR: /tmp/actions_bak
2025-04-23T10:33:37.3307367Z   JAVA_HOME: /opt/hostedtoolcache/Java_Corretto_jdk/17.0.15-6.1/x64
2025-04-23T10:33:37.3307891Z   JAVA_HOME_17_X64: /opt/hostedtoolcache/Java_Corretto_jdk/17.0.15-6.1/x64
2025-04-23T10:33:37.3308314Z   PIPELINE_START_TIME: 1745404398
2025-04-23T10:33:37.3308636Z   DEPLOY_START_TIME: 1745404417
2025-04-23T10:33:37.3308929Z   LEAD_TIME: 10952
2025-04-23T10:33:37.3309361Z ##[endgroup]
2025-04-23T10:33:44.6717264Z Pseudo-terminal will not be allocated because stdin is not a terminal.
2025-04-23T10:33:47.4552981Z Welcome to Ubuntu 24.04.2 LTS (GNU/Linux 6.8.0-1027-aws x86_64)
2025-04-23T10:33:47.4553489Z 
2025-04-23T10:33:47.4553750Z  * Documentation:  https://help.ubuntu.com
2025-04-23T10:33:47.4554410Z  * Management:     https://landscape.canonical.com
2025-04-23T10:33:47.4555051Z  * Support:        https://ubuntu.com/pro
2025-04-23T10:33:47.4555424Z 
2025-04-23T10:33:47.4555658Z  System information as of Wed Apr 23 10:33:21 UTC 2025
2025-04-23T10:33:47.4555987Z 
2025-04-23T10:33:47.4556233Z   System load:  0.0               Temperature:           -273.1 C
2025-04-23T10:33:47.4556820Z   Usage of /:   68.3% of 6.71GB   Processes:             121
2025-04-23T10:33:47.4557365Z   Memory usage: 26%               Users logged in:       1
2025-04-23T10:33:47.4557938Z   Swap usage:   0%                IPv4 address for ens5: 172.31.20.166
2025-04-23T10:33:47.4558303Z 
2025-04-23T10:33:47.4558585Z  * Ubuntu Pro delivers the most comprehensive open source security and
2025-04-23T10:33:47.4559126Z    compliance features.
2025-04-23T10:33:47.4559349Z 
2025-04-23T10:33:47.4559517Z    https://ubuntu.com/aws/pro
2025-04-23T10:33:47.4559771Z 
2025-04-23T10:33:47.4560027Z Expanded Security Maintenance for Applications is not enabled.
2025-04-23T10:33:47.4560412Z 
2025-04-23T10:33:47.4560584Z 1 update can be applied immediately.
2025-04-23T10:33:47.4561079Z To see these additional updates run: apt list --upgradable
2025-04-23T10:33:47.4561444Z 
2025-04-23T10:33:47.4561685Z Enable ESM Apps to receive additional future security updates.
2025-04-23T10:33:47.4562413Z See https://ubuntu.com/esm or run: sudo pro status
2025-04-23T10:33:47.4562737Z 
2025-04-23T10:33:47.4562742Z 
2025-04-23T10:33:52.7097439Z sudo: /opt/tomcat10/bin/shutdown.sh: command not found
2025-04-23T10:33:52.7261725Z Tomcat started.
2025-04-23T10:33:52.7332065Z ##[group]Run ssh -o StrictHostKeyChecking=no -i key.pem $REMOTE_USER@$REMOTE_HOST "timeout 60 bash -c 'until grep -q \"Deployment of web application archive\" <(tail -n 50 /opt/tomcat10/logs/catalina.out); do sleep 5; done'"
2025-04-23T10:33:52.7333537Z [36;1mssh -o StrictHostKeyChecking=no -i key.pem $REMOTE_USER@$REMOTE_HOST "timeout 60 bash -c 'until grep -q \"Deployment of web application archive\" <(tail -n 50 /opt/tomcat10/logs/catalina.out); do sleep 5; done'"[0m
2025-04-23T10:33:52.7364535Z shell: /usr/bin/bash -e {0}
2025-04-23T10:33:52.7364828Z env:
2025-04-23T10:33:52.7365079Z   REMOTE_HOST: 18.60.149.136
2025-04-23T10:33:52.7365371Z   REMOTE_USER: ubuntu
2025-04-23T10:33:52.7365667Z   REMOTE_BACKUP_DIR: /tmp/actions_bak
2025-04-23T10:33:52.7366096Z   JAVA_HOME: /opt/hostedtoolcache/Java_Corretto_jdk/17.0.15-6.1/x64
2025-04-23T10:33:52.7366611Z   JAVA_HOME_17_X64: /opt/hostedtoolcache/Java_Corretto_jdk/17.0.15-6.1/x64
2025-04-23T10:33:52.7367076Z   PIPELINE_START_TIME: 1745404398
2025-04-23T10:33:52.7367396Z   DEPLOY_START_TIME: 1745404417
2025-04-23T10:33:52.7367695Z   LEAD_TIME: 10952
2025-04-23T10:33:52.7367953Z ##[endgroup]
2025-04-23T10:33:55.5734496Z ##[group]Run echo "DEPLOY_END_TIME=$(date +%s)" >> $GITHUB_ENV
2025-04-23T10:33:55.5734997Z [36;1mecho "DEPLOY_END_TIME=$(date +%s)" >> $GITHUB_ENV[0m
2025-04-23T10:33:55.5765241Z shell: /usr/bin/bash -e {0}
2025-04-23T10:33:55.5765546Z env:
2025-04-23T10:33:55.5765800Z   REMOTE_HOST: 18.60.149.136
2025-04-23T10:33:55.5766092Z   REMOTE_USER: ubuntu
2025-04-23T10:33:55.5766385Z   REMOTE_BACKUP_DIR: /tmp/actions_bak
2025-04-23T10:33:55.5766806Z   JAVA_HOME: /opt/hostedtoolcache/Java_Corretto_jdk/17.0.15-6.1/x64
2025-04-23T10:33:55.5767323Z   JAVA_HOME_17_X64: /opt/hostedtoolcache/Java_Corretto_jdk/17.0.15-6.1/x64
2025-04-23T10:33:55.5767745Z   PIPELINE_START_TIME: 1745404398
2025-04-23T10:33:55.5768063Z   DEPLOY_START_TIME: 1745404417
2025-04-23T10:33:55.5768355Z   LEAD_TIME: 10952
2025-04-23T10:33:55.5768620Z ##[endgroup]
2025-04-23T10:33:55.5876646Z ##[group]Run ssh -o StrictHostKeyChecking=no -i key.pem $REMOTE_USER@$REMOTE_HOST "vmstat -s | awk '{printf \"%.2f MB - %s\n\", \$1/1024, substr(\$0, index(\$0,\$2))}'" > resource_usage_after.log
2025-04-23T10:33:55.5877997Z [36;1mssh -o StrictHostKeyChecking=no -i key.pem $REMOTE_USER@$REMOTE_HOST "vmstat -s | awk '{printf \"%.2f MB - %s\n\", \$1/1024, substr(\$0, index(\$0,\$2))}'" > resource_usage_after.log[0m
2025-04-23T10:33:55.5878907Z [36;1mssh -o StrictHostKeyChecking=no -i key.pem $REMOTE_USER@$REMOTE_HOST "free -h" > mem_after.log[0m
2025-04-23T10:33:55.5908432Z shell: /usr/bin/bash -e {0}
2025-04-23T10:33:55.5908746Z env:
2025-04-23T10:33:55.5909008Z   REMOTE_HOST: 18.60.149.136
2025-04-23T10:33:55.5909309Z   REMOTE_USER: ubuntu
2025-04-23T10:33:55.5909614Z   REMOTE_BACKUP_DIR: /tmp/actions_bak
2025-04-23T10:33:55.5910082Z   JAVA_HOME: /opt/hostedtoolcache/Java_Corretto_jdk/17.0.15-6.1/x64
2025-04-23T10:33:55.5910645Z   JAVA_HOME_17_X64: /opt/hostedtoolcache/Java_Corretto_jdk/17.0.15-6.1/x64
2025-04-23T10:33:55.5911094Z   PIPELINE_START_TIME: 1745404398
2025-04-23T10:33:55.5911413Z   DEPLOY_START_TIME: 1745404417
2025-04-23T10:33:55.5911707Z   LEAD_TIME: 10952
2025-04-23T10:33:55.5912079Z   DEPLOY_END_TIME: 1745404435
2025-04-23T10:33:55.5912367Z ##[endgroup]
2025-04-23T10:34:01.2128764Z ##[group]Run source $GITHUB_ENV
2025-04-23T10:34:01.2129147Z [36;1msource $GITHUB_ENV[0m
2025-04-23T10:34:01.2129543Z [36;1mDEPLOY_DURATION=$(($DEPLOY_END_TIME - $DEPLOY_START_TIME))[0m
2025-04-23T10:34:01.2129980Z [36;1mPIPELINE_END_TIME=$(date +%s)[0m
2025-04-23T10:34:01.2130427Z [36;1mTOTAL_PIPELINE_TIME=$(($PIPELINE_END_TIME - $PIPELINE_START_TIME))[0m
2025-04-23T10:34:01.2130927Z [36;1mecho "DEPLOY_DURATION=$DEPLOY_DURATION" >> $GITHUB_ENV[0m
2025-04-23T10:34:01.2131412Z [36;1mecho "TOTAL_PIPELINE_TIME=$TOTAL_PIPELINE_TIME" >> $GITHUB_ENV[0m
2025-04-23T10:34:01.2161557Z shell: /usr/bin/bash -e {0}
2025-04-23T10:34:01.2162031Z env:
2025-04-23T10:34:01.2162294Z   REMOTE_HOST: 18.60.149.136
2025-04-23T10:34:01.2162588Z   REMOTE_USER: ubuntu
2025-04-23T10:34:01.2162892Z   REMOTE_BACKUP_DIR: /tmp/actions_bak
2025-04-23T10:34:01.2163320Z   JAVA_HOME: /opt/hostedtoolcache/Java_Corretto_jdk/17.0.15-6.1/x64
2025-04-23T10:34:01.2163876Z   JAVA_HOME_17_X64: /opt/hostedtoolcache/Java_Corretto_jdk/17.0.15-6.1/x64
2025-04-23T10:34:01.2164298Z   PIPELINE_START_TIME: 1745404398
2025-04-23T10:34:01.2164615Z   DEPLOY_START_TIME: 1745404417
2025-04-23T10:34:01.2164903Z   LEAD_TIME: 10952
2025-04-23T10:34:01.2165169Z   DEPLOY_END_TIME: 1745404435
2025-04-23T10:34:01.2165454Z ##[endgroup]
2025-04-23T10:34:01.2261154Z ##[group]Run echo "-------------------------------------------------"
2025-04-23T10:34:01.2261762Z [36;1mecho "-------------------------------------------------"[0m
2025-04-23T10:34:01.2262399Z [36;1mecho "              CI/CD Metrics Summary              "[0m
2025-04-23T10:34:01.2262808Z [36;1mecho "-------------------------------------------------"[0m
2025-04-23T10:34:01.2263232Z [36;1mecho "| Metric                             | Value          |"[0m
2025-04-23T10:34:01.2263665Z [36;1mecho "-------------------------------------------------"[0m
2025-04-23T10:34:01.2264154Z [36;1mecho "| Total Pipeline Time (sec)          | $TOTAL_PIPELINE_TIME          |"[0m
2025-04-23T10:34:01.2264754Z [36;1m# If deployment succeeded, DEPLOY_DURATION is set; if not, ROLLBACK_DURATION is used.[0m
2025-04-23T10:34:01.2265262Z [36;1mif [ -n "$DEPLOY_DURATION" ]; then[0m
2025-04-23T10:34:01.2265735Z [36;1m  echo "| Deployment Time (sec)              | $DEPLOY_DURATION          |"[0m
2025-04-23T10:34:01.2266150Z [36;1melse[0m
2025-04-23T10:34:01.2266556Z [36;1m  echo "| Rollback Deployment Time (sec)     | $ROLLBACK_DURATION          |"[0m
2025-04-23T10:34:01.2266987Z [36;1mfi[0m
2025-04-23T10:34:01.2267331Z [36;1mecho "| Lead Time for Changes (sec)        | $LEAD_TIME          |"[0m
2025-04-23T10:34:01.2267760Z [36;1mif [ -f test_results.log ]; then[0m
2025-04-23T10:34:01.2268193Z [36;1m  TEST_SUMMARY=$(grep -i "tests found" test_results.log | head -n 1)[0m
2025-04-23T10:34:01.2268788Z [36;1melse[0m
2025-04-23T10:34:01.2269058Z [36;1m  TEST_SUMMARY="N/A"[0m
2025-04-23T10:34:01.2269345Z [36;1mfi[0m
2025-04-23T10:34:01.2269753Z [36;1m# ─── Cost Calculation & Echo ──────────────────────────────────────────────[0m
2025-04-23T10:34:01.2270315Z [36;1m# GitHub Actions hosted runner = $0.008 per minute = $0.0001333 per sec[0m
2025-04-23T10:34:01.2270852Z [36;1mCOST=$(awk "BEGIN { printf \"%.4f\", $TOTAL_PIPELINE_TIME * 0.008/60 }")[0m
2025-04-23T10:34:01.2271344Z [36;1mecho "| Cost (USD)                         | $COST              |"[0m
2025-04-23T10:34:01.2272069Z [36;1m# ─────────────────────────────────────────────────────────────────────────────[0m
2025-04-23T10:34:01.2272588Z [36;1mecho "| Test Summary                       | $TEST_SUMMARY          |"[0m
2025-04-23T10:34:01.2272982Z [36;1m[0m
2025-04-23T10:34:01.2273283Z [36;1mecho "-------------------------------------------------"[0m
2025-04-23T10:34:01.2273687Z [36;1mecho "Memory Usage BEFORE:"[0m
2025-04-23T10:34:01.2274028Z [36;1mcat mem_before.log[0m
2025-04-23T10:34:01.2274381Z [36;1mecho "-------------------------------------------------"[0m
2025-04-23T10:34:01.2274758Z [36;1mecho "Memory Usage AFTER:"[0m
2025-04-23T10:34:01.2275088Z [36;1mcat mem_after.log[0m
2025-04-23T10:34:01.2275431Z [36;1mecho "-------------------------------------------------"[0m
2025-04-23T10:34:01.2275822Z [36;1mecho "Resource Usage BEFORE (vmstat):"[0m
2025-04-23T10:34:01.2276191Z [36;1mcat resource_usage_before.log[0m
2025-04-23T10:34:01.2276571Z [36;1mecho "-------------------------------------------------"[0m
2025-04-23T10:34:01.2276959Z [36;1mecho "Resource Usage AFTER (vmstat):"[0m
2025-04-23T10:34:01.2277305Z [36;1mcat resource_usage_after.log[0m
2025-04-23T10:34:01.2277671Z [36;1mecho "-------------------------------------------------"[0m
2025-04-23T10:34:01.2304827Z shell: /usr/bin/bash -e {0}
2025-04-23T10:34:01.2305127Z env:
2025-04-23T10:34:01.2305397Z   REMOTE_HOST: 18.60.149.136
2025-04-23T10:34:01.2305690Z   REMOTE_USER: ubuntu
2025-04-23T10:34:01.2305975Z   REMOTE_BACKUP_DIR: /tmp/actions_bak
2025-04-23T10:34:01.2306397Z   JAVA_HOME: /opt/hostedtoolcache/Java_Corretto_jdk/17.0.15-6.1/x64
2025-04-23T10:34:01.2306911Z   JAVA_HOME_17_X64: /opt/hostedtoolcache/Java_Corretto_jdk/17.0.15-6.1/x64
2025-04-23T10:34:01.2307339Z   PIPELINE_START_TIME: 1745404398
2025-04-23T10:34:01.2307654Z   DEPLOY_START_TIME: 1745404417
2025-04-23T10:34:01.2307951Z   LEAD_TIME: 10952
2025-04-23T10:34:01.2308390Z   DEPLOY_END_TIME: 1745404435
2025-04-23T10:34:01.2308684Z   DEPLOY_DURATION: 18
2025-04-23T10:34:01.2308960Z   TOTAL_PIPELINE_TIME: 43
2025-04-23T10:34:01.2309243Z ##[endgroup]
2025-04-23T10:34:01.2355325Z -------------------------------------------------
2025-04-23T10:34:01.2355847Z               CI/CD Metrics Summary              
2025-04-23T10:34:01.2356213Z -------------------------------------------------
2025-04-23T10:34:01.2356587Z | Metric                             | Value          |
2025-04-23T10:34:01.2356961Z -------------------------------------------------
2025-04-23T10:34:01.2357332Z | Total Pipeline Time (sec)          | 43          |
2025-04-23T10:34:01.2357722Z | Deployment Time (sec)              | 18          |
2025-04-23T10:34:01.2358098Z | Lead Time for Changes (sec)        | 10952          |
2025-04-23T10:34:01.2395467Z | Cost (USD)                         | 0.0057              |
2025-04-23T10:34:01.2395967Z | Test Summary                       | [         5 tests found           ]          |
2025-04-23T10:34:01.2396406Z -------------------------------------------------
2025-04-23T10:34:01.2396760Z Memory Usage BEFORE:
2025-04-23T10:34:01.2404751Z                total        used        free      shared  buff/cache   available
2025-04-23T10:34:01.2405269Z Mem:           3.7Gi       1.2Gi       2.1Gi       2.8Mi       717Mi       2.6Gi
2025-04-23T10:34:01.2405705Z Swap:             0B          0B          0B
2025-04-23T10:34:01.2406383Z -------------------------------------------------
2025-04-23T10:34:01.2406965Z Memory Usage AFTER:
2025-04-23T10:34:01.2415617Z                total        used        free      shared  buff/cache   available
2025-04-23T10:34:01.2416308Z Mem:           3.7Gi       1.2Gi       2.1Gi       2.8Mi       717Mi       2.6Gi
2025-04-23T10:34:01.2416717Z Swap:             0B          0B          0B
2025-04-23T10:34:01.2417260Z -------------------------------------------------
2025-04-23T10:34:01.2417838Z Resource Usage BEFORE (vmstat):
2025-04-23T10:34:01.2425923Z 3836.87 MB - K total memory
2025-04-23T10:34:01.2426417Z 1209.08 MB - K used memory
2025-04-23T10:34:01.2426795Z 1157.00 MB - K active memory
2025-04-23T10:34:01.2427101Z 346.62 MB - K inactive memory
2025-04-23T10:34:01.2427499Z 2147.12 MB - K free memory
2025-04-23T10:34:01.2427958Z 66.38 MB - K buffer memory
2025-04-23T10:34:01.2428341Z 650.86 MB - K swap cache
2025-04-23T10:34:01.2428619Z 0.00 MB - K total swap
2025-04-23T10:34:01.2428898Z 0.00 MB - K used swap
2025-04-23T10:34:01.2429171Z 0.00 MB - K free swap
2025-04-23T10:34:01.2429451Z 37.98 MB - non-nice user cpu ticks
2025-04-23T10:34:01.2429770Z 0.06 MB - nice user cpu ticks
2025-04-23T10:34:01.2430073Z 4.99 MB - system cpu ticks
2025-04-23T10:34:01.2430357Z 3531.35 MB - idle cpu ticks
2025-04-23T10:34:01.2430641Z 1.88 MB - IO-wait cpu ticks
2025-04-23T10:34:01.2430927Z 0.00 MB - IRQ cpu ticks
2025-04-23T10:34:01.2431206Z 0.09 MB - softirq cpu ticks
2025-04-23T10:34:01.2431483Z 0.12 MB - stolen cpu ticks
2025-04-23T10:34:01.2432037Z 0.00 MB - non-nice guest cpu ticks
2025-04-23T10:34:01.2432375Z 0.00 MB - nice guest cpu ticks
2025-04-23T10:34:01.2432668Z 538.75 MB - K paged in
2025-04-23T10:34:01.2432944Z 1159.06 MB - K paged out
2025-04-23T10:34:01.2433237Z 0.00 MB - pages swapped in
2025-04-23T10:34:01.2433528Z 0.00 MB - pages swapped out
2025-04-23T10:34:01.2433807Z 2721.44 MB - interrupts
2025-04-23T10:34:01.2434097Z 4280.34 MB - CPU context switches
2025-04-23T10:34:01.2434405Z 1704478.59 MB - boot time
2025-04-23T10:34:01.2434687Z 14.35 MB - forks
2025-04-23T10:34:01.2434964Z -------------------------------------------------
2025-04-23T10:34:01.2435313Z Resource Usage AFTER (vmstat):
2025-04-23T10:34:01.2435931Z 3836.87 MB - K total memory
2025-04-23T10:34:01.2436387Z 1246.35 MB - K used memory
2025-04-23T10:34:01.2436807Z 1160.07 MB - K active memory
2025-04-23T10:34:01.2437104Z 346.65 MB - K inactive memory
2025-04-23T10:34:01.2437405Z 2109.82 MB - K free memory
2025-04-23T10:34:01.2437943Z 66.38 MB - K buffer memory
2025-04-23T10:34:01.2438611Z 650.89 MB - K swap cache
2025-04-23T10:34:01.2438907Z 0.00 MB - K total swap
2025-04-23T10:34:01.2439511Z 0.00 MB - K used swap
2025-04-23T10:34:01.2439974Z 0.00 MB - K free swap
2025-04-23T10:34:01.2440464Z 38.83 MB - non-nice user cpu ticks
2025-04-23T10:34:01.2440951Z 0.06 MB - nice user cpu ticks
2025-04-23T10:34:01.2441254Z 5.07 MB - system cpu ticks
2025-04-23T10:34:01.2441549Z 3535.08 MB - idle cpu ticks
2025-04-23T10:34:01.2442024Z 1.88 MB - IO-wait cpu ticks
2025-04-23T10:34:01.2442331Z 0.00 MB - IRQ cpu ticks
2025-04-23T10:34:01.2442615Z 0.09 MB - softirq cpu ticks
2025-04-23T10:34:01.2442899Z 0.12 MB - stolen cpu ticks
2025-04-23T10:34:01.2443191Z 0.00 MB - non-nice guest cpu ticks
2025-04-23T10:34:01.2443517Z 0.00 MB - nice guest cpu ticks
2025-04-23T10:34:01.2443817Z 538.75 MB - K paged in
2025-04-23T10:34:01.2444088Z 1179.33 MB - K paged out
2025-04-23T10:34:01.2444369Z 0.00 MB - pages swapped in
2025-04-23T10:34:01.2444651Z 0.00 MB - pages swapped out
2025-04-23T10:34:01.2444940Z 2739.65 MB - interrupts
2025-04-23T10:34:01.2445226Z 4298.67 MB - CPU context switches
2025-04-23T10:34:01.2445531Z 1704478.59 MB - boot time
2025-04-23T10:34:01.2445799Z 14.64 MB - forks
2025-04-23T10:34:01.2446089Z -------------------------------------------------
2025-04-23T10:34:01.2520293Z Post job cleanup.
2025-04-23T10:34:01.4298869Z Post job cleanup.
2025-04-23T10:34:01.5030196Z [command]/usr/bin/git version
2025-04-23T10:34:01.5069780Z git version 2.49.0
2025-04-23T10:34:01.5114393Z Temporarily overriding HOME='/home/runner/work/_temp/9c49b55d-27fc-4a8b-8cee-3000fb83777f' before making global git config changes
2025-04-23T10:34:01.5115868Z Adding repository directory to the temporary git global config as a safe directory
2025-04-23T10:34:01.5118265Z [command]/usr/bin/git config --global --add safe.directory /home/runner/work/JobManagement/JobManagement
2025-04-23T10:34:01.5152773Z [command]/usr/bin/git config --local --name-only --get-regexp core\.sshCommand
2025-04-23T10:34:01.5183211Z [command]/usr/bin/git submodule foreach --recursive sh -c "git config --local --name-only --get-regexp 'core\.sshCommand' && git config --local --unset-all 'core.sshCommand' || :"
2025-04-23T10:34:01.5429522Z [command]/usr/bin/git config --local --name-only --get-regexp http\.https\:\/\/github\.com\/\.extraheader
2025-04-23T10:34:01.5451992Z http.https://github.com/.extraheader
2025-04-23T10:34:01.5467365Z [command]/usr/bin/git config --local --unset-all http.https://github.com/.extraheader
2025-04-23T10:34:01.5499227Z [command]/usr/bin/git submodule foreach --recursive sh -c "git config --local --name-only --get-regexp 'http\.https\:\/\/github\.com\/\.extraheader' && git config --local --unset-all 'http.https://github.com/.extraheader' || :"
2025-04-23T10:34:01.5872796Z Cleaning up orphan processes
