2025-04-23T14:27:36.8099821Z Current runner version: '2.323.0'
2025-04-23T14:27:36.8126788Z ##[group]Operating System
2025-04-23T14:27:36.8127831Z Ubuntu
2025-04-23T14:27:36.8128913Z 24.04.2
2025-04-23T14:27:36.8129682Z LTS
2025-04-23T14:27:36.8130460Z ##[endgroup]
2025-04-23T14:27:36.8131415Z ##[group]Runner Image
2025-04-23T14:27:36.8132322Z Image: ubuntu-24.04
2025-04-23T14:27:36.8133178Z Version: 20250420.1.0
2025-04-23T14:27:36.8134577Z Included Software: https://github.com/actions/runner-images/blob/ubuntu24/20250420.1/images/ubuntu/Ubuntu2404-Readme.md
2025-04-23T14:27:36.8136406Z Image Release: https://github.com/actions/runner-images/releases/tag/ubuntu24%2F20250420.1
2025-04-23T14:27:36.8137686Z ##[endgroup]
2025-04-23T14:27:36.8138471Z ##[group]Runner Image Provisioner
2025-04-23T14:27:36.8139324Z 2.0.422.1
2025-04-23T14:27:36.8140066Z ##[endgroup]
2025-04-23T14:27:36.8141925Z ##[group]GITHUB_TOKEN Permissions
2025-04-23T14:27:36.8144404Z Contents: read
2025-04-23T14:27:36.8145206Z Metadata: read
2025-04-23T14:27:36.8146230Z Packages: read
2025-04-23T14:27:36.8147165Z ##[endgroup]
2025-04-23T14:27:36.8149832Z Secret source: Actions
2025-04-23T14:27:36.8151496Z Prepare workflow directory
2025-04-23T14:27:36.8605361Z Prepare all required actions
2025-04-23T14:27:36.8642654Z Getting action download info
2025-04-23T14:27:37.3850160Z ##[group]Download immutable action package 'actions/checkout@v3'
2025-04-23T14:27:37.3851834Z Version: 3.6.0
2025-04-23T14:27:37.3853172Z Digest: sha256:942562b9c7d4b1f2557f1da21f4d3eb4eb4fd01f2ad78b2a6e187d1b193e0a0f
2025-04-23T14:27:37.3854716Z Source commit SHA: f43a0e5ff2bd294095638e18286ca9a3d1956744
2025-04-23T14:27:37.3855759Z ##[endgroup]
2025-04-23T14:27:37.5289045Z ##[group]Download immutable action package 'actions/setup-java@v3'
2025-04-23T14:27:37.5290006Z Version: 3.14.1
2025-04-23T14:27:37.5291145Z Digest: sha256:0f5994bd85f236d7525048fec5b0b7b3ec7474ec50184c8f78a320717cfb3d51
2025-04-23T14:27:37.5292290Z Source commit SHA: 17f84c3641ba7b8f6deff6309fc4c864478f5d62
2025-04-23T14:27:37.5293165Z ##[endgroup]
2025-04-23T14:27:37.9705197Z Complete job name: build-and-deploy
2025-04-23T14:27:38.0439645Z ##[group]Run actions/checkout@v3
2025-04-23T14:27:38.0440668Z with:
2025-04-23T14:27:38.0441462Z   repository: sai-pranay-teja/JobManagement
2025-04-23T14:27:38.0442365Z   token: ***
2025-04-23T14:27:38.0442917Z   ssh-strict: true
2025-04-23T14:27:38.0443501Z   persist-credentials: true
2025-04-23T14:27:38.0444110Z   clean: true
2025-04-23T14:27:38.0444674Z   sparse-checkout-cone-mode: true
2025-04-23T14:27:38.0445348Z   fetch-depth: 1
2025-04-23T14:27:38.0445907Z   fetch-tags: false
2025-04-23T14:27:38.0446464Z   lfs: false
2025-04-23T14:27:38.0447009Z   submodules: false
2025-04-23T14:27:38.0447604Z   set-safe-directory: true
2025-04-23T14:27:38.0448442Z env:
2025-04-23T14:27:38.0448989Z   REMOTE_HOST: 18.60.149.136
2025-04-23T14:27:38.0449618Z   REMOTE_USER: ubuntu
2025-04-23T14:27:38.0450234Z   REMOTE_BACKUP_DIR: /tmp/actions_bak
2025-04-23T14:27:38.0451247Z ##[endgroup]
2025-04-23T14:27:38.2067385Z Syncing repository: sai-pranay-teja/JobManagement
2025-04-23T14:27:38.2071333Z ##[group]Getting Git version info
2025-04-23T14:27:38.2072971Z Working directory is '/home/runner/work/JobManagement/JobManagement'
2025-04-23T14:27:38.2075381Z [command]/usr/bin/git version
2025-04-23T14:27:38.2076634Z git version 2.49.0
2025-04-23T14:27:38.2099593Z ##[endgroup]
2025-04-23T14:27:38.2117893Z Temporarily overriding HOME='/home/runner/work/_temp/e510f078-382a-4919-a8dc-c7aebb4f4615' before making global git config changes
2025-04-23T14:27:38.2120629Z Adding repository directory to the temporary git global config as a safe directory
2025-04-23T14:27:38.2123313Z [command]/usr/bin/git config --global --add safe.directory /home/runner/work/JobManagement/JobManagement
2025-04-23T14:27:38.2157882Z Deleting the contents of '/home/runner/work/JobManagement/JobManagement'
2025-04-23T14:27:38.2162054Z ##[group]Initializing the repository
2025-04-23T14:27:38.2165972Z [command]/usr/bin/git init /home/runner/work/JobManagement/JobManagement
2025-04-23T14:27:38.2244329Z hint: Using 'master' as the name for the initial branch. This default branch name
2025-04-23T14:27:38.2245621Z hint: is subject to change. To configure the initial branch name to use in all
2025-04-23T14:27:38.2247385Z hint: of your new repositories, which will suppress this warning, call:
2025-04-23T14:27:38.2248923Z hint:
2025-04-23T14:27:38.2250000Z hint: 	git config --global init.defaultBranch <name>
2025-04-23T14:27:38.2251479Z hint:
2025-04-23T14:27:38.2252259Z hint: Names commonly chosen instead of 'master' are 'main', 'trunk' and
2025-04-23T14:27:38.2253377Z hint: 'development'. The just-created branch can be renamed via this command:
2025-04-23T14:27:38.2254276Z hint:
2025-04-23T14:27:38.2254826Z hint: 	git branch -m <name>
2025-04-23T14:27:38.2256202Z Initialized empty Git repository in /home/runner/work/JobManagement/JobManagement/.git/
2025-04-23T14:27:38.2260131Z [command]/usr/bin/git remote add origin https://github.com/sai-pranay-teja/JobManagement
2025-04-23T14:27:38.2291628Z ##[endgroup]
2025-04-23T14:27:38.2293016Z ##[group]Disabling automatic garbage collection
2025-04-23T14:27:38.2294379Z [command]/usr/bin/git config --local gc.auto 0
2025-04-23T14:27:38.2320046Z ##[endgroup]
2025-04-23T14:27:38.2321591Z ##[group]Setting up auth
2025-04-23T14:27:38.2325169Z [command]/usr/bin/git config --local --name-only --get-regexp core\.sshCommand
2025-04-23T14:27:38.2351809Z [command]/usr/bin/git submodule foreach --recursive sh -c "git config --local --name-only --get-regexp 'core\.sshCommand' && git config --local --unset-all 'core.sshCommand' || :"
2025-04-23T14:27:38.2633253Z [command]/usr/bin/git config --local --name-only --get-regexp http\.https\:\/\/github\.com\/\.extraheader
2025-04-23T14:27:38.2659545Z [command]/usr/bin/git submodule foreach --recursive sh -c "git config --local --name-only --get-regexp 'http\.https\:\/\/github\.com\/\.extraheader' && git config --local --unset-all 'http.https://github.com/.extraheader' || :"
2025-04-23T14:27:38.2892395Z [command]/usr/bin/git config --local http.https://github.com/.extraheader AUTHORIZATION: basic ***
2025-04-23T14:27:38.2951089Z ##[endgroup]
2025-04-23T14:27:38.2952866Z ##[group]Fetching the repository
2025-04-23T14:27:38.2961121Z [command]/usr/bin/git -c protocol.version=2 fetch --no-tags --prune --progress --no-recurse-submodules --depth=1 origin +dcfda55ab4395c3543c77808538956e1dd35b838:refs/remotes/origin/main
2025-04-23T14:27:38.6982471Z remote: Enumerating objects: 125, done.        
2025-04-23T14:27:38.6984479Z remote: Counting objects:   0% (1/125)        
2025-04-23T14:27:38.6986198Z remote: Counting objects:   1% (2/125)        
2025-04-23T14:27:38.6987879Z remote: Counting objects:   2% (3/125)        
2025-04-23T14:27:38.6989473Z remote: Counting objects:   3% (4/125)        
2025-04-23T14:27:38.6991206Z remote: Counting objects:   4% (5/125)        
2025-04-23T14:27:38.6992688Z remote: Counting objects:   5% (7/125)        
2025-04-23T14:27:38.6994129Z remote: Counting objects:   6% (8/125)        
2025-04-23T14:27:38.6995596Z remote: Counting objects:   7% (9/125)        
2025-04-23T14:27:38.6997010Z remote: Counting objects:   8% (10/125)        
2025-04-23T14:27:38.6998435Z remote: Counting objects:   9% (12/125)        
2025-04-23T14:27:38.6999870Z remote: Counting objects:  10% (13/125)        
2025-04-23T14:27:38.7001491Z remote: Counting objects:  11% (14/125)        
2025-04-23T14:27:38.7003324Z remote: Counting objects:  12% (15/125)        
2025-04-23T14:27:38.7004997Z remote: Counting objects:  13% (17/125)        
2025-04-23T14:27:38.7006663Z remote: Counting objects:  14% (18/125)        
2025-04-23T14:27:38.7008147Z remote: Counting objects:  15% (19/125)        
2025-04-23T14:27:38.7009627Z remote: Counting objects:  16% (20/125)        
2025-04-23T14:27:38.7011332Z remote: Counting objects:  17% (22/125)        
2025-04-23T14:27:38.7012785Z remote: Counting objects:  18% (23/125)        
2025-04-23T14:27:38.7014206Z remote: Counting objects:  19% (24/125)        
2025-04-23T14:27:38.7016029Z remote: Counting objects:  20% (25/125)        
2025-04-23T14:27:38.7017540Z remote: Counting objects:  21% (27/125)        
2025-04-23T14:27:38.7019159Z remote: Counting objects:  22% (28/125)        
2025-04-23T14:27:38.7020986Z remote: Counting objects:  23% (29/125)        
2025-04-23T14:27:38.7022751Z remote: Counting objects:  24% (30/125)        
2025-04-23T14:27:38.7024389Z remote: Counting objects:  25% (32/125)        
2025-04-23T14:27:38.7025946Z remote: Counting objects:  26% (33/125)        
2025-04-23T14:27:38.7027537Z remote: Counting objects:  27% (34/125)        
2025-04-23T14:27:38.7029281Z remote: Counting objects:  28% (35/125)        
2025-04-23T14:27:38.7031124Z remote: Counting objects:  29% (37/125)        
2025-04-23T14:27:38.7032683Z remote: Counting objects:  30% (38/125)        
2025-04-23T14:27:38.7034243Z remote: Counting objects:  31% (39/125)        
2025-04-23T14:27:38.7035810Z remote: Counting objects:  32% (40/125)        
2025-04-23T14:27:38.7037344Z remote: Counting objects:  33% (42/125)        
2025-04-23T14:27:38.7039014Z remote: Counting objects:  34% (43/125)        
2025-04-23T14:27:38.7040617Z remote: Counting objects:  35% (44/125)        
2025-04-23T14:27:38.7042459Z remote: Counting objects:  36% (45/125)        
2025-04-23T14:27:38.7044014Z remote: Counting objects:  37% (47/125)        
2025-04-23T14:27:38.7045517Z remote: Counting objects:  38% (48/125)        
2025-04-23T14:27:38.7047102Z remote: Counting objects:  39% (49/125)        
2025-04-23T14:27:38.7048597Z remote: Counting objects:  40% (50/125)        
2025-04-23T14:27:38.7050111Z remote: Counting objects:  41% (52/125)        
2025-04-23T14:27:38.7051897Z remote: Counting objects:  42% (53/125)        
2025-04-23T14:27:38.7053491Z remote: Counting objects:  43% (54/125)        
2025-04-23T14:27:38.7054993Z remote: Counting objects:  44% (55/125)        
2025-04-23T14:27:38.7056520Z remote: Counting objects:  45% (57/125)        
2025-04-23T14:27:38.7058011Z remote: Counting objects:  46% (58/125)        
2025-04-23T14:27:38.7059834Z remote: Counting objects:  47% (59/125)        
2025-04-23T14:27:38.7061651Z remote: Counting objects:  48% (60/125)        
2025-04-23T14:27:38.7063212Z remote: Counting objects:  49% (62/125)        
2025-04-23T14:27:38.7064741Z remote: Counting objects:  50% (63/125)        
2025-04-23T14:27:38.7066225Z remote: Counting objects:  51% (64/125)        
2025-04-23T14:27:38.7067708Z remote: Counting objects:  52% (65/125)        
2025-04-23T14:27:38.7069358Z remote: Counting objects:  53% (67/125)        
2025-04-23T14:27:38.7071003Z remote: Counting objects:  54% (68/125)        
2025-04-23T14:27:38.7072519Z remote: Counting objects:  55% (69/125)        
2025-04-23T14:27:38.7074116Z remote: Counting objects:  56% (70/125)        
2025-04-23T14:27:38.7075730Z remote: Counting objects:  57% (72/125)        
2025-04-23T14:27:38.7077300Z remote: Counting objects:  58% (73/125)        
2025-04-23T14:27:38.7078811Z remote: Counting objects:  59% (74/125)        
2025-04-23T14:27:38.7080353Z remote: Counting objects:  60% (75/125)        
2025-04-23T14:27:38.7082168Z remote: Counting objects:  61% (77/125)        
2025-04-23T14:27:38.7083822Z remote: Counting objects:  62% (78/125)        
2025-04-23T14:27:38.7085384Z remote: Counting objects:  63% (79/125)        
2025-04-23T14:27:38.7086978Z remote: Counting objects:  64% (80/125)        
2025-04-23T14:27:38.7088597Z remote: Counting objects:  65% (82/125)        
2025-04-23T14:27:38.7090177Z remote: Counting objects:  66% (83/125)        
2025-04-23T14:27:38.7091962Z remote: Counting objects:  67% (84/125)        
2025-04-23T14:27:38.7093533Z remote: Counting objects:  68% (85/125)        
2025-04-23T14:27:38.7095070Z remote: Counting objects:  69% (87/125)        
2025-04-23T14:27:38.7096604Z remote: Counting objects:  70% (88/125)        
2025-04-23T14:27:38.7098130Z remote: Counting objects:  71% (89/125)        
2025-04-23T14:27:38.7099754Z remote: Counting objects:  72% (90/125)        
2025-04-23T14:27:38.7101543Z remote: Counting objects:  73% (92/125)        
2025-04-23T14:27:38.7103458Z remote: Counting objects:  74% (93/125)        
2025-04-23T14:27:38.7105020Z remote: Counting objects:  75% (94/125)        
2025-04-23T14:27:38.7106536Z remote: Counting objects:  76% (95/125)        
2025-04-23T14:27:38.7108035Z remote: Counting objects:  77% (97/125)        
2025-04-23T14:27:38.7109529Z remote: Counting objects:  78% (98/125)        
2025-04-23T14:27:38.7111309Z remote: Counting objects:  79% (99/125)        
2025-04-23T14:27:38.7112873Z remote: Counting objects:  80% (100/125)        
2025-04-23T14:27:38.7114418Z remote: Counting objects:  81% (102/125)        
2025-04-23T14:27:38.7115949Z remote: Counting objects:  82% (103/125)        
2025-04-23T14:27:38.7117487Z remote: Counting objects:  83% (104/125)        
2025-04-23T14:27:38.7119006Z remote: Counting objects:  84% (105/125)        
2025-04-23T14:27:38.7120577Z remote: Counting objects:  85% (107/125)        
2025-04-23T14:27:38.7122469Z remote: Counting objects:  86% (108/125)        
2025-04-23T14:27:38.7124077Z remote: Counting objects:  87% (109/125)        
2025-04-23T14:27:38.7125646Z remote: Counting objects:  88% (110/125)        
2025-04-23T14:27:38.7127193Z remote: Counting objects:  89% (112/125)        
2025-04-23T14:27:38.7128698Z remote: Counting objects:  90% (113/125)        
2025-04-23T14:27:38.7130264Z remote: Counting objects:  91% (114/125)        
2025-04-23T14:27:38.7132159Z remote: Counting objects:  92% (115/125)        
2025-04-23T14:27:38.7133773Z remote: Counting objects:  93% (117/125)        
2025-04-23T14:27:38.7135359Z remote: Counting objects:  94% (118/125)        
2025-04-23T14:27:38.7136919Z remote: Counting objects:  95% (119/125)        
2025-04-23T14:27:38.7138455Z remote: Counting objects:  96% (120/125)        
2025-04-23T14:27:38.7139977Z remote: Counting objects:  97% (122/125)        
2025-04-23T14:27:38.7141733Z remote: Counting objects:  98% (123/125)        
2025-04-23T14:27:38.7143271Z remote: Counting objects:  99% (124/125)        
2025-04-23T14:27:38.7145214Z remote: Counting objects: 100% (125/125)        
2025-04-23T14:27:38.7146978Z remote: Counting objects: 100% (125/125), done.        
2025-04-23T14:27:38.7148676Z remote: Compressing objects:   1% (1/75)        
2025-04-23T14:27:38.7150269Z remote: Compressing objects:   2% (2/75)        
2025-04-23T14:27:38.7152075Z remote: Compressing objects:   4% (3/75)        
2025-04-23T14:27:38.7153695Z remote: Compressing objects:   5% (4/75)        
2025-04-23T14:27:38.7155269Z remote: Compressing objects:   6% (5/75)        
2025-04-23T14:27:38.7156882Z remote: Compressing objects:   8% (6/75)        
2025-04-23T14:27:38.7158543Z remote: Compressing objects:   9% (7/75)        
2025-04-23T14:27:38.7160237Z remote: Compressing objects:  10% (8/75)        
2025-04-23T14:27:38.7162143Z remote: Compressing objects:  12% (9/75)        
2025-04-23T14:27:38.7163874Z remote: Compressing objects:  13% (10/75)        
2025-04-23T14:27:38.7165545Z remote: Compressing objects:  14% (11/75)        
2025-04-23T14:27:38.7167347Z remote: Compressing objects:  16% (12/75)        
2025-04-23T14:27:38.7169097Z remote: Compressing objects:  17% (13/75)        
2025-04-23T14:27:38.7171039Z remote: Compressing objects:  18% (14/75)        
2025-04-23T14:27:38.7172792Z remote: Compressing objects:  20% (15/75)        
2025-04-23T14:27:38.7174503Z remote: Compressing objects:  21% (16/75)        
2025-04-23T14:27:38.7176276Z remote: Compressing objects:  22% (17/75)        
2025-04-23T14:27:38.7177926Z remote: Compressing objects:  24% (18/75)        
2025-04-23T14:27:38.7179596Z remote: Compressing objects:  25% (19/75)        
2025-04-23T14:27:38.7181669Z remote: Compressing objects:  26% (20/75)        
2025-04-23T14:27:38.7189794Z remote: Compressing objects:  28% (21/75)        
2025-04-23T14:27:38.7191362Z remote: Compressing objects:  29% (22/75)        
2025-04-23T14:27:38.7192388Z remote: Compressing objects:  30% (23/75)        
2025-04-23T14:27:38.7193344Z remote: Compressing objects:  32% (24/75)        
2025-04-23T14:27:38.7194565Z remote: Compressing objects:  33% (25/75)        
2025-04-23T14:27:38.7195511Z remote: Compressing objects:  34% (26/75)        
2025-04-23T14:27:38.7196449Z remote: Compressing objects:  36% (27/75)        
2025-04-23T14:27:38.7197395Z remote: Compressing objects:  37% (28/75)        
2025-04-23T14:27:38.7198332Z remote: Compressing objects:  38% (29/75)        
2025-04-23T14:27:38.7199277Z remote: Compressing objects:  40% (30/75)        
2025-04-23T14:27:38.7200221Z remote: Compressing objects:  41% (31/75)        
2025-04-23T14:27:38.7201427Z remote: Compressing objects:  42% (32/75)        
2025-04-23T14:27:38.7202420Z remote: Compressing objects:  44% (33/75)        
2025-04-23T14:27:38.7203346Z remote: Compressing objects:  45% (34/75)        
2025-04-23T14:27:38.7204264Z remote: Compressing objects:  46% (35/75)        
2025-04-23T14:27:38.7205191Z remote: Compressing objects:  48% (36/75)        
2025-04-23T14:27:38.7206112Z remote: Compressing objects:  49% (37/75)        
2025-04-23T14:27:38.7207052Z remote: Compressing objects:  50% (38/75)        
2025-04-23T14:27:38.7207978Z remote: Compressing objects:  52% (39/75)        
2025-04-23T14:27:38.7208912Z remote: Compressing objects:  53% (40/75)        
2025-04-23T14:27:38.7209843Z remote: Compressing objects:  54% (41/75)        
2025-04-23T14:27:38.7210875Z remote: Compressing objects:  56% (42/75)        
2025-04-23T14:27:38.7212396Z remote: Compressing objects:  57% (43/75)        
2025-04-23T14:27:38.7214163Z remote: Compressing objects:  58% (44/75)        
2025-04-23T14:27:38.7215179Z remote: Compressing objects:  60% (45/75)        
2025-04-23T14:27:38.7216101Z remote: Compressing objects:  61% (46/75)        
2025-04-23T14:27:38.7217024Z remote: Compressing objects:  62% (47/75)        
2025-04-23T14:27:38.7218299Z remote: Compressing objects:  64% (48/75)        
2025-04-23T14:27:38.7219260Z remote: Compressing objects:  65% (49/75)        
2025-04-23T14:27:38.7220192Z remote: Compressing objects:  66% (50/75)        
2025-04-23T14:27:38.7221642Z remote: Compressing objects:  68% (51/75)        
2025-04-23T14:27:38.7222607Z remote: Compressing objects:  69% (52/75)        
2025-04-23T14:27:38.7223512Z remote: Compressing objects:  70% (53/75)        
2025-04-23T14:27:38.7224418Z remote: Compressing objects:  72% (54/75)        
2025-04-23T14:27:38.7225321Z remote: Compressing objects:  73% (55/75)        
2025-04-23T14:27:38.7226208Z remote: Compressing objects:  74% (56/75)        
2025-04-23T14:27:38.7227097Z remote: Compressing objects:  76% (57/75)        
2025-04-23T14:27:38.7227989Z remote: Compressing objects:  77% (58/75)        
2025-04-23T14:27:38.7228894Z remote: Compressing objects:  78% (59/75)        
2025-04-23T14:27:38.7229776Z remote: Compressing objects:  80% (60/75)        
2025-04-23T14:27:38.7230669Z remote: Compressing objects:  81% (61/75)        
2025-04-23T14:27:38.7231829Z remote: Compressing objects:  82% (62/75)        
2025-04-23T14:27:38.7232727Z remote: Compressing objects:  84% (63/75)        
2025-04-23T14:27:38.7233650Z remote: Compressing objects:  85% (64/75)        
2025-04-23T14:27:38.7234562Z remote: Compressing objects:  86% (65/75)        
2025-04-23T14:27:38.7235522Z remote: Compressing objects:  88% (66/75)        
2025-04-23T14:27:38.7236425Z remote: Compressing objects:  89% (67/75)        
2025-04-23T14:27:38.7237328Z remote: Compressing objects:  90% (68/75)        
2025-04-23T14:27:38.7238228Z remote: Compressing objects:  92% (69/75)        
2025-04-23T14:27:38.7239127Z remote: Compressing objects:  93% (70/75)        
2025-04-23T14:27:38.7240063Z remote: Compressing objects:  94% (71/75)        
2025-04-23T14:27:38.7241163Z remote: Compressing objects:  96% (72/75)        
2025-04-23T14:27:38.7242108Z remote: Compressing objects:  97% (73/75)        
2025-04-23T14:27:38.7243068Z remote: Compressing objects:  98% (74/75)        
2025-04-23T14:27:38.7243967Z remote: Compressing objects: 100% (75/75)        
2025-04-23T14:27:38.7244919Z remote: Compressing objects: 100% (75/75), done.        
2025-04-23T14:27:38.7357554Z Receiving objects:   0% (1/125)
2025-04-23T14:27:38.7358877Z Receiving objects:   1% (2/125)
2025-04-23T14:27:38.7360147Z Receiving objects:   2% (3/125)
2025-04-23T14:27:38.7361595Z Receiving objects:   3% (4/125)
2025-04-23T14:27:38.7362875Z Receiving objects:   4% (5/125)
2025-04-23T14:27:38.7363938Z Receiving objects:   5% (7/125)
2025-04-23T14:27:38.7364682Z Receiving objects:   6% (8/125)
2025-04-23T14:27:38.7395847Z Receiving objects:   7% (9/125)
2025-04-23T14:27:38.7397099Z Receiving objects:   8% (10/125)
2025-04-23T14:27:38.7398282Z Receiving objects:   9% (12/125)
2025-04-23T14:27:38.7399241Z Receiving objects:  10% (13/125)
2025-04-23T14:27:38.7545182Z Receiving objects:  11% (14/125)
2025-04-23T14:27:38.7546803Z Receiving objects:  12% (15/125)
2025-04-23T14:27:38.7548294Z Receiving objects:  13% (17/125)
2025-04-23T14:27:38.7549235Z Receiving objects:  14% (18/125)
2025-04-23T14:27:38.7549996Z Receiving objects:  15% (19/125)
2025-04-23T14:27:38.7550998Z Receiving objects:  16% (20/125)
2025-04-23T14:27:38.7551782Z Receiving objects:  17% (22/125)
2025-04-23T14:27:38.7552534Z Receiving objects:  18% (23/125)
2025-04-23T14:27:38.7553284Z Receiving objects:  19% (24/125)
2025-04-23T14:27:38.7575265Z Receiving objects:  20% (25/125)
2025-04-23T14:27:38.7576583Z Receiving objects:  21% (27/125)
2025-04-23T14:27:38.7577429Z Receiving objects:  22% (28/125)
2025-04-23T14:27:38.7578177Z Receiving objects:  23% (29/125)
2025-04-23T14:27:38.7580391Z Receiving objects:  24% (30/125)
2025-04-23T14:27:38.7581657Z Receiving objects:  25% (32/125)
2025-04-23T14:27:38.7582429Z Receiving objects:  26% (33/125)
2025-04-23T14:27:38.7583206Z Receiving objects:  27% (34/125)
2025-04-23T14:27:38.7583975Z Receiving objects:  28% (35/125)
2025-04-23T14:27:38.7584726Z Receiving objects:  29% (37/125)
2025-04-23T14:27:38.7585479Z Receiving objects:  30% (38/125)
2025-04-23T14:27:38.7691099Z Receiving objects:  31% (39/125)
2025-04-23T14:27:38.7692747Z Receiving objects:  32% (40/125)
2025-04-23T14:27:38.7694649Z Receiving objects:  33% (42/125)
2025-04-23T14:27:38.7696229Z Receiving objects:  34% (43/125)
2025-04-23T14:27:38.7697704Z Receiving objects:  35% (44/125)
2025-04-23T14:27:38.7698640Z Receiving objects:  36% (45/125)
2025-04-23T14:27:38.7699398Z Receiving objects:  37% (47/125)
2025-04-23T14:27:38.7700172Z Receiving objects:  38% (48/125)
2025-04-23T14:27:38.7701096Z Receiving objects:  39% (49/125)
2025-04-23T14:27:38.7701863Z Receiving objects:  40% (50/125)
2025-04-23T14:27:38.7702623Z Receiving objects:  41% (52/125)
2025-04-23T14:27:38.7703377Z Receiving objects:  42% (53/125)
2025-04-23T14:27:38.7704124Z Receiving objects:  43% (54/125)
2025-04-23T14:27:38.7704878Z Receiving objects:  44% (55/125)
2025-04-23T14:27:38.7705620Z Receiving objects:  45% (57/125)
2025-04-23T14:27:38.7706359Z Receiving objects:  46% (58/125)
2025-04-23T14:27:38.7933921Z Receiving objects:  47% (59/125)
2025-04-23T14:27:38.8782341Z Receiving objects:  48% (60/125)
2025-04-23T14:27:38.8983620Z Receiving objects:  49% (62/125)
2025-04-23T14:27:38.9771091Z Receiving objects:  50% (63/125)
2025-04-23T14:27:38.9776130Z Receiving objects:  51% (64/125)
2025-04-23T14:27:39.0476360Z Receiving objects:  52% (65/125)
2025-04-23T14:27:39.0477652Z Receiving objects:  53% (67/125)
2025-04-23T14:27:39.0478879Z Receiving objects:  54% (68/125)
2025-04-23T14:27:39.0480155Z Receiving objects:  55% (69/125)
2025-04-23T14:27:39.0481321Z Receiving objects:  56% (70/125)
2025-04-23T14:27:39.0482748Z Receiving objects:  57% (72/125)
2025-04-23T14:27:39.0484129Z Receiving objects:  58% (73/125)
2025-04-23T14:27:39.0485342Z Receiving objects:  59% (74/125)
2025-04-23T14:27:39.0486108Z Receiving objects:  60% (75/125)
2025-04-23T14:27:39.0487071Z Receiving objects:  61% (77/125)
2025-04-23T14:27:39.0487819Z Receiving objects:  62% (78/125)
2025-04-23T14:27:39.0488876Z Receiving objects:  63% (79/125)
2025-04-23T14:27:39.0490178Z Receiving objects:  64% (80/125)
2025-04-23T14:27:39.0491699Z Receiving objects:  65% (82/125)
2025-04-23T14:27:39.0493390Z Receiving objects:  66% (83/125)
2025-04-23T14:27:39.0494641Z Receiving objects:  67% (84/125)
2025-04-23T14:27:39.0495914Z Receiving objects:  68% (85/125)
2025-04-23T14:27:39.0497234Z Receiving objects:  69% (87/125)
2025-04-23T14:27:39.0498532Z Receiving objects:  70% (88/125)
2025-04-23T14:27:39.0499412Z Receiving objects:  71% (89/125)
2025-04-23T14:27:39.0500292Z Receiving objects:  72% (90/125)
2025-04-23T14:27:39.0501344Z Receiving objects:  73% (92/125)
2025-04-23T14:27:39.0502207Z Receiving objects:  74% (93/125)
2025-04-23T14:27:39.0503413Z Receiving objects:  75% (94/125)
2025-04-23T14:27:39.0504714Z Receiving objects:  76% (95/125)
2025-04-23T14:27:39.0506012Z Receiving objects:  77% (97/125)
2025-04-23T14:27:39.0507300Z Receiving objects:  78% (98/125)
2025-04-23T14:27:39.0508625Z Receiving objects:  79% (99/125)
2025-04-23T14:27:39.0509977Z Receiving objects:  80% (100/125)
2025-04-23T14:27:39.0511968Z remote: Total 125 (delta 54), reused 92 (delta 45), pack-reused 0 (from 0)        
2025-04-23T14:27:39.0513995Z Receiving objects:  81% (102/125)
2025-04-23T14:27:39.0515203Z Receiving objects:  82% (103/125)
2025-04-23T14:27:39.0516604Z Receiving objects:  83% (104/125)
2025-04-23T14:27:39.0517500Z Receiving objects:  84% (105/125)
2025-04-23T14:27:39.0520015Z Receiving objects:  85% (107/125)
2025-04-23T14:27:39.0521691Z Receiving objects:  86% (108/125)
2025-04-23T14:27:39.0523032Z Receiving objects:  87% (109/125)
2025-04-23T14:27:39.0524473Z Receiving objects:  88% (110/125)
2025-04-23T14:27:39.0525975Z Receiving objects:  89% (112/125)
2025-04-23T14:27:39.0527247Z Receiving objects:  90% (113/125)
2025-04-23T14:27:39.0528555Z Receiving objects:  91% (114/125)
2025-04-23T14:27:39.0529872Z Receiving objects:  92% (115/125)
2025-04-23T14:27:39.0531290Z Receiving objects:  93% (117/125)
2025-04-23T14:27:39.0532632Z Receiving objects:  94% (118/125)
2025-04-23T14:27:39.0533858Z Receiving objects:  95% (119/125)
2025-04-23T14:27:39.0535192Z Receiving objects:  96% (120/125)
2025-04-23T14:27:39.0536838Z Receiving objects:  97% (122/125)
2025-04-23T14:27:39.0537991Z Receiving objects:  98% (123/125)
2025-04-23T14:27:39.0539387Z Receiving objects:  99% (124/125)
2025-04-23T14:27:39.0540512Z Receiving objects: 100% (125/125)
2025-04-23T14:27:39.0542146Z Receiving objects: 100% (125/125), 8.82 MiB | 27.89 MiB/s, done.
2025-04-23T14:27:39.0543906Z Resolving deltas:   0% (0/54)
2025-04-23T14:27:39.0545226Z Resolving deltas:   1% (1/54)
2025-04-23T14:27:39.0546491Z Resolving deltas:   3% (2/54)
2025-04-23T14:27:39.0547243Z Resolving deltas:   5% (3/54)
2025-04-23T14:27:39.0547986Z Resolving deltas:   7% (4/54)
2025-04-23T14:27:39.0548722Z Resolving deltas:   9% (5/54)
2025-04-23T14:27:39.0549500Z Resolving deltas:  11% (6/54)
2025-04-23T14:27:39.0550282Z Resolving deltas:  12% (7/54)
2025-04-23T14:27:39.0551406Z Resolving deltas:  14% (8/54)
2025-04-23T14:27:39.0552754Z Resolving deltas:  16% (9/54)
2025-04-23T14:27:39.0554006Z Resolving deltas:  18% (10/54)
2025-04-23T14:27:39.0554797Z Resolving deltas:  20% (11/54)
2025-04-23T14:27:39.0555690Z Resolving deltas:  22% (12/54)
2025-04-23T14:27:39.0556933Z Resolving deltas:  24% (13/54)
2025-04-23T14:27:39.0558151Z Resolving deltas:  25% (14/54)
2025-04-23T14:27:39.0559362Z Resolving deltas:  27% (15/54)
2025-04-23T14:27:39.0560582Z Resolving deltas:  29% (16/54)
2025-04-23T14:27:39.0562047Z Resolving deltas:  31% (17/54)
2025-04-23T14:27:39.0563395Z Resolving deltas:  33% (18/54)
2025-04-23T14:27:39.0564643Z Resolving deltas:  35% (19/54)
2025-04-23T14:27:39.0565876Z Resolving deltas:  37% (20/54)
2025-04-23T14:27:39.0567108Z Resolving deltas:  38% (21/54)
2025-04-23T14:27:39.0568337Z Resolving deltas:  40% (22/54)
2025-04-23T14:27:39.0569614Z Resolving deltas:  42% (23/54)
2025-04-23T14:27:39.0571043Z Resolving deltas:  44% (24/54)
2025-04-23T14:27:39.0573854Z Resolving deltas:  46% (25/54)
2025-04-23T14:27:39.0576541Z Resolving deltas:  50% (27/54)
2025-04-23T14:27:39.0578700Z Resolving deltas:  51% (28/54)
2025-04-23T14:27:39.0580371Z Resolving deltas:  53% (29/54)
2025-04-23T14:27:39.0581827Z Resolving deltas:  55% (30/54)
2025-04-23T14:27:39.0583159Z Resolving deltas:  57% (31/54)
2025-04-23T14:27:39.0584516Z Resolving deltas:  59% (32/54)
2025-04-23T14:27:39.0585835Z Resolving deltas:  61% (33/54)
2025-04-23T14:27:39.0587092Z Resolving deltas:  62% (34/54)
2025-04-23T14:27:39.0588393Z Resolving deltas:  66% (36/54)
2025-04-23T14:27:39.0589897Z Resolving deltas:  68% (37/54)
2025-04-23T14:27:39.0591445Z Resolving deltas:  70% (38/54)
2025-04-23T14:27:39.0593244Z Resolving deltas:  72% (39/54)
2025-04-23T14:27:39.0597793Z Resolving deltas:  75% (41/54)
2025-04-23T14:27:39.0600499Z Resolving deltas:  77% (42/54)
2025-04-23T14:27:39.0602255Z Resolving deltas:  79% (43/54)
2025-04-23T14:27:39.0611663Z Resolving deltas:  81% (44/54)
2025-04-23T14:27:39.0613099Z Resolving deltas:  83% (45/54)
2025-04-23T14:27:39.0614486Z Resolving deltas:  87% (47/54)
2025-04-23T14:27:39.0616224Z Resolving deltas:  88% (48/54)
2025-04-23T14:27:39.0617672Z Resolving deltas:  90% (49/54)
2025-04-23T14:27:39.0619083Z Resolving deltas:  92% (50/54)
2025-04-23T14:27:39.0620474Z Resolving deltas:  94% (51/54)
2025-04-23T14:27:39.0622094Z Resolving deltas:  96% (52/54)
2025-04-23T14:27:39.0623532Z Resolving deltas:  98% (53/54)
2025-04-23T14:27:39.0624898Z Resolving deltas: 100% (54/54)
2025-04-23T14:27:39.0626381Z Resolving deltas: 100% (54/54), done.
2025-04-23T14:27:39.0802090Z From https://github.com/sai-pranay-teja/JobManagement
2025-04-23T14:27:39.0804146Z  * [new ref]         dcfda55ab4395c3543c77808538956e1dd35b838 -> origin/main
2025-04-23T14:27:39.0832227Z ##[endgroup]
2025-04-23T14:27:39.0833352Z ##[group]Determining the checkout info
2025-04-23T14:27:39.0834970Z ##[endgroup]
2025-04-23T14:27:39.0835995Z ##[group]Checking out the ref
2025-04-23T14:27:39.0838950Z [command]/usr/bin/git checkout --progress --force -B main refs/remotes/origin/main
2025-04-23T14:27:39.1378891Z Switched to a new branch 'main'
2025-04-23T14:27:39.1381160Z branch 'main' set up to track 'origin/main'.
2025-04-23T14:27:39.1393960Z ##[endgroup]
2025-04-23T14:27:39.1429555Z [command]/usr/bin/git log -1 --format='%H'
2025-04-23T14:27:39.1450546Z 'dcfda55ab4395c3543c77808538956e1dd35b838'
2025-04-23T14:27:39.1723500Z ##[group]Run actions/setup-java@v3
2025-04-23T14:27:39.1724333Z with:
2025-04-23T14:27:39.1724936Z   java-version: 17
2025-04-23T14:27:39.1725590Z   distribution: corretto
2025-04-23T14:27:39.1726286Z   java-package: jdk
2025-04-23T14:27:39.1726932Z   check-latest: false
2025-04-23T14:27:39.1727593Z   server-id: github
2025-04-23T14:27:39.1728253Z   server-username: GITHUB_ACTOR
2025-04-23T14:27:39.1728998Z   server-password: GITHUB_TOKEN
2025-04-23T14:27:39.1729730Z   overwrite-settings: true
2025-04-23T14:27:39.1730422Z   job-status: success
2025-04-23T14:27:39.1731502Z   token: ***
2025-04-23T14:27:39.1732100Z env:
2025-04-23T14:27:39.1732683Z   REMOTE_HOST: 18.60.149.136
2025-04-23T14:27:39.1733388Z   REMOTE_USER: ubuntu
2025-04-23T14:27:39.1734068Z   REMOTE_BACKUP_DIR: /tmp/actions_bak
2025-04-23T14:27:39.1734888Z ##[endgroup]
2025-04-23T14:27:39.3744401Z ##[group]Installed distributions
2025-04-23T14:27:39.3769584Z Trying to resolve the latest version from remote
2025-04-23T14:27:39.5863544Z Resolved latest version as 17.0.15+6.1
2025-04-23T14:27:39.5865605Z Trying to download...
2025-04-23T14:27:39.5868965Z Downloading Java 17.0.15+6.1 (Corretto) from https://corretto.aws/downloads/resources/17.0.15.6.1/amazon-corretto-17.0.15.6.1-linux-x64.tar.gz ...
2025-04-23T14:27:40.7910264Z Extracting Java archive...
2025-04-23T14:27:40.8023312Z [command]/usr/bin/tar xz --warning=no-unknown-keyword -C /home/runner/work/_temp/ea9a1020-df84-405f-85b9-c64ba07a0de1 -f /home/runner/work/_temp/83fc509e-0d19-4fff-9900-6c762a0da8a3
2025-04-23T14:27:43.3635525Z Java 17.0.15+6.1 was downloaded
2025-04-23T14:27:43.3636010Z Setting Java 17.0.15+6.1 as the default
2025-04-23T14:27:43.3648498Z Creating toolchains.xml for JDK version 17 from corretto
2025-04-23T14:27:43.3723907Z Writing to /home/runner/.m2/toolchains.xml
2025-04-23T14:27:43.3724472Z 
2025-04-23T14:27:43.3724761Z Java configuration:
2025-04-23T14:27:43.3725553Z   Distribution: corretto
2025-04-23T14:27:43.3726310Z   Version: 17.0.15+6.1
2025-04-23T14:27:43.3727238Z   Path: /opt/hostedtoolcache/Java_Corretto_jdk/17.0.15-6.1/x64
2025-04-23T14:27:43.3727939Z 
2025-04-23T14:27:43.3728874Z ##[endgroup]
2025-04-23T14:27:43.3746633Z Creating settings.xml with server-id: github
2025-04-23T14:27:43.3747195Z Writing to /home/runner/.m2/settings.xml
2025-04-23T14:27:43.3896161Z ##[group]Run echo "$SSH_KEY_SECRET" > key.pem
2025-04-23T14:27:43.3896755Z [36;1mecho "$SSH_KEY_SECRET" > key.pem[0m
2025-04-23T14:27:43.3897197Z [36;1msed -i 's/\\n/\n/g' key.pem[0m
2025-04-23T14:27:43.3898065Z [36;1mgrep -q "BEGIN RSA PRIVATE KEY" key.pem || sed -i '1i***' key.pem[0m
2025-04-23T14:27:43.3898791Z [36;1mgrep -q "END RSA PRIVATE KEY" key.pem || echo "***" >> key.pem[0m
2025-04-23T14:27:43.3899295Z [36;1mchmod 400 key.pem[0m
2025-04-23T14:27:43.3936605Z shell: /usr/bin/bash -e {0}
2025-04-23T14:27:43.3937006Z env:
2025-04-23T14:27:43.3937340Z   REMOTE_HOST: 18.60.149.136
2025-04-23T14:27:43.3937715Z   REMOTE_USER: ubuntu
2025-04-23T14:27:43.3938085Z   REMOTE_BACKUP_DIR: /tmp/actions_bak
2025-04-23T14:27:43.3938593Z   JAVA_HOME: /opt/hostedtoolcache/Java_Corretto_jdk/17.0.15-6.1/x64
2025-04-23T14:27:43.3939190Z   JAVA_HOME_17_X64: /opt/hostedtoolcache/Java_Corretto_jdk/17.0.15-6.1/x64
2025-04-23T14:27:43.3947017Z   SSH_KEY_SECRET: ***
2025-04-23T14:27:43.3947451Z ##[endgroup]
2025-04-23T14:27:43.4847180Z ##[group]Run echo "PIPELINE_START_TIME=$(date +%s)" >> $GITHUB_ENV
2025-04-23T14:27:43.4847816Z [36;1mecho "PIPELINE_START_TIME=$(date +%s)" >> $GITHUB_ENV[0m
2025-04-23T14:27:43.4880223Z shell: /usr/bin/bash -e {0}
2025-04-23T14:27:43.4880601Z env:
2025-04-23T14:27:43.4881109Z   REMOTE_HOST: 18.60.149.136
2025-04-23T14:27:43.4881486Z   REMOTE_USER: ubuntu
2025-04-23T14:27:43.4881855Z   REMOTE_BACKUP_DIR: /tmp/actions_bak
2025-04-23T14:27:43.4882387Z   JAVA_HOME: /opt/hostedtoolcache/Java_Corretto_jdk/17.0.15-6.1/x64
2025-04-23T14:27:43.4882990Z   JAVA_HOME_17_X64: /opt/hostedtoolcache/Java_Corretto_jdk/17.0.15-6.1/x64
2025-04-23T14:27:43.4883477Z ##[endgroup]
2025-04-23T14:27:43.4985203Z ##[group]Run mkdir -p build/WEB-INF/classes
2025-04-23T14:27:43.4985719Z [36;1mmkdir -p build/WEB-INF/classes[0m
2025-04-23T14:27:43.4986359Z [36;1m# Compile Java sources; redirect errors to compile_error.log and exit if compilation fails.[0m
2025-04-23T14:27:43.4987312Z [36;1m# javac -cp "src/main/webapp/WEB-INF/lib/*" -d build/WEB-INF/classes $(find src -name "*.java") 2> compile_error.log || { echo "Build failed!"; exit 1; }[0m
2025-04-23T14:27:43.4988296Z [36;1mjavac -cp "src/main/webapp/WEB-INF/lib/*" -d build/WEB-INF/classes $(find src -name "*.java") 2> compile_error.log[0m
2025-04-23T14:27:43.4988927Z [36;1m[0m
2025-04-23T14:27:43.4989307Z [36;1mcp -R src/main/resources/* build/WEB-INF/classes/[0m
2025-04-23T14:27:43.4989769Z [36;1mcp -R src/main/webapp/* build/[0m
2025-04-23T14:27:43.4990246Z [36;1mjar -cvf JobManagement_ACTIONS.war -C build .[0m
2025-04-23T14:27:43.5020086Z shell: /usr/bin/bash -e {0}
2025-04-23T14:27:43.5020461Z env:
2025-04-23T14:27:43.5021104Z   REMOTE_HOST: 18.60.149.136
2025-04-23T14:27:43.5021475Z   REMOTE_USER: ubuntu
2025-04-23T14:27:43.5021842Z   REMOTE_BACKUP_DIR: /tmp/actions_bak
2025-04-23T14:27:43.5022342Z   JAVA_HOME: /opt/hostedtoolcache/Java_Corretto_jdk/17.0.15-6.1/x64
2025-04-23T14:27:43.5022938Z   JAVA_HOME_17_X64: /opt/hostedtoolcache/Java_Corretto_jdk/17.0.15-6.1/x64
2025-04-23T14:27:43.5023431Z   PIPELINE_START_TIME: 1745418463
2025-04-23T14:27:43.5023805Z ##[endgroup]
2025-04-23T14:27:43.9597225Z ##[error]Process completed with exit code 1.
2025-04-23T14:27:43.9681508Z ##[group]Run ssh -o StrictHostKeyChecking=no -i key.pem $REMOTE_USER@$REMOTE_HOST "timeout 60 bash -c 'until grep -q \"Deployment of web application archive\" <(tail -n 50 /opt/tomcat10/logs/catalina.out); do sleep 5; done'"
2025-04-23T14:27:43.9683193Z [36;1mssh -o StrictHostKeyChecking=no -i key.pem $REMOTE_USER@$REMOTE_HOST "timeout 60 bash -c 'until grep -q \"Deployment of web application archive\" <(tail -n 50 /opt/tomcat10/logs/catalina.out); do sleep 5; done'"[0m
2025-04-23T14:27:43.9715417Z shell: /usr/bin/bash -e {0}
2025-04-23T14:27:43.9715740Z env:
2025-04-23T14:27:43.9715992Z   REMOTE_HOST: 18.60.149.136
2025-04-23T14:27:43.9716299Z   REMOTE_USER: ubuntu
2025-04-23T14:27:43.9716596Z   REMOTE_BACKUP_DIR: /tmp/actions_bak
2025-04-23T14:27:43.9717035Z   JAVA_HOME: /opt/hostedtoolcache/Java_Corretto_jdk/17.0.15-6.1/x64
2025-04-23T14:27:43.9717567Z   JAVA_HOME_17_X64: /opt/hostedtoolcache/Java_Corretto_jdk/17.0.15-6.1/x64
2025-04-23T14:27:43.9718054Z   PIPELINE_START_TIME: 1745418463
2025-04-23T14:27:43.9718376Z ##[endgroup]
2025-04-23T14:27:45.0202743Z Warning: Permanently added '18.60.149.136' (ED25519) to the list of known hosts.
2025-04-23T14:27:46.9741623Z ##[group]Run echo "DEPLOY_END_TIME=$(date +%s)" >> $GITHUB_ENV
2025-04-23T14:27:46.9742181Z [36;1mecho "DEPLOY_END_TIME=$(date +%s)" >> $GITHUB_ENV[0m
2025-04-23T14:27:46.9773701Z shell: /usr/bin/bash -e {0}
2025-04-23T14:27:46.9774003Z env:
2025-04-23T14:27:46.9774271Z   REMOTE_HOST: 18.60.149.136
2025-04-23T14:27:46.9774574Z   REMOTE_USER: ubuntu
2025-04-23T14:27:46.9774871Z   REMOTE_BACKUP_DIR: /tmp/actions_bak
2025-04-23T14:27:46.9775301Z   JAVA_HOME: /opt/hostedtoolcache/Java_Corretto_jdk/17.0.15-6.1/x64
2025-04-23T14:27:46.9775820Z   JAVA_HOME_17_X64: /opt/hostedtoolcache/Java_Corretto_jdk/17.0.15-6.1/x64
2025-04-23T14:27:46.9776251Z   PIPELINE_START_TIME: 1745418463
2025-04-23T14:27:46.9776560Z ##[endgroup]
2025-04-23T14:27:46.9868097Z ##[group]Run ssh -o StrictHostKeyChecking=no -i key.pem $REMOTE_USER@$REMOTE_HOST "vmstat -s | awk '{printf \"%.2f MB - %s\n\", \$1/1024, substr(\$0, index(\$0,\$2))}'" > resource_usage_after.log
2025-04-23T14:27:46.9869264Z [36;1mssh -o StrictHostKeyChecking=no -i key.pem $REMOTE_USER@$REMOTE_HOST "vmstat -s | awk '{printf \"%.2f MB - %s\n\", \$1/1024, substr(\$0, index(\$0,\$2))}'" > resource_usage_after.log[0m
2025-04-23T14:27:46.9870188Z [36;1mssh -o StrictHostKeyChecking=no -i key.pem $REMOTE_USER@$REMOTE_HOST "free -h" > mem_after.log[0m
2025-04-23T14:27:46.9900139Z shell: /usr/bin/bash -e {0}
2025-04-23T14:27:46.9900441Z env:
2025-04-23T14:27:46.9900685Z   REMOTE_HOST: 18.60.149.136
2025-04-23T14:27:46.9901191Z   REMOTE_USER: ubuntu
2025-04-23T14:27:46.9901486Z   REMOTE_BACKUP_DIR: /tmp/actions_bak
2025-04-23T14:27:46.9901910Z   JAVA_HOME: /opt/hostedtoolcache/Java_Corretto_jdk/17.0.15-6.1/x64
2025-04-23T14:27:46.9902476Z   JAVA_HOME_17_X64: /opt/hostedtoolcache/Java_Corretto_jdk/17.0.15-6.1/x64
2025-04-23T14:27:46.9902920Z   PIPELINE_START_TIME: 1745418463
2025-04-23T14:27:46.9903244Z   DEPLOY_END_TIME: 1745418466
2025-04-23T14:27:46.9903539Z ##[endgroup]
2025-04-23T14:27:52.5609847Z ##[group]Run source $GITHUB_ENV
2025-04-23T14:27:52.5610245Z [36;1msource $GITHUB_ENV[0m
2025-04-23T14:27:52.5610679Z [36;1mDEPLOY_DURATION=$(($DEPLOY_END_TIME - $DEPLOY_START_TIME))[0m
2025-04-23T14:27:52.5611315Z [36;1mPIPELINE_END_TIME=$(date +%s)[0m
2025-04-23T14:27:52.5611795Z [36;1mTOTAL_PIPELINE_TIME=$(($PIPELINE_END_TIME - $PIPELINE_START_TIME))[0m
2025-04-23T14:27:52.5612319Z [36;1mecho "DEPLOY_DURATION=$DEPLOY_DURATION" >> $GITHUB_ENV[0m
2025-04-23T14:27:52.5612822Z [36;1mecho "TOTAL_PIPELINE_TIME=$TOTAL_PIPELINE_TIME" >> $GITHUB_ENV[0m
2025-04-23T14:27:52.5643877Z shell: /usr/bin/bash -e {0}
2025-04-23T14:27:52.5644184Z env:
2025-04-23T14:27:52.5644451Z   REMOTE_HOST: 18.60.149.136
2025-04-23T14:27:52.5644747Z   REMOTE_USER: ubuntu
2025-04-23T14:27:52.5645035Z   REMOTE_BACKUP_DIR: /tmp/actions_bak
2025-04-23T14:27:52.5645463Z   JAVA_HOME: /opt/hostedtoolcache/Java_Corretto_jdk/17.0.15-6.1/x64
2025-04-23T14:27:52.5646010Z   JAVA_HOME_17_X64: /opt/hostedtoolcache/Java_Corretto_jdk/17.0.15-6.1/x64
2025-04-23T14:27:52.5646440Z   PIPELINE_START_TIME: 1745418463
2025-04-23T14:27:52.5646760Z   DEPLOY_END_TIME: 1745418466
2025-04-23T14:27:52.5647223Z ##[endgroup]
2025-04-23T14:27:52.5699839Z /home/runner/work/_temp/62914061-e961-48e1-a009-582fc60a1097.sh: line 2: 1745418466 - : syntax error: operand expected (error token is "- ")
2025-04-23T14:27:52.5739983Z ##[group]Run echo $'The error is:\n '
2025-04-23T14:27:52.5740387Z [36;1mecho $'The error is:\n '[0m
2025-04-23T14:27:52.5740920Z [36;1mcat compile_error.log[0m
2025-04-23T14:27:52.5741240Z [36;1m[0m
2025-04-23T14:27:52.5741560Z [36;1mecho "Deployment failed! Initiating rollback..."[0m
2025-04-23T14:27:52.5741962Z [36;1mROLLBACK_START=$(date +%s)[0m
2025-04-23T14:27:52.5742273Z [36;1m[0m
2025-04-23T14:27:52.5743319Z [36;1mssh -o StrictHostKeyChecking=no -i key.pem $REMOTE_USER@$REMOTE_HOST "if [ -f /tmp/actions_bak/JobManagement_ACTIONS.war_bak ]; then sudo cp /tmp/actions_bak/JobManagement_ACTIONS.war_bak /opt/tomcat10/webapps/JobManagement_ACTIONS.war; else echo 'No backup available'; exit 1; fi"[0m
2025-04-23T14:27:52.5744436Z [36;1m[0m
2025-04-23T14:27:52.5744858Z [36;1mssh -o StrictHostKeyChecking=no -i key.pem $REMOTE_USER@$REMOTE_HOST <<EOF[0m
2025-04-23T14:27:52.5745436Z [36;1m  sudo rm -rf /opt/tomcat10/webapps/JobManagement_ACTIONS || true[0m
2025-04-23T14:27:52.5745885Z [36;1m  sleep 5[0m
2025-04-23T14:27:52.5746196Z [36;1m  sudo /opt/tomcat10/bin/shutdown.sh || true[0m
2025-04-23T14:27:52.5746583Z [36;1m  sudo /opt/tomcat10/bin/startup.sh[0m
2025-04-23T14:27:52.5746913Z [36;1m  exit[0m
2025-04-23T14:27:52.5747181Z [36;1mEOF[0m
2025-04-23T14:27:52.5747426Z [36;1m[0m
2025-04-23T14:27:52.5747679Z [36;1mROLLBACK_END=$(date +%s)[0m
2025-04-23T14:27:52.5748071Z [36;1mROLLBACK_DURATION=$((ROLLBACK_END - ROLLBACK_START))[0m
2025-04-23T14:27:52.5748557Z [36;1mecho "ROLLBACK_DURATION=$ROLLBACK_DURATION" >> $GITHUB_ENV[0m
2025-04-23T14:27:52.5776475Z shell: /usr/bin/bash -e {0}
2025-04-23T14:27:52.5776775Z env:
2025-04-23T14:27:52.5777025Z   REMOTE_HOST: 18.60.149.136
2025-04-23T14:27:52.5777323Z   REMOTE_USER: ubuntu
2025-04-23T14:27:52.5777633Z   REMOTE_BACKUP_DIR: /tmp/actions_bak
2025-04-23T14:27:52.5778057Z   JAVA_HOME: /opt/hostedtoolcache/Java_Corretto_jdk/17.0.15-6.1/x64
2025-04-23T14:27:52.5778570Z   JAVA_HOME_17_X64: /opt/hostedtoolcache/Java_Corretto_jdk/17.0.15-6.1/x64
2025-04-23T14:27:52.5778999Z   PIPELINE_START_TIME: 1745418463
2025-04-23T14:27:52.5779322Z   DEPLOY_END_TIME: 1745418466
2025-04-23T14:27:52.5779615Z   DEPLOY_DURATION: 
2025-04-23T14:27:52.5779891Z   TOTAL_PIPELINE_TIME: 9
2025-04-23T14:27:52.5780170Z ##[endgroup]
2025-04-23T14:27:52.5828344Z The error is:
2025-04-23T14:27:52.5828801Z  
2025-04-23T14:27:52.5837865Z src/main/java/metrics/EfficiencyIndexCalculator.java:1: error: ';' expected
2025-04-23T14:27:52.5838557Z package metrics
2025-04-23T14:27:52.5838945Z                ^
2025-04-23T14:27:52.5839386Z 1 error
2025-04-23T14:27:52.5839759Z Deployment failed! Initiating rollback...
2025-04-23T14:27:55.6212465Z Pseudo-terminal will not be allocated because stdin is not a terminal.
2025-04-23T14:27:58.4613088Z Welcome to Ubuntu 24.04.2 LTS (GNU/Linux 6.8.0-1027-aws x86_64)
2025-04-23T14:27:58.4613764Z 
2025-04-23T14:27:58.4614002Z  * Documentation:  https://help.ubuntu.com
2025-04-23T14:27:58.4614574Z  * Management:     https://landscape.canonical.com
2025-04-23T14:27:58.4615108Z  * Support:        https://ubuntu.com/pro
2025-04-23T14:27:58.4615426Z 
2025-04-23T14:27:58.4615643Z  System information as of Wed Apr 23 14:27:45 UTC 2025
2025-04-23T14:27:58.4615982Z 
2025-04-23T14:27:58.4616226Z   System load:  0.45              Temperature:           -273.1 C
2025-04-23T14:27:58.4616821Z   Usage of /:   68.5% of 6.71GB   Processes:             120
2025-04-23T14:27:58.4617382Z   Memory usage: 29%               Users logged in:       1
2025-04-23T14:27:58.4617901Z   Swap usage:   0%                IPv4 address for ens5: 172.31.20.166
2025-04-23T14:27:58.4618190Z 
2025-04-23T14:27:58.4618419Z  * Ubuntu Pro delivers the most comprehensive open source security and
2025-04-23T14:27:58.4618848Z    compliance features.
2025-04-23T14:27:58.4619445Z 
2025-04-23T14:27:58.4619578Z    https://ubuntu.com/aws/pro
2025-04-23T14:27:58.4619898Z 
2025-04-23T14:27:58.4620106Z Expanded Security Maintenance for Applications is not enabled.
2025-04-23T14:27:58.4620613Z 
2025-04-23T14:27:58.4621001Z 2 updates can be applied immediately.
2025-04-23T14:27:58.4621414Z To see these additional updates run: apt list --upgradable
2025-04-23T14:27:58.4621702Z 
2025-04-23T14:27:58.4621888Z Enable ESM Apps to receive additional future security updates.
2025-04-23T14:27:58.4622338Z See https://ubuntu.com/esm or run: sudo pro status
2025-04-23T14:27:58.4622592Z 
2025-04-23T14:27:58.4622596Z 
2025-04-23T14:28:03.7251551Z sudo: /opt/tomcat10/bin/shutdown.sh: command not found
2025-04-23T14:28:03.7427657Z Tomcat started.
2025-04-23T14:28:03.7509266Z ##[group]Run echo "-------------------------------------------------"
2025-04-23T14:28:03.7509836Z [36;1mecho "-------------------------------------------------"[0m
2025-04-23T14:28:03.7510260Z [36;1mecho "              CI/CD Metrics Summary              "[0m
2025-04-23T14:28:03.7510697Z [36;1mecho "-------------------------------------------------"[0m
2025-04-23T14:28:03.7511417Z [36;1mecho "| Metric                             | Value          |"[0m
2025-04-23T14:28:03.7511856Z [36;1mecho "-------------------------------------------------"[0m
2025-04-23T14:28:03.7512365Z [36;1mecho "| Total Pipeline Time (sec)          | $TOTAL_PIPELINE_TIME          |"[0m
2025-04-23T14:28:03.7512985Z [36;1m# If deployment succeeded, DEPLOY_DURATION is set; if not, ROLLBACK_DURATION is used.[0m
2025-04-23T14:28:03.7513497Z [36;1mif [ -n "$DEPLOY_DURATION" ]; then[0m
2025-04-23T14:28:03.7514290Z [36;1m  echo "| Deployment Time (sec)              | $DEPLOY_DURATION          |"[0m
2025-04-23T14:28:03.7514732Z [36;1melse[0m
2025-04-23T14:28:03.7515102Z [36;1m  echo "| Rollback Time (sec)     | $ROLLBACK_DURATION          |"[0m
2025-04-23T14:28:03.7515496Z [36;1mfi[0m
2025-04-23T14:28:03.7515839Z [36;1mecho "| Lead Time for Changes (sec)        | $LEAD_TIME          |"[0m
2025-04-23T14:28:03.7516274Z [36;1mif [ -f test_results.log ]; then[0m
2025-04-23T14:28:03.7516712Z [36;1m  TEST_SUMMARY=$(grep -i "tests found" test_results.log | head -n 1)[0m
2025-04-23T14:28:03.7517126Z [36;1melse[0m
2025-04-23T14:28:03.7517383Z [36;1m  TEST_SUMMARY="N/A"[0m
2025-04-23T14:28:03.7517666Z [36;1mfi[0m
2025-04-23T14:28:03.7518067Z [36;1m# ─── Cost Calculation & Echo ──────────────────────────────────────────────[0m
2025-04-23T14:28:03.7518622Z [36;1m# GitHub Actions hosted runner = $0.008 per minute = $0.0001333 per sec[0m
2025-04-23T14:28:03.7519152Z [36;1mCOST=$(awk "BEGIN { printf \"%.4f\", $TOTAL_PIPELINE_TIME * 0.008/60 }")[0m
2025-04-23T14:28:03.7519641Z [36;1mecho "| Cost (USD)                         | $COST              |"[0m
2025-04-23T14:28:03.7520126Z [36;1m# ─────────────────────────────────────────────────────────────────────────────[0m
2025-04-23T14:28:03.7520644Z [36;1mecho "| Test Summary                       | $TEST_SUMMARY          |"[0m
2025-04-23T14:28:03.7521340Z [36;1m[0m
2025-04-23T14:28:03.7521639Z [36;1mecho "-------------------------------------------------"[0m
2025-04-23T14:28:03.7522022Z [36;1mecho "Memory Usage BEFORE:"[0m
2025-04-23T14:28:03.7522352Z [36;1mcat mem_before.log[0m
2025-04-23T14:28:03.7522698Z [36;1mecho "-------------------------------------------------"[0m
2025-04-23T14:28:03.7523074Z [36;1mecho "Memory Usage AFTER:"[0m
2025-04-23T14:28:03.7523395Z [36;1mcat mem_after.log[0m
2025-04-23T14:28:03.7523727Z [36;1mecho "-------------------------------------------------"[0m
2025-04-23T14:28:03.7524116Z [36;1mecho "Resource Usage BEFORE (vmstat):"[0m
2025-04-23T14:28:03.7524477Z [36;1mcat resource_usage_before.log[0m
2025-04-23T14:28:03.7524854Z [36;1mecho "-------------------------------------------------"[0m
2025-04-23T14:28:03.7525239Z [36;1mecho "Resource Usage AFTER (vmstat):"[0m
2025-04-23T14:28:03.7525587Z [36;1mcat resource_usage_after.log[0m
2025-04-23T14:28:03.7526154Z [36;1mecho "-------------------------------------------------"[0m
2025-04-23T14:28:03.7556512Z shell: /usr/bin/bash -e {0}
2025-04-23T14:28:03.7556818Z env:
2025-04-23T14:28:03.7557073Z   REMOTE_HOST: 18.60.149.136
2025-04-23T14:28:03.7557375Z   REMOTE_USER: ubuntu
2025-04-23T14:28:03.7557674Z   REMOTE_BACKUP_DIR: /tmp/actions_bak
2025-04-23T14:28:03.7558091Z   JAVA_HOME: /opt/hostedtoolcache/Java_Corretto_jdk/17.0.15-6.1/x64
2025-04-23T14:28:03.7558607Z   JAVA_HOME_17_X64: /opt/hostedtoolcache/Java_Corretto_jdk/17.0.15-6.1/x64
2025-04-23T14:28:03.7559034Z   PIPELINE_START_TIME: 1745418463
2025-04-23T14:28:03.7559352Z   DEPLOY_END_TIME: 1745418466
2025-04-23T14:28:03.7559638Z   DEPLOY_DURATION: 
2025-04-23T14:28:03.7560088Z   TOTAL_PIPELINE_TIME: 9
2025-04-23T14:28:03.7560383Z   ROLLBACK_DURATION: 11
2025-04-23T14:28:03.7560652Z ##[endgroup]
2025-04-23T14:28:03.7611695Z -------------------------------------------------
2025-04-23T14:28:03.7612387Z               CI/CD Metrics Summary              
2025-04-23T14:28:03.7613048Z -------------------------------------------------
2025-04-23T14:28:03.7613724Z | Metric                             | Value          |
2025-04-23T14:28:03.7614397Z -------------------------------------------------
2025-04-23T14:28:03.7615066Z | Total Pipeline Time (sec)          | 9          |
2025-04-23T14:28:03.7615741Z | Rollback Time (sec)     | 11          |
2025-04-23T14:28:03.7616311Z | Lead Time for Changes (sec)        |           |
2025-04-23T14:28:03.7634462Z | Cost (USD)                         | 0.0012              |
2025-04-23T14:28:03.7635168Z | Test Summary                       | N/A          |
2025-04-23T14:28:03.7635846Z -------------------------------------------------
2025-04-23T14:28:03.7636486Z Memory Usage BEFORE:
2025-04-23T14:28:03.7643772Z cat: mem_before.log: No such file or directory
2025-04-23T14:28:03.7648770Z ##[error]Process completed with exit code 1.
2025-04-23T14:28:03.7722662Z Post job cleanup.
2025-04-23T14:28:03.9478083Z Post job cleanup.
2025-04-23T14:28:04.0272733Z [command]/usr/bin/git version
2025-04-23T14:28:04.0311593Z git version 2.49.0
2025-04-23T14:28:04.0355656Z Temporarily overriding HOME='/home/runner/work/_temp/c6294239-fd28-4f13-bb4f-fb636b5e8983' before making global git config changes
2025-04-23T14:28:04.0357081Z Adding repository directory to the temporary git global config as a safe directory
2025-04-23T14:28:04.0360173Z [command]/usr/bin/git config --global --add safe.directory /home/runner/work/JobManagement/JobManagement
2025-04-23T14:28:04.0394056Z [command]/usr/bin/git config --local --name-only --get-regexp core\.sshCommand
2025-04-23T14:28:04.0425299Z [command]/usr/bin/git submodule foreach --recursive sh -c "git config --local --name-only --get-regexp 'core\.sshCommand' && git config --local --unset-all 'core.sshCommand' || :"
2025-04-23T14:28:04.0673437Z [command]/usr/bin/git config --local --name-only --get-regexp http\.https\:\/\/github\.com\/\.extraheader
2025-04-23T14:28:04.0695302Z http.https://github.com/.extraheader
2025-04-23T14:28:04.0710257Z [command]/usr/bin/git config --local --unset-all http.https://github.com/.extraheader
2025-04-23T14:28:04.0743558Z [command]/usr/bin/git submodule foreach --recursive sh -c "git config --local --name-only --get-regexp 'http\.https\:\/\/github\.com\/\.extraheader' && git config --local --unset-all 'http.https://github.com/.extraheader' || :"
2025-04-23T14:28:04.1106960Z Cleaning up orphan processes
