2025-04-23T14:13:11.6914826Z Current runner version: '2.323.0'
2025-04-23T14:13:11.6949226Z ##[group]Operating System
2025-04-23T14:13:11.6950882Z Ubuntu
2025-04-23T14:13:11.6952425Z 24.04.2
2025-04-23T14:13:11.6953720Z LTS
2025-04-23T14:13:11.6954818Z ##[endgroup]
2025-04-23T14:13:11.6956258Z ##[group]Runner Image
2025-04-23T14:13:11.6957699Z Image: ubuntu-24.04
2025-04-23T14:13:11.6959012Z Version: 20250420.1.0
2025-04-23T14:13:11.6961299Z Included Software: https://github.com/actions/runner-images/blob/ubuntu24/20250420.1/images/ubuntu/Ubuntu2404-Readme.md
2025-04-23T14:13:11.6964757Z Image Release: https://github.com/actions/runner-images/releases/tag/ubuntu24%2F20250420.1
2025-04-23T14:13:11.6966823Z ##[endgroup]
2025-04-23T14:13:11.6968141Z ##[group]Runner Image Provisioner
2025-04-23T14:13:11.6969612Z 2.0.422.1
2025-04-23T14:13:11.6970873Z ##[endgroup]
2025-04-23T14:13:11.6973774Z ##[group]GITHUB_TOKEN Permissions
2025-04-23T14:13:11.6976813Z Contents: read
2025-04-23T14:13:11.6978132Z Metadata: read
2025-04-23T14:13:11.6979655Z Packages: read
2025-04-23T14:13:11.6981131Z ##[endgroup]
2025-04-23T14:13:11.6984612Z Secret source: Actions
2025-04-23T14:13:11.6986177Z Prepare workflow directory
2025-04-23T14:13:11.7539248Z Prepare all required actions
2025-04-23T14:13:11.7594588Z Getting action download info
2025-04-23T14:13:12.1404174Z ##[group]Download immutable action package 'actions/checkout@v3'
2025-04-23T14:13:12.1405556Z Version: 3.6.0
2025-04-23T14:13:12.1406851Z Digest: sha256:942562b9c7d4b1f2557f1da21f4d3eb4eb4fd01f2ad78b2a6e187d1b193e0a0f
2025-04-23T14:13:12.1408458Z Source commit SHA: f43a0e5ff2bd294095638e18286ca9a3d1956744
2025-04-23T14:13:12.1409523Z ##[endgroup]
2025-04-23T14:13:12.2298942Z ##[group]Download immutable action package 'actions/setup-java@v3'
2025-04-23T14:13:12.2299870Z Version: 3.14.1
2025-04-23T14:13:12.2300718Z Digest: sha256:0f5994bd85f236d7525048fec5b0b7b3ec7474ec50184c8f78a320717cfb3d51
2025-04-23T14:13:12.2302053Z Source commit SHA: 17f84c3641ba7b8f6deff6309fc4c864478f5d62
2025-04-23T14:13:12.2302922Z ##[endgroup]
2025-04-23T14:13:12.5121886Z Complete job name: build-and-deploy
2025-04-23T14:13:12.5840326Z ##[group]Run actions/checkout@v3
2025-04-23T14:13:12.5841515Z with:
2025-04-23T14:13:12.5842164Z   repository: sai-pranay-teja/JobManagement
2025-04-23T14:13:12.5843065Z   token: ***
2025-04-23T14:13:12.5843634Z   ssh-strict: true
2025-04-23T14:13:12.5844244Z   persist-credentials: true
2025-04-23T14:13:12.5844886Z   clean: true
2025-04-23T14:13:12.5845479Z   sparse-checkout-cone-mode: true
2025-04-23T14:13:12.5846163Z   fetch-depth: 1
2025-04-23T14:13:12.5846746Z   fetch-tags: false
2025-04-23T14:13:12.5847326Z   lfs: false
2025-04-23T14:13:12.5847902Z   submodules: false
2025-04-23T14:13:12.5848514Z   set-safe-directory: true
2025-04-23T14:13:12.5849374Z env:
2025-04-23T14:13:12.5849948Z   REMOTE_HOST: 18.60.149.136
2025-04-23T14:13:12.5850583Z   REMOTE_USER: ubuntu
2025-04-23T14:13:12.5851218Z   REMOTE_BACKUP_DIR: /tmp/actions_bak
2025-04-23T14:13:12.5852049Z ##[endgroup]
2025-04-23T14:13:12.7369597Z Syncing repository: sai-pranay-teja/JobManagement
2025-04-23T14:13:12.7373080Z ##[group]Getting Git version info
2025-04-23T14:13:12.7374750Z Working directory is '/home/runner/work/JobManagement/JobManagement'
2025-04-23T14:13:12.7377125Z [command]/usr/bin/git version
2025-04-23T14:13:12.7407255Z git version 2.49.0
2025-04-23T14:13:12.7438892Z ##[endgroup]
2025-04-23T14:13:12.7456429Z Temporarily overriding HOME='/home/runner/work/_temp/7aa98f40-c24d-427f-937f-6482055db886' before making global git config changes
2025-04-23T14:13:12.7459248Z Adding repository directory to the temporary git global config as a safe directory
2025-04-23T14:13:12.7461969Z [command]/usr/bin/git config --global --add safe.directory /home/runner/work/JobManagement/JobManagement
2025-04-23T14:13:12.7498172Z Deleting the contents of '/home/runner/work/JobManagement/JobManagement'
2025-04-23T14:13:12.7502409Z ##[group]Initializing the repository
2025-04-23T14:13:12.7506593Z [command]/usr/bin/git init /home/runner/work/JobManagement/JobManagement
2025-04-23T14:13:12.7573767Z hint: Using 'master' as the name for the initial branch. This default branch name
2025-04-23T14:13:12.7575376Z hint: is subject to change. To configure the initial branch name to use in all
2025-04-23T14:13:12.7576652Z hint: of your new repositories, which will suppress this warning, call:
2025-04-23T14:13:12.7578202Z hint:
2025-04-23T14:13:12.7579645Z hint: 	git config --global init.defaultBranch <name>
2025-04-23T14:13:12.7581014Z hint:
2025-04-23T14:13:12.7582190Z hint: Names commonly chosen instead of 'master' are 'main', 'trunk' and
2025-04-23T14:13:12.7583355Z hint: 'development'. The just-created branch can be renamed via this command:
2025-04-23T14:13:12.7584282Z hint:
2025-04-23T14:13:12.7584910Z hint: 	git branch -m <name>
2025-04-23T14:13:12.7585911Z Initialized empty Git repository in /home/runner/work/JobManagement/JobManagement/.git/
2025-04-23T14:13:12.7591269Z [command]/usr/bin/git remote add origin https://github.com/sai-pranay-teja/JobManagement
2025-04-23T14:13:12.7625700Z ##[endgroup]
2025-04-23T14:13:12.7627391Z ##[group]Disabling automatic garbage collection
2025-04-23T14:13:12.7628901Z [command]/usr/bin/git config --local gc.auto 0
2025-04-23T14:13:12.7660612Z ##[endgroup]
2025-04-23T14:13:12.7662510Z ##[group]Setting up auth
2025-04-23T14:13:12.7667852Z [command]/usr/bin/git config --local --name-only --get-regexp core\.sshCommand
2025-04-23T14:13:12.7696633Z [command]/usr/bin/git submodule foreach --recursive sh -c "git config --local --name-only --get-regexp 'core\.sshCommand' && git config --local --unset-all 'core.sshCommand' || :"
2025-04-23T14:13:12.8007120Z [command]/usr/bin/git config --local --name-only --get-regexp http\.https\:\/\/github\.com\/\.extraheader
2025-04-23T14:13:12.8033557Z [command]/usr/bin/git submodule foreach --recursive sh -c "git config --local --name-only --get-regexp 'http\.https\:\/\/github\.com\/\.extraheader' && git config --local --unset-all 'http.https://github.com/.extraheader' || :"
2025-04-23T14:13:12.8247933Z [command]/usr/bin/git config --local http.https://github.com/.extraheader AUTHORIZATION: basic ***
2025-04-23T14:13:12.8305059Z ##[endgroup]
2025-04-23T14:13:12.8306842Z ##[group]Fetching the repository
2025-04-23T14:13:12.8315228Z [command]/usr/bin/git -c protocol.version=2 fetch --no-tags --prune --progress --no-recurse-submodules --depth=1 origin +dcfda55ab4395c3543c77808538956e1dd35b838:refs/remotes/origin/main
2025-04-23T14:13:13.0608205Z remote: Enumerating objects: 125, done.        
2025-04-23T14:13:13.0611605Z remote: Counting objects:   0% (1/125)        
2025-04-23T14:13:13.0613777Z remote: Counting objects:   1% (2/125)        
2025-04-23T14:13:13.0615306Z remote: Counting objects:   2% (3/125)        
2025-04-23T14:13:13.0616367Z remote: Counting objects:   3% (4/125)        
2025-04-23T14:13:13.0617406Z remote: Counting objects:   4% (5/125)        
2025-04-23T14:13:13.0618917Z remote: Counting objects:   5% (7/125)        
2025-04-23T14:13:13.0620329Z remote: Counting objects:   6% (8/125)        
2025-04-23T14:13:13.0621581Z remote: Counting objects:   7% (9/125)        
2025-04-23T14:13:13.0622522Z remote: Counting objects:   8% (10/125)        
2025-04-23T14:13:13.0623333Z remote: Counting objects:   9% (12/125)        
2025-04-23T14:13:13.0624130Z remote: Counting objects:  10% (13/125)        
2025-04-23T14:13:13.0624917Z remote: Counting objects:  11% (14/125)        
2025-04-23T14:13:13.0625697Z remote: Counting objects:  12% (15/125)        
2025-04-23T14:13:13.0626467Z remote: Counting objects:  13% (17/125)        
2025-04-23T14:13:13.0627228Z remote: Counting objects:  14% (18/125)        
2025-04-23T14:13:13.0627999Z remote: Counting objects:  15% (19/125)        
2025-04-23T14:13:13.0628771Z remote: Counting objects:  16% (20/125)        
2025-04-23T14:13:13.0629541Z remote: Counting objects:  17% (22/125)        
2025-04-23T14:13:13.0630306Z remote: Counting objects:  18% (23/125)        
2025-04-23T14:13:13.0631098Z remote: Counting objects:  19% (24/125)        
2025-04-23T14:13:13.0632247Z remote: Counting objects:  20% (25/125)        
2025-04-23T14:13:13.0633027Z remote: Counting objects:  21% (27/125)        
2025-04-23T14:13:13.0633806Z remote: Counting objects:  22% (28/125)        
2025-04-23T14:13:13.0634580Z remote: Counting objects:  23% (29/125)        
2025-04-23T14:13:13.0635341Z remote: Counting objects:  24% (30/125)        
2025-04-23T14:13:13.0636111Z remote: Counting objects:  25% (32/125)        
2025-04-23T14:13:13.0636882Z remote: Counting objects:  26% (33/125)        
2025-04-23T14:13:13.0637655Z remote: Counting objects:  27% (34/125)        
2025-04-23T14:13:13.0638438Z remote: Counting objects:  28% (35/125)        
2025-04-23T14:13:13.0639213Z remote: Counting objects:  29% (37/125)        
2025-04-23T14:13:13.0639976Z remote: Counting objects:  30% (38/125)        
2025-04-23T14:13:13.0640757Z remote: Counting objects:  31% (39/125)        
2025-04-23T14:13:13.0641633Z remote: Counting objects:  32% (40/125)        
2025-04-23T14:13:13.0642437Z remote: Counting objects:  33% (42/125)        
2025-04-23T14:13:13.0643232Z remote: Counting objects:  34% (43/125)        
2025-04-23T14:13:13.0644001Z remote: Counting objects:  35% (44/125)        
2025-04-23T14:13:13.0644771Z remote: Counting objects:  36% (45/125)        
2025-04-23T14:13:13.0645537Z remote: Counting objects:  37% (47/125)        
2025-04-23T14:13:13.0646295Z remote: Counting objects:  38% (48/125)        
2025-04-23T14:13:13.0647056Z remote: Counting objects:  39% (49/125)        
2025-04-23T14:13:13.0647822Z remote: Counting objects:  40% (50/125)        
2025-04-23T14:13:13.0648595Z remote: Counting objects:  41% (52/125)        
2025-04-23T14:13:13.0649359Z remote: Counting objects:  42% (53/125)        
2025-04-23T14:13:13.0650117Z remote: Counting objects:  43% (54/125)        
2025-04-23T14:13:13.0650886Z remote: Counting objects:  44% (55/125)        
2025-04-23T14:13:13.0651904Z remote: Counting objects:  45% (57/125)        
2025-04-23T14:13:13.0652676Z remote: Counting objects:  46% (58/125)        
2025-04-23T14:13:13.0653614Z remote: Counting objects:  47% (59/125)        
2025-04-23T14:13:13.0654402Z remote: Counting objects:  48% (60/125)        
2025-04-23T14:13:13.0655169Z remote: Counting objects:  49% (62/125)        
2025-04-23T14:13:13.0655945Z remote: Counting objects:  50% (63/125)        
2025-04-23T14:13:13.0656885Z remote: Counting objects:  51% (64/125)        
2025-04-23T14:13:13.0658004Z remote: Counting objects:  52% (65/125)        
2025-04-23T14:13:13.0659075Z remote: Counting objects:  53% (67/125)        
2025-04-23T14:13:13.0660030Z remote: Counting objects:  54% (68/125)        
2025-04-23T14:13:13.0661085Z remote: Counting objects:  55% (69/125)        
2025-04-23T14:13:13.0663061Z remote: Counting objects:  56% (70/125)        
2025-04-23T14:13:13.0664391Z remote: Counting objects:  57% (72/125)        
2025-04-23T14:13:13.0665750Z remote: Counting objects:  58% (73/125)        
2025-04-23T14:13:13.0666583Z remote: Counting objects:  59% (74/125)        
2025-04-23T14:13:13.0667697Z remote: Counting objects:  60% (75/125)        
2025-04-23T14:13:13.0668837Z remote: Counting objects:  61% (77/125)        
2025-04-23T14:13:13.0669650Z remote: Counting objects:  62% (78/125)        
2025-04-23T14:13:13.0670440Z remote: Counting objects:  63% (79/125)        
2025-04-23T14:13:13.0671238Z remote: Counting objects:  64% (80/125)        
2025-04-23T14:13:13.0672359Z remote: Counting objects:  65% (82/125)        
2025-04-23T14:13:13.0673685Z remote: Counting objects:  66% (83/125)        
2025-04-23T14:13:13.0675161Z remote: Counting objects:  67% (84/125)        
2025-04-23T14:13:13.0676052Z remote: Counting objects:  68% (85/125)        
2025-04-23T14:13:13.0676838Z remote: Counting objects:  69% (87/125)        
2025-04-23T14:13:13.0677761Z remote: Counting objects:  70% (88/125)        
2025-04-23T14:13:13.0679083Z remote: Counting objects:  71% (89/125)        
2025-04-23T14:13:13.0680006Z remote: Counting objects:  72% (90/125)        
2025-04-23T14:13:13.0680835Z remote: Counting objects:  73% (92/125)        
2025-04-23T14:13:13.0682219Z remote: Counting objects:  74% (93/125)        
2025-04-23T14:13:13.0683607Z remote: Counting objects:  75% (94/125)        
2025-04-23T14:13:13.0684666Z remote: Counting objects:  76% (95/125)        
2025-04-23T14:13:13.0685974Z remote: Counting objects:  77% (97/125)        
2025-04-23T14:13:13.0687111Z remote: Counting objects:  78% (98/125)        
2025-04-23T14:13:13.0688031Z remote: Counting objects:  79% (99/125)        
2025-04-23T14:13:13.0688811Z remote: Counting objects:  80% (100/125)        
2025-04-23T14:13:13.0689601Z remote: Counting objects:  81% (102/125)        
2025-04-23T14:13:13.0690377Z remote: Counting objects:  82% (103/125)        
2025-04-23T14:13:13.0691160Z remote: Counting objects:  83% (104/125)        
2025-04-23T14:13:13.0692101Z remote: Counting objects:  84% (105/125)        
2025-04-23T14:13:13.0692872Z remote: Counting objects:  85% (107/125)        
2025-04-23T14:13:13.0693658Z remote: Counting objects:  86% (108/125)        
2025-04-23T14:13:13.0694455Z remote: Counting objects:  87% (109/125)        
2025-04-23T14:13:13.0695240Z remote: Counting objects:  88% (110/125)        
2025-04-23T14:13:13.0696011Z remote: Counting objects:  89% (112/125)        
2025-04-23T14:13:13.0696780Z remote: Counting objects:  90% (113/125)        
2025-04-23T14:13:13.0697547Z remote: Counting objects:  91% (114/125)        
2025-04-23T14:13:13.0698315Z remote: Counting objects:  92% (115/125)        
2025-04-23T14:13:13.0699074Z remote: Counting objects:  93% (117/125)        
2025-04-23T14:13:13.0699833Z remote: Counting objects:  94% (118/125)        
2025-04-23T14:13:13.0700600Z remote: Counting objects:  95% (119/125)        
2025-04-23T14:13:13.0701462Z remote: Counting objects:  96% (120/125)        
2025-04-23T14:13:13.0702237Z remote: Counting objects:  97% (122/125)        
2025-04-23T14:13:13.0703007Z remote: Counting objects:  98% (123/125)        
2025-04-23T14:13:13.0703769Z remote: Counting objects:  99% (124/125)        
2025-04-23T14:13:13.0704826Z remote: Counting objects: 100% (125/125)        
2025-04-23T14:13:13.0705671Z remote: Counting objects: 100% (125/125), done.        
2025-04-23T14:13:13.0706507Z remote: Compressing objects:   1% (1/75)        
2025-04-23T14:13:13.0707457Z remote: Compressing objects:   2% (2/75)        
2025-04-23T14:13:13.0708871Z remote: Compressing objects:   4% (3/75)        
2025-04-23T14:13:13.0710316Z remote: Compressing objects:   5% (4/75)        
2025-04-23T14:13:13.0711778Z remote: Compressing objects:   6% (5/75)        
2025-04-23T14:13:13.0713284Z remote: Compressing objects:   8% (6/75)        
2025-04-23T14:13:13.0714162Z remote: Compressing objects:   9% (7/75)        
2025-04-23T14:13:13.0714975Z remote: Compressing objects:  10% (8/75)        
2025-04-23T14:13:13.0716063Z remote: Compressing objects:  12% (9/75)        
2025-04-23T14:13:13.0717556Z remote: Compressing objects:  13% (10/75)        
2025-04-23T14:13:13.0718919Z remote: Compressing objects:  14% (11/75)        
2025-04-23T14:13:13.0720256Z remote: Compressing objects:  16% (12/75)        
2025-04-23T14:13:13.0721741Z remote: Compressing objects:  17% (13/75)        
2025-04-23T14:13:13.0723157Z remote: Compressing objects:  18% (14/75)        
2025-04-23T14:13:13.0724488Z remote: Compressing objects:  20% (15/75)        
2025-04-23T14:13:13.0725822Z remote: Compressing objects:  21% (16/75)        
2025-04-23T14:13:13.0727139Z remote: Compressing objects:  22% (17/75)        
2025-04-23T14:13:13.0728461Z remote: Compressing objects:  24% (18/75)        
2025-04-23T14:13:13.0729760Z remote: Compressing objects:  25% (19/75)        
2025-04-23T14:13:13.0731089Z remote: Compressing objects:  26% (20/75)        
2025-04-23T14:13:13.0732573Z remote: Compressing objects:  28% (21/75)        
2025-04-23T14:13:13.0733874Z remote: Compressing objects:  29% (22/75)        
2025-04-23T14:13:13.0735165Z remote: Compressing objects:  30% (23/75)        
2025-04-23T14:13:13.0736455Z remote: Compressing objects:  32% (24/75)        
2025-04-23T14:13:13.0737860Z remote: Compressing objects:  33% (25/75)        
2025-04-23T14:13:13.0738651Z remote: Compressing objects:  34% (26/75)        
2025-04-23T14:13:13.0739435Z remote: Compressing objects:  36% (27/75)        
2025-04-23T14:13:13.0740224Z remote: Compressing objects:  37% (28/75)        
2025-04-23T14:13:13.0741002Z remote: Compressing objects:  38% (29/75)        
2025-04-23T14:13:13.0742284Z remote: Compressing objects:  40% (30/75)        
2025-04-23T14:13:13.0743329Z remote: Compressing objects:  41% (31/75)        
2025-04-23T14:13:13.0744136Z remote: Compressing objects:  42% (32/75)        
2025-04-23T14:13:13.0744916Z remote: Compressing objects:  44% (33/75)        
2025-04-23T14:13:13.0745708Z remote: Compressing objects:  45% (34/75)        
2025-04-23T14:13:13.0746542Z remote: Compressing objects:  46% (35/75)        
2025-04-23T14:13:13.0747309Z remote: Compressing objects:  48% (36/75)        
2025-04-23T14:13:13.0748144Z remote: Compressing objects:  49% (37/75)        
2025-04-23T14:13:13.0749242Z remote: Compressing objects:  50% (38/75)        
2025-04-23T14:13:13.0750396Z remote: Compressing objects:  52% (39/75)        
2025-04-23T14:13:13.0751564Z remote: Compressing objects:  53% (40/75)        
2025-04-23T14:13:13.0752413Z remote: Compressing objects:  54% (41/75)        
2025-04-23T14:13:13.0753517Z remote: Compressing objects:  56% (42/75)        
2025-04-23T14:13:13.0754329Z remote: Compressing objects:  57% (43/75)        
2025-04-23T14:13:13.0755121Z remote: Compressing objects:  58% (44/75)        
2025-04-23T14:13:13.0755909Z remote: Compressing objects:  60% (45/75)        
2025-04-23T14:13:13.0756896Z remote: Compressing objects:  61% (46/75)        
2025-04-23T14:13:13.0757887Z remote: Compressing objects:  62% (47/75)        
2025-04-23T14:13:13.0758679Z remote: Compressing objects:  64% (48/75)        
2025-04-23T14:13:13.0759465Z remote: Compressing objects:  65% (49/75)        
2025-04-23T14:13:13.0760247Z remote: Compressing objects:  66% (50/75)        
2025-04-23T14:13:13.0761204Z remote: Compressing objects:  68% (51/75)        
2025-04-23T14:13:13.0762222Z remote: Compressing objects:  69% (52/75)        
2025-04-23T14:13:13.0763006Z remote: Compressing objects:  70% (53/75)        
2025-04-23T14:13:13.0763981Z remote: Compressing objects:  72% (54/75)        
2025-04-23T14:13:13.0764971Z remote: Compressing objects:  73% (55/75)        
2025-04-23T14:13:13.0765781Z remote: Compressing objects:  74% (56/75)        
2025-04-23T14:13:13.0766829Z remote: Compressing objects:  76% (57/75)        
2025-04-23T14:13:13.0767787Z remote: Compressing objects:  77% (58/75)        
2025-04-23T14:13:13.0768594Z remote: Compressing objects:  78% (59/75)        
2025-04-23T14:13:13.0769393Z remote: Compressing objects:  80% (60/75)        
2025-04-23T14:13:13.0770494Z remote: Compressing objects:  81% (61/75)        
2025-04-23T14:13:13.0772018Z remote: Compressing objects:  82% (62/75)        
2025-04-23T14:13:13.0773489Z remote: Compressing objects:  84% (63/75)        
2025-04-23T14:13:13.0774796Z remote: Compressing objects:  85% (64/75)        
2025-04-23T14:13:13.0776182Z remote: Compressing objects:  86% (65/75)        
2025-04-23T14:13:13.0777590Z remote: Compressing objects:  88% (66/75)        
2025-04-23T14:13:13.0779012Z remote: Compressing objects:  89% (67/75)        
2025-04-23T14:13:13.0780120Z remote: Compressing objects:  90% (68/75)        
2025-04-23T14:13:13.0780967Z remote: Compressing objects:  92% (69/75)        
2025-04-23T14:13:13.0782063Z remote: Compressing objects:  93% (70/75)        
2025-04-23T14:13:13.0783139Z remote: Compressing objects:  94% (71/75)        
2025-04-23T14:13:13.0784471Z remote: Compressing objects:  96% (72/75)        
2025-04-23T14:13:13.0785983Z remote: Compressing objects:  97% (73/75)        
2025-04-23T14:13:13.0787340Z remote: Compressing objects:  98% (74/75)        
2025-04-23T14:13:13.0788774Z remote: Compressing objects: 100% (75/75)        
2025-04-23T14:13:13.0789744Z remote: Compressing objects: 100% (75/75), done.        
2025-04-23T14:13:13.0791177Z Receiving objects:   0% (1/125)
2025-04-23T14:13:13.0792115Z Receiving objects:   1% (2/125)
2025-04-23T14:13:13.0793059Z Receiving objects:   2% (3/125)
2025-04-23T14:13:13.0794283Z Receiving objects:   3% (4/125)
2025-04-23T14:13:13.0795474Z Receiving objects:   4% (5/125)
2025-04-23T14:13:13.0796310Z Receiving objects:   5% (7/125)
2025-04-23T14:13:13.0796965Z Receiving objects:   6% (8/125)
2025-04-23T14:13:13.0797616Z Receiving objects:   7% (9/125)
2025-04-23T14:13:13.0798264Z Receiving objects:   8% (10/125)
2025-04-23T14:13:13.0798930Z Receiving objects:   9% (12/125)
2025-04-23T14:13:13.0799601Z Receiving objects:  10% (13/125)
2025-04-23T14:13:13.0800258Z Receiving objects:  11% (14/125)
2025-04-23T14:13:13.0800931Z Receiving objects:  12% (15/125)
2025-04-23T14:13:13.0801767Z Receiving objects:  13% (17/125)
2025-04-23T14:13:13.0802840Z Receiving objects:  14% (18/125)
2025-04-23T14:13:13.0804054Z Receiving objects:  15% (19/125)
2025-04-23T14:13:13.0804814Z Receiving objects:  16% (20/125)
2025-04-23T14:13:13.0805594Z Receiving objects:  17% (22/125)
2025-04-23T14:13:13.0806642Z Receiving objects:  18% (23/125)
2025-04-23T14:13:13.0807341Z Receiving objects:  19% (24/125)
2025-04-23T14:13:13.0808312Z Receiving objects:  20% (25/125)
2025-04-23T14:13:13.0809510Z Receiving objects:  21% (27/125)
2025-04-23T14:13:13.0810432Z Receiving objects:  22% (28/125)
2025-04-23T14:13:13.0811117Z Receiving objects:  23% (29/125)
2025-04-23T14:13:13.0811939Z Receiving objects:  24% (30/125)
2025-04-23T14:13:13.0812607Z Receiving objects:  25% (32/125)
2025-04-23T14:13:13.0813336Z Receiving objects:  26% (33/125)
2025-04-23T14:13:13.0814098Z Receiving objects:  27% (34/125)
2025-04-23T14:13:13.0887575Z Receiving objects:  28% (35/125)
2025-04-23T14:13:13.0888377Z Receiving objects:  29% (37/125)
2025-04-23T14:13:13.0889133Z Receiving objects:  30% (38/125)
2025-04-23T14:13:13.0889864Z Receiving objects:  31% (39/125)
2025-04-23T14:13:13.0890672Z Receiving objects:  32% (40/125)
2025-04-23T14:13:13.0891734Z Receiving objects:  33% (42/125)
2025-04-23T14:13:13.0892572Z Receiving objects:  34% (43/125)
2025-04-23T14:13:13.0893321Z Receiving objects:  35% (44/125)
2025-04-23T14:13:13.0894078Z Receiving objects:  36% (45/125)
2025-04-23T14:13:13.0894844Z Receiving objects:  37% (47/125)
2025-04-23T14:13:13.0895770Z Receiving objects:  38% (48/125)
2025-04-23T14:13:13.0896479Z Receiving objects:  39% (49/125)
2025-04-23T14:13:13.0897163Z Receiving objects:  40% (50/125)
2025-04-23T14:13:13.0897850Z Receiving objects:  41% (52/125)
2025-04-23T14:13:13.0900434Z Receiving objects:  42% (53/125)
2025-04-23T14:13:13.0901943Z Receiving objects:  43% (54/125)
2025-04-23T14:13:13.0902709Z Receiving objects:  44% (55/125)
2025-04-23T14:13:13.0903411Z Receiving objects:  45% (57/125)
2025-04-23T14:13:13.0904103Z Receiving objects:  46% (58/125)
2025-04-23T14:13:13.0904806Z Receiving objects:  47% (59/125)
2025-04-23T14:13:13.0992655Z Receiving objects:  48% (60/125)
2025-04-23T14:13:13.1066607Z Receiving objects:  49% (62/125)
2025-04-23T14:13:13.1591173Z Receiving objects:  50% (63/125)
2025-04-23T14:13:13.1597012Z Receiving objects:  51% (64/125)
2025-04-23T14:13:13.2222641Z Receiving objects:  52% (65/125)
2025-04-23T14:13:13.2224562Z Receiving objects:  53% (67/125)
2025-04-23T14:13:13.2226445Z Receiving objects:  54% (68/125)
2025-04-23T14:13:13.2228236Z Receiving objects:  55% (69/125)
2025-04-23T14:13:13.2230142Z Receiving objects:  56% (70/125)
2025-04-23T14:13:13.2232365Z Receiving objects:  57% (72/125)
2025-04-23T14:13:13.2234299Z Receiving objects:  58% (73/125)
2025-04-23T14:13:13.2236367Z Receiving objects:  59% (74/125)
2025-04-23T14:13:13.2238346Z Receiving objects:  60% (75/125)
2025-04-23T14:13:13.2240283Z Receiving objects:  61% (77/125)
2025-04-23T14:13:13.2242369Z Receiving objects:  62% (78/125)
2025-04-23T14:13:13.2244347Z Receiving objects:  63% (79/125)
2025-04-23T14:13:13.2246920Z Receiving objects:  64% (80/125)
2025-04-23T14:13:13.2249763Z Receiving objects:  65% (82/125)
2025-04-23T14:13:13.2252948Z Receiving objects:  66% (83/125)
2025-04-23T14:13:13.2255670Z Receiving objects:  67% (84/125)
2025-04-23T14:13:13.2258238Z Receiving objects:  68% (85/125)
2025-04-23T14:13:13.2260780Z Receiving objects:  69% (87/125)
2025-04-23T14:13:13.2263505Z Receiving objects:  70% (88/125)
2025-04-23T14:13:13.2266081Z Receiving objects:  71% (89/125)
2025-04-23T14:13:13.2268648Z Receiving objects:  72% (90/125)
2025-04-23T14:13:13.2271299Z Receiving objects:  73% (92/125)
2025-04-23T14:13:13.2274073Z Receiving objects:  74% (93/125)
2025-04-23T14:13:13.2276686Z Receiving objects:  75% (94/125)
2025-04-23T14:13:13.2279311Z Receiving objects:  76% (95/125)
2025-04-23T14:13:13.2282624Z Receiving objects:  77% (97/125)
2025-04-23T14:13:13.2285166Z Receiving objects:  78% (98/125)
2025-04-23T14:13:13.2287662Z Receiving objects:  79% (99/125)
2025-04-23T14:13:13.2290107Z Receiving objects:  80% (100/125)
2025-04-23T14:13:13.2293234Z remote: Total 125 (delta 54), reused 92 (delta 45), pack-reused 0 (from 0)        
2025-04-23T14:13:13.2296316Z Receiving objects:  81% (102/125)
2025-04-23T14:13:13.2298768Z Receiving objects:  82% (103/125)
2025-04-23T14:13:13.2301151Z Receiving objects:  83% (104/125)
2025-04-23T14:13:13.2303739Z Receiving objects:  84% (105/125)
2025-04-23T14:13:13.2306272Z Receiving objects:  85% (107/125)
2025-04-23T14:13:13.2308650Z Receiving objects:  86% (108/125)
2025-04-23T14:13:13.2311070Z Receiving objects:  87% (109/125)
2025-04-23T14:13:13.2313669Z Receiving objects:  88% (110/125)
2025-04-23T14:13:13.2316161Z Receiving objects:  89% (112/125)
2025-04-23T14:13:13.2318635Z Receiving objects:  90% (113/125)
2025-04-23T14:13:13.2321105Z Receiving objects:  91% (114/125)
2025-04-23T14:13:13.2323819Z Receiving objects:  92% (115/125)
2025-04-23T14:13:13.2326262Z Receiving objects:  93% (117/125)
2025-04-23T14:13:13.2328648Z Receiving objects:  94% (118/125)
2025-04-23T14:13:13.2331195Z Receiving objects:  95% (119/125)
2025-04-23T14:13:13.2333872Z Receiving objects:  96% (120/125)
2025-04-23T14:13:13.2336801Z Receiving objects:  97% (122/125)
2025-04-23T14:13:13.2339337Z Receiving objects:  98% (123/125)
2025-04-23T14:13:13.2342043Z Receiving objects:  99% (124/125)
2025-04-23T14:13:13.2344633Z Receiving objects: 100% (125/125)
2025-04-23T14:13:13.2347565Z Receiving objects: 100% (125/125), 8.82 MiB | 58.67 MiB/s, done.
2025-04-23T14:13:13.2350258Z Resolving deltas:   0% (0/54)
2025-04-23T14:13:13.2352076Z Resolving deltas:   1% (1/54)
2025-04-23T14:13:13.2354386Z Resolving deltas:   3% (2/54)
2025-04-23T14:13:13.2356696Z Resolving deltas:   5% (3/54)
2025-04-23T14:13:13.2358968Z Resolving deltas:   7% (4/54)
2025-04-23T14:13:13.2361109Z Resolving deltas:   9% (5/54)
2025-04-23T14:13:13.2362798Z Resolving deltas:  11% (6/54)
2025-04-23T14:13:13.2364265Z Resolving deltas:  12% (7/54)
2025-04-23T14:13:13.2365715Z Resolving deltas:  14% (8/54)
2025-04-23T14:13:13.2367179Z Resolving deltas:  16% (9/54)
2025-04-23T14:13:13.2368620Z Resolving deltas:  18% (10/54)
2025-04-23T14:13:13.2370075Z Resolving deltas:  20% (11/54)
2025-04-23T14:13:13.2371724Z Resolving deltas:  22% (12/54)
2025-04-23T14:13:13.2373205Z Resolving deltas:  24% (13/54)
2025-04-23T14:13:13.2374656Z Resolving deltas:  25% (14/54)
2025-04-23T14:13:13.2376301Z Resolving deltas:  27% (15/54)
2025-04-23T14:13:13.2378041Z Resolving deltas:  29% (16/54)
2025-04-23T14:13:13.2380306Z Resolving deltas:  31% (17/54)
2025-04-23T14:13:13.2382063Z Resolving deltas:  35% (19/54)
2025-04-23T14:13:13.2383849Z Resolving deltas:  37% (20/54)
2025-04-23T14:13:13.2385437Z Resolving deltas:  38% (21/54)
2025-04-23T14:13:13.2386921Z Resolving deltas:  40% (22/54)
2025-04-23T14:13:13.2388392Z Resolving deltas:  42% (23/54)
2025-04-23T14:13:13.2389983Z Resolving deltas:  44% (24/54)
2025-04-23T14:13:13.2391693Z Resolving deltas:  46% (25/54)
2025-04-23T14:13:13.2393209Z Resolving deltas:  48% (26/54)
2025-04-23T14:13:13.2394740Z Resolving deltas:  50% (27/54)
2025-04-23T14:13:13.2396242Z Resolving deltas:  51% (28/54)
2025-04-23T14:13:13.2398082Z Resolving deltas:  53% (29/54)
2025-04-23T14:13:13.2399587Z Resolving deltas:  55% (30/54)
2025-04-23T14:13:13.2401067Z Resolving deltas:  57% (31/54)
2025-04-23T14:13:13.2402839Z Resolving deltas:  61% (33/54)
2025-04-23T14:13:13.2404306Z Resolving deltas:  62% (34/54)
2025-04-23T14:13:13.2405773Z Resolving deltas:  64% (35/54)
2025-04-23T14:13:13.2407243Z Resolving deltas:  66% (36/54)
2025-04-23T14:13:13.2408700Z Resolving deltas:  68% (37/54)
2025-04-23T14:13:13.2410153Z Resolving deltas:  70% (38/54)
2025-04-23T14:13:13.2411800Z Resolving deltas:  72% (39/54)
2025-04-23T14:13:13.2413254Z Resolving deltas:  74% (40/54)
2025-04-23T14:13:13.2414713Z Resolving deltas:  75% (41/54)
2025-04-23T14:13:13.2416163Z Resolving deltas:  77% (42/54)
2025-04-23T14:13:13.2417626Z Resolving deltas:  79% (43/54)
2025-04-23T14:13:13.2419076Z Resolving deltas:  81% (44/54)
2025-04-23T14:13:13.2420528Z Resolving deltas:  83% (45/54)
2025-04-23T14:13:13.2422143Z Resolving deltas:  85% (46/54)
2025-04-23T14:13:13.2423624Z Resolving deltas:  87% (47/54)
2025-04-23T14:13:13.2425084Z Resolving deltas:  88% (48/54)
2025-04-23T14:13:13.2426546Z Resolving deltas:  90% (49/54)
2025-04-23T14:13:13.2427988Z Resolving deltas:  92% (50/54)
2025-04-23T14:13:13.2448970Z Resolving deltas:  94% (51/54)
2025-04-23T14:13:13.2451190Z Resolving deltas:  96% (52/54)
2025-04-23T14:13:13.2453774Z Resolving deltas:  98% (53/54)
2025-04-23T14:13:13.2456214Z Resolving deltas: 100% (54/54)
2025-04-23T14:13:13.2458602Z Resolving deltas: 100% (54/54), done.
2025-04-23T14:13:13.2537216Z From https://github.com/sai-pranay-teja/JobManagement
2025-04-23T14:13:13.2540109Z  * [new ref]         dcfda55ab4395c3543c77808538956e1dd35b838 -> origin/main
2025-04-23T14:13:13.2569515Z ##[endgroup]
2025-04-23T14:13:13.2573117Z ##[group]Determining the checkout info
2025-04-23T14:13:13.2576911Z ##[endgroup]
2025-04-23T14:13:13.2580114Z ##[group]Checking out the ref
2025-04-23T14:13:13.2582747Z [command]/usr/bin/git checkout --progress --force -B main refs/remotes/origin/main
2025-04-23T14:13:13.3115125Z Switched to a new branch 'main'
2025-04-23T14:13:13.3117913Z branch 'main' set up to track 'origin/main'.
2025-04-23T14:13:13.3132882Z ##[endgroup]
2025-04-23T14:13:13.3168104Z [command]/usr/bin/git log -1 --format='%H'
2025-04-23T14:13:13.3189576Z 'dcfda55ab4395c3543c77808538956e1dd35b838'
2025-04-23T14:13:13.3523992Z ##[group]Run actions/setup-java@v3
2025-04-23T14:13:13.3525442Z with:
2025-04-23T14:13:13.3526560Z   java-version: 17
2025-04-23T14:13:13.3527770Z   distribution: corretto
2025-04-23T14:13:13.3529043Z   java-package: jdk
2025-04-23T14:13:13.3530273Z   check-latest: false
2025-04-23T14:13:13.3531810Z   server-id: github
2025-04-23T14:13:13.3533075Z   server-username: GITHUB_ACTOR
2025-04-23T14:13:13.3534446Z   server-password: GITHUB_TOKEN
2025-04-23T14:13:13.3535802Z   overwrite-settings: true
2025-04-23T14:13:13.3537108Z   job-status: success
2025-04-23T14:13:13.3538599Z   token: ***
2025-04-23T14:13:13.3539762Z env:
2025-04-23T14:13:13.3540893Z   REMOTE_HOST: 18.60.149.136
2025-04-23T14:13:13.3542460Z   REMOTE_USER: ubuntu
2025-04-23T14:13:13.3543754Z   REMOTE_BACKUP_DIR: /tmp/actions_bak
2025-04-23T14:13:13.3545167Z ##[endgroup]
2025-04-23T14:13:13.5609919Z ##[group]Installed distributions
2025-04-23T14:13:13.5634504Z Trying to resolve the latest version from remote
2025-04-23T14:13:13.6187799Z Resolved latest version as 17.0.15+6.1
2025-04-23T14:13:13.6188531Z Trying to download...
2025-04-23T14:13:13.6189756Z Downloading Java 17.0.15+6.1 (Corretto) from https://corretto.aws/downloads/resources/17.0.15.6.1/amazon-corretto-17.0.15.6.1-linux-x64.tar.gz ...
2025-04-23T14:13:14.4503492Z Extracting Java archive...
2025-04-23T14:13:14.4613908Z [command]/usr/bin/tar xz --warning=no-unknown-keyword -C /home/runner/work/_temp/f8adb9f5-f853-4841-8833-45ad86350a92 -f /home/runner/work/_temp/ffb3eef9-4d02-401c-83b0-3735512953cf
2025-04-23T14:13:17.0165167Z Java 17.0.15+6.1 was downloaded
2025-04-23T14:13:17.0165853Z Setting Java 17.0.15+6.1 as the default
2025-04-23T14:13:17.0179365Z Creating toolchains.xml for JDK version 17 from corretto
2025-04-23T14:13:17.0254776Z Writing to /home/runner/.m2/toolchains.xml
2025-04-23T14:13:17.0255298Z 
2025-04-23T14:13:17.0255502Z Java configuration:
2025-04-23T14:13:17.0255978Z   Distribution: corretto
2025-04-23T14:13:17.0256339Z   Version: 17.0.15+6.1
2025-04-23T14:13:17.0256836Z   Path: /opt/hostedtoolcache/Java_Corretto_jdk/17.0.15-6.1/x64
2025-04-23T14:13:17.0257602Z 
2025-04-23T14:13:17.0258472Z ##[endgroup]
2025-04-23T14:13:17.0276135Z Creating settings.xml with server-id: github
2025-04-23T14:13:17.0280769Z Writing to /home/runner/.m2/settings.xml
2025-04-23T14:13:17.0424290Z ##[group]Run echo "$SSH_KEY_SECRET" > key.pem
2025-04-23T14:13:17.0424820Z [36;1mecho "$SSH_KEY_SECRET" > key.pem[0m
2025-04-23T14:13:17.0425205Z [36;1msed -i 's/\\n/\n/g' key.pem[0m
2025-04-23T14:13:17.0425867Z [36;1mgrep -q "BEGIN RSA PRIVATE KEY" key.pem || sed -i '1i***' key.pem[0m
2025-04-23T14:13:17.0426480Z [36;1mgrep -q "END RSA PRIVATE KEY" key.pem || echo "***" >> key.pem[0m
2025-04-23T14:13:17.0426922Z [36;1mchmod 400 key.pem[0m
2025-04-23T14:13:17.0463498Z shell: /usr/bin/bash -e {0}
2025-04-23T14:13:17.0463824Z env:
2025-04-23T14:13:17.0464090Z   REMOTE_HOST: 18.60.149.136
2025-04-23T14:13:17.0464406Z   REMOTE_USER: ubuntu
2025-04-23T14:13:17.0464698Z   REMOTE_BACKUP_DIR: /tmp/actions_bak
2025-04-23T14:13:17.0465121Z   JAVA_HOME: /opt/hostedtoolcache/Java_Corretto_jdk/17.0.15-6.1/x64
2025-04-23T14:13:17.0465658Z   JAVA_HOME_17_X64: /opt/hostedtoolcache/Java_Corretto_jdk/17.0.15-6.1/x64
2025-04-23T14:13:17.0473099Z   SSH_KEY_SECRET: ***
2025-04-23T14:13:17.0473427Z ##[endgroup]
2025-04-23T14:13:17.1262689Z ##[group]Run echo "PIPELINE_START_TIME=$(date +%s)" >> $GITHUB_ENV
2025-04-23T14:13:17.1263234Z [36;1mecho "PIPELINE_START_TIME=$(date +%s)" >> $GITHUB_ENV[0m
2025-04-23T14:13:17.1292503Z shell: /usr/bin/bash -e {0}
2025-04-23T14:13:17.1292802Z env:
2025-04-23T14:13:17.1293054Z   REMOTE_HOST: 18.60.149.136
2025-04-23T14:13:17.1293359Z   REMOTE_USER: ubuntu
2025-04-23T14:13:17.1293647Z   REMOTE_BACKUP_DIR: /tmp/actions_bak
2025-04-23T14:13:17.1294068Z   JAVA_HOME: /opt/hostedtoolcache/Java_Corretto_jdk/17.0.15-6.1/x64
2025-04-23T14:13:17.1294581Z   JAVA_HOME_17_X64: /opt/hostedtoolcache/Java_Corretto_jdk/17.0.15-6.1/x64
2025-04-23T14:13:17.1294987Z ##[endgroup]
2025-04-23T14:13:17.1385978Z ##[group]Run mkdir -p build/WEB-INF/classes
2025-04-23T14:13:17.1386422Z [36;1mmkdir -p build/WEB-INF/classes[0m
2025-04-23T14:13:17.1386962Z [36;1m# Compile Java sources; redirect errors to compile_error.log and exit if compilation fails.[0m
2025-04-23T14:13:17.1387828Z [36;1m# javac -cp "src/main/webapp/WEB-INF/lib/*" -d build/WEB-INF/classes $(find src -name "*.java") 2> compile_error.log || { echo "Build failed!"; exit 1; }[0m
2025-04-23T14:13:17.1388764Z [36;1mjavac -cp "src/main/webapp/WEB-INF/lib/*" -d build/WEB-INF/classes $(find src -name "*.java") 2> compile_error.log[0m
2025-04-23T14:13:17.1389346Z [36;1m[0m
2025-04-23T14:13:17.1389672Z [36;1mcp -R src/main/resources/* build/WEB-INF/classes/[0m
2025-04-23T14:13:17.1390070Z [36;1mcp -R src/main/webapp/* build/[0m
2025-04-23T14:13:17.1390484Z [36;1mjar -cvf JobManagement_ACTIONS.war -C build .[0m
2025-04-23T14:13:17.1418575Z shell: /usr/bin/bash -e {0}
2025-04-23T14:13:17.1418887Z env:
2025-04-23T14:13:17.1419162Z   REMOTE_HOST: 18.60.149.136
2025-04-23T14:13:17.1419457Z   REMOTE_USER: ubuntu
2025-04-23T14:13:17.1419744Z   REMOTE_BACKUP_DIR: /tmp/actions_bak
2025-04-23T14:13:17.1420158Z   JAVA_HOME: /opt/hostedtoolcache/Java_Corretto_jdk/17.0.15-6.1/x64
2025-04-23T14:13:17.1420666Z   JAVA_HOME_17_X64: /opt/hostedtoolcache/Java_Corretto_jdk/17.0.15-6.1/x64
2025-04-23T14:13:17.1421083Z   PIPELINE_START_TIME: 1745417597
2025-04-23T14:13:17.1421568Z ##[endgroup]
2025-04-23T14:13:17.6052567Z ##[error]Process completed with exit code 1.
2025-04-23T14:13:17.6128183Z ##[group]Run ssh -o StrictHostKeyChecking=no -i key.pem $REMOTE_USER@$REMOTE_HOST "timeout 60 bash -c 'until grep -q \"Deployment of web application archive\" <(tail -n 50 /opt/tomcat10/logs/catalina.out); do sleep 5; done'"
2025-04-23T14:13:17.6129816Z [36;1mssh -o StrictHostKeyChecking=no -i key.pem $REMOTE_USER@$REMOTE_HOST "timeout 60 bash -c 'until grep -q \"Deployment of web application archive\" <(tail -n 50 /opt/tomcat10/logs/catalina.out); do sleep 5; done'"[0m
2025-04-23T14:13:17.6161760Z shell: /usr/bin/bash -e {0}
2025-04-23T14:13:17.6162068Z env:
2025-04-23T14:13:17.6162327Z   REMOTE_HOST: 18.60.149.136
2025-04-23T14:13:17.6162625Z   REMOTE_USER: ubuntu
2025-04-23T14:13:17.6162917Z   REMOTE_BACKUP_DIR: /tmp/actions_bak
2025-04-23T14:13:17.6163346Z   JAVA_HOME: /opt/hostedtoolcache/Java_Corretto_jdk/17.0.15-6.1/x64
2025-04-23T14:13:17.6163870Z   JAVA_HOME_17_X64: /opt/hostedtoolcache/Java_Corretto_jdk/17.0.15-6.1/x64
2025-04-23T14:13:17.6164320Z   PIPELINE_START_TIME: 1745417597
2025-04-23T14:13:17.6164634Z ##[endgroup]
2025-04-23T14:13:18.6109908Z Warning: Permanently added '18.60.149.136' (ED25519) to the list of known hosts.
2025-04-23T14:13:20.4011255Z ##[group]Run echo "DEPLOY_END_TIME=$(date +%s)" >> $GITHUB_ENV
2025-04-23T14:13:20.4012013Z [36;1mecho "DEPLOY_END_TIME=$(date +%s)" >> $GITHUB_ENV[0m
2025-04-23T14:13:20.4042836Z shell: /usr/bin/bash -e {0}
2025-04-23T14:13:20.4043136Z env:
2025-04-23T14:13:20.4043383Z   REMOTE_HOST: 18.60.149.136
2025-04-23T14:13:20.4043669Z   REMOTE_USER: ubuntu
2025-04-23T14:13:20.4043953Z   REMOTE_BACKUP_DIR: /tmp/actions_bak
2025-04-23T14:13:20.4044358Z   JAVA_HOME: /opt/hostedtoolcache/Java_Corretto_jdk/17.0.15-6.1/x64
2025-04-23T14:13:20.4044860Z   JAVA_HOME_17_X64: /opt/hostedtoolcache/Java_Corretto_jdk/17.0.15-6.1/x64
2025-04-23T14:13:20.4045272Z   PIPELINE_START_TIME: 1745417597
2025-04-23T14:13:20.4045568Z ##[endgroup]
2025-04-23T14:13:20.4131665Z ##[group]Run ssh -o StrictHostKeyChecking=no -i key.pem $REMOTE_USER@$REMOTE_HOST "vmstat -s | awk '{printf \"%.2f MB - %s\n\", \$1/1024, substr(\$0, index(\$0,\$2))}'" > resource_usage_after.log
2025-04-23T14:13:20.4132858Z [36;1mssh -o StrictHostKeyChecking=no -i key.pem $REMOTE_USER@$REMOTE_HOST "vmstat -s | awk '{printf \"%.2f MB - %s\n\", \$1/1024, substr(\$0, index(\$0,\$2))}'" > resource_usage_after.log[0m
2025-04-23T14:13:20.4133784Z [36;1mssh -o StrictHostKeyChecking=no -i key.pem $REMOTE_USER@$REMOTE_HOST "free -h" > mem_after.log[0m
2025-04-23T14:13:20.4161093Z shell: /usr/bin/bash -e {0}
2025-04-23T14:13:20.4161555Z env:
2025-04-23T14:13:20.4161802Z   REMOTE_HOST: 18.60.149.136
2025-04-23T14:13:20.4162086Z   REMOTE_USER: ubuntu
2025-04-23T14:13:20.4162375Z   REMOTE_BACKUP_DIR: /tmp/actions_bak
2025-04-23T14:13:20.4162789Z   JAVA_HOME: /opt/hostedtoolcache/Java_Corretto_jdk/17.0.15-6.1/x64
2025-04-23T14:13:20.4163335Z   JAVA_HOME_17_X64: /opt/hostedtoolcache/Java_Corretto_jdk/17.0.15-6.1/x64
2025-04-23T14:13:20.4163766Z   PIPELINE_START_TIME: 1745417597
2025-04-23T14:13:20.4164079Z   DEPLOY_END_TIME: 1745417600
2025-04-23T14:13:20.4164364Z ##[endgroup]
2025-04-23T14:13:25.5581929Z ##[group]Run source $GITHUB_ENV
2025-04-23T14:13:25.5582637Z [36;1msource $GITHUB_ENV[0m
2025-04-23T14:13:25.5583327Z [36;1mDEPLOY_DURATION=$(($DEPLOY_END_TIME - $DEPLOY_START_TIME))[0m
2025-04-23T14:13:25.5584083Z [36;1mPIPELINE_END_TIME=$(date +%s)[0m
2025-04-23T14:13:25.5584873Z [36;1mTOTAL_PIPELINE_TIME=$(($PIPELINE_END_TIME - $PIPELINE_START_TIME))[0m
2025-04-23T14:13:25.5585766Z [36;1mecho "DEPLOY_DURATION=$DEPLOY_DURATION" >> $GITHUB_ENV[0m
2025-04-23T14:13:25.5586622Z [36;1mecho "TOTAL_PIPELINE_TIME=$TOTAL_PIPELINE_TIME" >> $GITHUB_ENV[0m
2025-04-23T14:13:25.5618928Z shell: /usr/bin/bash -e {0}
2025-04-23T14:13:25.5619227Z env:
2025-04-23T14:13:25.5619472Z   REMOTE_HOST: 18.60.149.136
2025-04-23T14:13:25.5619759Z   REMOTE_USER: ubuntu
2025-04-23T14:13:25.5620042Z   REMOTE_BACKUP_DIR: /tmp/actions_bak
2025-04-23T14:13:25.5620469Z   JAVA_HOME: /opt/hostedtoolcache/Java_Corretto_jdk/17.0.15-6.1/x64
2025-04-23T14:13:25.5621017Z   JAVA_HOME_17_X64: /opt/hostedtoolcache/Java_Corretto_jdk/17.0.15-6.1/x64
2025-04-23T14:13:25.5621919Z   PIPELINE_START_TIME: 1745417597
2025-04-23T14:13:25.5622227Z   DEPLOY_END_TIME: 1745417600
2025-04-23T14:13:25.5622508Z ##[endgroup]
2025-04-23T14:13:25.5674610Z /home/runner/work/_temp/34ba1b24-22f4-4ba3-baee-13785ebfeac3.sh: line 2: 1745417600 - : syntax error: operand expected (error token is "- ")
2025-04-23T14:13:25.5713326Z ##[group]Run echo $'The error is:\n '
2025-04-23T14:13:25.5713737Z [36;1mecho $'The error is:\n '[0m
2025-04-23T14:13:25.5714057Z [36;1mcat compile_error.log[0m
2025-04-23T14:13:25.5714348Z [36;1m[0m
2025-04-23T14:13:25.5714656Z [36;1mecho "Deployment failed! Initiating rollback..."[0m
2025-04-23T14:13:25.5715050Z [36;1mROLLBACK_START=$(date +%s)[0m
2025-04-23T14:13:25.5715364Z [36;1m[0m
2025-04-23T14:13:25.5716397Z [36;1mssh -o StrictHostKeyChecking=no -i key.pem $REMOTE_USER@$REMOTE_HOST "if [ -f /tmp/actions_bak/JobManagement_ACTIONS.war_bak ]; then sudo cp /tmp/actions_bak/JobManagement_ACTIONS.war_bak /opt/tomcat10/webapps/JobManagement_ACTIONS.war; else echo 'No backup available'; exit 1; fi"[0m
2025-04-23T14:13:25.5717486Z [36;1m[0m
2025-04-23T14:13:25.5717878Z [36;1mssh -o StrictHostKeyChecking=no -i key.pem $REMOTE_USER@$REMOTE_HOST <<EOF[0m
2025-04-23T14:13:25.5718449Z [36;1m  sudo rm -rf /opt/tomcat10/webapps/JobManagement_ACTIONS || true[0m
2025-04-23T14:13:25.5718872Z [36;1m  sleep 5[0m
2025-04-23T14:13:25.5719181Z [36;1m  sudo /opt/tomcat10/bin/shutdown.sh || true[0m
2025-04-23T14:13:25.5719562Z [36;1m  sudo /opt/tomcat10/bin/startup.sh[0m
2025-04-23T14:13:25.5719885Z [36;1m  exit[0m
2025-04-23T14:13:25.5720121Z [36;1mEOF[0m
2025-04-23T14:13:25.5720356Z [36;1m[0m
2025-04-23T14:13:25.5720602Z [36;1mROLLBACK_END=$(date +%s)[0m
2025-04-23T14:13:25.5720972Z [36;1mROLLBACK_DURATION=$((ROLLBACK_END - ROLLBACK_START))[0m
2025-04-23T14:13:25.5721749Z [36;1mecho "ROLLBACK_DURATION=$ROLLBACK_DURATION" >> $GITHUB_ENV[0m
2025-04-23T14:13:25.5748690Z shell: /usr/bin/bash -e {0}
2025-04-23T14:13:25.5748979Z env:
2025-04-23T14:13:25.5749237Z   REMOTE_HOST: 18.60.149.136
2025-04-23T14:13:25.5749525Z   REMOTE_USER: ubuntu
2025-04-23T14:13:25.5749801Z   REMOTE_BACKUP_DIR: /tmp/actions_bak
2025-04-23T14:13:25.5750212Z   JAVA_HOME: /opt/hostedtoolcache/Java_Corretto_jdk/17.0.15-6.1/x64
2025-04-23T14:13:25.5750717Z   JAVA_HOME_17_X64: /opt/hostedtoolcache/Java_Corretto_jdk/17.0.15-6.1/x64
2025-04-23T14:13:25.5751128Z   PIPELINE_START_TIME: 1745417597
2025-04-23T14:13:25.5751666Z   DEPLOY_END_TIME: 1745417600
2025-04-23T14:13:25.5751958Z   DEPLOY_DURATION: 
2025-04-23T14:13:25.5752221Z   TOTAL_PIPELINE_TIME: 8
2025-04-23T14:13:25.5752481Z ##[endgroup]
2025-04-23T14:13:25.5799071Z The error is:
2025-04-23T14:13:25.5799437Z  
2025-04-23T14:13:25.5808436Z src/main/java/metrics/EfficiencyIndexCalculator.java:1: error: ';' expected
2025-04-23T14:13:25.5808916Z package metrics
2025-04-23T14:13:25.5809173Z                ^
2025-04-23T14:13:25.5809419Z 1 error
2025-04-23T14:13:25.5809889Z Deployment failed! Initiating rollback...
2025-04-23T14:13:28.1372996Z Pseudo-terminal will not be allocated because stdin is not a terminal.
2025-04-23T14:13:30.7136953Z Welcome to Ubuntu 24.04.2 LTS (GNU/Linux 6.8.0-1027-aws x86_64)
2025-04-23T14:13:30.7137796Z 
2025-04-23T14:13:30.7138140Z  * Documentation:  https://help.ubuntu.com
2025-04-23T14:13:30.7139083Z  * Management:     https://landscape.canonical.com
2025-04-23T14:13:30.7139970Z  * Support:        https://ubuntu.com/pro
2025-04-23T14:13:30.7140480Z 
2025-04-23T14:13:30.7140852Z  System information as of Wed Apr 23 14:13:19 UTC 2025
2025-04-23T14:13:30.7141665Z 
2025-04-23T14:13:30.7142078Z   System load:  0.23              Temperature:           -273.1 C
2025-04-23T14:13:30.7143079Z   Usage of /:   68.5% of 6.71GB   Processes:             121
2025-04-23T14:13:30.7143740Z   Memory usage: 29%               Users logged in:       1
2025-04-23T14:13:30.7144393Z   Swap usage:   0%                IPv4 address for ens5: 172.31.20.166
2025-04-23T14:13:30.7144758Z 
2025-04-23T14:13:30.7145015Z  * Ubuntu Pro delivers the most comprehensive open source security and
2025-04-23T14:13:30.7145832Z    compliance features.
2025-04-23T14:13:30.7146005Z 
2025-04-23T14:13:30.7146155Z    https://ubuntu.com/aws/pro
2025-04-23T14:13:30.7146391Z 
2025-04-23T14:13:30.7146593Z Expanded Security Maintenance for Applications is not enabled.
2025-04-23T14:13:30.7147092Z 
2025-04-23T14:13:30.7147232Z 2 updates can be applied immediately.
2025-04-23T14:13:30.7147629Z To see these additional updates run: apt list --upgradable
2025-04-23T14:13:30.7147898Z 
2025-04-23T14:13:30.7148085Z Enable ESM Apps to receive additional future security updates.
2025-04-23T14:13:30.7148516Z See https://ubuntu.com/esm or run: sudo pro status
2025-04-23T14:13:30.7148761Z 
2025-04-23T14:13:30.7148766Z 
2025-04-23T14:13:35.9500997Z sudo: /opt/tomcat10/bin/shutdown.sh: command not found
2025-04-23T14:13:35.9659166Z Tomcat started.
2025-04-23T14:13:35.9744829Z ##[group]Run echo "-------------------------------------------------"
2025-04-23T14:13:35.9745390Z [36;1mecho "-------------------------------------------------"[0m
2025-04-23T14:13:35.9745829Z [36;1mecho "              CI/CD Metrics Summary              "[0m
2025-04-23T14:13:35.9746245Z [36;1mecho "-------------------------------------------------"[0m
2025-04-23T14:13:35.9746688Z [36;1mecho "| Metric                             | Value          |"[0m
2025-04-23T14:13:35.9747122Z [36;1mecho "-------------------------------------------------"[0m
2025-04-23T14:13:35.9747617Z [36;1mecho "| Total Pipeline Time (sec)          | $TOTAL_PIPELINE_TIME          |"[0m
2025-04-23T14:13:35.9748222Z [36;1m# If deployment succeeded, DEPLOY_DURATION is set; if not, ROLLBACK_DURATION is used.[0m
2025-04-23T14:13:35.9748727Z [36;1mif [ -n "$DEPLOY_DURATION" ]; then[0m
2025-04-23T14:13:35.9749211Z [36;1m  echo "| Deployment Time (sec)              | $DEPLOY_DURATION          |"[0m
2025-04-23T14:13:35.9749621Z [36;1melse[0m
2025-04-23T14:13:35.9749963Z [36;1m  echo "| Rollback Time (sec)     | $ROLLBACK_DURATION          |"[0m
2025-04-23T14:13:35.9750352Z [36;1mfi[0m
2025-04-23T14:13:35.9750684Z [36;1mecho "| Lead Time for Changes (sec)        | $LEAD_TIME          |"[0m
2025-04-23T14:13:35.9751106Z [36;1mif [ -f test_results.log ]; then[0m
2025-04-23T14:13:35.9751736Z [36;1m  TEST_SUMMARY=$(grep -i "tests found" test_results.log | head -n 1)[0m
2025-04-23T14:13:35.9752145Z [36;1melse[0m
2025-04-23T14:13:35.9752399Z [36;1m  TEST_SUMMARY="N/A"[0m
2025-04-23T14:13:35.9752683Z [36;1mfi[0m
2025-04-23T14:13:35.9753083Z [36;1m# ─── Cost Calculation & Echo ──────────────────────────────────────────────[0m
2025-04-23T14:13:35.9753635Z [36;1m# GitHub Actions hosted runner = $0.008 per minute = $0.0001333 per sec[0m
2025-04-23T14:13:35.9754155Z [36;1mCOST=$(awk "BEGIN { printf \"%.4f\", $TOTAL_PIPELINE_TIME * 0.008/60 }")[0m
2025-04-23T14:13:35.9754648Z [36;1mecho "| Cost (USD)                         | $COST              |"[0m
2025-04-23T14:13:35.9755132Z [36;1m# ─────────────────────────────────────────────────────────────────────────────[0m
2025-04-23T14:13:35.9755641Z [36;1mecho "| Test Summary                       | $TEST_SUMMARY          |"[0m
2025-04-23T14:13:35.9756026Z [36;1m[0m
2025-04-23T14:13:35.9756325Z [36;1mecho "-------------------------------------------------"[0m
2025-04-23T14:13:35.9756706Z [36;1mecho "Memory Usage BEFORE:"[0m
2025-04-23T14:13:35.9757028Z [36;1mcat mem_before.log[0m
2025-04-23T14:13:35.9757371Z [36;1mecho "-------------------------------------------------"[0m
2025-04-23T14:13:35.9757745Z [36;1mecho "Memory Usage AFTER:"[0m
2025-04-23T14:13:35.9758062Z [36;1mcat mem_after.log[0m
2025-04-23T14:13:35.9758387Z [36;1mecho "-------------------------------------------------"[0m
2025-04-23T14:13:35.9758780Z [36;1mecho "Resource Usage BEFORE (vmstat):"[0m
2025-04-23T14:13:35.9759138Z [36;1mcat resource_usage_before.log[0m
2025-04-23T14:13:35.9759526Z [36;1mecho "-------------------------------------------------"[0m
2025-04-23T14:13:35.9759905Z [36;1mecho "Resource Usage AFTER (vmstat):"[0m
2025-04-23T14:13:35.9760474Z [36;1mcat resource_usage_after.log[0m
2025-04-23T14:13:35.9760841Z [36;1mecho "-------------------------------------------------"[0m
2025-04-23T14:13:35.9791091Z shell: /usr/bin/bash -e {0}
2025-04-23T14:13:35.9791574Z env:
2025-04-23T14:13:35.9791822Z   REMOTE_HOST: 18.60.149.136
2025-04-23T14:13:35.9792107Z   REMOTE_USER: ubuntu
2025-04-23T14:13:35.9792396Z   REMOTE_BACKUP_DIR: /tmp/actions_bak
2025-04-23T14:13:35.9792811Z   JAVA_HOME: /opt/hostedtoolcache/Java_Corretto_jdk/17.0.15-6.1/x64
2025-04-23T14:13:35.9793318Z   JAVA_HOME_17_X64: /opt/hostedtoolcache/Java_Corretto_jdk/17.0.15-6.1/x64
2025-04-23T14:13:35.9793743Z   PIPELINE_START_TIME: 1745417597
2025-04-23T14:13:35.9794068Z   DEPLOY_END_TIME: 1745417600
2025-04-23T14:13:35.9794351Z   DEPLOY_DURATION: 
2025-04-23T14:13:35.9794801Z   TOTAL_PIPELINE_TIME: 8
2025-04-23T14:13:35.9795099Z   ROLLBACK_DURATION: 10
2025-04-23T14:13:35.9795362Z ##[endgroup]
2025-04-23T14:13:35.9844417Z -------------------------------------------------
2025-04-23T14:13:35.9845125Z               CI/CD Metrics Summary              
2025-04-23T14:13:35.9845744Z -------------------------------------------------
2025-04-23T14:13:35.9846348Z | Metric                             | Value          |
2025-04-23T14:13:35.9846933Z -------------------------------------------------
2025-04-23T14:13:35.9847318Z | Total Pipeline Time (sec)          | 8          |
2025-04-23T14:13:35.9847682Z | Rollback Time (sec)     | 10          |
2025-04-23T14:13:35.9848045Z | Lead Time for Changes (sec)        |           |
2025-04-23T14:13:35.9866898Z | Cost (USD)                         | 0.0011              |
2025-04-23T14:13:35.9867578Z | Test Summary                       | N/A          |
2025-04-23T14:13:35.9868205Z -------------------------------------------------
2025-04-23T14:13:35.9868689Z Memory Usage BEFORE:
2025-04-23T14:13:35.9876170Z cat: mem_before.log: No such file or directory
2025-04-23T14:13:35.9880906Z ##[error]Process completed with exit code 1.
2025-04-23T14:13:35.9954492Z Post job cleanup.
2025-04-23T14:13:36.1691258Z Post job cleanup.
2025-04-23T14:13:36.2396659Z [command]/usr/bin/git version
2025-04-23T14:13:36.2430266Z git version 2.49.0
2025-04-23T14:13:36.2471770Z Temporarily overriding HOME='/home/runner/work/_temp/194f79f4-ba49-4d09-8f09-4db6f03c66f9' before making global git config changes
2025-04-23T14:13:36.2472688Z Adding repository directory to the temporary git global config as a safe directory
2025-04-23T14:13:36.2475759Z [command]/usr/bin/git config --global --add safe.directory /home/runner/work/JobManagement/JobManagement
2025-04-23T14:13:36.2509187Z [command]/usr/bin/git config --local --name-only --get-regexp core\.sshCommand
2025-04-23T14:13:36.2537641Z [command]/usr/bin/git submodule foreach --recursive sh -c "git config --local --name-only --get-regexp 'core\.sshCommand' && git config --local --unset-all 'core.sshCommand' || :"
2025-04-23T14:13:36.2756945Z [command]/usr/bin/git config --local --name-only --get-regexp http\.https\:\/\/github\.com\/\.extraheader
2025-04-23T14:13:36.2775976Z http.https://github.com/.extraheader
2025-04-23T14:13:36.2787478Z [command]/usr/bin/git config --local --unset-all http.https://github.com/.extraheader
2025-04-23T14:13:36.2814608Z [command]/usr/bin/git submodule foreach --recursive sh -c "git config --local --name-only --get-regexp 'http\.https\:\/\/github\.com\/\.extraheader' && git config --local --unset-all 'http.https://github.com/.extraheader' || :"
2025-04-23T14:13:36.3133584Z Cleaning up orphan processes
