2025-04-23T14:42:08.7279280Z Current runner version: '2.323.0'
2025-04-23T14:42:08.7306976Z ##[group]Operating System
2025-04-23T14:42:08.7308171Z Ubuntu
2025-04-23T14:42:08.7308987Z 24.04.2
2025-04-23T14:42:08.7309851Z LTS
2025-04-23T14:42:08.7310652Z ##[endgroup]
2025-04-23T14:42:08.7311430Z ##[group]Runner Image
2025-04-23T14:42:08.7312319Z Image: ubuntu-24.04
2025-04-23T14:42:08.7313200Z Version: 20250420.1.0
2025-04-23T14:42:08.7314915Z Included Software: https://github.com/actions/runner-images/blob/ubuntu24/20250420.1/images/ubuntu/Ubuntu2404-Readme.md
2025-04-23T14:42:08.7316733Z Image Release: https://github.com/actions/runner-images/releases/tag/ubuntu24%2F20250420.1
2025-04-23T14:42:08.7318668Z ##[endgroup]
2025-04-23T14:42:08.7319554Z ##[group]Runner Image Provisioner
2025-04-23T14:42:08.7320440Z 2.0.422.1
2025-04-23T14:42:08.7321230Z ##[endgroup]
2025-04-23T14:42:08.7322809Z ##[group]GITHUB_TOKEN Permissions
2025-04-23T14:42:08.7325141Z Contents: read
2025-04-23T14:42:08.7326186Z Metadata: read
2025-04-23T14:42:08.7327293Z Packages: read
2025-04-23T14:42:08.7328237Z ##[endgroup]
2025-04-23T14:42:08.7330982Z Secret source: Actions
2025-04-23T14:42:08.7332042Z Prepare workflow directory
2025-04-23T14:42:08.7727097Z Prepare all required actions
2025-04-23T14:42:08.7765675Z Getting action download info
2025-04-23T14:42:09.2387936Z ##[group]Download immutable action package 'actions/checkout@v3'
2025-04-23T14:42:09.2389440Z Version: 3.6.0
2025-04-23T14:42:09.2390769Z Digest: sha256:942562b9c7d4b1f2557f1da21f4d3eb4eb4fd01f2ad78b2a6e187d1b193e0a0f
2025-04-23T14:42:09.2392287Z Source commit SHA: f43a0e5ff2bd294095638e18286ca9a3d1956744
2025-04-23T14:42:09.2393334Z ##[endgroup]
2025-04-23T14:42:09.3198729Z ##[group]Download immutable action package 'actions/setup-java@v3'
2025-04-23T14:42:09.3199661Z Version: 3.14.1
2025-04-23T14:42:09.3200518Z Digest: sha256:0f5994bd85f236d7525048fec5b0b7b3ec7474ec50184c8f78a320717cfb3d51
2025-04-23T14:42:09.3201602Z Source commit SHA: 17f84c3641ba7b8f6deff6309fc4c864478f5d62
2025-04-23T14:42:09.3202412Z ##[endgroup]
2025-04-23T14:42:09.6536418Z Complete job name: build-and-deploy
2025-04-23T14:42:09.7273976Z ##[group]Run actions/checkout@v3
2025-04-23T14:42:09.7275249Z with:
2025-04-23T14:42:09.7275866Z   repository: sai-pranay-teja/JobManagement
2025-04-23T14:42:09.7276773Z   token: ***
2025-04-23T14:42:09.7277322Z   ssh-strict: true
2025-04-23T14:42:09.7277914Z   persist-credentials: true
2025-04-23T14:42:09.7278533Z   clean: true
2025-04-23T14:42:09.7279115Z   sparse-checkout-cone-mode: true
2025-04-23T14:42:09.7279781Z   fetch-depth: 1
2025-04-23T14:42:09.7280350Z   fetch-tags: false
2025-04-23T14:42:09.7280907Z   lfs: false
2025-04-23T14:42:09.7281447Z   submodules: false
2025-04-23T14:42:09.7282031Z   set-safe-directory: true
2025-04-23T14:42:09.7282870Z env:
2025-04-23T14:42:09.7283418Z   REMOTE_HOST: 18.60.149.136
2025-04-23T14:42:09.7284053Z   REMOTE_USER: ubuntu
2025-04-23T14:42:09.7284816Z   REMOTE_BACKUP_DIR: /tmp/actions_bak
2025-04-23T14:42:09.7285510Z ##[endgroup]
2025-04-23T14:42:09.8898121Z Syncing repository: sai-pranay-teja/JobManagement
2025-04-23T14:42:09.8901971Z ##[group]Getting Git version info
2025-04-23T14:42:09.8903788Z Working directory is '/home/runner/work/JobManagement/JobManagement'
2025-04-23T14:42:09.8905556Z [command]/usr/bin/git version
2025-04-23T14:42:09.8931897Z git version 2.49.0
2025-04-23T14:42:09.8961326Z ##[endgroup]
2025-04-23T14:42:09.8979185Z Temporarily overriding HOME='/home/runner/work/_temp/fb844b9a-4e0a-4968-ad65-88fd9aea14f8' before making global git config changes
2025-04-23T14:42:09.8981939Z Adding repository directory to the temporary git global config as a safe directory
2025-04-23T14:42:09.8984629Z [command]/usr/bin/git config --global --add safe.directory /home/runner/work/JobManagement/JobManagement
2025-04-23T14:42:09.9019071Z Deleting the contents of '/home/runner/work/JobManagement/JobManagement'
2025-04-23T14:42:09.9023295Z ##[group]Initializing the repository
2025-04-23T14:42:09.9027542Z [command]/usr/bin/git init /home/runner/work/JobManagement/JobManagement
2025-04-23T14:42:09.9136852Z hint: Using 'master' as the name for the initial branch. This default branch name
2025-04-23T14:42:09.9138373Z hint: is subject to change. To configure the initial branch name to use in all
2025-04-23T14:42:09.9139558Z hint: of your new repositories, which will suppress this warning, call:
2025-04-23T14:42:09.9140736Z hint:
2025-04-23T14:42:09.9141507Z hint: 	git config --global init.defaultBranch <name>
2025-04-23T14:42:09.9142373Z hint:
2025-04-23T14:42:09.9143191Z hint: Names commonly chosen instead of 'master' are 'main', 'trunk' and
2025-04-23T14:42:09.9144649Z hint: 'development'. The just-created branch can be renamed via this command:
2025-04-23T14:42:09.9145594Z hint:
2025-04-23T14:42:09.9146269Z hint: 	git branch -m <name>
2025-04-23T14:42:09.9149641Z Initialized empty Git repository in /home/runner/work/JobManagement/JobManagement/.git/
2025-04-23T14:42:09.9160726Z [command]/usr/bin/git remote add origin https://github.com/sai-pranay-teja/JobManagement
2025-04-23T14:42:09.9193407Z ##[endgroup]
2025-04-23T14:42:09.9195297Z ##[group]Disabling automatic garbage collection
2025-04-23T14:42:09.9196794Z [command]/usr/bin/git config --local gc.auto 0
2025-04-23T14:42:09.9225860Z ##[endgroup]
2025-04-23T14:42:09.9227522Z ##[group]Setting up auth
2025-04-23T14:42:09.9232089Z [command]/usr/bin/git config --local --name-only --get-regexp core\.sshCommand
2025-04-23T14:42:09.9261182Z [command]/usr/bin/git submodule foreach --recursive sh -c "git config --local --name-only --get-regexp 'core\.sshCommand' && git config --local --unset-all 'core.sshCommand' || :"
2025-04-23T14:42:09.9529815Z [command]/usr/bin/git config --local --name-only --get-regexp http\.https\:\/\/github\.com\/\.extraheader
2025-04-23T14:42:09.9560084Z [command]/usr/bin/git submodule foreach --recursive sh -c "git config --local --name-only --get-regexp 'http\.https\:\/\/github\.com\/\.extraheader' && git config --local --unset-all 'http.https://github.com/.extraheader' || :"
2025-04-23T14:42:09.9775826Z [command]/usr/bin/git config --local http.https://github.com/.extraheader AUTHORIZATION: basic ***
2025-04-23T14:42:09.9830758Z ##[endgroup]
2025-04-23T14:42:09.9832075Z ##[group]Fetching the repository
2025-04-23T14:42:09.9839616Z [command]/usr/bin/git -c protocol.version=2 fetch --no-tags --prune --progress --no-recurse-submodules --depth=1 origin +dcfda55ab4395c3543c77808538956e1dd35b838:refs/remotes/origin/main
2025-04-23T14:42:10.2549876Z remote: Enumerating objects: 125, done.        
2025-04-23T14:42:10.2551840Z remote: Counting objects:   0% (1/125)        
2025-04-23T14:42:10.2553109Z remote: Counting objects:   1% (2/125)        
2025-04-23T14:42:10.2554563Z remote: Counting objects:   2% (3/125)        
2025-04-23T14:42:10.2555811Z remote: Counting objects:   3% (4/125)        
2025-04-23T14:42:10.2556993Z remote: Counting objects:   4% (5/125)        
2025-04-23T14:42:10.2558188Z remote: Counting objects:   5% (7/125)        
2025-04-23T14:42:10.2559437Z remote: Counting objects:   6% (8/125)        
2025-04-23T14:42:10.2560802Z remote: Counting objects:   7% (9/125)        
2025-04-23T14:42:10.2562096Z remote: Counting objects:   8% (10/125)        
2025-04-23T14:42:10.2563395Z remote: Counting objects:   9% (12/125)        
2025-04-23T14:42:10.2564836Z remote: Counting objects:  10% (13/125)        
2025-04-23T14:42:10.2566188Z remote: Counting objects:  11% (14/125)        
2025-04-23T14:42:10.2567589Z remote: Counting objects:  12% (15/125)        
2025-04-23T14:42:10.2569235Z remote: Counting objects:  13% (17/125)        
2025-04-23T14:42:10.2570989Z remote: Counting objects:  14% (18/125)        
2025-04-23T14:42:10.2572702Z remote: Counting objects:  15% (19/125)        
2025-04-23T14:42:10.2574544Z remote: Counting objects:  16% (20/125)        
2025-04-23T14:42:10.2576307Z remote: Counting objects:  17% (22/125)        
2025-04-23T14:42:10.2578076Z remote: Counting objects:  18% (23/125)        
2025-04-23T14:42:10.2579832Z remote: Counting objects:  19% (24/125)        
2025-04-23T14:42:10.2581920Z remote: Counting objects:  20% (25/125)        
2025-04-23T14:42:10.2583676Z remote: Counting objects:  21% (27/125)        
2025-04-23T14:42:10.2585544Z remote: Counting objects:  22% (28/125)        
2025-04-23T14:42:10.2587287Z remote: Counting objects:  23% (29/125)        
2025-04-23T14:42:10.2589237Z remote: Counting objects:  24% (30/125)        
2025-04-23T14:42:10.2591364Z remote: Counting objects:  25% (32/125)        
2025-04-23T14:42:10.2594051Z remote: Counting objects:  26% (33/125)        
2025-04-23T14:42:10.2596924Z remote: Counting objects:  27% (34/125)        
2025-04-23T14:42:10.2599621Z remote: Counting objects:  28% (35/125)        
2025-04-23T14:42:10.2601690Z remote: Counting objects:  29% (37/125)        
2025-04-23T14:42:10.2603640Z remote: Counting objects:  30% (38/125)        
2025-04-23T14:42:10.2605937Z remote: Counting objects:  31% (39/125)        
2025-04-23T14:42:10.2608095Z remote: Counting objects:  32% (40/125)        
2025-04-23T14:42:10.2610731Z remote: Counting objects:  33% (42/125)        
2025-04-23T14:42:10.2612682Z remote: Counting objects:  34% (43/125)        
2025-04-23T14:42:10.2615218Z remote: Counting objects:  35% (44/125)        
2025-04-23T14:42:10.2617382Z remote: Counting objects:  36% (45/125)        
2025-04-23T14:42:10.2619206Z remote: Counting objects:  37% (47/125)        
2025-04-23T14:42:10.2621368Z remote: Counting objects:  38% (48/125)        
2025-04-23T14:42:10.2623976Z remote: Counting objects:  39% (49/125)        
2025-04-23T14:42:10.2626278Z remote: Counting objects:  40% (50/125)        
2025-04-23T14:42:10.2628086Z remote: Counting objects:  41% (52/125)        
2025-04-23T14:42:10.2629895Z remote: Counting objects:  42% (53/125)        
2025-04-23T14:42:10.2631713Z remote: Counting objects:  43% (54/125)        
2025-04-23T14:42:10.2633544Z remote: Counting objects:  44% (55/125)        
2025-04-23T14:42:10.2635560Z remote: Counting objects:  45% (57/125)        
2025-04-23T14:42:10.2637386Z remote: Counting objects:  46% (58/125)        
2025-04-23T14:42:10.2639440Z remote: Counting objects:  47% (59/125)        
2025-04-23T14:42:10.2641269Z remote: Counting objects:  48% (60/125)        
2025-04-23T14:42:10.2643439Z remote: Counting objects:  49% (62/125)        
2025-04-23T14:42:10.2646370Z remote: Counting objects:  50% (63/125)        
2025-04-23T14:42:10.2648842Z remote: Counting objects:  51% (64/125)        
2025-04-23T14:42:10.2650770Z remote: Counting objects:  52% (65/125)        
2025-04-23T14:42:10.2653047Z remote: Counting objects:  53% (67/125)        
2025-04-23T14:42:10.2655312Z remote: Counting objects:  54% (68/125)        
2025-04-23T14:42:10.2657986Z remote: Counting objects:  55% (69/125)        
2025-04-23T14:42:10.2660882Z remote: Counting objects:  56% (70/125)        
2025-04-23T14:42:10.2663457Z remote: Counting objects:  57% (72/125)        
2025-04-23T14:42:10.2666440Z remote: Counting objects:  58% (73/125)        
2025-04-23T14:42:10.2669174Z remote: Counting objects:  59% (74/125)        
2025-04-23T14:42:10.2671260Z remote: Counting objects:  60% (75/125)        
2025-04-23T14:42:10.2673004Z remote: Counting objects:  61% (77/125)        
2025-04-23T14:42:10.2675028Z remote: Counting objects:  62% (78/125)        
2025-04-23T14:42:10.2677136Z remote: Counting objects:  63% (79/125)        
2025-04-23T14:42:10.2678899Z remote: Counting objects:  64% (80/125)        
2025-04-23T14:42:10.2680625Z remote: Counting objects:  65% (82/125)        
2025-04-23T14:42:10.2682320Z remote: Counting objects:  66% (83/125)        
2025-04-23T14:42:10.2683992Z remote: Counting objects:  67% (84/125)        
2025-04-23T14:42:10.2685815Z remote: Counting objects:  68% (85/125)        
2025-04-23T14:42:10.2687498Z remote: Counting objects:  69% (87/125)        
2025-04-23T14:42:10.2690153Z remote: Counting objects:  70% (88/125)        
2025-04-23T14:42:10.2692606Z remote: Counting objects:  71% (89/125)        
2025-04-23T14:42:10.2694595Z remote: Counting objects:  72% (90/125)        
2025-04-23T14:42:10.2696509Z remote: Counting objects:  73% (92/125)        
2025-04-23T14:42:10.2698959Z remote: Counting objects:  74% (93/125)        
2025-04-23T14:42:10.2700829Z remote: Counting objects:  75% (94/125)        
2025-04-23T14:42:10.2702561Z remote: Counting objects:  76% (95/125)        
2025-04-23T14:42:10.2704461Z remote: Counting objects:  77% (97/125)        
2025-04-23T14:42:10.2706173Z remote: Counting objects:  78% (98/125)        
2025-04-23T14:42:10.2707987Z remote: Counting objects:  79% (99/125)        
2025-04-23T14:42:10.2709884Z remote: Counting objects:  80% (100/125)        
2025-04-23T14:42:10.2711915Z remote: Counting objects:  81% (102/125)        
2025-04-23T14:42:10.2713702Z remote: Counting objects:  82% (103/125)        
2025-04-23T14:42:10.2716085Z remote: Counting objects:  83% (104/125)        
2025-04-23T14:42:10.2718865Z remote: Counting objects:  84% (105/125)        
2025-04-23T14:42:10.2721157Z remote: Counting objects:  85% (107/125)        
2025-04-23T14:42:10.2723605Z remote: Counting objects:  86% (108/125)        
2025-04-23T14:42:10.2726350Z remote: Counting objects:  87% (109/125)        
2025-04-23T14:42:10.2729025Z remote: Counting objects:  88% (110/125)        
2025-04-23T14:42:10.2731493Z remote: Counting objects:  89% (112/125)        
2025-04-23T14:42:10.2734059Z remote: Counting objects:  90% (113/125)        
2025-04-23T14:42:10.2736773Z remote: Counting objects:  91% (114/125)        
2025-04-23T14:42:10.2738627Z remote: Counting objects:  92% (115/125)        
2025-04-23T14:42:10.2741318Z remote: Counting objects:  93% (117/125)        
2025-04-23T14:42:10.2743230Z remote: Counting objects:  94% (118/125)        
2025-04-23T14:42:10.2745137Z remote: Counting objects:  95% (119/125)        
2025-04-23T14:42:10.2746813Z remote: Counting objects:  96% (120/125)        
2025-04-23T14:42:10.2748490Z remote: Counting objects:  97% (122/125)        
2025-04-23T14:42:10.2750851Z remote: Counting objects:  98% (123/125)        
2025-04-23T14:42:10.2753451Z remote: Counting objects:  99% (124/125)        
2025-04-23T14:42:10.2755598Z remote: Counting objects: 100% (125/125)        
2025-04-23T14:42:10.2757378Z remote: Counting objects: 100% (125/125), done.        
2025-04-23T14:42:10.2759215Z remote: Compressing objects:   1% (1/75)        
2025-04-23T14:42:10.2760997Z remote: Compressing objects:   2% (2/75)        
2025-04-23T14:42:10.2763553Z remote: Compressing objects:   4% (3/75)        
2025-04-23T14:42:10.2766123Z remote: Compressing objects:   5% (4/75)        
2025-04-23T14:42:10.2767825Z remote: Compressing objects:   6% (5/75)        
2025-04-23T14:42:10.2770484Z remote: Compressing objects:   8% (6/75)        
2025-04-23T14:42:10.2773238Z remote: Compressing objects:   9% (7/75)        
2025-04-23T14:42:10.2775593Z remote: Compressing objects:  10% (8/75)        
2025-04-23T14:42:10.2777692Z remote: Compressing objects:  12% (9/75)        
2025-04-23T14:42:10.2779467Z remote: Compressing objects:  13% (10/75)        
2025-04-23T14:42:10.2781153Z remote: Compressing objects:  14% (11/75)        
2025-04-23T14:42:10.2782962Z remote: Compressing objects:  16% (12/75)        
2025-04-23T14:42:10.2784827Z remote: Compressing objects:  17% (13/75)        
2025-04-23T14:42:10.2786516Z remote: Compressing objects:  18% (14/75)        
2025-04-23T14:42:10.2788192Z remote: Compressing objects:  20% (15/75)        
2025-04-23T14:42:10.2789910Z remote: Compressing objects:  21% (16/75)        
2025-04-23T14:42:10.2791829Z remote: Compressing objects:  22% (17/75)        
2025-04-23T14:42:10.2794555Z remote: Compressing objects:  24% (18/75)        
2025-04-23T14:42:10.2797229Z remote: Compressing objects:  25% (19/75)        
2025-04-23T14:42:10.2798944Z remote: Compressing objects:  26% (20/75)        
2025-04-23T14:42:10.2800647Z remote: Compressing objects:  28% (21/75)        
2025-04-23T14:42:10.2803002Z remote: Compressing objects:  29% (22/75)        
2025-04-23T14:42:10.2805813Z remote: Compressing objects:  30% (23/75)        
2025-04-23T14:42:10.2807538Z remote: Compressing objects:  32% (24/75)        
2025-04-23T14:42:10.2809403Z remote: Compressing objects:  33% (25/75)        
2025-04-23T14:42:10.2811083Z remote: Compressing objects:  34% (26/75)        
2025-04-23T14:42:10.2812916Z remote: Compressing objects:  36% (27/75)        
2025-04-23T14:42:10.2815755Z remote: Compressing objects:  37% (28/75)        
2025-04-23T14:42:10.2817945Z remote: Compressing objects:  38% (29/75)        
2025-04-23T14:42:10.2819778Z remote: Compressing objects:  40% (30/75)        
2025-04-23T14:42:10.2822185Z remote: Compressing objects:  41% (31/75)        
2025-04-23T14:42:10.2823876Z remote: Compressing objects:  42% (32/75)        
2025-04-23T14:42:10.2825838Z remote: Compressing objects:  44% (33/75)        
2025-04-23T14:42:10.2827508Z remote: Compressing objects:  45% (34/75)        
2025-04-23T14:42:10.2829169Z remote: Compressing objects:  46% (35/75)        
2025-04-23T14:42:10.2830848Z remote: Compressing objects:  48% (36/75)        
2025-04-23T14:42:10.2832499Z remote: Compressing objects:  49% (37/75)        
2025-04-23T14:42:10.2834371Z remote: Compressing objects:  50% (38/75)        
2025-04-23T14:42:10.2836050Z remote: Compressing objects:  52% (39/75)        
2025-04-23T14:42:10.2837707Z remote: Compressing objects:  53% (40/75)        
2025-04-23T14:42:10.2839355Z remote: Compressing objects:  54% (41/75)        
2025-04-23T14:42:10.2841018Z remote: Compressing objects:  56% (42/75)        
2025-04-23T14:42:10.2842681Z remote: Compressing objects:  57% (43/75)        
2025-04-23T14:42:10.2845035Z remote: Compressing objects:  58% (44/75)        
2025-04-23T14:42:10.2847279Z remote: Compressing objects:  60% (45/75)        
2025-04-23T14:42:10.2850017Z remote: Compressing objects:  61% (46/75)        
2025-04-23T14:42:10.2852749Z remote: Compressing objects:  62% (47/75)        
2025-04-23T14:42:10.2855646Z remote: Compressing objects:  64% (48/75)        
2025-04-23T14:42:10.2858380Z remote: Compressing objects:  65% (49/75)        
2025-04-23T14:42:10.2860566Z remote: Compressing objects:  66% (50/75)        
2025-04-23T14:42:10.2862397Z remote: Compressing objects:  68% (51/75)        
2025-04-23T14:42:10.2864357Z remote: Compressing objects:  69% (52/75)        
2025-04-23T14:42:10.2866078Z remote: Compressing objects:  70% (53/75)        
2025-04-23T14:42:10.2867708Z remote: Compressing objects:  72% (54/75)        
2025-04-23T14:42:10.2869336Z remote: Compressing objects:  73% (55/75)        
2025-04-23T14:42:10.2871074Z remote: Compressing objects:  74% (56/75)        
2025-04-23T14:42:10.2873568Z remote: Compressing objects:  76% (57/75)        
2025-04-23T14:42:10.2876211Z remote: Compressing objects:  77% (58/75)        
2025-04-23T14:42:10.2877851Z remote: Compressing objects:  78% (59/75)        
2025-04-23T14:42:10.2879470Z remote: Compressing objects:  80% (60/75)        
2025-04-23T14:42:10.2881101Z remote: Compressing objects:  81% (61/75)        
2025-04-23T14:42:10.2882728Z remote: Compressing objects:  82% (62/75)        
2025-04-23T14:42:10.2884570Z remote: Compressing objects:  84% (63/75)        
2025-04-23T14:42:10.2886255Z remote: Compressing objects:  85% (64/75)        
2025-04-23T14:42:10.2887885Z remote: Compressing objects:  86% (65/75)        
2025-04-23T14:42:10.2889507Z remote: Compressing objects:  88% (66/75)        
2025-04-23T14:42:10.2891142Z remote: Compressing objects:  89% (67/75)        
2025-04-23T14:42:10.2892761Z remote: Compressing objects:  90% (68/75)        
2025-04-23T14:42:10.2894666Z remote: Compressing objects:  92% (69/75)        
2025-04-23T14:42:10.2897310Z remote: Compressing objects:  93% (70/75)        
2025-04-23T14:42:10.2900083Z remote: Compressing objects:  94% (71/75)        
2025-04-23T14:42:10.2902810Z remote: Compressing objects:  96% (72/75)        
2025-04-23T14:42:10.2905703Z remote: Compressing objects:  97% (73/75)        
2025-04-23T14:42:10.2908452Z remote: Compressing objects:  98% (74/75)        
2025-04-23T14:42:10.2910715Z remote: Compressing objects: 100% (75/75)        
2025-04-23T14:42:10.2912451Z remote: Compressing objects: 100% (75/75), done.        
2025-04-23T14:42:10.2914539Z Receiving objects:   0% (1/125)
2025-04-23T14:42:10.2916048Z Receiving objects:   1% (2/125)
2025-04-23T14:42:10.2918167Z Receiving objects:   2% (3/125)
2025-04-23T14:42:10.2919505Z Receiving objects:   3% (4/125)
2025-04-23T14:42:10.2920808Z Receiving objects:   4% (5/125)
2025-04-23T14:42:10.2922123Z Receiving objects:   5% (7/125)
2025-04-23T14:42:10.2923553Z Receiving objects:   6% (8/125)
2025-04-23T14:42:10.2925593Z Receiving objects:   7% (9/125)
2025-04-23T14:42:10.2927792Z Receiving objects:   8% (10/125)
2025-04-23T14:42:10.2929345Z Receiving objects:   9% (12/125)
2025-04-23T14:42:10.2930679Z Receiving objects:  10% (13/125)
2025-04-23T14:42:10.2932002Z Receiving objects:  11% (14/125)
2025-04-23T14:42:10.2933328Z Receiving objects:  12% (15/125)
2025-04-23T14:42:10.2934862Z Receiving objects:  13% (17/125)
2025-04-23T14:42:10.2936227Z Receiving objects:  14% (18/125)
2025-04-23T14:42:10.2937547Z Receiving objects:  15% (19/125)
2025-04-23T14:42:10.2938898Z Receiving objects:  16% (20/125)
2025-04-23T14:42:10.2940238Z Receiving objects:  17% (22/125)
2025-04-23T14:42:10.2941566Z Receiving objects:  18% (23/125)
2025-04-23T14:42:10.2942892Z Receiving objects:  19% (24/125)
2025-04-23T14:42:10.2944319Z Receiving objects:  20% (25/125)
2025-04-23T14:42:10.2945683Z Receiving objects:  21% (27/125)
2025-04-23T14:42:10.2947557Z Receiving objects:  22% (28/125)
2025-04-23T14:42:10.2949695Z Receiving objects:  23% (29/125)
2025-04-23T14:42:10.2951653Z Receiving objects:  24% (30/125)
2025-04-23T14:42:10.2953862Z Receiving objects:  25% (32/125)
2025-04-23T14:42:10.2956261Z Receiving objects:  26% (33/125)
2025-04-23T14:42:10.2958511Z Receiving objects:  27% (34/125)
2025-04-23T14:42:10.2960800Z Receiving objects:  28% (35/125)
2025-04-23T14:42:10.2963009Z Receiving objects:  29% (37/125)
2025-04-23T14:42:10.2964865Z Receiving objects:  30% (38/125)
2025-04-23T14:42:10.2966216Z Receiving objects:  31% (39/125)
2025-04-23T14:42:10.2967632Z Receiving objects:  32% (40/125)
2025-04-23T14:42:10.2969809Z Receiving objects:  33% (42/125)
2025-04-23T14:42:10.2971278Z Receiving objects:  34% (43/125)
2025-04-23T14:42:10.2972648Z Receiving objects:  35% (44/125)
2025-04-23T14:42:10.2974073Z Receiving objects:  36% (45/125)
2025-04-23T14:42:10.2975919Z Receiving objects:  37% (47/125)
2025-04-23T14:42:10.2978004Z Receiving objects:  38% (48/125)
2025-04-23T14:42:10.2980034Z Receiving objects:  39% (49/125)
2025-04-23T14:42:10.2981392Z Receiving objects:  40% (50/125)
2025-04-23T14:42:10.2982725Z Receiving objects:  41% (52/125)
2025-04-23T14:42:10.2984064Z Receiving objects:  42% (53/125)
2025-04-23T14:42:10.2985548Z Receiving objects:  43% (54/125)
2025-04-23T14:42:10.2986876Z Receiving objects:  44% (55/125)
2025-04-23T14:42:10.2988187Z Receiving objects:  45% (57/125)
2025-04-23T14:42:10.2989499Z Receiving objects:  46% (58/125)
2025-04-23T14:42:10.2990816Z Receiving objects:  47% (59/125)
2025-04-23T14:42:10.3075699Z Receiving objects:  48% (60/125)
2025-04-23T14:42:10.3231735Z Receiving objects:  49% (62/125)
2025-04-23T14:42:10.4192146Z Receiving objects:  50% (63/125)
2025-04-23T14:42:10.4196163Z Receiving objects:  51% (64/125)
2025-04-23T14:42:10.4978833Z Receiving objects:  52% (65/125)
2025-04-23T14:42:10.4980793Z Receiving objects:  53% (67/125)
2025-04-23T14:42:10.4982561Z Receiving objects:  54% (68/125)
2025-04-23T14:42:10.4984435Z Receiving objects:  55% (69/125)
2025-04-23T14:42:10.4986104Z Receiving objects:  56% (70/125)
2025-04-23T14:42:10.4987654Z Receiving objects:  57% (72/125)
2025-04-23T14:42:10.4989134Z Receiving objects:  58% (73/125)
2025-04-23T14:42:10.4990574Z Receiving objects:  59% (74/125)
2025-04-23T14:42:10.4992778Z Receiving objects:  60% (75/125)
2025-04-23T14:42:10.4995398Z Receiving objects:  61% (77/125)
2025-04-23T14:42:10.4997510Z Receiving objects:  62% (78/125)
2025-04-23T14:42:10.4999733Z Receiving objects:  63% (79/125)
2025-04-23T14:42:10.5001667Z Receiving objects:  64% (80/125)
2025-04-23T14:42:10.5003098Z Receiving objects:  65% (82/125)
2025-04-23T14:42:10.5005441Z Receiving objects:  66% (83/125)
2025-04-23T14:42:10.5007753Z Receiving objects:  67% (84/125)
2025-04-23T14:42:10.5009900Z Receiving objects:  68% (85/125)
2025-04-23T14:42:10.5012087Z Receiving objects:  69% (87/125)
2025-04-23T14:42:10.5014505Z Receiving objects:  70% (88/125)
2025-04-23T14:42:10.5016421Z Receiving objects:  71% (89/125)
2025-04-23T14:42:10.5018150Z Receiving objects:  72% (90/125)
2025-04-23T14:42:10.5019874Z Receiving objects:  73% (92/125)
2025-04-23T14:42:10.5021874Z Receiving objects:  74% (93/125)
2025-04-23T14:42:10.5023789Z Receiving objects:  75% (94/125)
2025-04-23T14:42:10.5025671Z Receiving objects:  76% (95/125)
2025-04-23T14:42:10.5027967Z Receiving objects:  77% (97/125)
2025-04-23T14:42:10.5030147Z Receiving objects:  78% (98/125)
2025-04-23T14:42:10.5032406Z Receiving objects:  79% (99/125)
2025-04-23T14:42:10.5034885Z Receiving objects:  80% (100/125)
2025-04-23T14:42:10.5037955Z remote: Total 125 (delta 54), reused 92 (delta 45), pack-reused 0 (from 0)        
2025-04-23T14:42:10.5041274Z Receiving objects:  81% (102/125)
2025-04-23T14:42:10.5043224Z Receiving objects:  82% (103/125)
2025-04-23T14:42:10.5045695Z Receiving objects:  83% (104/125)
2025-04-23T14:42:10.5047983Z Receiving objects:  84% (105/125)
2025-04-23T14:42:10.5049984Z Receiving objects:  85% (107/125)
2025-04-23T14:42:10.5052171Z Receiving objects:  86% (108/125)
2025-04-23T14:42:10.5054497Z Receiving objects:  87% (109/125)
2025-04-23T14:42:10.5056596Z Receiving objects:  88% (110/125)
2025-04-23T14:42:10.5058765Z Receiving objects:  89% (112/125)
2025-04-23T14:42:10.5061161Z Receiving objects:  90% (113/125)
2025-04-23T14:42:10.5063348Z Receiving objects:  91% (114/125)
2025-04-23T14:42:10.5065782Z Receiving objects:  92% (115/125)
2025-04-23T14:42:10.5067996Z Receiving objects:  93% (117/125)
2025-04-23T14:42:10.5070157Z Receiving objects:  94% (118/125)
2025-04-23T14:42:10.5072359Z Receiving objects:  95% (119/125)
2025-04-23T14:42:10.5074715Z Receiving objects:  96% (120/125)
2025-04-23T14:42:10.5077196Z Receiving objects:  97% (122/125)
2025-04-23T14:42:10.5079409Z Receiving objects:  98% (123/125)
2025-04-23T14:42:10.5081612Z Receiving objects:  99% (124/125)
2025-04-23T14:42:10.5083753Z Receiving objects: 100% (125/125)
2025-04-23T14:42:10.5086563Z Receiving objects: 100% (125/125), 8.82 MiB | 38.13 MiB/s, done.
2025-04-23T14:42:10.5089431Z Resolving deltas:   0% (0/54)
2025-04-23T14:42:10.5091484Z Resolving deltas:   1% (1/54)
2025-04-23T14:42:10.5093521Z Resolving deltas:   3% (2/54)
2025-04-23T14:42:10.5095666Z Resolving deltas:   5% (3/54)
2025-04-23T14:42:10.5097881Z Resolving deltas:   7% (4/54)
2025-04-23T14:42:10.5099699Z Resolving deltas:   9% (5/54)
2025-04-23T14:42:10.5100962Z Resolving deltas:  11% (6/54)
2025-04-23T14:42:10.5102213Z Resolving deltas:  12% (7/54)
2025-04-23T14:42:10.5103622Z Resolving deltas:  14% (8/54)
2025-04-23T14:42:10.5105175Z Resolving deltas:  16% (9/54)
2025-04-23T14:42:10.5106441Z Resolving deltas:  18% (10/54)
2025-04-23T14:42:10.5107720Z Resolving deltas:  20% (11/54)
2025-04-23T14:42:10.5109013Z Resolving deltas:  22% (12/54)
2025-04-23T14:42:10.5110278Z Resolving deltas:  24% (13/54)
2025-04-23T14:42:10.5111524Z Resolving deltas:  25% (14/54)
2025-04-23T14:42:10.5112769Z Resolving deltas:  27% (15/54)
2025-04-23T14:42:10.5114009Z Resolving deltas:  31% (17/54)
2025-04-23T14:42:10.5115530Z Resolving deltas:  33% (18/54)
2025-04-23T14:42:10.5116766Z Resolving deltas:  35% (19/54)
2025-04-23T14:42:10.5118012Z Resolving deltas:  37% (20/54)
2025-04-23T14:42:10.5119256Z Resolving deltas:  38% (21/54)
2025-04-23T14:42:10.5120492Z Resolving deltas:  42% (23/54)
2025-04-23T14:42:10.5121724Z Resolving deltas:  44% (24/54)
2025-04-23T14:42:10.5122963Z Resolving deltas:  48% (26/54)
2025-04-23T14:42:10.5124319Z Resolving deltas:  50% (27/54)
2025-04-23T14:42:10.5125611Z Resolving deltas:  51% (28/54)
2025-04-23T14:42:10.5126838Z Resolving deltas:  55% (30/54)
2025-04-23T14:42:10.5128071Z Resolving deltas:  57% (31/54)
2025-04-23T14:42:10.5129561Z Resolving deltas:  59% (32/54)
2025-04-23T14:42:10.5131437Z Resolving deltas:  61% (33/54)
2025-04-23T14:42:10.5132889Z Resolving deltas:  62% (34/54)
2025-04-23T14:42:10.5134291Z Resolving deltas:  64% (35/54)
2025-04-23T14:42:10.5135545Z Resolving deltas:  68% (37/54)
2025-04-23T14:42:10.5137110Z Resolving deltas:  70% (38/54)
2025-04-23T14:42:10.5139003Z Resolving deltas:  72% (39/54)
2025-04-23T14:42:10.5141051Z Resolving deltas:  74% (40/54)
2025-04-23T14:42:10.5143086Z Resolving deltas:  75% (41/54)
2025-04-23T14:42:10.5145301Z Resolving deltas:  79% (43/54)
2025-04-23T14:42:10.5147318Z Resolving deltas:  81% (44/54)
2025-04-23T14:42:10.5149330Z Resolving deltas:  83% (45/54)
2025-04-23T14:42:10.5151353Z Resolving deltas:  85% (46/54)
2025-04-23T14:42:10.5153366Z Resolving deltas:  88% (48/54)
2025-04-23T14:42:10.5155534Z Resolving deltas:  90% (49/54)
2025-04-23T14:42:10.5157594Z Resolving deltas:  94% (51/54)
2025-04-23T14:42:10.5158872Z Resolving deltas:  96% (52/54)
2025-04-23T14:42:10.5160129Z Resolving deltas:  98% (53/54)
2025-04-23T14:42:10.5161363Z Resolving deltas: 100% (54/54)
2025-04-23T14:42:10.5162628Z Resolving deltas: 100% (54/54), done.
2025-04-23T14:42:10.5285063Z From https://github.com/sai-pranay-teja/JobManagement
2025-04-23T14:42:10.5307828Z  * [new ref]         dcfda55ab4395c3543c77808538956e1dd35b838 -> origin/main
2025-04-23T14:42:10.5316535Z ##[endgroup]
2025-04-23T14:42:10.5319565Z ##[group]Determining the checkout info
2025-04-23T14:42:10.5323029Z ##[endgroup]
2025-04-23T14:42:10.5325333Z ##[group]Checking out the ref
2025-04-23T14:42:10.5327208Z [command]/usr/bin/git checkout --progress --force -B main refs/remotes/origin/main
2025-04-23T14:42:10.5862927Z Switched to a new branch 'main'
2025-04-23T14:42:10.5865147Z branch 'main' set up to track 'origin/main'.
2025-04-23T14:42:10.5877213Z ##[endgroup]
2025-04-23T14:42:10.5913454Z [command]/usr/bin/git log -1 --format='%H'
2025-04-23T14:42:10.5935359Z 'dcfda55ab4395c3543c77808538956e1dd35b838'
2025-04-23T14:42:10.6264079Z ##[group]Run actions/setup-java@v3
2025-04-23T14:42:10.6265554Z with:
2025-04-23T14:42:10.6266529Z   java-version: 17
2025-04-23T14:42:10.6267619Z   distribution: corretto
2025-04-23T14:42:10.6268771Z   java-package: jdk
2025-04-23T14:42:10.6269849Z   check-latest: false
2025-04-23T14:42:10.6270934Z   server-id: github
2025-04-23T14:42:10.6272027Z   server-username: GITHUB_ACTOR
2025-04-23T14:42:10.6273263Z   server-password: GITHUB_TOKEN
2025-04-23T14:42:10.6274801Z   overwrite-settings: true
2025-04-23T14:42:10.6275986Z   job-status: success
2025-04-23T14:42:10.6277331Z   token: ***
2025-04-23T14:42:10.6278334Z env:
2025-04-23T14:42:10.6279308Z   REMOTE_HOST: 18.60.149.136
2025-04-23T14:42:10.6280464Z   REMOTE_USER: ubuntu
2025-04-23T14:42:10.6281606Z   REMOTE_BACKUP_DIR: /tmp/actions_bak
2025-04-23T14:42:10.6282875Z ##[endgroup]
2025-04-23T14:42:10.8390409Z ##[group]Installed distributions
2025-04-23T14:42:10.8415188Z Trying to resolve the latest version from remote
2025-04-23T14:42:10.9180335Z Resolved latest version as 17.0.15+6.1
2025-04-23T14:42:10.9181142Z Trying to download...
2025-04-23T14:42:10.9182200Z Downloading Java 17.0.15+6.1 (Corretto) from https://corretto.aws/downloads/resources/17.0.15.6.1/amazon-corretto-17.0.15.6.1-linux-x64.tar.gz ...
2025-04-23T14:42:11.8493653Z Extracting Java archive...
2025-04-23T14:42:11.8601764Z [command]/usr/bin/tar xz --warning=no-unknown-keyword -C /home/runner/work/_temp/3f7648ff-c7a4-41f9-a2f0-9f32b6eb4586 -f /home/runner/work/_temp/bfba5a05-b721-4858-8a4f-264584f6bfea
2025-04-23T14:42:14.3394883Z Java 17.0.15+6.1 was downloaded
2025-04-23T14:42:14.3395597Z Setting Java 17.0.15+6.1 as the default
2025-04-23T14:42:14.3405644Z Creating toolchains.xml for JDK version 17 from corretto
2025-04-23T14:42:14.3482238Z Writing to /home/runner/.m2/toolchains.xml
2025-04-23T14:42:14.3482740Z 
2025-04-23T14:42:14.3482964Z Java configuration:
2025-04-23T14:42:14.3483506Z   Distribution: corretto
2025-04-23T14:42:14.3484051Z   Version: 17.0.15+6.1
2025-04-23T14:42:14.3485431Z   Path: /opt/hostedtoolcache/Java_Corretto_jdk/17.0.15-6.1/x64
2025-04-23T14:42:14.3485789Z 
2025-04-23T14:42:14.3486441Z ##[endgroup]
2025-04-23T14:42:14.3500357Z Creating settings.xml with server-id: github
2025-04-23T14:42:14.3501701Z Writing to /home/runner/.m2/settings.xml
2025-04-23T14:42:14.3652136Z ##[group]Run echo "$SSH_KEY_SECRET" > key.pem
2025-04-23T14:42:14.3652630Z [36;1mecho "$SSH_KEY_SECRET" > key.pem[0m
2025-04-23T14:42:14.3653016Z [36;1msed -i 's/\\n/\n/g' key.pem[0m
2025-04-23T14:42:14.3653679Z [36;1mgrep -q "BEGIN RSA PRIVATE KEY" key.pem || sed -i '1i***' key.pem[0m
2025-04-23T14:42:14.3654490Z [36;1mgrep -q "END RSA PRIVATE KEY" key.pem || echo "***" >> key.pem[0m
2025-04-23T14:42:14.3654920Z [36;1mchmod 400 key.pem[0m
2025-04-23T14:42:14.3691956Z shell: /usr/bin/bash -e {0}
2025-04-23T14:42:14.3692283Z env:
2025-04-23T14:42:14.3692557Z   REMOTE_HOST: 18.60.149.136
2025-04-23T14:42:14.3692864Z   REMOTE_USER: ubuntu
2025-04-23T14:42:14.3693171Z   REMOTE_BACKUP_DIR: /tmp/actions_bak
2025-04-23T14:42:14.3693624Z   JAVA_HOME: /opt/hostedtoolcache/Java_Corretto_jdk/17.0.15-6.1/x64
2025-04-23T14:42:14.3694335Z   JAVA_HOME_17_X64: /opt/hostedtoolcache/Java_Corretto_jdk/17.0.15-6.1/x64
2025-04-23T14:42:14.3701781Z   SSH_KEY_SECRET: ***
2025-04-23T14:42:14.3702131Z ##[endgroup]
2025-04-23T14:42:14.5253888Z ##[group]Run echo "PIPELINE_START_TIME=$(date +%s)" >> $GITHUB_ENV
2025-04-23T14:42:14.5254711Z [36;1mecho "PIPELINE_START_TIME=$(date +%s)" >> $GITHUB_ENV[0m
2025-04-23T14:42:14.5286814Z shell: /usr/bin/bash -e {0}
2025-04-23T14:42:14.5287126Z env:
2025-04-23T14:42:14.5287392Z   REMOTE_HOST: 18.60.149.136
2025-04-23T14:42:14.5287699Z   REMOTE_USER: ubuntu
2025-04-23T14:42:14.5287995Z   REMOTE_BACKUP_DIR: /tmp/actions_bak
2025-04-23T14:42:14.5288430Z   JAVA_HOME: /opt/hostedtoolcache/Java_Corretto_jdk/17.0.15-6.1/x64
2025-04-23T14:42:14.5288955Z   JAVA_HOME_17_X64: /opt/hostedtoolcache/Java_Corretto_jdk/17.0.15-6.1/x64
2025-04-23T14:42:14.5289384Z ##[endgroup]
2025-04-23T14:42:14.5387005Z ##[group]Run mkdir -p build/WEB-INF/classes
2025-04-23T14:42:14.5387456Z [36;1mmkdir -p build/WEB-INF/classes[0m
2025-04-23T14:42:14.5388012Z [36;1m# Compile Java sources; redirect errors to compile_error.log and exit if compilation fails.[0m
2025-04-23T14:42:14.5388890Z [36;1m# javac -cp "src/main/webapp/WEB-INF/lib/*" -d build/WEB-INF/classes $(find src -name "*.java") 2> compile_error.log || { echo "Build failed!"; exit 1; }[0m
2025-04-23T14:42:14.5389806Z [36;1mjavac -cp "src/main/webapp/WEB-INF/lib/*" -d build/WEB-INF/classes $(find src -name "*.java") 2> compile_error.log[0m
2025-04-23T14:42:14.5390391Z [36;1m[0m
2025-04-23T14:42:14.5390710Z [36;1mcp -R src/main/resources/* build/WEB-INF/classes/[0m
2025-04-23T14:42:14.5391114Z [36;1mcp -R src/main/webapp/* build/[0m
2025-04-23T14:42:14.5391504Z [36;1mjar -cvf JobManagement_ACTIONS.war -C build .[0m
2025-04-23T14:42:14.5421833Z shell: /usr/bin/bash -e {0}
2025-04-23T14:42:14.5422158Z env:
2025-04-23T14:42:14.5422457Z   REMOTE_HOST: 18.60.149.136
2025-04-23T14:42:14.5422757Z   REMOTE_USER: ubuntu
2025-04-23T14:42:14.5423058Z   REMOTE_BACKUP_DIR: /tmp/actions_bak
2025-04-23T14:42:14.5423478Z   JAVA_HOME: /opt/hostedtoolcache/Java_Corretto_jdk/17.0.15-6.1/x64
2025-04-23T14:42:14.5423995Z   JAVA_HOME_17_X64: /opt/hostedtoolcache/Java_Corretto_jdk/17.0.15-6.1/x64
2025-04-23T14:42:14.5424690Z   PIPELINE_START_TIME: 1745419334
2025-04-23T14:42:14.5425015Z ##[endgroup]
2025-04-23T14:42:15.0177854Z ##[error]Process completed with exit code 1.
2025-04-23T14:42:15.0257979Z ##[group]Run ssh -o StrictHostKeyChecking=no -i key.pem $REMOTE_USER@$REMOTE_HOST "timeout 60 bash -c 'until grep -q \"Deployment of web application archive\" <(tail -n 50 /opt/tomcat10/logs/catalina.out); do sleep 5; done'"
2025-04-23T14:42:15.0259425Z [36;1mssh -o StrictHostKeyChecking=no -i key.pem $REMOTE_USER@$REMOTE_HOST "timeout 60 bash -c 'until grep -q \"Deployment of web application archive\" <(tail -n 50 /opt/tomcat10/logs/catalina.out); do sleep 5; done'"[0m
2025-04-23T14:42:15.0291588Z shell: /usr/bin/bash -e {0}
2025-04-23T14:42:15.0291901Z env:
2025-04-23T14:42:15.0292154Z   REMOTE_HOST: 18.60.149.136
2025-04-23T14:42:15.0292447Z   REMOTE_USER: ubuntu
2025-04-23T14:42:15.0292744Z   REMOTE_BACKUP_DIR: /tmp/actions_bak
2025-04-23T14:42:15.0293171Z   JAVA_HOME: /opt/hostedtoolcache/Java_Corretto_jdk/17.0.15-6.1/x64
2025-04-23T14:42:15.0293689Z   JAVA_HOME_17_X64: /opt/hostedtoolcache/Java_Corretto_jdk/17.0.15-6.1/x64
2025-04-23T14:42:15.0294358Z   PIPELINE_START_TIME: 1745419334
2025-04-23T14:42:15.0294682Z ##[endgroup]
2025-04-23T14:42:16.1547868Z Warning: Permanently added '18.60.149.136' (ED25519) to the list of known hosts.
2025-04-23T14:42:17.9032753Z ##[group]Run echo "DEPLOY_END_TIME=$(date +%s)" >> $GITHUB_ENV
2025-04-23T14:42:17.9033261Z [36;1mecho "DEPLOY_END_TIME=$(date +%s)" >> $GITHUB_ENV[0m
2025-04-23T14:42:17.9064007Z shell: /usr/bin/bash -e {0}
2025-04-23T14:42:17.9064480Z env:
2025-04-23T14:42:17.9064732Z   REMOTE_HOST: 18.60.149.136
2025-04-23T14:42:17.9065068Z   REMOTE_USER: ubuntu
2025-04-23T14:42:17.9065360Z   REMOTE_BACKUP_DIR: /tmp/actions_bak
2025-04-23T14:42:17.9065776Z   JAVA_HOME: /opt/hostedtoolcache/Java_Corretto_jdk/17.0.15-6.1/x64
2025-04-23T14:42:17.9066291Z   JAVA_HOME_17_X64: /opt/hostedtoolcache/Java_Corretto_jdk/17.0.15-6.1/x64
2025-04-23T14:42:17.9066731Z   PIPELINE_START_TIME: 1745419334
2025-04-23T14:42:17.9067046Z ##[endgroup]
2025-04-23T14:42:17.9154004Z ##[group]Run ssh -o StrictHostKeyChecking=no -i key.pem $REMOTE_USER@$REMOTE_HOST "vmstat -s | awk '{printf \"%.2f MB - %s\n\", \$1/1024, substr(\$0, index(\$0,\$2))}'" > resource_usage_after.log
2025-04-23T14:42:17.9155420Z [36;1mssh -o StrictHostKeyChecking=no -i key.pem $REMOTE_USER@$REMOTE_HOST "vmstat -s | awk '{printf \"%.2f MB - %s\n\", \$1/1024, substr(\$0, index(\$0,\$2))}'" > resource_usage_after.log[0m
2025-04-23T14:42:17.9156321Z [36;1mssh -o StrictHostKeyChecking=no -i key.pem $REMOTE_USER@$REMOTE_HOST "free -h" > mem_after.log[0m
2025-04-23T14:42:17.9183808Z shell: /usr/bin/bash -e {0}
2025-04-23T14:42:17.9184108Z env:
2025-04-23T14:42:17.9184571Z   REMOTE_HOST: 18.60.149.136
2025-04-23T14:42:17.9184869Z   REMOTE_USER: ubuntu
2025-04-23T14:42:17.9185163Z   REMOTE_BACKUP_DIR: /tmp/actions_bak
2025-04-23T14:42:17.9185587Z   JAVA_HOME: /opt/hostedtoolcache/Java_Corretto_jdk/17.0.15-6.1/x64
2025-04-23T14:42:17.9186147Z   JAVA_HOME_17_X64: /opt/hostedtoolcache/Java_Corretto_jdk/17.0.15-6.1/x64
2025-04-23T14:42:17.9186563Z   PIPELINE_START_TIME: 1745419334
2025-04-23T14:42:17.9186875Z   DEPLOY_END_TIME: 1745419337
2025-04-23T14:42:17.9187161Z ##[endgroup]
2025-04-23T14:42:23.0573178Z ##[group]Run source $GITHUB_ENV
2025-04-23T14:42:23.0573807Z [36;1msource $GITHUB_ENV[0m
2025-04-23T14:42:23.0574720Z [36;1mDEPLOY_DURATION=$(($DEPLOY_END_TIME - $DEPLOY_START_TIME))[0m
2025-04-23T14:42:23.0575494Z [36;1mPIPELINE_END_TIME=$(date +%s)[0m
2025-04-23T14:42:23.0576311Z [36;1mTOTAL_PIPELINE_TIME=$(($PIPELINE_END_TIME - $PIPELINE_START_TIME))[0m
2025-04-23T14:42:23.0577243Z [36;1mecho "DEPLOY_DURATION=$DEPLOY_DURATION" >> $GITHUB_ENV[0m
2025-04-23T14:42:23.0578145Z [36;1mecho "TOTAL_PIPELINE_TIME=$TOTAL_PIPELINE_TIME" >> $GITHUB_ENV[0m
2025-04-23T14:42:23.0621995Z shell: /usr/bin/bash -e {0}
2025-04-23T14:42:23.0622304Z env:
2025-04-23T14:42:23.0622551Z   REMOTE_HOST: 18.60.149.136
2025-04-23T14:42:23.0622839Z   REMOTE_USER: ubuntu
2025-04-23T14:42:23.0623130Z   REMOTE_BACKUP_DIR: /tmp/actions_bak
2025-04-23T14:42:23.0623554Z   JAVA_HOME: /opt/hostedtoolcache/Java_Corretto_jdk/17.0.15-6.1/x64
2025-04-23T14:42:23.0624100Z   JAVA_HOME_17_X64: /opt/hostedtoolcache/Java_Corretto_jdk/17.0.15-6.1/x64
2025-04-23T14:42:23.0624791Z   PIPELINE_START_TIME: 1745419334
2025-04-23T14:42:23.0625115Z   DEPLOY_END_TIME: 1745419337
2025-04-23T14:42:23.0625409Z ##[endgroup]
2025-04-23T14:42:23.0679758Z /home/runner/work/_temp/2425f9d4-efac-42b7-9619-26b8461a4d87.sh: line 2: 1745419337 - : syntax error: operand expected (error token is "- ")
2025-04-23T14:42:23.0725120Z ##[group]Run echo $'The error is:\n '
2025-04-23T14:42:23.0725705Z [36;1mecho $'The error is:\n '[0m
2025-04-23T14:42:23.0726035Z [36;1mcat compile_error.log[0m
2025-04-23T14:42:23.0726332Z [36;1m[0m
2025-04-23T14:42:23.0726647Z [36;1mecho "Deployment failed! Initiating rollback..."[0m
2025-04-23T14:42:23.0727057Z [36;1mROLLBACK_START=$(date +%s)[0m
2025-04-23T14:42:23.0727368Z [36;1m[0m
2025-04-23T14:42:23.0728406Z [36;1mssh -o StrictHostKeyChecking=no -i key.pem $REMOTE_USER@$REMOTE_HOST "if [ -f /tmp/actions_bak/JobManagement_ACTIONS.war_bak ]; then sudo cp /tmp/actions_bak/JobManagement_ACTIONS.war_bak /opt/tomcat10/webapps/JobManagement_ACTIONS.war; else echo 'No backup available'; exit 1; fi"[0m
2025-04-23T14:42:23.0729489Z [36;1m[0m
2025-04-23T14:42:23.0729883Z [36;1mssh -o StrictHostKeyChecking=no -i key.pem $REMOTE_USER@$REMOTE_HOST <<EOF[0m
2025-04-23T14:42:23.0730451Z [36;1m  sudo rm -rf /opt/tomcat10/webapps/JobManagement_ACTIONS || true[0m
2025-04-23T14:42:23.0730899Z [36;1m  sleep 5[0m
2025-04-23T14:42:23.0731227Z [36;1m  sudo /opt/tomcat10/bin/shutdown.sh || true[0m
2025-04-23T14:42:23.0731609Z [36;1m  sudo /opt/tomcat10/bin/startup.sh[0m
2025-04-23T14:42:23.0731943Z [36;1m  exit[0m
2025-04-23T14:42:23.0732201Z [36;1mEOF[0m
2025-04-23T14:42:23.0732440Z [36;1m[0m
2025-04-23T14:42:23.0732696Z [36;1mROLLBACK_END=$(date +%s)[0m
2025-04-23T14:42:23.0733079Z [36;1mROLLBACK_DURATION=$((ROLLBACK_END - ROLLBACK_START))[0m
2025-04-23T14:42:23.0733558Z [36;1mecho "ROLLBACK_DURATION=$ROLLBACK_DURATION" >> $GITHUB_ENV[0m
2025-04-23T14:42:23.0760651Z shell: /usr/bin/bash -e {0}
2025-04-23T14:42:23.0760955Z env:
2025-04-23T14:42:23.0761199Z   REMOTE_HOST: 18.60.149.136
2025-04-23T14:42:23.0761488Z   REMOTE_USER: ubuntu
2025-04-23T14:42:23.0761785Z   REMOTE_BACKUP_DIR: /tmp/actions_bak
2025-04-23T14:42:23.0762204Z   JAVA_HOME: /opt/hostedtoolcache/Java_Corretto_jdk/17.0.15-6.1/x64
2025-04-23T14:42:23.0762725Z   JAVA_HOME_17_X64: /opt/hostedtoolcache/Java_Corretto_jdk/17.0.15-6.1/x64
2025-04-23T14:42:23.0763158Z   PIPELINE_START_TIME: 1745419334
2025-04-23T14:42:23.0763472Z   DEPLOY_END_TIME: 1745419337
2025-04-23T14:42:23.0763755Z   DEPLOY_DURATION: 
2025-04-23T14:42:23.0764023Z   TOTAL_PIPELINE_TIME: 9
2025-04-23T14:42:23.0764525Z ##[endgroup]
2025-04-23T14:42:23.0811761Z The error is:
2025-04-23T14:42:23.0812187Z  
2025-04-23T14:42:23.0821016Z src/main/java/metrics/EfficiencyIndexCalculator.java:1: error: ';' expected
2025-04-23T14:42:23.0821714Z package metrics
2025-04-23T14:42:23.0821981Z                ^
2025-04-23T14:42:23.0822313Z 1 error
2025-04-23T14:42:23.0822784Z Deployment failed! Initiating rollback...
2025-04-23T14:42:25.7400082Z Pseudo-terminal will not be allocated because stdin is not a terminal.
2025-04-23T14:42:28.2435976Z Welcome to Ubuntu 24.04.2 LTS (GNU/Linux 6.8.0-1027-aws x86_64)
2025-04-23T14:42:28.2436570Z 
2025-04-23T14:42:28.2436894Z  * Documentation:  https://help.ubuntu.com
2025-04-23T14:42:28.2437707Z  * Management:     https://landscape.canonical.com
2025-04-23T14:42:28.2438337Z  * Support:        https://ubuntu.com/pro
2025-04-23T14:42:28.2438676Z 
2025-04-23T14:42:28.2438922Z  System information as of Wed Apr 23 14:42:16 UTC 2025
2025-04-23T14:42:28.2439317Z 
2025-04-23T14:42:28.2439519Z   System load:  0.35              Temperature:           -273.1 C
2025-04-23T14:42:28.2439988Z   Usage of /:   68.5% of 6.71GB   Processes:             119
2025-04-23T14:42:28.2440435Z   Memory usage: 28%               Users logged in:       1
2025-04-23T14:42:28.2440904Z   Swap usage:   0%                IPv4 address for ens5: 172.31.20.166
2025-04-23T14:42:28.2441200Z 
2025-04-23T14:42:28.2441426Z  * Ubuntu Pro delivers the most comprehensive open source security and
2025-04-23T14:42:28.2441872Z    compliance features.
2025-04-23T14:42:28.2442047Z 
2025-04-23T14:42:28.2442191Z    https://ubuntu.com/aws/pro
2025-04-23T14:42:28.2442539Z 
2025-04-23T14:42:28.2442885Z Expanded Security Maintenance for Applications is not enabled.
2025-04-23T14:42:28.2443952Z 
2025-04-23T14:42:28.2444669Z 2 updates can be applied immediately.
2025-04-23T14:42:28.2445443Z To see these additional updates run: apt list --upgradable
2025-04-23T14:42:28.2445980Z 
2025-04-23T14:42:28.2446345Z Enable ESM Apps to receive additional future security updates.
2025-04-23T14:42:28.2447183Z See https://ubuntu.com/esm or run: sudo pro status
2025-04-23T14:42:28.2447657Z 
2025-04-23T14:42:28.2447666Z 
2025-04-23T14:42:33.4742776Z sudo: /opt/tomcat10/bin/shutdown.sh: command not found
2025-04-23T14:42:33.4904648Z Tomcat started.
2025-04-23T14:42:33.5006271Z ##[group]Run echo "-------------------------------------------------"
2025-04-23T14:42:33.5007190Z [36;1mecho "-------------------------------------------------"[0m
2025-04-23T14:42:33.5007932Z [36;1mecho "              CI/CD Metrics Summary              "[0m
2025-04-23T14:42:33.5008661Z [36;1mecho "-------------------------------------------------"[0m
2025-04-23T14:42:33.5009423Z [36;1mecho "| Metric                             | Value          |"[0m
2025-04-23T14:42:33.5010205Z [36;1mecho "-------------------------------------------------"[0m
2025-04-23T14:42:33.5011072Z [36;1mecho "| Total Pipeline Time (sec)          | $TOTAL_PIPELINE_TIME          |"[0m
2025-04-23T14:42:33.5011765Z [36;1m# If deployment succeeded, DEPLOY_DURATION is set; if not, ROLLBACK_DURATION is used.[0m
2025-04-23T14:42:33.5012289Z [36;1mif [ -n "$DEPLOY_DURATION" ]; then[0m
2025-04-23T14:42:33.5012799Z [36;1m  echo "| Deployment Time (sec)              | $DEPLOY_DURATION          |"[0m
2025-04-23T14:42:33.5013206Z [36;1melse[0m
2025-04-23T14:42:33.5013555Z [36;1m  echo "| Rollback Time (sec)     | $ROLLBACK_DURATION          |"[0m
2025-04-23T14:42:33.5013948Z [36;1mfi[0m
2025-04-23T14:42:33.5015020Z [36;1mecho "| Lead Time for Changes (sec)        | $LEAD_TIME          |"[0m
2025-04-23T14:42:33.5015467Z [36;1mif [ -f test_results.log ]; then[0m
2025-04-23T14:42:33.5015913Z [36;1m  TEST_SUMMARY=$(grep -i "tests found" test_results.log | head -n 1)[0m
2025-04-23T14:42:33.5016352Z [36;1melse[0m
2025-04-23T14:42:33.5016616Z [36;1m  TEST_SUMMARY="N/A"[0m
2025-04-23T14:42:33.5016907Z [36;1mfi[0m
2025-04-23T14:42:33.5017327Z [36;1m# ─── Cost Calculation & Echo ──────────────────────────────────────────────[0m
2025-04-23T14:42:33.5017898Z [36;1m# GitHub Actions hosted runner = $0.008 per minute = $0.0001333 per sec[0m
2025-04-23T14:42:33.5018419Z [36;1mCOST=$(awk "BEGIN { printf \"%.4f\", $TOTAL_PIPELINE_TIME * 0.008/60 }")[0m
2025-04-23T14:42:33.5018916Z [36;1mecho "| Cost (USD)                         | $COST              |"[0m
2025-04-23T14:42:33.5019402Z [36;1m# ─────────────────────────────────────────────────────────────────────────────[0m
2025-04-23T14:42:33.5019905Z [36;1mecho "| Test Summary                       | $TEST_SUMMARY          |"[0m
2025-04-23T14:42:33.5020290Z [36;1m[0m
2025-04-23T14:42:33.5020594Z [36;1mecho "-------------------------------------------------"[0m
2025-04-23T14:42:33.5020985Z [36;1mecho "Memory Usage BEFORE:"[0m
2025-04-23T14:42:33.5021333Z [36;1mcat mem_before.log[0m
2025-04-23T14:42:33.5021668Z [36;1mecho "-------------------------------------------------"[0m
2025-04-23T14:42:33.5022045Z [36;1mecho "Memory Usage AFTER:"[0m
2025-04-23T14:42:33.5022367Z [36;1mcat mem_after.log[0m
2025-04-23T14:42:33.5022694Z [36;1mecho "-------------------------------------------------"[0m
2025-04-23T14:42:33.5023082Z [36;1mecho "Resource Usage BEFORE (vmstat):"[0m
2025-04-23T14:42:33.5023438Z [36;1mcat resource_usage_before.log[0m
2025-04-23T14:42:33.5023815Z [36;1mecho "-------------------------------------------------"[0m
2025-04-23T14:42:33.5024404Z [36;1mecho "Resource Usage AFTER (vmstat):"[0m
2025-04-23T14:42:33.5024777Z [36;1mcat resource_usage_after.log[0m
2025-04-23T14:42:33.5025143Z [36;1mecho "-------------------------------------------------"[0m
2025-04-23T14:42:33.5056173Z shell: /usr/bin/bash -e {0}
2025-04-23T14:42:33.5056497Z env:
2025-04-23T14:42:33.5056761Z   REMOTE_HOST: 18.60.149.136
2025-04-23T14:42:33.5057311Z   REMOTE_USER: ubuntu
2025-04-23T14:42:33.5057604Z   REMOTE_BACKUP_DIR: /tmp/actions_bak
2025-04-23T14:42:33.5058021Z   JAVA_HOME: /opt/hostedtoolcache/Java_Corretto_jdk/17.0.15-6.1/x64
2025-04-23T14:42:33.5058522Z   JAVA_HOME_17_X64: /opt/hostedtoolcache/Java_Corretto_jdk/17.0.15-6.1/x64
2025-04-23T14:42:33.5058952Z   PIPELINE_START_TIME: 1745419334
2025-04-23T14:42:33.5059271Z   DEPLOY_END_TIME: 1745419337
2025-04-23T14:42:33.5059573Z   DEPLOY_DURATION: 
2025-04-23T14:42:33.5060097Z   TOTAL_PIPELINE_TIME: 9
2025-04-23T14:42:33.5060394Z   ROLLBACK_DURATION: 10
2025-04-23T14:42:33.5060671Z ##[endgroup]
2025-04-23T14:42:33.5116561Z -------------------------------------------------
2025-04-23T14:42:33.5117248Z               CI/CD Metrics Summary              
2025-04-23T14:42:33.5117842Z -------------------------------------------------
2025-04-23T14:42:33.5118457Z | Metric                             | Value          |
2025-04-23T14:42:33.5119076Z -------------------------------------------------
2025-04-23T14:42:33.5119551Z | Total Pipeline Time (sec)          | 9          |
2025-04-23T14:42:33.5119915Z | Rollback Time (sec)     | 10          |
2025-04-23T14:42:33.5120279Z | Lead Time for Changes (sec)        |           |
2025-04-23T14:42:33.5140999Z | Cost (USD)                         | 0.0012              |
2025-04-23T14:42:33.5141699Z | Test Summary                       | N/A          |
2025-04-23T14:42:33.5142341Z -------------------------------------------------
2025-04-23T14:42:33.5142792Z Memory Usage BEFORE:
2025-04-23T14:42:33.5150494Z cat: mem_before.log: No such file or directory
2025-04-23T14:42:33.5156801Z ##[error]Process completed with exit code 1.
2025-04-23T14:42:33.5234388Z Post job cleanup.
2025-04-23T14:42:33.7016567Z Post job cleanup.
2025-04-23T14:42:33.7792019Z [command]/usr/bin/git version
2025-04-23T14:42:33.7832568Z git version 2.49.0
2025-04-23T14:42:33.7878828Z Temporarily overriding HOME='/home/runner/work/_temp/2cb124ec-40bf-4214-8327-8e246ff091be' before making global git config changes
2025-04-23T14:42:33.7880334Z Adding repository directory to the temporary git global config as a safe directory
2025-04-23T14:42:33.7883940Z [command]/usr/bin/git config --global --add safe.directory /home/runner/work/JobManagement/JobManagement
2025-04-23T14:42:33.7920516Z [command]/usr/bin/git config --local --name-only --get-regexp core\.sshCommand
2025-04-23T14:42:33.7953473Z [command]/usr/bin/git submodule foreach --recursive sh -c "git config --local --name-only --get-regexp 'core\.sshCommand' && git config --local --unset-all 'core.sshCommand' || :"
2025-04-23T14:42:33.8206017Z [command]/usr/bin/git config --local --name-only --get-regexp http\.https\:\/\/github\.com\/\.extraheader
2025-04-23T14:42:33.8231600Z http.https://github.com/.extraheader
2025-04-23T14:42:33.8246981Z [command]/usr/bin/git config --local --unset-all http.https://github.com/.extraheader
2025-04-23T14:42:33.8280288Z [command]/usr/bin/git submodule foreach --recursive sh -c "git config --local --name-only --get-regexp 'http\.https\:\/\/github\.com\/\.extraheader' && git config --local --unset-all 'http.https://github.com/.extraheader' || :"
2025-04-23T14:42:33.8648070Z Cleaning up orphan processes
