2025-04-23T14:35:36.6144029Z Current runner version: '2.323.0'
2025-04-23T14:35:36.6182845Z ##[group]Operating System
2025-04-23T14:35:36.6184557Z Ubuntu
2025-04-23T14:35:36.6186013Z 24.04.2
2025-04-23T14:35:36.6187134Z LTS
2025-04-23T14:35:36.6188533Z ##[endgroup]
2025-04-23T14:35:36.6189956Z ##[group]Runner Image
2025-04-23T14:35:36.6191697Z Image: ubuntu-24.04
2025-04-23T14:35:36.6193134Z Version: 20250420.1.0
2025-04-23T14:35:36.6195476Z Included Software: https://github.com/actions/runner-images/blob/ubuntu24/20250420.1/images/ubuntu/Ubuntu2404-Readme.md
2025-04-23T14:35:36.6198594Z Image Release: https://github.com/actions/runner-images/releases/tag/ubuntu24%2F20250420.1
2025-04-23T14:35:36.6200909Z ##[endgroup]
2025-04-23T14:35:36.6202242Z ##[group]Runner Image Provisioner
2025-04-23T14:35:36.6203879Z 2.0.422.1
2025-04-23T14:35:36.6205287Z ##[endgroup]
2025-04-23T14:35:36.6207941Z ##[group]GITHUB_TOKEN Permissions
2025-04-23T14:35:36.6211260Z Contents: read
2025-04-23T14:35:36.6212614Z Metadata: read
2025-04-23T14:35:36.6214292Z Packages: read
2025-04-23T14:35:36.6215736Z ##[endgroup]
2025-04-23T14:35:36.6219398Z Secret source: Actions
2025-04-23T14:35:36.6221406Z Prepare workflow directory
2025-04-23T14:35:36.6797869Z Prepare all required actions
2025-04-23T14:35:36.6855111Z Getting action download info
2025-04-23T14:35:37.0588258Z ##[group]Download immutable action package 'actions/checkout@v3'
2025-04-23T14:35:37.0589774Z Version: 3.6.0
2025-04-23T14:35:37.0591249Z Digest: sha256:942562b9c7d4b1f2557f1da21f4d3eb4eb4fd01f2ad78b2a6e187d1b193e0a0f
2025-04-23T14:35:37.0592893Z Source commit SHA: f43a0e5ff2bd294095638e18286ca9a3d1956744
2025-04-23T14:35:37.0594399Z ##[endgroup]
2025-04-23T14:35:37.1457500Z ##[group]Download immutable action package 'actions/setup-java@v3'
2025-04-23T14:35:37.1458775Z Version: 3.14.1
2025-04-23T14:35:37.1459651Z Digest: sha256:0f5994bd85f236d7525048fec5b0b7b3ec7474ec50184c8f78a320717cfb3d51
2025-04-23T14:35:37.1460944Z Source commit SHA: 17f84c3641ba7b8f6deff6309fc4c864478f5d62
2025-04-23T14:35:37.1461820Z ##[endgroup]
2025-04-23T14:35:37.4427300Z Complete job name: build-and-deploy
2025-04-23T14:35:37.5196336Z ##[group]Run actions/checkout@v3
2025-04-23T14:35:37.5197428Z with:
2025-04-23T14:35:37.5198066Z   repository: sai-pranay-teja/JobManagement
2025-04-23T14:35:37.5199058Z   token: ***
2025-04-23T14:35:37.5199635Z   ssh-strict: true
2025-04-23T14:35:37.5200257Z   persist-credentials: true
2025-04-23T14:35:37.5201161Z   clean: true
2025-04-23T14:35:37.5201776Z   sparse-checkout-cone-mode: true
2025-04-23T14:35:37.5202454Z   fetch-depth: 1
2025-04-23T14:35:37.5203044Z   fetch-tags: false
2025-04-23T14:35:37.5203610Z   lfs: false
2025-04-23T14:35:37.5204178Z   submodules: false
2025-04-23T14:35:37.5204787Z   set-safe-directory: true
2025-04-23T14:35:37.5205663Z env:
2025-04-23T14:35:37.5206246Z   REMOTE_HOST: 18.60.149.136
2025-04-23T14:35:37.5206887Z   REMOTE_USER: ubuntu
2025-04-23T14:35:37.5207514Z   REMOTE_BACKUP_DIR: /tmp/actions_bak
2025-04-23T14:35:37.5208203Z ##[endgroup]
2025-04-23T14:35:37.7002073Z Syncing repository: sai-pranay-teja/JobManagement
2025-04-23T14:35:37.7005514Z ##[group]Getting Git version info
2025-04-23T14:35:37.7007136Z Working directory is '/home/runner/work/JobManagement/JobManagement'
2025-04-23T14:35:37.7009605Z [command]/usr/bin/git version
2025-04-23T14:35:37.7065617Z git version 2.49.0
2025-04-23T14:35:37.7096888Z ##[endgroup]
2025-04-23T14:35:37.7116320Z Temporarily overriding HOME='/home/runner/work/_temp/a4fab2b1-9909-4c47-b8a4-2ce136d8fe83' before making global git config changes
2025-04-23T14:35:37.7119061Z Adding repository directory to the temporary git global config as a safe directory
2025-04-23T14:35:37.7121705Z [command]/usr/bin/git config --global --add safe.directory /home/runner/work/JobManagement/JobManagement
2025-04-23T14:35:37.7158399Z Deleting the contents of '/home/runner/work/JobManagement/JobManagement'
2025-04-23T14:35:37.7162666Z ##[group]Initializing the repository
2025-04-23T14:35:37.7165673Z [command]/usr/bin/git init /home/runner/work/JobManagement/JobManagement
2025-04-23T14:35:37.7242686Z hint: Using 'master' as the name for the initial branch. This default branch name
2025-04-23T14:35:37.7244355Z hint: is subject to change. To configure the initial branch name to use in all
2025-04-23T14:35:37.7245620Z hint: of your new repositories, which will suppress this warning, call:
2025-04-23T14:35:37.7246753Z hint:
2025-04-23T14:35:37.7247915Z hint: 	git config --global init.defaultBranch <name>
2025-04-23T14:35:37.7248812Z hint:
2025-04-23T14:35:37.7249629Z hint: Names commonly chosen instead of 'master' are 'main', 'trunk' and
2025-04-23T14:35:37.7251153Z hint: 'development'. The just-created branch can be renamed via this command:
2025-04-23T14:35:37.7252212Z hint:
2025-04-23T14:35:37.7252951Z hint: 	git branch -m <name>
2025-04-23T14:35:37.7254231Z Initialized empty Git repository in /home/runner/work/JobManagement/JobManagement/.git/
2025-04-23T14:35:37.7258006Z [command]/usr/bin/git remote add origin https://github.com/sai-pranay-teja/JobManagement
2025-04-23T14:35:37.7292174Z ##[endgroup]
2025-04-23T14:35:37.7293335Z ##[group]Disabling automatic garbage collection
2025-04-23T14:35:37.7294884Z [command]/usr/bin/git config --local gc.auto 0
2025-04-23T14:35:37.7322137Z ##[endgroup]
2025-04-23T14:35:37.7323466Z ##[group]Setting up auth
2025-04-23T14:35:37.7327194Z [command]/usr/bin/git config --local --name-only --get-regexp core\.sshCommand
2025-04-23T14:35:37.7354146Z [command]/usr/bin/git submodule foreach --recursive sh -c "git config --local --name-only --get-regexp 'core\.sshCommand' && git config --local --unset-all 'core.sshCommand' || :"
2025-04-23T14:35:37.7667740Z [command]/usr/bin/git config --local --name-only --get-regexp http\.https\:\/\/github\.com\/\.extraheader
2025-04-23T14:35:37.7696097Z [command]/usr/bin/git submodule foreach --recursive sh -c "git config --local --name-only --get-regexp 'http\.https\:\/\/github\.com\/\.extraheader' && git config --local --unset-all 'http.https://github.com/.extraheader' || :"
2025-04-23T14:35:37.7929529Z [command]/usr/bin/git config --local http.https://github.com/.extraheader AUTHORIZATION: basic ***
2025-04-23T14:35:37.7995250Z ##[endgroup]
2025-04-23T14:35:37.7997077Z ##[group]Fetching the repository
2025-04-23T14:35:37.8006050Z [command]/usr/bin/git -c protocol.version=2 fetch --no-tags --prune --progress --no-recurse-submodules --depth=1 origin +dcfda55ab4395c3543c77808538956e1dd35b838:refs/remotes/origin/main
2025-04-23T14:35:38.0840147Z remote: Enumerating objects: 125, done.        
2025-04-23T14:35:38.0842014Z remote: Counting objects:   0% (1/125)        
2025-04-23T14:35:38.0843248Z remote: Counting objects:   1% (2/125)        
2025-04-23T14:35:38.0844706Z remote: Counting objects:   2% (3/125)        
2025-04-23T14:35:38.0846944Z remote: Counting objects:   3% (4/125)        
2025-04-23T14:35:38.0848340Z remote: Counting objects:   4% (5/125)        
2025-04-23T14:35:38.0849209Z remote: Counting objects:   5% (7/125)        
2025-04-23T14:35:38.0850100Z remote: Counting objects:   6% (8/125)        
2025-04-23T14:35:38.0851217Z remote: Counting objects:   7% (9/125)        
2025-04-23T14:35:38.0852093Z remote: Counting objects:   8% (10/125)        
2025-04-23T14:35:38.0852953Z remote: Counting objects:   9% (12/125)        
2025-04-23T14:35:38.0853795Z remote: Counting objects:  10% (13/125)        
2025-04-23T14:35:38.0854634Z remote: Counting objects:  11% (14/125)        
2025-04-23T14:35:38.0855463Z remote: Counting objects:  12% (15/125)        
2025-04-23T14:35:38.0856377Z remote: Counting objects:  13% (17/125)        
2025-04-23T14:35:38.0857307Z remote: Counting objects:  14% (18/125)        
2025-04-23T14:35:38.0858117Z remote: Counting objects:  15% (19/125)        
2025-04-23T14:35:38.0858920Z remote: Counting objects:  16% (20/125)        
2025-04-23T14:35:38.0859708Z remote: Counting objects:  17% (22/125)        
2025-04-23T14:35:38.0860502Z remote: Counting objects:  18% (23/125)        
2025-04-23T14:35:38.0861412Z remote: Counting objects:  19% (24/125)        
2025-04-23T14:35:38.0863073Z remote: Counting objects:  20% (25/125)        
2025-04-23T14:35:38.0864328Z remote: Counting objects:  21% (27/125)        
2025-04-23T14:35:38.0865509Z remote: Counting objects:  22% (28/125)        
2025-04-23T14:35:38.0867048Z remote: Counting objects:  23% (29/125)        
2025-04-23T14:35:38.0868474Z remote: Counting objects:  24% (30/125)        
2025-04-23T14:35:38.0869513Z remote: Counting objects:  25% (32/125)        
2025-04-23T14:35:38.0870311Z remote: Counting objects:  26% (33/125)        
2025-04-23T14:35:38.0871456Z remote: Counting objects:  27% (34/125)        
2025-04-23T14:35:38.0872457Z remote: Counting objects:  28% (35/125)        
2025-04-23T14:35:38.0873512Z remote: Counting objects:  29% (37/125)        
2025-04-23T14:35:38.0874316Z remote: Counting objects:  30% (38/125)        
2025-04-23T14:35:38.0875293Z remote: Counting objects:  31% (39/125)        
2025-04-23T14:35:38.0876118Z remote: Counting objects:  32% (40/125)        
2025-04-23T14:35:38.0876933Z remote: Counting objects:  33% (42/125)        
2025-04-23T14:35:38.0877752Z remote: Counting objects:  34% (43/125)        
2025-04-23T14:35:38.0878534Z remote: Counting objects:  35% (44/125)        
2025-04-23T14:35:38.0879324Z remote: Counting objects:  36% (45/125)        
2025-04-23T14:35:38.0880117Z remote: Counting objects:  37% (47/125)        
2025-04-23T14:35:38.0881063Z remote: Counting objects:  38% (48/125)        
2025-04-23T14:35:38.0881857Z remote: Counting objects:  39% (49/125)        
2025-04-23T14:35:38.0882626Z remote: Counting objects:  40% (50/125)        
2025-04-23T14:35:38.0883406Z remote: Counting objects:  41% (52/125)        
2025-04-23T14:35:38.0884192Z remote: Counting objects:  42% (53/125)        
2025-04-23T14:35:38.0884983Z remote: Counting objects:  43% (54/125)        
2025-04-23T14:35:38.0885886Z remote: Counting objects:  44% (55/125)        
2025-04-23T14:35:38.0887304Z remote: Counting objects:  45% (57/125)        
2025-04-23T14:35:38.0888631Z remote: Counting objects:  46% (58/125)        
2025-04-23T14:35:38.0890472Z remote: Counting objects:  47% (59/125)        
2025-04-23T14:35:38.0892384Z remote: Counting objects:  48% (60/125)        
2025-04-23T14:35:38.0893854Z remote: Counting objects:  49% (62/125)        
2025-04-23T14:35:38.0895500Z remote: Counting objects:  50% (63/125)        
2025-04-23T14:35:38.0896726Z remote: Counting objects:  51% (64/125)        
2025-04-23T14:35:38.0898474Z remote: Counting objects:  52% (65/125)        
2025-04-23T14:35:38.0899473Z remote: Counting objects:  53% (67/125)        
2025-04-23T14:35:38.0900292Z remote: Counting objects:  54% (68/125)        
2025-04-23T14:35:38.0901891Z remote: Counting objects:  55% (69/125)        
2025-04-23T14:35:38.0903656Z remote: Counting objects:  56% (70/125)        
2025-04-23T14:35:38.0904570Z remote: Counting objects:  57% (72/125)        
2025-04-23T14:35:38.0905575Z remote: Counting objects:  58% (73/125)        
2025-04-23T14:35:38.0907035Z remote: Counting objects:  59% (74/125)        
2025-04-23T14:35:38.0908651Z remote: Counting objects:  60% (75/125)        
2025-04-23T14:35:38.0910315Z remote: Counting objects:  61% (77/125)        
2025-04-23T14:35:38.0911492Z remote: Counting objects:  62% (78/125)        
2025-04-23T14:35:38.0912645Z remote: Counting objects:  63% (79/125)        
2025-04-23T14:35:38.0914206Z remote: Counting objects:  64% (80/125)        
2025-04-23T14:35:38.0915115Z remote: Counting objects:  65% (82/125)        
2025-04-23T14:35:38.0915915Z remote: Counting objects:  66% (83/125)        
2025-04-23T14:35:38.0916913Z remote: Counting objects:  67% (84/125)        
2025-04-23T14:35:38.0917862Z remote: Counting objects:  68% (85/125)        
2025-04-23T14:35:38.0918927Z remote: Counting objects:  69% (87/125)        
2025-04-23T14:35:38.0919744Z remote: Counting objects:  70% (88/125)        
2025-04-23T14:35:38.0920664Z remote: Counting objects:  71% (89/125)        
2025-04-23T14:35:38.0921663Z remote: Counting objects:  72% (90/125)        
2025-04-23T14:35:38.0922466Z remote: Counting objects:  73% (92/125)        
2025-04-23T14:35:38.0923563Z remote: Counting objects:  74% (93/125)        
2025-04-23T14:35:38.0924348Z remote: Counting objects:  75% (94/125)        
2025-04-23T14:35:38.0925144Z remote: Counting objects:  76% (95/125)        
2025-04-23T14:35:38.0925925Z remote: Counting objects:  77% (97/125)        
2025-04-23T14:35:38.0926706Z remote: Counting objects:  78% (98/125)        
2025-04-23T14:35:38.0927501Z remote: Counting objects:  79% (99/125)        
2025-04-23T14:35:38.0928291Z remote: Counting objects:  80% (100/125)        
2025-04-23T14:35:38.0929098Z remote: Counting objects:  81% (102/125)        
2025-04-23T14:35:38.0929884Z remote: Counting objects:  82% (103/125)        
2025-04-23T14:35:38.0930869Z remote: Counting objects:  83% (104/125)        
2025-04-23T14:35:38.0931770Z remote: Counting objects:  84% (105/125)        
2025-04-23T14:35:38.0932590Z remote: Counting objects:  85% (107/125)        
2025-04-23T14:35:38.0933392Z remote: Counting objects:  86% (108/125)        
2025-04-23T14:35:38.0934247Z remote: Counting objects:  87% (109/125)        
2025-04-23T14:35:38.0935037Z remote: Counting objects:  88% (110/125)        
2025-04-23T14:35:38.0935835Z remote: Counting objects:  89% (112/125)        
2025-04-23T14:35:38.0936635Z remote: Counting objects:  90% (113/125)        
2025-04-23T14:35:38.0937418Z remote: Counting objects:  91% (114/125)        
2025-04-23T14:35:38.0938223Z remote: Counting objects:  92% (115/125)        
2025-04-23T14:35:38.0939003Z remote: Counting objects:  93% (117/125)        
2025-04-23T14:35:38.0939780Z remote: Counting objects:  94% (118/125)        
2025-04-23T14:35:38.0940933Z remote: Counting objects:  95% (119/125)        
2025-04-23T14:35:38.0942310Z remote: Counting objects:  96% (120/125)        
2025-04-23T14:35:38.0943796Z remote: Counting objects:  97% (122/125)        
2025-04-23T14:35:38.0944788Z remote: Counting objects:  98% (123/125)        
2025-04-23T14:35:38.0946087Z remote: Counting objects:  99% (124/125)        
2025-04-23T14:35:38.0947718Z remote: Counting objects: 100% (125/125)        
2025-04-23T14:35:38.0948622Z remote: Counting objects: 100% (125/125), done.        
2025-04-23T14:35:38.0949761Z remote: Compressing objects:   1% (1/75)        
2025-04-23T14:35:38.0951123Z remote: Compressing objects:   2% (2/75)        
2025-04-23T14:35:38.0952464Z remote: Compressing objects:   4% (3/75)        
2025-04-23T14:35:38.0953642Z remote: Compressing objects:   5% (4/75)        
2025-04-23T14:35:38.0954604Z remote: Compressing objects:   6% (5/75)        
2025-04-23T14:35:38.0955898Z remote: Compressing objects:   8% (6/75)        
2025-04-23T14:35:38.0957042Z remote: Compressing objects:   9% (7/75)        
2025-04-23T14:35:38.0958643Z remote: Compressing objects:  10% (8/75)        
2025-04-23T14:35:38.0960241Z remote: Compressing objects:  12% (9/75)        
2025-04-23T14:35:38.0961586Z remote: Compressing objects:  13% (10/75)        
2025-04-23T14:35:38.0962936Z remote: Compressing objects:  14% (11/75)        
2025-04-23T14:35:38.0964197Z remote: Compressing objects:  16% (12/75)        
2025-04-23T14:35:38.0965874Z remote: Compressing objects:  17% (13/75)        
2025-04-23T14:35:38.0967436Z remote: Compressing objects:  18% (14/75)        
2025-04-23T14:35:38.0968697Z remote: Compressing objects:  20% (15/75)        
2025-04-23T14:35:38.0969587Z remote: Compressing objects:  21% (16/75)        
2025-04-23T14:35:38.0970392Z remote: Compressing objects:  22% (17/75)        
2025-04-23T14:35:38.0971367Z remote: Compressing objects:  24% (18/75)        
2025-04-23T14:35:38.0972169Z remote: Compressing objects:  25% (19/75)        
2025-04-23T14:35:38.0972975Z remote: Compressing objects:  26% (20/75)        
2025-04-23T14:35:38.0973920Z remote: Compressing objects:  28% (21/75)        
2025-04-23T14:35:38.0974859Z remote: Compressing objects:  29% (22/75)        
2025-04-23T14:35:38.0975991Z remote: Compressing objects:  30% (23/75)        
2025-04-23T14:35:38.0977148Z remote: Compressing objects:  32% (24/75)        
2025-04-23T14:35:38.0978205Z remote: Compressing objects:  33% (25/75)        
2025-04-23T14:35:38.0979006Z remote: Compressing objects:  34% (26/75)        
2025-04-23T14:35:38.0979815Z remote: Compressing objects:  36% (27/75)        
2025-04-23T14:35:38.0980625Z remote: Compressing objects:  37% (28/75)        
2025-04-23T14:35:38.0981822Z remote: Compressing objects:  38% (29/75)        
2025-04-23T14:35:38.0982971Z remote: Compressing objects:  40% (30/75)        
2025-04-23T14:35:38.0983831Z remote: Compressing objects:  41% (31/75)        
2025-04-23T14:35:38.0984655Z remote: Compressing objects:  42% (32/75)        
2025-04-23T14:35:38.0985463Z remote: Compressing objects:  44% (33/75)        
2025-04-23T14:35:38.0986270Z remote: Compressing objects:  45% (34/75)        
2025-04-23T14:35:38.0987079Z remote: Compressing objects:  46% (35/75)        
2025-04-23T14:35:38.0988263Z remote: Compressing objects:  48% (36/75)        
2025-04-23T14:35:38.0989087Z remote: Compressing objects:  49% (37/75)        
2025-04-23T14:35:38.0989913Z remote: Compressing objects:  50% (38/75)        
2025-04-23T14:35:38.0991076Z remote: Compressing objects:  52% (39/75)        
2025-04-23T14:35:38.0992107Z remote: Compressing objects:  53% (40/75)        
2025-04-23T14:35:38.0992930Z remote: Compressing objects:  54% (41/75)        
2025-04-23T14:35:38.0993742Z remote: Compressing objects:  56% (42/75)        
2025-04-23T14:35:38.0994538Z remote: Compressing objects:  57% (43/75)        
2025-04-23T14:35:38.0995346Z remote: Compressing objects:  58% (44/75)        
2025-04-23T14:35:38.0996151Z remote: Compressing objects:  60% (45/75)        
2025-04-23T14:35:38.0996943Z remote: Compressing objects:  61% (46/75)        
2025-04-23T14:35:38.0997995Z remote: Compressing objects:  62% (47/75)        
2025-04-23T14:35:38.0999095Z remote: Compressing objects:  64% (48/75)        
2025-04-23T14:35:38.0999922Z remote: Compressing objects:  65% (49/75)        
2025-04-23T14:35:38.1000929Z remote: Compressing objects:  66% (50/75)        
2025-04-23T14:35:38.1002073Z remote: Compressing objects:  68% (51/75)        
2025-04-23T14:35:38.1002894Z remote: Compressing objects:  69% (52/75)        
2025-04-23T14:35:38.1003695Z remote: Compressing objects:  70% (53/75)        
2025-04-23T14:35:38.1004489Z remote: Compressing objects:  72% (54/75)        
2025-04-23T14:35:38.1005280Z remote: Compressing objects:  73% (55/75)        
2025-04-23T14:35:38.1006089Z remote: Compressing objects:  74% (56/75)        
2025-04-23T14:35:38.1007377Z remote: Compressing objects:  76% (57/75)        
2025-04-23T14:35:38.1009272Z remote: Compressing objects:  77% (58/75)        
2025-04-23T14:35:38.1010938Z remote: Compressing objects:  78% (59/75)        
2025-04-23T14:35:38.1011894Z remote: Compressing objects:  80% (60/75)        
2025-04-23T14:35:38.1013411Z remote: Compressing objects:  81% (61/75)        
2025-04-23T14:35:38.1014886Z remote: Compressing objects:  82% (62/75)        
2025-04-23T14:35:38.1016476Z remote: Compressing objects:  84% (63/75)        
2025-04-23T14:35:38.1017946Z remote: Compressing objects:  85% (64/75)        
2025-04-23T14:35:38.1019261Z remote: Compressing objects:  86% (65/75)        
2025-04-23T14:35:38.1020629Z remote: Compressing objects:  88% (66/75)        
2025-04-23T14:35:38.1022190Z remote: Compressing objects:  89% (67/75)        
2025-04-23T14:35:38.1023664Z remote: Compressing objects:  90% (68/75)        
2025-04-23T14:35:38.1025167Z remote: Compressing objects:  92% (69/75)        
2025-04-23T14:35:38.1026712Z remote: Compressing objects:  93% (70/75)        
2025-04-23T14:35:38.1028252Z remote: Compressing objects:  94% (71/75)        
2025-04-23T14:35:38.1029743Z remote: Compressing objects:  96% (72/75)        
2025-04-23T14:35:38.1031521Z remote: Compressing objects:  97% (73/75)        
2025-04-23T14:35:38.1032816Z remote: Compressing objects:  98% (74/75)        
2025-04-23T14:35:38.1033652Z remote: Compressing objects: 100% (75/75)        
2025-04-23T14:35:38.1034532Z remote: Compressing objects: 100% (75/75), done.        
2025-04-23T14:35:38.1035816Z Receiving objects:   0% (1/125)
2025-04-23T14:35:38.1036489Z Receiving objects:   1% (2/125)
2025-04-23T14:35:38.1037160Z Receiving objects:   2% (3/125)
2025-04-23T14:35:38.1037827Z Receiving objects:   3% (4/125)
2025-04-23T14:35:38.1038727Z Receiving objects:   4% (5/125)
2025-04-23T14:35:38.1039618Z Receiving objects:   5% (7/125)
2025-04-23T14:35:38.1040353Z Receiving objects:   6% (8/125)
2025-04-23T14:35:38.1041598Z Receiving objects:   7% (9/125)
2025-04-23T14:35:38.1042355Z Receiving objects:   8% (10/125)
2025-04-23T14:35:38.1043043Z Receiving objects:   9% (12/125)
2025-04-23T14:35:38.1043741Z Receiving objects:  10% (13/125)
2025-04-23T14:35:38.1044412Z Receiving objects:  11% (14/125)
2025-04-23T14:35:38.1045089Z Receiving objects:  12% (15/125)
2025-04-23T14:35:38.1046297Z Receiving objects:  13% (17/125)
2025-04-23T14:35:38.1047316Z Receiving objects:  14% (18/125)
2025-04-23T14:35:38.1048027Z Receiving objects:  15% (19/125)
2025-04-23T14:35:38.1048747Z Receiving objects:  16% (20/125)
2025-04-23T14:35:38.1049446Z Receiving objects:  17% (22/125)
2025-04-23T14:35:38.1050124Z Receiving objects:  18% (23/125)
2025-04-23T14:35:38.1051034Z Receiving objects:  19% (24/125)
2025-04-23T14:35:38.1051746Z Receiving objects:  20% (25/125)
2025-04-23T14:35:38.1052440Z Receiving objects:  21% (27/125)
2025-04-23T14:35:38.1053109Z Receiving objects:  22% (28/125)
2025-04-23T14:35:38.1053790Z Receiving objects:  23% (29/125)
2025-04-23T14:35:38.1054456Z Receiving objects:  24% (30/125)
2025-04-23T14:35:38.1055289Z Receiving objects:  25% (32/125)
2025-04-23T14:35:38.1056406Z Receiving objects:  26% (33/125)
2025-04-23T14:35:38.1057223Z Receiving objects:  27% (34/125)
2025-04-23T14:35:38.1057916Z Receiving objects:  28% (35/125)
2025-04-23T14:35:38.1058582Z Receiving objects:  29% (37/125)
2025-04-23T14:35:38.1059251Z Receiving objects:  30% (38/125)
2025-04-23T14:35:38.1059916Z Receiving objects:  31% (39/125)
2025-04-23T14:35:38.1060590Z Receiving objects:  32% (40/125)
2025-04-23T14:35:38.1061719Z Receiving objects:  33% (42/125)
2025-04-23T14:35:38.1062912Z Receiving objects:  34% (43/125)
2025-04-23T14:35:38.1063883Z Receiving objects:  35% (44/125)
2025-04-23T14:35:38.1064571Z Receiving objects:  36% (45/125)
2025-04-23T14:35:38.1065249Z Receiving objects:  37% (47/125)
2025-04-23T14:35:38.1065928Z Receiving objects:  38% (48/125)
2025-04-23T14:35:38.1066605Z Receiving objects:  39% (49/125)
2025-04-23T14:35:38.1067267Z Receiving objects:  40% (50/125)
2025-04-23T14:35:38.1067934Z Receiving objects:  41% (52/125)
2025-04-23T14:35:38.1068595Z Receiving objects:  42% (53/125)
2025-04-23T14:35:38.1069299Z Receiving objects:  43% (54/125)
2025-04-23T14:35:38.1069970Z Receiving objects:  44% (55/125)
2025-04-23T14:35:38.1070648Z Receiving objects:  45% (57/125)
2025-04-23T14:35:38.1071709Z Receiving objects:  46% (58/125)
2025-04-23T14:35:38.1072724Z Receiving objects:  47% (59/125)
2025-04-23T14:35:38.1239294Z Receiving objects:  48% (60/125)
2025-04-23T14:35:38.1325822Z Receiving objects:  49% (62/125)
2025-04-23T14:35:38.1834894Z Receiving objects:  50% (63/125)
2025-04-23T14:35:38.1838882Z Receiving objects:  51% (64/125)
2025-04-23T14:35:38.2554461Z Receiving objects:  52% (65/125)
2025-04-23T14:35:38.2557534Z Receiving objects:  53% (67/125)
2025-04-23T14:35:38.2559783Z Receiving objects:  54% (68/125)
2025-04-23T14:35:38.2561931Z Receiving objects:  55% (69/125)
2025-04-23T14:35:38.2563117Z Receiving objects:  56% (70/125)
2025-04-23T14:35:38.2564216Z Receiving objects:  57% (72/125)
2025-04-23T14:35:38.2565607Z Receiving objects:  58% (73/125)
2025-04-23T14:35:38.2567559Z Receiving objects:  59% (74/125)
2025-04-23T14:35:38.2569624Z Receiving objects:  60% (75/125)
2025-04-23T14:35:38.2571871Z Receiving objects:  61% (77/125)
2025-04-23T14:35:38.2573908Z Receiving objects:  62% (78/125)
2025-04-23T14:35:38.2575457Z Receiving objects:  63% (79/125)
2025-04-23T14:35:38.2576691Z Receiving objects:  64% (80/125)
2025-04-23T14:35:38.2578009Z Receiving objects:  65% (82/125)
2025-04-23T14:35:38.2580319Z Receiving objects:  66% (83/125)
2025-04-23T14:35:38.2583253Z Receiving objects:  67% (84/125)
2025-04-23T14:35:38.2585858Z Receiving objects:  68% (85/125)
2025-04-23T14:35:38.2588522Z Receiving objects:  69% (87/125)
2025-04-23T14:35:38.2591304Z Receiving objects:  70% (88/125)
2025-04-23T14:35:38.2593490Z Receiving objects:  71% (89/125)
2025-04-23T14:35:38.2595682Z Receiving objects:  72% (90/125)
2025-04-23T14:35:38.2598505Z Receiving objects:  73% (92/125)
2025-04-23T14:35:38.2600518Z Receiving objects:  74% (93/125)
2025-04-23T14:35:38.2603507Z Receiving objects:  75% (94/125)
2025-04-23T14:35:38.2606150Z Receiving objects:  76% (95/125)
2025-04-23T14:35:38.2608923Z Receiving objects:  77% (97/125)
2025-04-23T14:35:38.2611850Z Receiving objects:  78% (98/125)
2025-04-23T14:35:38.2614320Z Receiving objects:  79% (99/125)
2025-04-23T14:35:38.2616721Z Receiving objects:  80% (100/125)
2025-04-23T14:35:38.2619877Z remote: Total 125 (delta 54), reused 92 (delta 45), pack-reused 0 (from 0)        
2025-04-23T14:35:38.2623422Z Receiving objects:  81% (102/125)
2025-04-23T14:35:38.2625992Z Receiving objects:  82% (103/125)
2025-04-23T14:35:38.2628516Z Receiving objects:  83% (104/125)
2025-04-23T14:35:38.2631239Z Receiving objects:  84% (105/125)
2025-04-23T14:35:38.2633859Z Receiving objects:  85% (107/125)
2025-04-23T14:35:38.2636312Z Receiving objects:  86% (108/125)
2025-04-23T14:35:38.2638829Z Receiving objects:  87% (109/125)
2025-04-23T14:35:38.2641147Z Receiving objects:  88% (110/125)
2025-04-23T14:35:38.2643741Z Receiving objects:  89% (112/125)
2025-04-23T14:35:38.2646275Z Receiving objects:  90% (113/125)
2025-04-23T14:35:38.2648875Z Receiving objects:  91% (114/125)
2025-04-23T14:35:38.2651136Z Receiving objects:  92% (115/125)
2025-04-23T14:35:38.2653436Z Receiving objects:  93% (117/125)
2025-04-23T14:35:38.2655989Z Receiving objects:  94% (118/125)
2025-04-23T14:35:38.2658504Z Receiving objects:  95% (119/125)
2025-04-23T14:35:38.2661209Z Receiving objects:  96% (120/125)
2025-04-23T14:35:38.2664126Z Receiving objects:  97% (122/125)
2025-04-23T14:35:38.2666628Z Receiving objects:  98% (123/125)
2025-04-23T14:35:38.2668913Z Receiving objects:  99% (124/125)
2025-04-23T14:35:38.2671047Z Receiving objects: 100% (125/125)
2025-04-23T14:35:38.2673017Z Receiving objects: 100% (125/125), 8.82 MiB | 55.43 MiB/s, done.
2025-04-23T14:35:38.2675454Z Resolving deltas:   0% (0/54)
2025-04-23T14:35:38.2677056Z Resolving deltas:   1% (1/54)
2025-04-23T14:35:38.2678629Z Resolving deltas:   3% (2/54)
2025-04-23T14:35:38.2680258Z Resolving deltas:   5% (3/54)
2025-04-23T14:35:38.2682028Z Resolving deltas:   7% (4/54)
2025-04-23T14:35:38.2683534Z Resolving deltas:   9% (5/54)
2025-04-23T14:35:38.2685015Z Resolving deltas:  11% (6/54)
2025-04-23T14:35:38.2686481Z Resolving deltas:  12% (7/54)
2025-04-23T14:35:38.2687969Z Resolving deltas:  14% (8/54)
2025-04-23T14:35:38.2689435Z Resolving deltas:  18% (10/54)
2025-04-23T14:35:38.2691196Z Resolving deltas:  20% (11/54)
2025-04-23T14:35:38.2692792Z Resolving deltas:  22% (12/54)
2025-04-23T14:35:38.2694316Z Resolving deltas:  24% (13/54)
2025-04-23T14:35:38.2695820Z Resolving deltas:  25% (14/54)
2025-04-23T14:35:38.2697301Z Resolving deltas:  27% (15/54)
2025-04-23T14:35:38.2698800Z Resolving deltas:  31% (17/54)
2025-04-23T14:35:38.2701376Z Resolving deltas:  33% (18/54)
2025-04-23T14:35:38.2702996Z Resolving deltas:  35% (19/54)
2025-04-23T14:35:38.2704997Z Resolving deltas:  37% (20/54)
2025-04-23T14:35:38.2706555Z Resolving deltas:  38% (21/54)
2025-04-23T14:35:38.2708066Z Resolving deltas:  40% (22/54)
2025-04-23T14:35:38.2709818Z Resolving deltas:  44% (24/54)
2025-04-23T14:35:38.2711970Z Resolving deltas:  46% (25/54)
2025-04-23T14:35:38.2713744Z Resolving deltas:  48% (26/54)
2025-04-23T14:35:38.2715437Z Resolving deltas:  50% (27/54)
2025-04-23T14:35:38.2717021Z Resolving deltas:  51% (28/54)
2025-04-23T14:35:38.2719092Z Resolving deltas:  53% (29/54)
2025-04-23T14:35:38.2721866Z Resolving deltas:  55% (30/54)
2025-04-23T14:35:38.2725001Z Resolving deltas:  57% (31/54)
2025-04-23T14:35:38.2727612Z Resolving deltas:  59% (32/54)
2025-04-23T14:35:38.2730018Z Resolving deltas:  61% (33/54)
2025-04-23T14:35:38.2732582Z Resolving deltas:  62% (34/54)
2025-04-23T14:35:38.2735006Z Resolving deltas:  64% (35/54)
2025-04-23T14:35:38.2737568Z Resolving deltas:  66% (36/54)
2025-04-23T14:35:38.2739973Z Resolving deltas:  68% (37/54)
2025-04-23T14:35:38.2741944Z Resolving deltas:  70% (38/54)
2025-04-23T14:35:38.2743475Z Resolving deltas:  74% (40/54)
2025-04-23T14:35:38.2744981Z Resolving deltas:  75% (41/54)
2025-04-23T14:35:38.2746483Z Resolving deltas:  79% (43/54)
2025-04-23T14:35:38.2747994Z Resolving deltas:  81% (44/54)
2025-04-23T14:35:38.2749515Z Resolving deltas:  83% (45/54)
2025-04-23T14:35:38.2751141Z Resolving deltas:  85% (46/54)
2025-04-23T14:35:38.2752655Z Resolving deltas:  87% (47/54)
2025-04-23T14:35:38.2754167Z Resolving deltas:  88% (48/54)
2025-04-23T14:35:38.2755673Z Resolving deltas:  90% (49/54)
2025-04-23T14:35:38.2757333Z Resolving deltas:  92% (50/54)
2025-04-23T14:35:38.2758845Z Resolving deltas:  94% (51/54)
2025-04-23T14:35:38.2760351Z Resolving deltas:  96% (52/54)
2025-04-23T14:35:38.2784154Z Resolving deltas:  98% (53/54)
2025-04-23T14:35:38.2786435Z Resolving deltas: 100% (54/54)
2025-04-23T14:35:38.2788688Z Resolving deltas: 100% (54/54), done.
2025-04-23T14:35:38.2898790Z From https://github.com/sai-pranay-teja/JobManagement
2025-04-23T14:35:38.2901619Z  * [new ref]         dcfda55ab4395c3543c77808538956e1dd35b838 -> origin/main
2025-04-23T14:35:38.2929520Z ##[endgroup]
2025-04-23T14:35:38.2932143Z ##[group]Determining the checkout info
2025-04-23T14:35:38.2934876Z ##[endgroup]
2025-04-23T14:35:38.2937006Z ##[group]Checking out the ref
2025-04-23T14:35:38.2939250Z [command]/usr/bin/git checkout --progress --force -B main refs/remotes/origin/main
2025-04-23T14:35:38.3489754Z Switched to a new branch 'main'
2025-04-23T14:35:38.3492432Z branch 'main' set up to track 'origin/main'.
2025-04-23T14:35:38.3506567Z ##[endgroup]
2025-04-23T14:35:38.3546796Z [command]/usr/bin/git log -1 --format='%H'
2025-04-23T14:35:38.3571435Z 'dcfda55ab4395c3543c77808538956e1dd35b838'
2025-04-23T14:35:38.3943019Z ##[group]Run actions/setup-java@v3
2025-04-23T14:35:38.3944536Z with:
2025-04-23T14:35:38.3945683Z   java-version: 17
2025-04-23T14:35:38.3946922Z   distribution: corretto
2025-04-23T14:35:38.3948245Z   java-package: jdk
2025-04-23T14:35:38.3949482Z   check-latest: false
2025-04-23T14:35:38.3950888Z   server-id: github
2025-04-23T14:35:38.3952159Z   server-username: GITHUB_ACTOR
2025-04-23T14:35:38.3953580Z   server-password: GITHUB_TOKEN
2025-04-23T14:35:38.3954981Z   overwrite-settings: true
2025-04-23T14:35:38.3956321Z   job-status: success
2025-04-23T14:35:38.3957857Z   token: ***
2025-04-23T14:35:38.3959021Z env:
2025-04-23T14:35:38.3960140Z   REMOTE_HOST: 18.60.149.136
2025-04-23T14:35:38.3961634Z   REMOTE_USER: ubuntu
2025-04-23T14:35:38.3962953Z   REMOTE_BACKUP_DIR: /tmp/actions_bak
2025-04-23T14:35:38.3964464Z ##[endgroup]
2025-04-23T14:35:38.6027155Z ##[group]Installed distributions
2025-04-23T14:35:38.6053551Z Trying to resolve the latest version from remote
2025-04-23T14:35:38.7396692Z Resolved latest version as 17.0.15+6.1
2025-04-23T14:35:38.7399406Z Trying to download...
2025-04-23T14:35:38.7404398Z Downloading Java 17.0.15+6.1 (Corretto) from https://corretto.aws/downloads/resources/17.0.15.6.1/amazon-corretto-17.0.15.6.1-linux-x64.tar.gz ...
2025-04-23T14:35:39.8254909Z Extracting Java archive...
2025-04-23T14:35:39.8379108Z [command]/usr/bin/tar xz --warning=no-unknown-keyword -C /home/runner/work/_temp/043be22e-e082-4c0d-8c14-6c4dbce6d44c -f /home/runner/work/_temp/ce503553-96e6-49e3-8082-a7c153cbfcc5
2025-04-23T14:35:42.4270596Z Java 17.0.15+6.1 was downloaded
2025-04-23T14:35:42.4271290Z Setting Java 17.0.15+6.1 as the default
2025-04-23T14:35:42.4283201Z Creating toolchains.xml for JDK version 17 from corretto
2025-04-23T14:35:42.4363718Z Writing to /home/runner/.m2/toolchains.xml
2025-04-23T14:35:42.4365113Z 
2025-04-23T14:35:42.4365394Z Java configuration:
2025-04-23T14:35:42.4366006Z   Distribution: corretto
2025-04-23T14:35:42.4366548Z   Version: 17.0.15+6.1
2025-04-23T14:35:42.4367243Z   Path: /opt/hostedtoolcache/Java_Corretto_jdk/17.0.15-6.1/x64
2025-04-23T14:35:42.4367812Z 
2025-04-23T14:35:42.4368865Z ##[endgroup]
2025-04-23T14:35:42.4388978Z Creating settings.xml with server-id: github
2025-04-23T14:35:42.4391936Z Writing to /home/runner/.m2/settings.xml
2025-04-23T14:35:42.4550159Z ##[group]Run echo "$SSH_KEY_SECRET" > key.pem
2025-04-23T14:35:42.4551092Z [36;1mecho "$SSH_KEY_SECRET" > key.pem[0m
2025-04-23T14:35:42.4551495Z [36;1msed -i 's/\\n/\n/g' key.pem[0m
2025-04-23T14:35:42.4552198Z [36;1mgrep -q "BEGIN RSA PRIVATE KEY" key.pem || sed -i '1i***' key.pem[0m
2025-04-23T14:35:42.4552812Z [36;1mgrep -q "END RSA PRIVATE KEY" key.pem || echo "***" >> key.pem[0m
2025-04-23T14:35:42.4553237Z [36;1mchmod 400 key.pem[0m
2025-04-23T14:35:42.4591859Z shell: /usr/bin/bash -e {0}
2025-04-23T14:35:42.4592225Z env:
2025-04-23T14:35:42.4592500Z   REMOTE_HOST: 18.60.149.136
2025-04-23T14:35:42.4592832Z   REMOTE_USER: ubuntu
2025-04-23T14:35:42.4593145Z   REMOTE_BACKUP_DIR: /tmp/actions_bak
2025-04-23T14:35:42.4593583Z   JAVA_HOME: /opt/hostedtoolcache/Java_Corretto_jdk/17.0.15-6.1/x64
2025-04-23T14:35:42.4594153Z   JAVA_HOME_17_X64: /opt/hostedtoolcache/Java_Corretto_jdk/17.0.15-6.1/x64
2025-04-23T14:35:42.4602166Z   SSH_KEY_SECRET: ***
2025-04-23T14:35:42.4602524Z ##[endgroup]
2025-04-23T14:35:42.5264241Z ##[group]Run echo "PIPELINE_START_TIME=$(date +%s)" >> $GITHUB_ENV
2025-04-23T14:35:42.5264915Z [36;1mecho "PIPELINE_START_TIME=$(date +%s)" >> $GITHUB_ENV[0m
2025-04-23T14:35:42.5297682Z shell: /usr/bin/bash -e {0}
2025-04-23T14:35:42.5298015Z env:
2025-04-23T14:35:42.5298292Z   REMOTE_HOST: 18.60.149.136
2025-04-23T14:35:42.5298602Z   REMOTE_USER: ubuntu
2025-04-23T14:35:42.5298919Z   REMOTE_BACKUP_DIR: /tmp/actions_bak
2025-04-23T14:35:42.5299378Z   JAVA_HOME: /opt/hostedtoolcache/Java_Corretto_jdk/17.0.15-6.1/x64
2025-04-23T14:35:42.5299984Z   JAVA_HOME_17_X64: /opt/hostedtoolcache/Java_Corretto_jdk/17.0.15-6.1/x64
2025-04-23T14:35:42.5300452Z ##[endgroup]
2025-04-23T14:35:42.5713580Z ##[group]Run mkdir -p build/WEB-INF/classes
2025-04-23T14:35:42.5714135Z [36;1mmkdir -p build/WEB-INF/classes[0m
2025-04-23T14:35:42.5714806Z [36;1m# Compile Java sources; redirect errors to compile_error.log and exit if compilation fails.[0m
2025-04-23T14:35:42.5715859Z [36;1m# javac -cp "src/main/webapp/WEB-INF/lib/*" -d build/WEB-INF/classes $(find src -name "*.java") 2> compile_error.log || { echo "Build failed!"; exit 1; }[0m
2025-04-23T14:35:42.5716984Z [36;1mjavac -cp "src/main/webapp/WEB-INF/lib/*" -d build/WEB-INF/classes $(find src -name "*.java") 2> compile_error.log[0m
2025-04-23T14:35:42.5717680Z [36;1m[0m
2025-04-23T14:35:42.5718051Z [36;1mcp -R src/main/resources/* build/WEB-INF/classes/[0m
2025-04-23T14:35:42.5718540Z [36;1mcp -R src/main/webapp/* build/[0m
2025-04-23T14:35:42.5719033Z [36;1mjar -cvf JobManagement_ACTIONS.war -C build .[0m
2025-04-23T14:35:42.5752411Z shell: /usr/bin/bash -e {0}
2025-04-23T14:35:42.5752752Z env:
2025-04-23T14:35:42.5753067Z   REMOTE_HOST: 18.60.149.136
2025-04-23T14:35:42.5753381Z   REMOTE_USER: ubuntu
2025-04-23T14:35:42.5753693Z   REMOTE_BACKUP_DIR: /tmp/actions_bak
2025-04-23T14:35:42.5754152Z   JAVA_HOME: /opt/hostedtoolcache/Java_Corretto_jdk/17.0.15-6.1/x64
2025-04-23T14:35:42.5754713Z   JAVA_HOME_17_X64: /opt/hostedtoolcache/Java_Corretto_jdk/17.0.15-6.1/x64
2025-04-23T14:35:42.5755173Z   PIPELINE_START_TIME: 1745418942
2025-04-23T14:35:42.5755504Z ##[endgroup]
2025-04-23T14:35:43.0536926Z ##[error]Process completed with exit code 1.
2025-04-23T14:35:43.0629806Z ##[group]Run ssh -o StrictHostKeyChecking=no -i key.pem $REMOTE_USER@$REMOTE_HOST "timeout 60 bash -c 'until grep -q \"Deployment of web application archive\" <(tail -n 50 /opt/tomcat10/logs/catalina.out); do sleep 5; done'"
2025-04-23T14:35:43.0631464Z [36;1mssh -o StrictHostKeyChecking=no -i key.pem $REMOTE_USER@$REMOTE_HOST "timeout 60 bash -c 'until grep -q \"Deployment of web application archive\" <(tail -n 50 /opt/tomcat10/logs/catalina.out); do sleep 5; done'"[0m
2025-04-23T14:35:43.0664787Z shell: /usr/bin/bash -e {0}
2025-04-23T14:35:43.0665099Z env:
2025-04-23T14:35:43.0665355Z   REMOTE_HOST: 18.60.149.136
2025-04-23T14:35:43.0665646Z   REMOTE_USER: ubuntu
2025-04-23T14:35:43.0665945Z   REMOTE_BACKUP_DIR: /tmp/actions_bak
2025-04-23T14:35:43.0666373Z   JAVA_HOME: /opt/hostedtoolcache/Java_Corretto_jdk/17.0.15-6.1/x64
2025-04-23T14:35:43.0666907Z   JAVA_HOME_17_X64: /opt/hostedtoolcache/Java_Corretto_jdk/17.0.15-6.1/x64
2025-04-23T14:35:43.0667375Z   PIPELINE_START_TIME: 1745418942
2025-04-23T14:35:43.0667683Z ##[endgroup]
2025-04-23T14:35:43.9949505Z Warning: Permanently added '18.60.149.136' (ED25519) to the list of known hosts.
2025-04-23T14:35:45.7552601Z ##[group]Run echo "DEPLOY_END_TIME=$(date +%s)" >> $GITHUB_ENV
2025-04-23T14:35:45.7553149Z [36;1mecho "DEPLOY_END_TIME=$(date +%s)" >> $GITHUB_ENV[0m
2025-04-23T14:35:45.7585524Z shell: /usr/bin/bash -e {0}
2025-04-23T14:35:45.7585844Z env:
2025-04-23T14:35:45.7586109Z   REMOTE_HOST: 18.60.149.136
2025-04-23T14:35:45.7586415Z   REMOTE_USER: ubuntu
2025-04-23T14:35:45.7586716Z   REMOTE_BACKUP_DIR: /tmp/actions_bak
2025-04-23T14:35:45.7587156Z   JAVA_HOME: /opt/hostedtoolcache/Java_Corretto_jdk/17.0.15-6.1/x64
2025-04-23T14:35:45.7587700Z   JAVA_HOME_17_X64: /opt/hostedtoolcache/Java_Corretto_jdk/17.0.15-6.1/x64
2025-04-23T14:35:45.7588152Z   PIPELINE_START_TIME: 1745418942
2025-04-23T14:35:45.7588476Z ##[endgroup]
2025-04-23T14:35:45.7688603Z ##[group]Run ssh -o StrictHostKeyChecking=no -i key.pem $REMOTE_USER@$REMOTE_HOST "vmstat -s | awk '{printf \"%.2f MB - %s\n\", \$1/1024, substr(\$0, index(\$0,\$2))}'" > resource_usage_after.log
2025-04-23T14:35:45.7689766Z [36;1mssh -o StrictHostKeyChecking=no -i key.pem $REMOTE_USER@$REMOTE_HOST "vmstat -s | awk '{printf \"%.2f MB - %s\n\", \$1/1024, substr(\$0, index(\$0,\$2))}'" > resource_usage_after.log[0m
2025-04-23T14:35:45.7690661Z [36;1mssh -o StrictHostKeyChecking=no -i key.pem $REMOTE_USER@$REMOTE_HOST "free -h" > mem_after.log[0m
2025-04-23T14:35:45.7722368Z shell: /usr/bin/bash -e {0}
2025-04-23T14:35:45.7722680Z env:
2025-04-23T14:35:45.7722938Z   REMOTE_HOST: 18.60.149.136
2025-04-23T14:35:45.7723248Z   REMOTE_USER: ubuntu
2025-04-23T14:35:45.7723553Z   REMOTE_BACKUP_DIR: /tmp/actions_bak
2025-04-23T14:35:45.7723988Z   JAVA_HOME: /opt/hostedtoolcache/Java_Corretto_jdk/17.0.15-6.1/x64
2025-04-23T14:35:45.7724572Z   JAVA_HOME_17_X64: /opt/hostedtoolcache/Java_Corretto_jdk/17.0.15-6.1/x64
2025-04-23T14:35:45.7725022Z   PIPELINE_START_TIME: 1745418942
2025-04-23T14:35:45.7725366Z   DEPLOY_END_TIME: 1745418945
2025-04-23T14:35:45.7725677Z ##[endgroup]
2025-04-23T14:35:50.8756309Z ##[group]Run source $GITHUB_ENV
2025-04-23T14:35:50.8756968Z [36;1msource $GITHUB_ENV[0m
2025-04-23T14:35:50.8757679Z [36;1mDEPLOY_DURATION=$(($DEPLOY_END_TIME - $DEPLOY_START_TIME))[0m
2025-04-23T14:35:50.8758495Z [36;1mPIPELINE_END_TIME=$(date +%s)[0m
2025-04-23T14:35:50.8759298Z [36;1mTOTAL_PIPELINE_TIME=$(($PIPELINE_END_TIME - $PIPELINE_START_TIME))[0m
2025-04-23T14:35:50.8760196Z [36;1mecho "DEPLOY_DURATION=$DEPLOY_DURATION" >> $GITHUB_ENV[0m
2025-04-23T14:35:50.8761279Z [36;1mecho "TOTAL_PIPELINE_TIME=$TOTAL_PIPELINE_TIME" >> $GITHUB_ENV[0m
2025-04-23T14:35:50.8805962Z shell: /usr/bin/bash -e {0}
2025-04-23T14:35:50.8806278Z env:
2025-04-23T14:35:50.8806538Z   REMOTE_HOST: 18.60.149.136
2025-04-23T14:35:50.8806837Z   REMOTE_USER: ubuntu
2025-04-23T14:35:50.8807141Z   REMOTE_BACKUP_DIR: /tmp/actions_bak
2025-04-23T14:35:50.8807589Z   JAVA_HOME: /opt/hostedtoolcache/Java_Corretto_jdk/17.0.15-6.1/x64
2025-04-23T14:35:50.8808164Z   JAVA_HOME_17_X64: /opt/hostedtoolcache/Java_Corretto_jdk/17.0.15-6.1/x64
2025-04-23T14:35:50.8808580Z   PIPELINE_START_TIME: 1745418942
2025-04-23T14:35:50.8808896Z   DEPLOY_END_TIME: 1745418945
2025-04-23T14:35:50.8809184Z ##[endgroup]
2025-04-23T14:35:50.8867615Z /home/runner/work/_temp/206ebc6a-058a-4001-a8f5-9763e4385328.sh: line 2: 1745418945 - : syntax error: operand expected (error token is "- ")
2025-04-23T14:35:50.8919856Z ##[group]Run echo $'The error is:\n '
2025-04-23T14:35:50.8920287Z [36;1mecho $'The error is:\n '[0m
2025-04-23T14:35:50.8920621Z [36;1mcat compile_error.log[0m
2025-04-23T14:35:50.8921188Z [36;1m[0m
2025-04-23T14:35:50.8921508Z [36;1mecho "Deployment failed! Initiating rollback..."[0m
2025-04-23T14:35:50.8921928Z [36;1mROLLBACK_START=$(date +%s)[0m
2025-04-23T14:35:50.8922233Z [36;1m[0m
2025-04-23T14:35:50.8923265Z [36;1mssh -o StrictHostKeyChecking=no -i key.pem $REMOTE_USER@$REMOTE_HOST "if [ -f /tmp/actions_bak/JobManagement_ACTIONS.war_bak ]; then sudo cp /tmp/actions_bak/JobManagement_ACTIONS.war_bak /opt/tomcat10/webapps/JobManagement_ACTIONS.war; else echo 'No backup available'; exit 1; fi"[0m
2025-04-23T14:35:50.8924337Z [36;1m[0m
2025-04-23T14:35:50.8924728Z [36;1mssh -o StrictHostKeyChecking=no -i key.pem $REMOTE_USER@$REMOTE_HOST <<EOF[0m
2025-04-23T14:35:50.8925311Z [36;1m  sudo rm -rf /opt/tomcat10/webapps/JobManagement_ACTIONS || true[0m
2025-04-23T14:35:50.8925744Z [36;1m  sleep 5[0m
2025-04-23T14:35:50.8926048Z [36;1m  sudo /opt/tomcat10/bin/shutdown.sh || true[0m
2025-04-23T14:35:50.8926428Z [36;1m  sudo /opt/tomcat10/bin/startup.sh[0m
2025-04-23T14:35:50.8926753Z [36;1m  exit[0m
2025-04-23T14:35:50.8927009Z [36;1mEOF[0m
2025-04-23T14:35:50.8927242Z [36;1m[0m
2025-04-23T14:35:50.8927495Z [36;1mROLLBACK_END=$(date +%s)[0m
2025-04-23T14:35:50.8927882Z [36;1mROLLBACK_DURATION=$((ROLLBACK_END - ROLLBACK_START))[0m
2025-04-23T14:35:50.8928365Z [36;1mecho "ROLLBACK_DURATION=$ROLLBACK_DURATION" >> $GITHUB_ENV[0m
2025-04-23T14:35:50.8959589Z shell: /usr/bin/bash -e {0}
2025-04-23T14:35:50.8959885Z env:
2025-04-23T14:35:50.8960135Z   REMOTE_HOST: 18.60.149.136
2025-04-23T14:35:50.8960417Z   REMOTE_USER: ubuntu
2025-04-23T14:35:50.8960911Z   REMOTE_BACKUP_DIR: /tmp/actions_bak
2025-04-23T14:35:50.8961356Z   JAVA_HOME: /opt/hostedtoolcache/Java_Corretto_jdk/17.0.15-6.1/x64
2025-04-23T14:35:50.8961892Z   JAVA_HOME_17_X64: /opt/hostedtoolcache/Java_Corretto_jdk/17.0.15-6.1/x64
2025-04-23T14:35:50.8962314Z   PIPELINE_START_TIME: 1745418942
2025-04-23T14:35:50.8962621Z   DEPLOY_END_TIME: 1745418945
2025-04-23T14:35:50.8962912Z   DEPLOY_DURATION: 
2025-04-23T14:35:50.8963183Z   TOTAL_PIPELINE_TIME: 8
2025-04-23T14:35:50.8963456Z ##[endgroup]
2025-04-23T14:35:50.9016549Z The error is:
2025-04-23T14:35:50.9017037Z  
2025-04-23T14:35:50.9026366Z src/main/java/metrics/EfficiencyIndexCalculator.java:1: error: ';' expected
2025-04-23T14:35:50.9027053Z package metrics
2025-04-23T14:35:50.9027326Z                ^
2025-04-23T14:35:50.9027777Z 1 error
2025-04-23T14:35:50.9028293Z Deployment failed! Initiating rollback...
2025-04-23T14:35:53.4476110Z Pseudo-terminal will not be allocated because stdin is not a terminal.
2025-04-23T14:35:55.9581591Z Welcome to Ubuntu 24.04.2 LTS (GNU/Linux 6.8.0-1027-aws x86_64)
2025-04-23T14:35:55.9582578Z 
2025-04-23T14:35:55.9582978Z  * Documentation:  https://help.ubuntu.com
2025-04-23T14:35:55.9583938Z  * Management:     https://landscape.canonical.com
2025-04-23T14:35:55.9584556Z  * Support:        https://ubuntu.com/pro
2025-04-23T14:35:55.9584854Z 
2025-04-23T14:35:55.9585071Z  System information as of Wed Apr 23 14:35:44 UTC 2025
2025-04-23T14:35:55.9585411Z 
2025-04-23T14:35:55.9585658Z   System load:  0.39              Temperature:           -273.1 C
2025-04-23T14:35:55.9586234Z   Usage of /:   68.5% of 6.71GB   Processes:             119
2025-04-23T14:35:55.9586788Z   Memory usage: 28%               Users logged in:       1
2025-04-23T14:35:55.9587353Z   Swap usage:   0%                IPv4 address for ens5: 172.31.20.166
2025-04-23T14:35:55.9587715Z 
2025-04-23T14:35:55.9587993Z  * Ubuntu Pro delivers the most comprehensive open source security and
2025-04-23T14:35:55.9588544Z    compliance features.
2025-04-23T14:35:55.9588760Z 
2025-04-23T14:35:55.9588929Z    https://ubuntu.com/aws/pro
2025-04-23T14:35:55.9589804Z 
2025-04-23T14:35:55.9590071Z Expanded Security Maintenance for Applications is not enabled.
2025-04-23T14:35:55.9590896Z 
2025-04-23T14:35:55.9591095Z 2 updates can be applied immediately.
2025-04-23T14:35:55.9591609Z To see these additional updates run: apt list --upgradable
2025-04-23T14:35:55.9591963Z 
2025-04-23T14:35:55.9592199Z Enable ESM Apps to receive additional future security updates.
2025-04-23T14:35:55.9592781Z See https://ubuntu.com/esm or run: sudo pro status
2025-04-23T14:35:55.9593109Z 
2025-04-23T14:35:55.9593114Z 
2025-04-23T14:36:01.1890631Z sudo: /opt/tomcat10/bin/shutdown.sh: command not found
2025-04-23T14:36:01.2070479Z Tomcat started.
2025-04-23T14:36:01.2160282Z ##[group]Run echo "-------------------------------------------------"
2025-04-23T14:36:01.2161208Z [36;1mecho "-------------------------------------------------"[0m
2025-04-23T14:36:01.2161650Z [36;1mecho "              CI/CD Metrics Summary              "[0m
2025-04-23T14:36:01.2162100Z [36;1mecho "-------------------------------------------------"[0m
2025-04-23T14:36:01.2162548Z [36;1mecho "| Metric                             | Value          |"[0m
2025-04-23T14:36:01.2163019Z [36;1mecho "-------------------------------------------------"[0m
2025-04-23T14:36:01.2163528Z [36;1mecho "| Total Pipeline Time (sec)          | $TOTAL_PIPELINE_TIME          |"[0m
2025-04-23T14:36:01.2164147Z [36;1m# If deployment succeeded, DEPLOY_DURATION is set; if not, ROLLBACK_DURATION is used.[0m
2025-04-23T14:36:01.2164672Z [36;1mif [ -n "$DEPLOY_DURATION" ]; then[0m
2025-04-23T14:36:01.2165185Z [36;1m  echo "| Deployment Time (sec)              | $DEPLOY_DURATION          |"[0m
2025-04-23T14:36:01.2165607Z [36;1melse[0m
2025-04-23T14:36:01.2165955Z [36;1m  echo "| Rollback Time (sec)     | $ROLLBACK_DURATION          |"[0m
2025-04-23T14:36:01.2166354Z [36;1mfi[0m
2025-04-23T14:36:01.2166706Z [36;1mecho "| Lead Time for Changes (sec)        | $LEAD_TIME          |"[0m
2025-04-23T14:36:01.2167145Z [36;1mif [ -f test_results.log ]; then[0m
2025-04-23T14:36:01.2167584Z [36;1m  TEST_SUMMARY=$(grep -i "tests found" test_results.log | head -n 1)[0m
2025-04-23T14:36:01.2167997Z [36;1melse[0m
2025-04-23T14:36:01.2168260Z [36;1m  TEST_SUMMARY="N/A"[0m
2025-04-23T14:36:01.2168541Z [36;1mfi[0m
2025-04-23T14:36:01.2168957Z [36;1m# ─── Cost Calculation & Echo ──────────────────────────────────────────────[0m
2025-04-23T14:36:01.2169520Z [36;1m# GitHub Actions hosted runner = $0.008 per minute = $0.0001333 per sec[0m
2025-04-23T14:36:01.2170063Z [36;1mCOST=$(awk "BEGIN { printf \"%.4f\", $TOTAL_PIPELINE_TIME * 0.008/60 }")[0m
2025-04-23T14:36:01.2170571Z [36;1mecho "| Cost (USD)                         | $COST              |"[0m
2025-04-23T14:36:01.2171317Z [36;1m# ─────────────────────────────────────────────────────────────────────────────[0m
2025-04-23T14:36:01.2171834Z [36;1mecho "| Test Summary                       | $TEST_SUMMARY          |"[0m
2025-04-23T14:36:01.2172246Z [36;1m[0m
2025-04-23T14:36:01.2172549Z [36;1mecho "-------------------------------------------------"[0m
2025-04-23T14:36:01.2172938Z [36;1mecho "Memory Usage BEFORE:"[0m
2025-04-23T14:36:01.2173282Z [36;1mcat mem_before.log[0m
2025-04-23T14:36:01.2173623Z [36;1mecho "-------------------------------------------------"[0m
2025-04-23T14:36:01.2174002Z [36;1mecho "Memory Usage AFTER:"[0m
2025-04-23T14:36:01.2174329Z [36;1mcat mem_after.log[0m
2025-04-23T14:36:01.2174673Z [36;1mecho "-------------------------------------------------"[0m
2025-04-23T14:36:01.2175072Z [36;1mecho "Resource Usage BEFORE (vmstat):"[0m
2025-04-23T14:36:01.2175440Z [36;1mcat resource_usage_before.log[0m
2025-04-23T14:36:01.2175833Z [36;1mecho "-------------------------------------------------"[0m
2025-04-23T14:36:01.2176228Z [36;1mecho "Resource Usage AFTER (vmstat):"[0m
2025-04-23T14:36:01.2176577Z [36;1mcat resource_usage_after.log[0m
2025-04-23T14:36:01.2176952Z [36;1mecho "-------------------------------------------------"[0m
2025-04-23T14:36:01.2208288Z shell: /usr/bin/bash -e {0}
2025-04-23T14:36:01.2208601Z env:
2025-04-23T14:36:01.2208856Z   REMOTE_HOST: 18.60.149.136
2025-04-23T14:36:01.2209147Z   REMOTE_USER: ubuntu
2025-04-23T14:36:01.2209451Z   REMOTE_BACKUP_DIR: /tmp/actions_bak
2025-04-23T14:36:01.2209882Z   JAVA_HOME: /opt/hostedtoolcache/Java_Corretto_jdk/17.0.15-6.1/x64
2025-04-23T14:36:01.2210408Z   JAVA_HOME_17_X64: /opt/hostedtoolcache/Java_Corretto_jdk/17.0.15-6.1/x64
2025-04-23T14:36:01.2211043Z   PIPELINE_START_TIME: 1745418942
2025-04-23T14:36:01.2211367Z   DEPLOY_END_TIME: 1745418945
2025-04-23T14:36:01.2211669Z   DEPLOY_DURATION: 
2025-04-23T14:36:01.2212222Z   TOTAL_PIPELINE_TIME: 8
2025-04-23T14:36:01.2212525Z   ROLLBACK_DURATION: 11
2025-04-23T14:36:01.2212808Z ##[endgroup]
2025-04-23T14:36:01.2267826Z -------------------------------------------------
2025-04-23T14:36:01.2268501Z               CI/CD Metrics Summary              
2025-04-23T14:36:01.2269138Z -------------------------------------------------
2025-04-23T14:36:01.2269765Z | Metric                             | Value          |
2025-04-23T14:36:01.2270371Z -------------------------------------------------
2025-04-23T14:36:01.2270956Z | Total Pipeline Time (sec)          | 8          |
2025-04-23T14:36:01.2271361Z | Rollback Time (sec)     | 11          |
2025-04-23T14:36:01.2271725Z | Lead Time for Changes (sec)        |           |
2025-04-23T14:36:01.2293858Z | Cost (USD)                         | 0.0011              |
2025-04-23T14:36:01.2294532Z | Test Summary                       | N/A          |
2025-04-23T14:36:01.2295191Z -------------------------------------------------
2025-04-23T14:36:01.2295723Z Memory Usage BEFORE:
2025-04-23T14:36:01.2307899Z cat: mem_before.log: No such file or directory
2025-04-23T14:36:01.2314149Z ##[error]Process completed with exit code 1.
2025-04-23T14:36:01.2392196Z Post job cleanup.
2025-04-23T14:36:01.4182770Z Post job cleanup.
2025-04-23T14:36:01.4924723Z [command]/usr/bin/git version
2025-04-23T14:36:01.4959830Z git version 2.49.0
2025-04-23T14:36:01.5004416Z Temporarily overriding HOME='/home/runner/work/_temp/e4355fe7-26bd-4236-a8c7-dc7619f620a1' before making global git config changes
2025-04-23T14:36:01.5005861Z Adding repository directory to the temporary git global config as a safe directory
2025-04-23T14:36:01.5009502Z [command]/usr/bin/git config --global --add safe.directory /home/runner/work/JobManagement/JobManagement
2025-04-23T14:36:01.5042039Z [command]/usr/bin/git config --local --name-only --get-regexp core\.sshCommand
2025-04-23T14:36:01.5072120Z [command]/usr/bin/git submodule foreach --recursive sh -c "git config --local --name-only --get-regexp 'core\.sshCommand' && git config --local --unset-all 'core.sshCommand' || :"
2025-04-23T14:36:01.5296170Z [command]/usr/bin/git config --local --name-only --get-regexp http\.https\:\/\/github\.com\/\.extraheader
2025-04-23T14:36:01.5317407Z http.https://github.com/.extraheader
2025-04-23T14:36:01.5337527Z [command]/usr/bin/git config --local --unset-all http.https://github.com/.extraheader
2025-04-23T14:36:01.5368490Z [command]/usr/bin/git submodule foreach --recursive sh -c "git config --local --name-only --get-regexp 'http\.https\:\/\/github\.com\/\.extraheader' && git config --local --unset-all 'http.https://github.com/.extraheader' || :"
2025-04-23T14:36:01.5740964Z Cleaning up orphan processes
