2025-04-23T14:20:44.8515588Z Current runner version: '2.323.0'
2025-04-23T14:20:44.8542674Z ##[group]Operating System
2025-04-23T14:20:44.8543808Z Ubuntu
2025-04-23T14:20:44.8544621Z 24.04.2
2025-04-23T14:20:44.8545446Z LTS
2025-04-23T14:20:44.8546229Z ##[endgroup]
2025-04-23T14:20:44.8547156Z ##[group]Runner Image
2025-04-23T14:20:44.8548131Z Image: ubuntu-24.04
2025-04-23T14:20:44.8549280Z Version: 20250420.1.0
2025-04-23T14:20:44.8550703Z Included Software: https://github.com/actions/runner-images/blob/ubuntu24/20250420.1/images/ubuntu/Ubuntu2404-Readme.md
2025-04-23T14:20:44.8552485Z Image Release: https://github.com/actions/runner-images/releases/tag/ubuntu24%2F20250420.1
2025-04-23T14:20:44.8553797Z ##[endgroup]
2025-04-23T14:20:44.8554957Z ##[group]Runner Image Provisioner
2025-04-23T14:20:44.8556468Z 2.0.422.1
2025-04-23T14:20:44.8557823Z ##[endgroup]
2025-04-23T14:20:44.8560491Z ##[group]GITHUB_TOKEN Permissions
2025-04-23T14:20:44.8563354Z Contents: read
2025-04-23T14:20:44.8564784Z Metadata: read
2025-04-23T14:20:44.8566243Z Packages: read
2025-04-23T14:20:44.8567616Z ##[endgroup]
2025-04-23T14:20:44.8571530Z Secret source: Actions
2025-04-23T14:20:44.8573494Z Prepare workflow directory
2025-04-23T14:20:44.9125206Z Prepare all required actions
2025-04-23T14:20:44.9179849Z Getting action download info
2025-04-23T14:20:45.2996112Z ##[group]Download immutable action package 'actions/checkout@v3'
2025-04-23T14:20:45.2997527Z Version: 3.6.0
2025-04-23T14:20:45.2998953Z Digest: sha256:942562b9c7d4b1f2557f1da21f4d3eb4eb4fd01f2ad78b2a6e187d1b193e0a0f
2025-04-23T14:20:45.3000596Z Source commit SHA: f43a0e5ff2bd294095638e18286ca9a3d1956744
2025-04-23T14:20:45.3001666Z ##[endgroup]
2025-04-23T14:20:45.4069045Z ##[group]Download immutable action package 'actions/setup-java@v3'
2025-04-23T14:20:45.4069958Z Version: 3.14.1
2025-04-23T14:20:45.4070815Z Digest: sha256:0f5994bd85f236d7525048fec5b0b7b3ec7474ec50184c8f78a320717cfb3d51
2025-04-23T14:20:45.4071891Z Source commit SHA: 17f84c3641ba7b8f6deff6309fc4c864478f5d62
2025-04-23T14:20:45.4072719Z ##[endgroup]
2025-04-23T14:20:45.7474330Z Complete job name: build-and-deploy
2025-04-23T14:20:45.8199049Z ##[group]Run actions/checkout@v3
2025-04-23T14:20:45.8200619Z with:
2025-04-23T14:20:45.8201255Z   repository: sai-pranay-teja/JobManagement
2025-04-23T14:20:45.8202177Z   token: ***
2025-04-23T14:20:45.8202818Z   ssh-strict: true
2025-04-23T14:20:45.8203557Z   persist-credentials: true
2025-04-23T14:20:45.8204218Z   clean: true
2025-04-23T14:20:45.8204828Z   sparse-checkout-cone-mode: true
2025-04-23T14:20:45.8205497Z   fetch-depth: 1
2025-04-23T14:20:45.8206081Z   fetch-tags: false
2025-04-23T14:20:45.8206655Z   lfs: false
2025-04-23T14:20:45.8207252Z   submodules: false
2025-04-23T14:20:45.8207851Z   set-safe-directory: true
2025-04-23T14:20:45.8209415Z env:
2025-04-23T14:20:45.8210041Z   REMOTE_HOST: 18.60.149.136
2025-04-23T14:20:45.8210695Z   REMOTE_USER: ubuntu
2025-04-23T14:20:45.8211360Z   REMOTE_BACKUP_DIR: /tmp/actions_bak
2025-04-23T14:20:45.8212241Z ##[endgroup]
2025-04-23T14:20:45.9882347Z Syncing repository: sai-pranay-teja/JobManagement
2025-04-23T14:20:45.9884567Z ##[group]Getting Git version info
2025-04-23T14:20:45.9885782Z Working directory is '/home/runner/work/JobManagement/JobManagement'
2025-04-23T14:20:45.9887273Z [command]/usr/bin/git version
2025-04-23T14:20:45.9938247Z git version 2.49.0
2025-04-23T14:20:45.9966704Z ##[endgroup]
2025-04-23T14:20:45.9983397Z Temporarily overriding HOME='/home/runner/work/_temp/04aa8ec6-a1a5-4068-ae3a-6f6f5ea07c35' before making global git config changes
2025-04-23T14:20:45.9985258Z Adding repository directory to the temporary git global config as a safe directory
2025-04-23T14:20:45.9987272Z [command]/usr/bin/git config --global --add safe.directory /home/runner/work/JobManagement/JobManagement
2025-04-23T14:20:46.0017585Z Deleting the contents of '/home/runner/work/JobManagement/JobManagement'
2025-04-23T14:20:46.0021452Z ##[group]Initializing the repository
2025-04-23T14:20:46.0024378Z [command]/usr/bin/git init /home/runner/work/JobManagement/JobManagement
2025-04-23T14:20:46.0099522Z hint: Using 'master' as the name for the initial branch. This default branch name
2025-04-23T14:20:46.0101460Z hint: is subject to change. To configure the initial branch name to use in all
2025-04-23T14:20:46.0103179Z hint: of your new repositories, which will suppress this warning, call:
2025-04-23T14:20:46.0104716Z hint:
2025-04-23T14:20:46.0105407Z hint: 	git config --global init.defaultBranch <name>
2025-04-23T14:20:46.0106199Z hint:
2025-04-23T14:20:46.0106957Z hint: Names commonly chosen instead of 'master' are 'main', 'trunk' and
2025-04-23T14:20:46.0108107Z hint: 'development'. The just-created branch can be renamed via this command:
2025-04-23T14:20:46.0109658Z hint:
2025-04-23T14:20:46.0110281Z hint: 	git branch -m <name>
2025-04-23T14:20:46.0111250Z Initialized empty Git repository in /home/runner/work/JobManagement/JobManagement/.git/
2025-04-23T14:20:46.0113973Z [command]/usr/bin/git remote add origin https://github.com/sai-pranay-teja/JobManagement
2025-04-23T14:20:46.0146252Z ##[endgroup]
2025-04-23T14:20:46.0147283Z ##[group]Disabling automatic garbage collection
2025-04-23T14:20:46.0150267Z [command]/usr/bin/git config --local gc.auto 0
2025-04-23T14:20:46.0176492Z ##[endgroup]
2025-04-23T14:20:46.0177435Z ##[group]Setting up auth
2025-04-23T14:20:46.0181907Z [command]/usr/bin/git config --local --name-only --get-regexp core\.sshCommand
2025-04-23T14:20:46.0208179Z [command]/usr/bin/git submodule foreach --recursive sh -c "git config --local --name-only --get-regexp 'core\.sshCommand' && git config --local --unset-all 'core.sshCommand' || :"
2025-04-23T14:20:46.0489751Z [command]/usr/bin/git config --local --name-only --get-regexp http\.https\:\/\/github\.com\/\.extraheader
2025-04-23T14:20:46.0517281Z [command]/usr/bin/git submodule foreach --recursive sh -c "git config --local --name-only --get-regexp 'http\.https\:\/\/github\.com\/\.extraheader' && git config --local --unset-all 'http.https://github.com/.extraheader' || :"
2025-04-23T14:20:46.0743976Z [command]/usr/bin/git config --local http.https://github.com/.extraheader AUTHORIZATION: basic ***
2025-04-23T14:20:46.0809015Z ##[endgroup]
2025-04-23T14:20:46.0810782Z ##[group]Fetching the repository
2025-04-23T14:20:46.0818689Z [command]/usr/bin/git -c protocol.version=2 fetch --no-tags --prune --progress --no-recurse-submodules --depth=1 origin +dcfda55ab4395c3543c77808538956e1dd35b838:refs/remotes/origin/main
2025-04-23T14:20:46.3217597Z remote: Enumerating objects: 125, done.        
2025-04-23T14:20:46.3221895Z remote: Counting objects:   0% (1/125)        
2025-04-23T14:20:46.3224417Z remote: Counting objects:   1% (2/125)        
2025-04-23T14:20:46.3225985Z remote: Counting objects:   2% (3/125)        
2025-04-23T14:20:46.3227144Z remote: Counting objects:   3% (4/125)        
2025-04-23T14:20:46.3229430Z remote: Counting objects:   4% (5/125)        
2025-04-23T14:20:46.3231827Z remote: Counting objects:   5% (7/125)        
2025-04-23T14:20:46.3236060Z remote: Counting objects:   6% (8/125)        
2025-04-23T14:20:46.3237062Z remote: Counting objects:   7% (9/125)        
2025-04-23T14:20:46.3239244Z remote: Counting objects:   8% (10/125)        
2025-04-23T14:20:46.3240072Z remote: Counting objects:   9% (12/125)        
2025-04-23T14:20:46.3241567Z remote: Counting objects:  10% (13/125)        
2025-04-23T14:20:46.3242411Z remote: Counting objects:  11% (14/125)        
2025-04-23T14:20:46.3244013Z remote: Counting objects:  12% (15/125)        
2025-04-23T14:20:46.3244911Z remote: Counting objects:  13% (17/125)        
2025-04-23T14:20:46.3246606Z remote: Counting objects:  14% (18/125)        
2025-04-23T14:20:46.3247458Z remote: Counting objects:  15% (19/125)        
2025-04-23T14:20:46.3249645Z remote: Counting objects:  16% (20/125)        
2025-04-23T14:20:46.3250478Z remote: Counting objects:  17% (22/125)        
2025-04-23T14:20:46.3252171Z remote: Counting objects:  18% (23/125)        
2025-04-23T14:20:46.3253002Z remote: Counting objects:  19% (24/125)        
2025-04-23T14:20:46.3254862Z remote: Counting objects:  20% (25/125)        
2025-04-23T14:20:46.3255680Z remote: Counting objects:  21% (27/125)        
2025-04-23T14:20:46.3257201Z remote: Counting objects:  22% (28/125)        
2025-04-23T14:20:46.3258028Z remote: Counting objects:  23% (29/125)        
2025-04-23T14:20:46.3260250Z remote: Counting objects:  24% (30/125)        
2025-04-23T14:20:46.3261603Z remote: Counting objects:  25% (32/125)        
2025-04-23T14:20:46.3262517Z remote: Counting objects:  26% (33/125)        
2025-04-23T14:20:46.3263350Z remote: Counting objects:  27% (34/125)        
2025-04-23T14:20:46.3265162Z remote: Counting objects:  28% (35/125)        
2025-04-23T14:20:46.3266716Z remote: Counting objects:  29% (37/125)        
2025-04-23T14:20:46.3269471Z remote: Counting objects:  30% (38/125)        
2025-04-23T14:20:46.3271243Z remote: Counting objects:  31% (39/125)        
2025-04-23T14:20:46.3272947Z remote: Counting objects:  32% (40/125)        
2025-04-23T14:20:46.3274636Z remote: Counting objects:  33% (42/125)        
2025-04-23T14:20:46.3276994Z remote: Counting objects:  34% (43/125)        
2025-04-23T14:20:46.3278744Z remote: Counting objects:  35% (44/125)        
2025-04-23T14:20:46.3280636Z remote: Counting objects:  36% (45/125)        
2025-04-23T14:20:46.3282116Z remote: Counting objects:  37% (47/125)        
2025-04-23T14:20:46.3283810Z remote: Counting objects:  38% (48/125)        
2025-04-23T14:20:46.3285319Z remote: Counting objects:  39% (49/125)        
2025-04-23T14:20:46.3288795Z remote: Counting objects:  40% (50/125)        
2025-04-23T14:20:46.3290387Z remote: Counting objects:  41% (52/125)        
2025-04-23T14:20:46.3291874Z remote: Counting objects:  42% (53/125)        
2025-04-23T14:20:46.3293299Z remote: Counting objects:  43% (54/125)        
2025-04-23T14:20:46.3295059Z remote: Counting objects:  44% (55/125)        
2025-04-23T14:20:46.3296389Z remote: Counting objects:  45% (57/125)        
2025-04-23T14:20:46.3297667Z remote: Counting objects:  46% (58/125)        
2025-04-23T14:20:46.3299606Z remote: Counting objects:  47% (59/125)        
2025-04-23T14:20:46.3300621Z remote: Counting objects:  48% (60/125)        
2025-04-23T14:20:46.3302256Z remote: Counting objects:  49% (62/125)        
2025-04-23T14:20:46.3303166Z remote: Counting objects:  50% (63/125)        
2025-04-23T14:20:46.3304764Z remote: Counting objects:  51% (64/125)        
2025-04-23T14:20:46.3305664Z remote: Counting objects:  52% (65/125)        
2025-04-23T14:20:46.3307127Z remote: Counting objects:  53% (67/125)        
2025-04-23T14:20:46.3308045Z remote: Counting objects:  54% (68/125)        
2025-04-23T14:20:46.3309805Z remote: Counting objects:  55% (69/125)        
2025-04-23T14:20:46.3311252Z remote: Counting objects:  56% (70/125)        
2025-04-23T14:20:46.3312982Z remote: Counting objects:  57% (72/125)        
2025-04-23T14:20:46.3314452Z remote: Counting objects:  58% (73/125)        
2025-04-23T14:20:46.3316078Z remote: Counting objects:  59% (74/125)        
2025-04-23T14:20:46.3318017Z remote: Counting objects:  60% (75/125)        
2025-04-23T14:20:46.3319705Z remote: Counting objects:  61% (77/125)        
2025-04-23T14:20:46.3320963Z remote: Counting objects:  62% (78/125)        
2025-04-23T14:20:46.3322417Z remote: Counting objects:  63% (79/125)        
2025-04-23T14:20:46.3323800Z remote: Counting objects:  64% (80/125)        
2025-04-23T14:20:46.3326814Z remote: Counting objects:  65% (82/125)        
2025-04-23T14:20:46.3329099Z remote: Counting objects:  66% (83/125)        
2025-04-23T14:20:46.3331596Z remote: Counting objects:  67% (84/125)        
2025-04-23T14:20:46.3333347Z remote: Counting objects:  68% (85/125)        
2025-04-23T14:20:46.3335219Z remote: Counting objects:  69% (87/125)        
2025-04-23T14:20:46.3337523Z remote: Counting objects:  70% (88/125)        
2025-04-23T14:20:46.3339548Z remote: Counting objects:  71% (89/125)        
2025-04-23T14:20:46.3341194Z remote: Counting objects:  72% (90/125)        
2025-04-23T14:20:46.3342890Z remote: Counting objects:  73% (92/125)        
2025-04-23T14:20:46.3344672Z remote: Counting objects:  74% (93/125)        
2025-04-23T14:20:46.3346127Z remote: Counting objects:  75% (94/125)        
2025-04-23T14:20:46.3347905Z remote: Counting objects:  76% (95/125)        
2025-04-23T14:20:46.3349806Z remote: Counting objects:  77% (97/125)        
2025-04-23T14:20:46.3351116Z remote: Counting objects:  78% (98/125)        
2025-04-23T14:20:46.3352306Z remote: Counting objects:  79% (99/125)        
2025-04-23T14:20:46.3353999Z remote: Counting objects:  80% (100/125)        
2025-04-23T14:20:46.3354926Z remote: Counting objects:  81% (102/125)        
2025-04-23T14:20:46.3356730Z remote: Counting objects:  82% (103/125)        
2025-04-23T14:20:46.3358698Z remote: Counting objects:  83% (104/125)        
2025-04-23T14:20:46.3360346Z remote: Counting objects:  84% (105/125)        
2025-04-23T14:20:46.3361453Z remote: Counting objects:  85% (107/125)        
2025-04-23T14:20:46.3362674Z remote: Counting objects:  86% (108/125)        
2025-04-23T14:20:46.3364349Z remote: Counting objects:  87% (109/125)        
2025-04-23T14:20:46.3365907Z remote: Counting objects:  88% (110/125)        
2025-04-23T14:20:46.3367806Z remote: Counting objects:  89% (112/125)        
2025-04-23T14:20:46.3369475Z remote: Counting objects:  90% (113/125)        
2025-04-23T14:20:46.3371263Z remote: Counting objects:  91% (114/125)        
2025-04-23T14:20:46.3373149Z remote: Counting objects:  92% (115/125)        
2025-04-23T14:20:46.3374565Z remote: Counting objects:  93% (117/125)        
2025-04-23T14:20:46.3376105Z remote: Counting objects:  94% (118/125)        
2025-04-23T14:20:46.3378177Z remote: Counting objects:  95% (119/125)        
2025-04-23T14:20:46.3379984Z remote: Counting objects:  96% (120/125)        
2025-04-23T14:20:46.3381473Z remote: Counting objects:  97% (122/125)        
2025-04-23T14:20:46.3383066Z remote: Counting objects:  98% (123/125)        
2025-04-23T14:20:46.3384563Z remote: Counting objects:  99% (124/125)        
2025-04-23T14:20:46.3388000Z remote: Counting objects: 100% (125/125)        
2025-04-23T14:20:46.3389993Z remote: Counting objects: 100% (125/125), done.        
2025-04-23T14:20:46.3391133Z remote: Compressing objects:   1% (1/75)        
2025-04-23T14:20:46.3392849Z remote: Compressing objects:   2% (2/75)        
2025-04-23T14:20:46.3395174Z remote: Compressing objects:   4% (3/75)        
2025-04-23T14:20:46.3396736Z remote: Compressing objects:   5% (4/75)        
2025-04-23T14:20:46.3398257Z remote: Compressing objects:   6% (5/75)        
2025-04-23T14:20:46.3400023Z remote: Compressing objects:   8% (6/75)        
2025-04-23T14:20:46.3401552Z remote: Compressing objects:   9% (7/75)        
2025-04-23T14:20:46.3403139Z remote: Compressing objects:  10% (8/75)        
2025-04-23T14:20:46.3404663Z remote: Compressing objects:  12% (9/75)        
2025-04-23T14:20:46.3406146Z remote: Compressing objects:  13% (10/75)        
2025-04-23T14:20:46.3407651Z remote: Compressing objects:  14% (11/75)        
2025-04-23T14:20:46.3409411Z remote: Compressing objects:  16% (12/75)        
2025-04-23T14:20:46.3410945Z remote: Compressing objects:  17% (13/75)        
2025-04-23T14:20:46.3412621Z remote: Compressing objects:  18% (14/75)        
2025-04-23T14:20:46.3414491Z remote: Compressing objects:  20% (15/75)        
2025-04-23T14:20:46.3416175Z remote: Compressing objects:  21% (16/75)        
2025-04-23T14:20:46.3417721Z remote: Compressing objects:  22% (17/75)        
2025-04-23T14:20:46.3419425Z remote: Compressing objects:  24% (18/75)        
2025-04-23T14:20:46.3420992Z remote: Compressing objects:  25% (19/75)        
2025-04-23T14:20:46.3423249Z remote: Compressing objects:  26% (20/75)        
2025-04-23T14:20:46.3424773Z remote: Compressing objects:  28% (21/75)        
2025-04-23T14:20:46.3426334Z remote: Compressing objects:  29% (22/75)        
2025-04-23T14:20:46.3427809Z remote: Compressing objects:  30% (23/75)        
2025-04-23T14:20:46.3429691Z remote: Compressing objects:  32% (24/75)        
2025-04-23T14:20:46.3430866Z remote: Compressing objects:  33% (25/75)        
2025-04-23T14:20:46.3431786Z remote: Compressing objects:  34% (26/75)        
2025-04-23T14:20:46.3434155Z remote: Compressing objects:  36% (27/75)        
2025-04-23T14:20:46.3435833Z remote: Compressing objects:  37% (28/75)        
2025-04-23T14:20:46.3436978Z remote: Compressing objects:  38% (29/75)        
2025-04-23T14:20:46.3439202Z remote: Compressing objects:  40% (30/75)        
2025-04-23T14:20:46.3440247Z remote: Compressing objects:  41% (31/75)        
2025-04-23T14:20:46.3443265Z remote: Compressing objects:  42% (32/75)        
2025-04-23T14:20:46.3444822Z remote: Compressing objects:  44% (33/75)        
2025-04-23T14:20:46.3446394Z remote: Compressing objects:  45% (34/75)        
2025-04-23T14:20:46.3448026Z remote: Compressing objects:  46% (35/75)        
2025-04-23T14:20:46.3450430Z remote: Compressing objects:  48% (36/75)        
2025-04-23T14:20:46.3452140Z remote: Compressing objects:  49% (37/75)        
2025-04-23T14:20:46.3453720Z remote: Compressing objects:  50% (38/75)        
2025-04-23T14:20:46.3455236Z remote: Compressing objects:  52% (39/75)        
2025-04-23T14:20:46.3456697Z remote: Compressing objects:  53% (40/75)        
2025-04-23T14:20:46.3457798Z remote: Compressing objects:  54% (41/75)        
2025-04-23T14:20:46.3458946Z remote: Compressing objects:  56% (42/75)        
2025-04-23T14:20:46.3460578Z remote: Compressing objects:  57% (43/75)        
2025-04-23T14:20:46.3461488Z remote: Compressing objects:  58% (44/75)        
2025-04-23T14:20:46.3462390Z remote: Compressing objects:  60% (45/75)        
2025-04-23T14:20:46.3463959Z remote: Compressing objects:  61% (46/75)        
2025-04-23T14:20:46.3464882Z remote: Compressing objects:  62% (47/75)        
2025-04-23T14:20:46.3466437Z remote: Compressing objects:  64% (48/75)        
2025-04-23T14:20:46.3467366Z remote: Compressing objects:  65% (49/75)        
2025-04-23T14:20:46.3470075Z remote: Compressing objects:  66% (50/75)        
2025-04-23T14:20:46.3471668Z remote: Compressing objects:  68% (51/75)        
2025-04-23T14:20:46.3472912Z remote: Compressing objects:  69% (52/75)        
2025-04-23T14:20:46.3474442Z remote: Compressing objects:  70% (53/75)        
2025-04-23T14:20:46.3475395Z remote: Compressing objects:  72% (54/75)        
2025-04-23T14:20:46.3476284Z remote: Compressing objects:  73% (55/75)        
2025-04-23T14:20:46.3478349Z remote: Compressing objects:  74% (56/75)        
2025-04-23T14:20:46.3479838Z remote: Compressing objects:  76% (57/75)        
2025-04-23T14:20:46.3481398Z remote: Compressing objects:  77% (58/75)        
2025-04-23T14:20:46.3483042Z remote: Compressing objects:  78% (59/75)        
2025-04-23T14:20:46.3484232Z remote: Compressing objects:  80% (60/75)        
2025-04-23T14:20:46.3485191Z remote: Compressing objects:  81% (61/75)        
2025-04-23T14:20:46.3486796Z remote: Compressing objects:  82% (62/75)        
2025-04-23T14:20:46.3488165Z remote: Compressing objects:  84% (63/75)        
2025-04-23T14:20:46.3490051Z remote: Compressing objects:  85% (64/75)        
2025-04-23T14:20:46.3491228Z remote: Compressing objects:  86% (65/75)        
2025-04-23T14:20:46.3492700Z remote: Compressing objects:  88% (66/75)        
2025-04-23T14:20:46.3493802Z remote: Compressing objects:  89% (67/75)        
2025-04-23T14:20:46.3495170Z remote: Compressing objects:  90% (68/75)        
2025-04-23T14:20:46.3496375Z remote: Compressing objects:  92% (69/75)        
2025-04-23T14:20:46.3497287Z remote: Compressing objects:  93% (70/75)        
2025-04-23T14:20:46.3498257Z remote: Compressing objects:  94% (71/75)        
2025-04-23T14:20:46.3501079Z remote: Compressing objects:  96% (72/75)        
2025-04-23T14:20:46.3502737Z remote: Compressing objects:  97% (73/75)        
2025-04-23T14:20:46.3504244Z remote: Compressing objects:  98% (74/75)        
2025-04-23T14:20:46.3506594Z remote: Compressing objects: 100% (75/75)        
2025-04-23T14:20:46.3508346Z remote: Compressing objects: 100% (75/75), done.        
2025-04-23T14:20:46.3510457Z Receiving objects:   0% (1/125)
2025-04-23T14:20:46.3511673Z Receiving objects:   1% (2/125)
2025-04-23T14:20:46.3512684Z Receiving objects:   2% (3/125)
2025-04-23T14:20:46.3514209Z Receiving objects:   3% (4/125)
2025-04-23T14:20:46.3514964Z Receiving objects:   4% (5/125)
2025-04-23T14:20:46.3516454Z Receiving objects:   5% (7/125)
2025-04-23T14:20:46.3517353Z Receiving objects:   6% (8/125)
2025-04-23T14:20:46.3518078Z Receiving objects:   7% (9/125)
2025-04-23T14:20:46.3518967Z Receiving objects:   8% (10/125)
2025-04-23T14:20:46.3520372Z Receiving objects:   9% (12/125)
2025-04-23T14:20:46.3521168Z Receiving objects:  10% (13/125)
2025-04-23T14:20:46.3521936Z Receiving objects:  11% (14/125)
2025-04-23T14:20:46.3522695Z Receiving objects:  12% (15/125)
2025-04-23T14:20:46.3524136Z Receiving objects:  13% (17/125)
2025-04-23T14:20:46.3525061Z Receiving objects:  14% (18/125)
2025-04-23T14:20:46.3526204Z Receiving objects:  15% (19/125)
2025-04-23T14:20:46.3527414Z Receiving objects:  16% (20/125)
2025-04-23T14:20:46.3528961Z Receiving objects:  17% (22/125)
2025-04-23T14:20:46.3530282Z Receiving objects:  18% (23/125)
2025-04-23T14:20:46.3531478Z Receiving objects:  19% (24/125)
2025-04-23T14:20:46.3532266Z Receiving objects:  20% (25/125)
2025-04-23T14:20:46.3533709Z Receiving objects:  21% (27/125)
2025-04-23T14:20:46.3535022Z Receiving objects:  22% (28/125)
2025-04-23T14:20:46.3536266Z Receiving objects:  23% (29/125)
2025-04-23T14:20:46.3537612Z Receiving objects:  24% (30/125)
2025-04-23T14:20:46.3538643Z Receiving objects:  25% (32/125)
2025-04-23T14:20:46.3539402Z Receiving objects:  26% (33/125)
2025-04-23T14:20:46.3540666Z Receiving objects:  27% (34/125)
2025-04-23T14:20:46.3541629Z Receiving objects:  28% (35/125)
2025-04-23T14:20:46.3542742Z Receiving objects:  29% (37/125)
2025-04-23T14:20:46.3543801Z Receiving objects:  30% (38/125)
2025-04-23T14:20:46.3545078Z Receiving objects:  31% (39/125)
2025-04-23T14:20:46.3546343Z Receiving objects:  32% (40/125)
2025-04-23T14:20:46.3547943Z Receiving objects:  33% (42/125)
2025-04-23T14:20:46.3548862Z Receiving objects:  34% (43/125)
2025-04-23T14:20:46.3550308Z Receiving objects:  35% (44/125)
2025-04-23T14:20:46.3551167Z Receiving objects:  36% (45/125)
2025-04-23T14:20:46.3551930Z Receiving objects:  37% (47/125)
2025-04-23T14:20:46.3553380Z Receiving objects:  38% (48/125)
2025-04-23T14:20:46.3554123Z Receiving objects:  39% (49/125)
2025-04-23T14:20:46.3555880Z Receiving objects:  40% (50/125)
2025-04-23T14:20:46.3556934Z Receiving objects:  41% (52/125)
2025-04-23T14:20:46.3558232Z Receiving objects:  42% (53/125)
2025-04-23T14:20:46.3560195Z Receiving objects:  43% (54/125)
2025-04-23T14:20:46.3561348Z Receiving objects:  44% (55/125)
2025-04-23T14:20:46.3562888Z Receiving objects:  45% (57/125)
2025-04-23T14:20:46.3564044Z Receiving objects:  46% (58/125)
2025-04-23T14:20:46.3565336Z Receiving objects:  47% (59/125)
2025-04-23T14:20:46.3880985Z Receiving objects:  48% (60/125)
2025-04-23T14:20:46.4052306Z Receiving objects:  49% (62/125)
2025-04-23T14:20:46.5275111Z Receiving objects:  50% (63/125)
2025-04-23T14:20:46.5280868Z Receiving objects:  51% (64/125)
2025-04-23T14:20:46.6015287Z Receiving objects:  52% (65/125)
2025-04-23T14:20:46.6017285Z Receiving objects:  53% (67/125)
2025-04-23T14:20:46.6018870Z Receiving objects:  54% (68/125)
2025-04-23T14:20:46.6020855Z Receiving objects:  55% (69/125)
2025-04-23T14:20:46.6022573Z Receiving objects:  56% (70/125)
2025-04-23T14:20:46.6024303Z Receiving objects:  57% (72/125)
2025-04-23T14:20:46.6025663Z Receiving objects:  58% (73/125)
2025-04-23T14:20:46.6026993Z Receiving objects:  59% (74/125)
2025-04-23T14:20:46.6028197Z Receiving objects:  60% (75/125)
2025-04-23T14:20:46.6029870Z Receiving objects:  61% (77/125)
2025-04-23T14:20:46.6031561Z Receiving objects:  62% (78/125)
2025-04-23T14:20:46.6033479Z Receiving objects:  63% (79/125)
2025-04-23T14:20:46.6035920Z Receiving objects:  64% (80/125)
2025-04-23T14:20:46.6038548Z Receiving objects:  65% (82/125)
2025-04-23T14:20:46.6041455Z Receiving objects:  66% (83/125)
2025-04-23T14:20:46.6043982Z Receiving objects:  67% (84/125)
2025-04-23T14:20:46.6046564Z Receiving objects:  68% (85/125)
2025-04-23T14:20:46.6049270Z Receiving objects:  69% (87/125)
2025-04-23T14:20:46.6051843Z Receiving objects:  70% (88/125)
2025-04-23T14:20:46.6054442Z Receiving objects:  71% (89/125)
2025-04-23T14:20:46.6056988Z Receiving objects:  72% (90/125)
2025-04-23T14:20:46.6059738Z Receiving objects:  73% (92/125)
2025-04-23T14:20:46.6062417Z Receiving objects:  74% (93/125)
2025-04-23T14:20:46.6064977Z Receiving objects:  75% (94/125)
2025-04-23T14:20:46.6067639Z Receiving objects:  76% (95/125)
2025-04-23T14:20:46.6070485Z Receiving objects:  77% (97/125)
2025-04-23T14:20:46.6073138Z Receiving objects:  78% (98/125)
2025-04-23T14:20:46.6075876Z Receiving objects:  79% (99/125)
2025-04-23T14:20:46.6078609Z Receiving objects:  80% (100/125)
2025-04-23T14:20:46.6081861Z remote: Total 125 (delta 54), reused 92 (delta 45), pack-reused 0 (from 0)        
2025-04-23T14:20:46.6085281Z Receiving objects:  81% (102/125)
2025-04-23T14:20:46.6087779Z Receiving objects:  82% (103/125)
2025-04-23T14:20:46.6090257Z Receiving objects:  83% (104/125)
2025-04-23T14:20:46.6092750Z Receiving objects:  84% (105/125)
2025-04-23T14:20:46.6095277Z Receiving objects:  85% (107/125)
2025-04-23T14:20:46.6097852Z Receiving objects:  86% (108/125)
2025-04-23T14:20:46.6100530Z Receiving objects:  87% (109/125)
2025-04-23T14:20:46.6103084Z Receiving objects:  88% (110/125)
2025-04-23T14:20:46.6105695Z Receiving objects:  89% (112/125)
2025-04-23T14:20:46.6108215Z Receiving objects:  90% (113/125)
2025-04-23T14:20:46.6111074Z Receiving objects:  91% (114/125)
2025-04-23T14:20:46.6113619Z Receiving objects:  92% (115/125)
2025-04-23T14:20:46.6116142Z Receiving objects:  93% (117/125)
2025-04-23T14:20:46.6118889Z Receiving objects:  94% (118/125)
2025-04-23T14:20:46.6121420Z Receiving objects:  95% (119/125)
2025-04-23T14:20:46.6123996Z Receiving objects:  96% (120/125)
2025-04-23T14:20:46.6126875Z Receiving objects:  97% (122/125)
2025-04-23T14:20:46.6129676Z Receiving objects:  98% (123/125)
2025-04-23T14:20:46.6132326Z Receiving objects:  99% (124/125)
2025-04-23T14:20:46.6134938Z Receiving objects: 100% (125/125)
2025-04-23T14:20:46.6137128Z Receiving objects: 100% (125/125), 8.82 MiB | 32.98 MiB/s, done.
2025-04-23T14:20:46.6139584Z Resolving deltas:   0% (0/54)
2025-04-23T14:20:46.6141194Z Resolving deltas:   1% (1/54)
2025-04-23T14:20:46.6142849Z Resolving deltas:   3% (2/54)
2025-04-23T14:20:46.6144353Z Resolving deltas:   5% (3/54)
2025-04-23T14:20:46.6145848Z Resolving deltas:   7% (4/54)
2025-04-23T14:20:46.6147388Z Resolving deltas:   9% (5/54)
2025-04-23T14:20:46.6149241Z Resolving deltas:  11% (6/54)
2025-04-23T14:20:46.6151516Z Resolving deltas:  12% (7/54)
2025-04-23T14:20:46.6153951Z Resolving deltas:  14% (8/54)
2025-04-23T14:20:46.6156138Z Resolving deltas:  16% (9/54)
2025-04-23T14:20:46.6158671Z Resolving deltas:  18% (10/54)
2025-04-23T14:20:46.6160506Z Resolving deltas:  20% (11/54)
2025-04-23T14:20:46.6162048Z Resolving deltas:  22% (12/54)
2025-04-23T14:20:46.6163586Z Resolving deltas:  24% (13/54)
2025-04-23T14:20:46.6165122Z Resolving deltas:  25% (14/54)
2025-04-23T14:20:46.6166642Z Resolving deltas:  27% (15/54)
2025-04-23T14:20:46.6168153Z Resolving deltas:  29% (16/54)
2025-04-23T14:20:46.6169863Z Resolving deltas:  31% (17/54)
2025-04-23T14:20:46.6171372Z Resolving deltas:  33% (18/54)
2025-04-23T14:20:46.6172878Z Resolving deltas:  35% (19/54)
2025-04-23T14:20:46.6174555Z Resolving deltas:  37% (20/54)
2025-04-23T14:20:46.6176338Z Resolving deltas:  38% (21/54)
2025-04-23T14:20:46.6177948Z Resolving deltas:  40% (22/54)
2025-04-23T14:20:46.6179702Z Resolving deltas:  42% (23/54)
2025-04-23T14:20:46.6181909Z Resolving deltas:  44% (24/54)
2025-04-23T14:20:46.6183715Z Resolving deltas:  46% (25/54)
2025-04-23T14:20:46.6185335Z Resolving deltas:  48% (26/54)
2025-04-23T14:20:46.6187161Z Resolving deltas:  50% (27/54)
2025-04-23T14:20:46.6189281Z Resolving deltas:  51% (28/54)
2025-04-23T14:20:46.6191654Z Resolving deltas:  53% (29/54)
2025-04-23T14:20:46.6194081Z Resolving deltas:  55% (30/54)
2025-04-23T14:20:46.6196527Z Resolving deltas:  57% (31/54)
2025-04-23T14:20:46.6199125Z Resolving deltas:  59% (32/54)
2025-04-23T14:20:46.6201561Z Resolving deltas:  61% (33/54)
2025-04-23T14:20:46.6203997Z Resolving deltas:  64% (35/54)
2025-04-23T14:20:46.6206486Z Resolving deltas:  66% (36/54)
2025-04-23T14:20:46.6209050Z Resolving deltas:  70% (38/54)
2025-04-23T14:20:46.6211328Z Resolving deltas:  72% (39/54)
2025-04-23T14:20:46.6212847Z Resolving deltas:  74% (40/54)
2025-04-23T14:20:46.6214403Z Resolving deltas:  75% (41/54)
2025-04-23T14:20:46.6215981Z Resolving deltas:  77% (42/54)
2025-04-23T14:20:46.6217493Z Resolving deltas:  79% (43/54)
2025-04-23T14:20:46.6219231Z Resolving deltas:  81% (44/54)
2025-04-23T14:20:46.6220761Z Resolving deltas:  83% (45/54)
2025-04-23T14:20:46.6222259Z Resolving deltas:  85% (46/54)
2025-04-23T14:20:46.6223791Z Resolving deltas:  87% (47/54)
2025-04-23T14:20:46.6225334Z Resolving deltas:  88% (48/54)
2025-04-23T14:20:46.6226849Z Resolving deltas:  90% (49/54)
2025-04-23T14:20:46.6228356Z Resolving deltas:  92% (50/54)
2025-04-23T14:20:46.6249670Z Resolving deltas:  94% (51/54)
2025-04-23T14:20:46.6251935Z Resolving deltas:  96% (52/54)
2025-04-23T14:20:46.6254290Z Resolving deltas:  98% (53/54)
2025-04-23T14:20:46.6256737Z Resolving deltas: 100% (54/54)
2025-04-23T14:20:46.6259425Z Resolving deltas: 100% (54/54), done.
2025-04-23T14:20:46.6372687Z From https://github.com/sai-pranay-teja/JobManagement
2025-04-23T14:20:46.6375123Z  * [new ref]         dcfda55ab4395c3543c77808538956e1dd35b838 -> origin/main
2025-04-23T14:20:46.6403177Z ##[endgroup]
2025-04-23T14:20:46.6405335Z ##[group]Determining the checkout info
2025-04-23T14:20:46.6407930Z ##[endgroup]
2025-04-23T14:20:46.6410195Z ##[group]Checking out the ref
2025-04-23T14:20:46.6412421Z [command]/usr/bin/git checkout --progress --force -B main refs/remotes/origin/main
2025-04-23T14:20:46.6946998Z Switched to a new branch 'main'
2025-04-23T14:20:46.6950076Z branch 'main' set up to track 'origin/main'.
2025-04-23T14:20:46.6961078Z ##[endgroup]
2025-04-23T14:20:46.6993647Z [command]/usr/bin/git log -1 --format='%H'
2025-04-23T14:20:46.7014632Z 'dcfda55ab4395c3543c77808538956e1dd35b838'
2025-04-23T14:20:46.7362355Z ##[group]Run actions/setup-java@v3
2025-04-23T14:20:46.7363891Z with:
2025-04-23T14:20:46.7365056Z   java-version: 17
2025-04-23T14:20:46.7366296Z   distribution: corretto
2025-04-23T14:20:46.7367604Z   java-package: jdk
2025-04-23T14:20:46.7369046Z   check-latest: false
2025-04-23T14:20:46.7370304Z   server-id: github
2025-04-23T14:20:46.7371541Z   server-username: GITHUB_ACTOR
2025-04-23T14:20:46.7372937Z   server-password: GITHUB_TOKEN
2025-04-23T14:20:46.7374336Z   overwrite-settings: true
2025-04-23T14:20:46.7375650Z   job-status: success
2025-04-23T14:20:46.7377156Z   token: ***
2025-04-23T14:20:46.7378294Z env:
2025-04-23T14:20:46.7379572Z   REMOTE_HOST: 18.60.149.136
2025-04-23T14:20:46.7380916Z   REMOTE_USER: ubuntu
2025-04-23T14:20:46.7382222Z   REMOTE_BACKUP_DIR: /tmp/actions_bak
2025-04-23T14:20:46.7383691Z ##[endgroup]
2025-04-23T14:20:46.9359082Z ##[group]Installed distributions
2025-04-23T14:20:46.9383753Z Trying to resolve the latest version from remote
2025-04-23T14:20:47.0136354Z Resolved latest version as 17.0.15+6.1
2025-04-23T14:20:47.0137064Z Trying to download...
2025-04-23T14:20:47.0138573Z Downloading Java 17.0.15+6.1 (Corretto) from https://corretto.aws/downloads/resources/17.0.15.6.1/amazon-corretto-17.0.15.6.1-linux-x64.tar.gz ...
2025-04-23T14:20:47.9160203Z Extracting Java archive...
2025-04-23T14:20:47.9262941Z [command]/usr/bin/tar xz --warning=no-unknown-keyword -C /home/runner/work/_temp/4163548e-7292-4830-ab15-43de174af5a4 -f /home/runner/work/_temp/96de2c85-065e-476e-b773-6c85e82cfc63
2025-04-23T14:20:50.4896625Z Java 17.0.15+6.1 was downloaded
2025-04-23T14:20:50.4906587Z Setting Java 17.0.15+6.1 as the default
2025-04-23T14:20:50.4907726Z Creating toolchains.xml for JDK version 17 from corretto
2025-04-23T14:20:50.4982586Z Writing to /home/runner/.m2/toolchains.xml
2025-04-23T14:20:50.4983486Z 
2025-04-23T14:20:50.4983976Z Java configuration:
2025-04-23T14:20:50.4984622Z   Distribution: corretto
2025-04-23T14:20:50.4985143Z   Version: 17.0.15+6.1
2025-04-23T14:20:50.4985780Z   Path: /opt/hostedtoolcache/Java_Corretto_jdk/17.0.15-6.1/x64
2025-04-23T14:20:50.4986322Z 
2025-04-23T14:20:50.4987088Z ##[endgroup]
2025-04-23T14:20:50.5004498Z Creating settings.xml with server-id: github
2025-04-23T14:20:50.5008774Z Writing to /home/runner/.m2/settings.xml
2025-04-23T14:20:50.5150959Z ##[group]Run echo "$SSH_KEY_SECRET" > key.pem
2025-04-23T14:20:50.5151438Z [36;1mecho "$SSH_KEY_SECRET" > key.pem[0m
2025-04-23T14:20:50.5151812Z [36;1msed -i 's/\\n/\n/g' key.pem[0m
2025-04-23T14:20:50.5152458Z [36;1mgrep -q "BEGIN RSA PRIVATE KEY" key.pem || sed -i '1i***' key.pem[0m
2025-04-23T14:20:50.5153055Z [36;1mgrep -q "END RSA PRIVATE KEY" key.pem || echo "***" >> key.pem[0m
2025-04-23T14:20:50.5153474Z [36;1mchmod 400 key.pem[0m
2025-04-23T14:20:50.5190157Z shell: /usr/bin/bash -e {0}
2025-04-23T14:20:50.5190476Z env:
2025-04-23T14:20:50.5190733Z   REMOTE_HOST: 18.60.149.136
2025-04-23T14:20:50.5191033Z   REMOTE_USER: ubuntu
2025-04-23T14:20:50.5191328Z   REMOTE_BACKUP_DIR: /tmp/actions_bak
2025-04-23T14:20:50.5191753Z   JAVA_HOME: /opt/hostedtoolcache/Java_Corretto_jdk/17.0.15-6.1/x64
2025-04-23T14:20:50.5192260Z   JAVA_HOME_17_X64: /opt/hostedtoolcache/Java_Corretto_jdk/17.0.15-6.1/x64
2025-04-23T14:20:50.5199730Z   SSH_KEY_SECRET: ***
2025-04-23T14:20:50.5200056Z ##[endgroup]
2025-04-23T14:20:50.6261513Z ##[group]Run echo "PIPELINE_START_TIME=$(date +%s)" >> $GITHUB_ENV
2025-04-23T14:20:50.6262146Z [36;1mecho "PIPELINE_START_TIME=$(date +%s)" >> $GITHUB_ENV[0m
2025-04-23T14:20:50.6292042Z shell: /usr/bin/bash -e {0}
2025-04-23T14:20:50.6292351Z env:
2025-04-23T14:20:50.6292611Z   REMOTE_HOST: 18.60.149.136
2025-04-23T14:20:50.6292917Z   REMOTE_USER: ubuntu
2025-04-23T14:20:50.6293224Z   REMOTE_BACKUP_DIR: /tmp/actions_bak
2025-04-23T14:20:50.6293660Z   JAVA_HOME: /opt/hostedtoolcache/Java_Corretto_jdk/17.0.15-6.1/x64
2025-04-23T14:20:50.6294181Z   JAVA_HOME_17_X64: /opt/hostedtoolcache/Java_Corretto_jdk/17.0.15-6.1/x64
2025-04-23T14:20:50.6294585Z ##[endgroup]
2025-04-23T14:20:50.6385256Z ##[group]Run mkdir -p build/WEB-INF/classes
2025-04-23T14:20:50.6385692Z [36;1mmkdir -p build/WEB-INF/classes[0m
2025-04-23T14:20:50.6386247Z [36;1m# Compile Java sources; redirect errors to compile_error.log and exit if compilation fails.[0m
2025-04-23T14:20:50.6387105Z [36;1m# javac -cp "src/main/webapp/WEB-INF/lib/*" -d build/WEB-INF/classes $(find src -name "*.java") 2> compile_error.log || { echo "Build failed!"; exit 1; }[0m
2025-04-23T14:20:50.6388031Z [36;1mjavac -cp "src/main/webapp/WEB-INF/lib/*" -d build/WEB-INF/classes $(find src -name "*.java") 2> compile_error.log[0m
2025-04-23T14:20:50.6388827Z [36;1m[0m
2025-04-23T14:20:50.6389157Z [36;1mcp -R src/main/resources/* build/WEB-INF/classes/[0m
2025-04-23T14:20:50.6389563Z [36;1mcp -R src/main/webapp/* build/[0m
2025-04-23T14:20:50.6389946Z [36;1mjar -cvf JobManagement_ACTIONS.war -C build .[0m
2025-04-23T14:20:50.6417877Z shell: /usr/bin/bash -e {0}
2025-04-23T14:20:50.6418178Z env:
2025-04-23T14:20:50.6418669Z   REMOTE_HOST: 18.60.149.136
2025-04-23T14:20:50.6418979Z   REMOTE_USER: ubuntu
2025-04-23T14:20:50.6419269Z   REMOTE_BACKUP_DIR: /tmp/actions_bak
2025-04-23T14:20:50.6419687Z   JAVA_HOME: /opt/hostedtoolcache/Java_Corretto_jdk/17.0.15-6.1/x64
2025-04-23T14:20:50.6420191Z   JAVA_HOME_17_X64: /opt/hostedtoolcache/Java_Corretto_jdk/17.0.15-6.1/x64
2025-04-23T14:20:50.6420606Z   PIPELINE_START_TIME: 1745418050
2025-04-23T14:20:50.6420920Z ##[endgroup]
2025-04-23T14:20:51.0743752Z ##[error]Process completed with exit code 1.
2025-04-23T14:20:51.0824433Z ##[group]Run ssh -o StrictHostKeyChecking=no -i key.pem $REMOTE_USER@$REMOTE_HOST "timeout 60 bash -c 'until grep -q \"Deployment of web application archive\" <(tail -n 50 /opt/tomcat10/logs/catalina.out); do sleep 5; done'"
2025-04-23T14:20:51.0826009Z [36;1mssh -o StrictHostKeyChecking=no -i key.pem $REMOTE_USER@$REMOTE_HOST "timeout 60 bash -c 'until grep -q \"Deployment of web application archive\" <(tail -n 50 /opt/tomcat10/logs/catalina.out); do sleep 5; done'"[0m
2025-04-23T14:20:51.0858851Z shell: /usr/bin/bash -e {0}
2025-04-23T14:20:51.0859152Z env:
2025-04-23T14:20:51.0859412Z   REMOTE_HOST: 18.60.149.136
2025-04-23T14:20:51.0859754Z   REMOTE_USER: ubuntu
2025-04-23T14:20:51.0860046Z   REMOTE_BACKUP_DIR: /tmp/actions_bak
2025-04-23T14:20:51.0860478Z   JAVA_HOME: /opt/hostedtoolcache/Java_Corretto_jdk/17.0.15-6.1/x64
2025-04-23T14:20:51.0861025Z   JAVA_HOME_17_X64: /opt/hostedtoolcache/Java_Corretto_jdk/17.0.15-6.1/x64
2025-04-23T14:20:51.0861487Z   PIPELINE_START_TIME: 1745418050
2025-04-23T14:20:51.0861799Z ##[endgroup]
2025-04-23T14:20:52.0881184Z Warning: Permanently added '18.60.149.136' (ED25519) to the list of known hosts.
2025-04-23T14:20:53.8817643Z ##[group]Run echo "DEPLOY_END_TIME=$(date +%s)" >> $GITHUB_ENV
2025-04-23T14:20:53.8818265Z [36;1mecho "DEPLOY_END_TIME=$(date +%s)" >> $GITHUB_ENV[0m
2025-04-23T14:20:53.8849264Z shell: /usr/bin/bash -e {0}
2025-04-23T14:20:53.8849614Z env:
2025-04-23T14:20:53.8849914Z   REMOTE_HOST: 18.60.149.136
2025-04-23T14:20:53.8850266Z   REMOTE_USER: ubuntu
2025-04-23T14:20:53.8850628Z   REMOTE_BACKUP_DIR: /tmp/actions_bak
2025-04-23T14:20:53.8851169Z   JAVA_HOME: /opt/hostedtoolcache/Java_Corretto_jdk/17.0.15-6.1/x64
2025-04-23T14:20:53.8851840Z   JAVA_HOME_17_X64: /opt/hostedtoolcache/Java_Corretto_jdk/17.0.15-6.1/x64
2025-04-23T14:20:53.8852385Z   PIPELINE_START_TIME: 1745418050
2025-04-23T14:20:53.8852762Z ##[endgroup]
2025-04-23T14:20:53.8939761Z ##[group]Run ssh -o StrictHostKeyChecking=no -i key.pem $REMOTE_USER@$REMOTE_HOST "vmstat -s | awk '{printf \"%.2f MB - %s\n\", \$1/1024, substr(\$0, index(\$0,\$2))}'" > resource_usage_after.log
2025-04-23T14:20:53.8940922Z [36;1mssh -o StrictHostKeyChecking=no -i key.pem $REMOTE_USER@$REMOTE_HOST "vmstat -s | awk '{printf \"%.2f MB - %s\n\", \$1/1024, substr(\$0, index(\$0,\$2))}'" > resource_usage_after.log[0m
2025-04-23T14:20:53.8941817Z [36;1mssh -o StrictHostKeyChecking=no -i key.pem $REMOTE_USER@$REMOTE_HOST "free -h" > mem_after.log[0m
2025-04-23T14:20:53.8969308Z shell: /usr/bin/bash -e {0}
2025-04-23T14:20:53.8969616Z env:
2025-04-23T14:20:53.8969867Z   REMOTE_HOST: 18.60.149.136
2025-04-23T14:20:53.8970161Z   REMOTE_USER: ubuntu
2025-04-23T14:20:53.8970459Z   REMOTE_BACKUP_DIR: /tmp/actions_bak
2025-04-23T14:20:53.8970882Z   JAVA_HOME: /opt/hostedtoolcache/Java_Corretto_jdk/17.0.15-6.1/x64
2025-04-23T14:20:53.8971436Z   JAVA_HOME_17_X64: /opt/hostedtoolcache/Java_Corretto_jdk/17.0.15-6.1/x64
2025-04-23T14:20:53.8971878Z   PIPELINE_START_TIME: 1745418050
2025-04-23T14:20:53.8972207Z   DEPLOY_END_TIME: 1745418053
2025-04-23T14:20:53.8972503Z ##[endgroup]
2025-04-23T14:20:59.0079838Z ##[group]Run source $GITHUB_ENV
2025-04-23T14:20:59.0080497Z [36;1msource $GITHUB_ENV[0m
2025-04-23T14:20:59.0081188Z [36;1mDEPLOY_DURATION=$(($DEPLOY_END_TIME - $DEPLOY_START_TIME))[0m
2025-04-23T14:20:59.0081906Z [36;1mPIPELINE_END_TIME=$(date +%s)[0m
2025-04-23T14:20:59.0082705Z [36;1mTOTAL_PIPELINE_TIME=$(($PIPELINE_END_TIME - $PIPELINE_START_TIME))[0m
2025-04-23T14:20:59.0083597Z [36;1mecho "DEPLOY_DURATION=$DEPLOY_DURATION" >> $GITHUB_ENV[0m
2025-04-23T14:20:59.0084459Z [36;1mecho "TOTAL_PIPELINE_TIME=$TOTAL_PIPELINE_TIME" >> $GITHUB_ENV[0m
2025-04-23T14:20:59.0119420Z shell: /usr/bin/bash -e {0}
2025-04-23T14:20:59.0119725Z env:
2025-04-23T14:20:59.0119976Z   REMOTE_HOST: 18.60.149.136
2025-04-23T14:20:59.0120267Z   REMOTE_USER: ubuntu
2025-04-23T14:20:59.0120562Z   REMOTE_BACKUP_DIR: /tmp/actions_bak
2025-04-23T14:20:59.0121011Z   JAVA_HOME: /opt/hostedtoolcache/Java_Corretto_jdk/17.0.15-6.1/x64
2025-04-23T14:20:59.0121557Z   JAVA_HOME_17_X64: /opt/hostedtoolcache/Java_Corretto_jdk/17.0.15-6.1/x64
2025-04-23T14:20:59.0122145Z   PIPELINE_START_TIME: 1745418050
2025-04-23T14:20:59.0122463Z   DEPLOY_END_TIME: 1745418053
2025-04-23T14:20:59.0122764Z ##[endgroup]
2025-04-23T14:20:59.0176298Z /home/runner/work/_temp/049614e3-1557-4a5a-8b63-ede9af2218c0.sh: line 2: 1745418053 - : syntax error: operand expected (error token is "- ")
2025-04-23T14:20:59.0215427Z ##[group]Run echo $'The error is:\n '
2025-04-23T14:20:59.0215835Z [36;1mecho $'The error is:\n '[0m
2025-04-23T14:20:59.0216170Z [36;1mcat compile_error.log[0m
2025-04-23T14:20:59.0216464Z [36;1m[0m
2025-04-23T14:20:59.0216773Z [36;1mecho "Deployment failed! Initiating rollback..."[0m
2025-04-23T14:20:59.0217179Z [36;1mROLLBACK_START=$(date +%s)[0m
2025-04-23T14:20:59.0217484Z [36;1m[0m
2025-04-23T14:20:59.0218747Z [36;1mssh -o StrictHostKeyChecking=no -i key.pem $REMOTE_USER@$REMOTE_HOST "if [ -f /tmp/actions_bak/JobManagement_ACTIONS.war_bak ]; then sudo cp /tmp/actions_bak/JobManagement_ACTIONS.war_bak /opt/tomcat10/webapps/JobManagement_ACTIONS.war; else echo 'No backup available'; exit 1; fi"[0m
2025-04-23T14:20:59.0219850Z [36;1m[0m
2025-04-23T14:20:59.0220265Z [36;1mssh -o StrictHostKeyChecking=no -i key.pem $REMOTE_USER@$REMOTE_HOST <<EOF[0m
2025-04-23T14:20:59.0220837Z [36;1m  sudo rm -rf /opt/tomcat10/webapps/JobManagement_ACTIONS || true[0m
2025-04-23T14:20:59.0221271Z [36;1m  sleep 5[0m
2025-04-23T14:20:59.0221588Z [36;1m  sudo /opt/tomcat10/bin/shutdown.sh || true[0m
2025-04-23T14:20:59.0221968Z [36;1m  sudo /opt/tomcat10/bin/startup.sh[0m
2025-04-23T14:20:59.0222299Z [36;1m  exit[0m
2025-04-23T14:20:59.0222552Z [36;1mEOF[0m
2025-04-23T14:20:59.0222798Z [36;1m[0m
2025-04-23T14:20:59.0223056Z [36;1mROLLBACK_END=$(date +%s)[0m
2025-04-23T14:20:59.0223441Z [36;1mROLLBACK_DURATION=$((ROLLBACK_END - ROLLBACK_START))[0m
2025-04-23T14:20:59.0223922Z [36;1mecho "ROLLBACK_DURATION=$ROLLBACK_DURATION" >> $GITHUB_ENV[0m
2025-04-23T14:20:59.0250889Z shell: /usr/bin/bash -e {0}
2025-04-23T14:20:59.0251192Z env:
2025-04-23T14:20:59.0251445Z   REMOTE_HOST: 18.60.149.136
2025-04-23T14:20:59.0251737Z   REMOTE_USER: ubuntu
2025-04-23T14:20:59.0252032Z   REMOTE_BACKUP_DIR: /tmp/actions_bak
2025-04-23T14:20:59.0252447Z   JAVA_HOME: /opt/hostedtoolcache/Java_Corretto_jdk/17.0.15-6.1/x64
2025-04-23T14:20:59.0252965Z   JAVA_HOME_17_X64: /opt/hostedtoolcache/Java_Corretto_jdk/17.0.15-6.1/x64
2025-04-23T14:20:59.0253387Z   PIPELINE_START_TIME: 1745418050
2025-04-23T14:20:59.0253711Z   DEPLOY_END_TIME: 1745418053
2025-04-23T14:20:59.0253996Z   DEPLOY_DURATION: 
2025-04-23T14:20:59.0254275Z   TOTAL_PIPELINE_TIME: 9
2025-04-23T14:20:59.0254554Z ##[endgroup]
2025-04-23T14:20:59.0301030Z The error is:
2025-04-23T14:20:59.0301405Z  
2025-04-23T14:20:59.0310653Z src/main/java/metrics/EfficiencyIndexCalculator.java:1: error: ';' expected
2025-04-23T14:20:59.0311149Z package metrics
2025-04-23T14:20:59.0311410Z                ^
2025-04-23T14:20:59.0311665Z 1 error
2025-04-23T14:20:59.0312309Z Deployment failed! Initiating rollback...
2025-04-23T14:21:01.6604322Z Pseudo-terminal will not be allocated because stdin is not a terminal.
2025-04-23T14:21:04.2511756Z Welcome to Ubuntu 24.04.2 LTS (GNU/Linux 6.8.0-1027-aws x86_64)
2025-04-23T14:21:04.2512177Z 
2025-04-23T14:21:04.2512361Z  * Documentation:  https://help.ubuntu.com
2025-04-23T14:21:04.2512864Z  * Management:     https://landscape.canonical.com
2025-04-23T14:21:04.2513310Z  * Support:        https://ubuntu.com/pro
2025-04-23T14:21:04.2513565Z 
2025-04-23T14:21:04.2513747Z  System information as of Wed Apr 23 14:20:52 UTC 2025
2025-04-23T14:21:04.2514032Z 
2025-04-23T14:21:04.2514233Z   System load:  0.38              Temperature:           -273.1 C
2025-04-23T14:21:04.2514724Z   Usage of /:   68.5% of 6.71GB   Processes:             121
2025-04-23T14:21:04.2515189Z   Memory usage: 29%               Users logged in:       1
2025-04-23T14:21:04.2515672Z   Swap usage:   0%                IPv4 address for ens5: 172.31.20.166
2025-04-23T14:21:04.2515974Z 
2025-04-23T14:21:04.2516209Z  * Ubuntu Pro delivers the most comprehensive open source security and
2025-04-23T14:21:04.2517032Z    compliance features.
2025-04-23T14:21:04.2517219Z 
2025-04-23T14:21:04.2517365Z    https://ubuntu.com/aws/pro
2025-04-23T14:21:04.2517586Z 
2025-04-23T14:21:04.2517808Z Expanded Security Maintenance for Applications is not enabled.
2025-04-23T14:21:04.2518338Z 
2025-04-23T14:21:04.2518679Z 2 updates can be applied immediately.
2025-04-23T14:21:04.2519122Z To see these additional updates run: apt list --upgradable
2025-04-23T14:21:04.2519427Z 
2025-04-23T14:21:04.2519635Z Enable ESM Apps to receive additional future security updates.
2025-04-23T14:21:04.2520132Z See https://ubuntu.com/esm or run: sudo pro status
2025-04-23T14:21:04.2520415Z 
2025-04-23T14:21:04.2520419Z 
2025-04-23T14:21:09.4930215Z sudo: /opt/tomcat10/bin/shutdown.sh: command not found
2025-04-23T14:21:09.5090359Z Tomcat started.
2025-04-23T14:21:09.5177178Z ##[group]Run echo "-------------------------------------------------"
2025-04-23T14:21:09.5177745Z [36;1mecho "-------------------------------------------------"[0m
2025-04-23T14:21:09.5178189Z [36;1mecho "              CI/CD Metrics Summary              "[0m
2025-04-23T14:21:09.5178811Z [36;1mecho "-------------------------------------------------"[0m
2025-04-23T14:21:09.5179242Z [36;1mecho "| Metric                             | Value          |"[0m
2025-04-23T14:21:09.5179674Z [36;1mecho "-------------------------------------------------"[0m
2025-04-23T14:21:09.5180168Z [36;1mecho "| Total Pipeline Time (sec)          | $TOTAL_PIPELINE_TIME          |"[0m
2025-04-23T14:21:09.5180779Z [36;1m# If deployment succeeded, DEPLOY_DURATION is set; if not, ROLLBACK_DURATION is used.[0m
2025-04-23T14:21:09.5181284Z [36;1mif [ -n "$DEPLOY_DURATION" ]; then[0m
2025-04-23T14:21:09.5181771Z [36;1m  echo "| Deployment Time (sec)              | $DEPLOY_DURATION          |"[0m
2025-04-23T14:21:09.5182180Z [36;1melse[0m
2025-04-23T14:21:09.5182527Z [36;1m  echo "| Rollback Time (sec)     | $ROLLBACK_DURATION          |"[0m
2025-04-23T14:21:09.5182926Z [36;1mfi[0m
2025-04-23T14:21:09.5183281Z [36;1mecho "| Lead Time for Changes (sec)        | $LEAD_TIME          |"[0m
2025-04-23T14:21:09.5183707Z [36;1mif [ -f test_results.log ]; then[0m
2025-04-23T14:21:09.5184151Z [36;1m  TEST_SUMMARY=$(grep -i "tests found" test_results.log | head -n 1)[0m
2025-04-23T14:21:09.5184565Z [36;1melse[0m
2025-04-23T14:21:09.5184835Z [36;1m  TEST_SUMMARY="N/A"[0m
2025-04-23T14:21:09.5185120Z [36;1mfi[0m
2025-04-23T14:21:09.5185530Z [36;1m# ─── Cost Calculation & Echo ──────────────────────────────────────────────[0m
2025-04-23T14:21:09.5186090Z [36;1m# GitHub Actions hosted runner = $0.008 per minute = $0.0001333 per sec[0m
2025-04-23T14:21:09.5186614Z [36;1mCOST=$(awk "BEGIN { printf \"%.4f\", $TOTAL_PIPELINE_TIME * 0.008/60 }")[0m
2025-04-23T14:21:09.5187112Z [36;1mecho "| Cost (USD)                         | $COST              |"[0m
2025-04-23T14:21:09.5187601Z [36;1m# ─────────────────────────────────────────────────────────────────────────────[0m
2025-04-23T14:21:09.5188111Z [36;1mecho "| Test Summary                       | $TEST_SUMMARY          |"[0m
2025-04-23T14:21:09.5188668Z [36;1m[0m
2025-04-23T14:21:09.5188971Z [36;1mecho "-------------------------------------------------"[0m
2025-04-23T14:21:09.5189390Z [36;1mecho "Memory Usage BEFORE:"[0m
2025-04-23T14:21:09.5189722Z [36;1mcat mem_before.log[0m
2025-04-23T14:21:09.5190061Z [36;1mecho "-------------------------------------------------"[0m
2025-04-23T14:21:09.5190440Z [36;1mecho "Memory Usage AFTER:"[0m
2025-04-23T14:21:09.5190762Z [36;1mcat mem_after.log[0m
2025-04-23T14:21:09.5191101Z [36;1mecho "-------------------------------------------------"[0m
2025-04-23T14:21:09.5191487Z [36;1mecho "Resource Usage BEFORE (vmstat):"[0m
2025-04-23T14:21:09.5191849Z [36;1mcat resource_usage_before.log[0m
2025-04-23T14:21:09.5192236Z [36;1mecho "-------------------------------------------------"[0m
2025-04-23T14:21:09.5192615Z [36;1mecho "Resource Usage AFTER (vmstat):"[0m
2025-04-23T14:21:09.5193152Z [36;1mcat resource_usage_after.log[0m
2025-04-23T14:21:09.5193519Z [36;1mecho "-------------------------------------------------"[0m
2025-04-23T14:21:09.5223526Z shell: /usr/bin/bash -e {0}
2025-04-23T14:21:09.5223835Z env:
2025-04-23T14:21:09.5224091Z   REMOTE_HOST: 18.60.149.136
2025-04-23T14:21:09.5224378Z   REMOTE_USER: ubuntu
2025-04-23T14:21:09.5224675Z   REMOTE_BACKUP_DIR: /tmp/actions_bak
2025-04-23T14:21:09.5225111Z   JAVA_HOME: /opt/hostedtoolcache/Java_Corretto_jdk/17.0.15-6.1/x64
2025-04-23T14:21:09.5225629Z   JAVA_HOME_17_X64: /opt/hostedtoolcache/Java_Corretto_jdk/17.0.15-6.1/x64
2025-04-23T14:21:09.5226052Z   PIPELINE_START_TIME: 1745418050
2025-04-23T14:21:09.5226365Z   DEPLOY_END_TIME: 1745418053
2025-04-23T14:21:09.5226659Z   DEPLOY_DURATION: 
2025-04-23T14:21:09.5227106Z   TOTAL_PIPELINE_TIME: 9
2025-04-23T14:21:09.5227395Z   ROLLBACK_DURATION: 10
2025-04-23T14:21:09.5227661Z ##[endgroup]
2025-04-23T14:21:09.5277606Z -------------------------------------------------
2025-04-23T14:21:09.5278264Z               CI/CD Metrics Summary              
2025-04-23T14:21:09.5279063Z -------------------------------------------------
2025-04-23T14:21:09.5279685Z | Metric                             | Value          |
2025-04-23T14:21:09.5280320Z -------------------------------------------------
2025-04-23T14:21:09.5280785Z | Total Pipeline Time (sec)          | 9          |
2025-04-23T14:21:09.5281168Z | Rollback Time (sec)     | 10          |
2025-04-23T14:21:09.5281530Z | Lead Time for Changes (sec)        |           |
2025-04-23T14:21:09.5300609Z | Cost (USD)                         | 0.0012              |
2025-04-23T14:21:09.5301285Z | Test Summary                       | N/A          |
2025-04-23T14:21:09.5301933Z -------------------------------------------------
2025-04-23T14:21:09.5302390Z Memory Usage BEFORE:
2025-04-23T14:21:09.5309964Z cat: mem_before.log: No such file or directory
2025-04-23T14:21:09.5314761Z ##[error]Process completed with exit code 1.
2025-04-23T14:21:09.5388910Z Post job cleanup.
2025-04-23T14:21:09.7127612Z Post job cleanup.
2025-04-23T14:21:09.7826605Z [command]/usr/bin/git version
2025-04-23T14:21:09.7861301Z git version 2.49.0
2025-04-23T14:21:09.7904790Z Temporarily overriding HOME='/home/runner/work/_temp/f9e42a5e-68d6-4b63-96c6-b62e61f9ac9f' before making global git config changes
2025-04-23T14:21:09.7906249Z Adding repository directory to the temporary git global config as a safe directory
2025-04-23T14:21:09.7909964Z [command]/usr/bin/git config --global --add safe.directory /home/runner/work/JobManagement/JobManagement
2025-04-23T14:21:09.7942026Z [command]/usr/bin/git config --local --name-only --get-regexp core\.sshCommand
2025-04-23T14:21:09.7971838Z [command]/usr/bin/git submodule foreach --recursive sh -c "git config --local --name-only --get-regexp 'core\.sshCommand' && git config --local --unset-all 'core.sshCommand' || :"
2025-04-23T14:21:09.8191317Z [command]/usr/bin/git config --local --name-only --get-regexp http\.https\:\/\/github\.com\/\.extraheader
2025-04-23T14:21:09.8210947Z http.https://github.com/.extraheader
2025-04-23T14:21:09.8222000Z [command]/usr/bin/git config --local --unset-all http.https://github.com/.extraheader
2025-04-23T14:21:09.8250835Z [command]/usr/bin/git submodule foreach --recursive sh -c "git config --local --name-only --get-regexp 'http\.https\:\/\/github\.com\/\.extraheader' && git config --local --unset-all 'http.https://github.com/.extraheader' || :"
2025-04-23T14:21:09.8594470Z Cleaning up orphan processes
