2025-04-23T14:08:26.7178287Z Current runner version: '2.323.0'
2025-04-23T14:08:26.7215462Z ##[group]Operating System
2025-04-23T14:08:26.7217191Z Ubuntu
2025-04-23T14:08:26.7218634Z 24.04.2
2025-04-23T14:08:26.7219834Z LTS
2025-04-23T14:08:26.7221242Z ##[endgroup]
2025-04-23T14:08:26.7222871Z ##[group]Runner Image
2025-04-23T14:08:26.7224711Z Image: ubuntu-24.04
2025-04-23T14:08:26.7226164Z Version: 20250420.1.0
2025-04-23T14:08:26.7228430Z Included Software: https://github.com/actions/runner-images/blob/ubuntu24/20250420.1/images/ubuntu/Ubuntu2404-Readme.md
2025-04-23T14:08:26.7231615Z Image Release: https://github.com/actions/runner-images/releases/tag/ubuntu24%2F20250420.1
2025-04-23T14:08:26.7233734Z ##[endgroup]
2025-04-23T14:08:26.7235283Z ##[group]Runner Image Provisioner
2025-04-23T14:08:26.7236914Z 2.0.422.1
2025-04-23T14:08:26.7238109Z ##[endgroup]
2025-04-23T14:08:26.7240655Z ##[group]GITHUB_TOKEN Permissions
2025-04-23T14:08:26.7244034Z Contents: read
2025-04-23T14:08:26.7245534Z Metadata: read
2025-04-23T14:08:26.7247061Z Packages: read
2025-04-23T14:08:26.7248548Z ##[endgroup]
2025-04-23T14:08:26.7251885Z Secret source: Actions
2025-04-23T14:08:26.7253538Z Prepare workflow directory
2025-04-23T14:08:26.7811134Z Prepare all required actions
2025-04-23T14:08:26.7867338Z Getting action download info
2025-04-23T14:08:27.1686008Z ##[group]Download immutable action package 'actions/checkout@v3'
2025-04-23T14:08:27.1687379Z Version: 3.6.0
2025-04-23T14:08:27.1688756Z Digest: sha256:942562b9c7d4b1f2557f1da21f4d3eb4eb4fd01f2ad78b2a6e187d1b193e0a0f
2025-04-23T14:08:27.1690212Z Source commit SHA: f43a0e5ff2bd294095638e18286ca9a3d1956744
2025-04-23T14:08:27.1691256Z ##[endgroup]
2025-04-23T14:08:27.2484055Z ##[group]Download immutable action package 'actions/setup-java@v3'
2025-04-23T14:08:27.2485227Z Version: 3.14.1
2025-04-23T14:08:27.2486079Z Digest: sha256:0f5994bd85f236d7525048fec5b0b7b3ec7474ec50184c8f78a320717cfb3d51
2025-04-23T14:08:27.2487155Z Source commit SHA: 17f84c3641ba7b8f6deff6309fc4c864478f5d62
2025-04-23T14:08:27.2487973Z ##[endgroup]
2025-04-23T14:08:27.5808976Z Complete job name: build-and-deploy
2025-04-23T14:08:27.6527980Z ##[group]Run actions/checkout@v3
2025-04-23T14:08:27.6529004Z with:
2025-04-23T14:08:27.6529620Z   repository: sai-pranay-teja/JobManagement
2025-04-23T14:08:27.6530519Z   token: ***
2025-04-23T14:08:27.6531082Z   ssh-strict: true
2025-04-23T14:08:27.6531675Z   persist-credentials: true
2025-04-23T14:08:27.6532306Z   clean: true
2025-04-23T14:08:27.6532885Z   sparse-checkout-cone-mode: true
2025-04-23T14:08:27.6533542Z   fetch-depth: 1
2025-04-23T14:08:27.6534094Z   fetch-tags: false
2025-04-23T14:08:27.6534827Z   lfs: false
2025-04-23T14:08:27.6535370Z   submodules: false
2025-04-23T14:08:27.6535943Z   set-safe-directory: true
2025-04-23T14:08:27.6536776Z env:
2025-04-23T14:08:27.6537326Z   REMOTE_HOST: 18.60.149.136
2025-04-23T14:08:27.6537937Z   REMOTE_USER: ubuntu
2025-04-23T14:08:27.6538540Z   REMOTE_BACKUP_DIR: /tmp/actions_bak
2025-04-23T14:08:27.6539213Z ##[endgroup]
2025-04-23T14:08:27.8516180Z Syncing repository: sai-pranay-teja/JobManagement
2025-04-23T14:08:27.8518281Z ##[group]Getting Git version info
2025-04-23T14:08:27.8519398Z Working directory is '/home/runner/work/JobManagement/JobManagement'
2025-04-23T14:08:27.8520714Z [command]/usr/bin/git version
2025-04-23T14:08:27.8570376Z git version 2.49.0
2025-04-23T14:08:27.8599180Z ##[endgroup]
2025-04-23T14:08:27.8615333Z Temporarily overriding HOME='/home/runner/work/_temp/cb3710f3-8f25-4ed1-9c81-6f0b8ce0a062' before making global git config changes
2025-04-23T14:08:27.8616937Z Adding repository directory to the temporary git global config as a safe directory
2025-04-23T14:08:27.8618976Z [command]/usr/bin/git config --global --add safe.directory /home/runner/work/JobManagement/JobManagement
2025-04-23T14:08:27.8652742Z Deleting the contents of '/home/runner/work/JobManagement/JobManagement'
2025-04-23T14:08:27.8656782Z ##[group]Initializing the repository
2025-04-23T14:08:27.8659762Z [command]/usr/bin/git init /home/runner/work/JobManagement/JobManagement
2025-04-23T14:08:27.8729510Z hint: Using 'master' as the name for the initial branch. This default branch name
2025-04-23T14:08:27.8730863Z hint: is subject to change. To configure the initial branch name to use in all
2025-04-23T14:08:27.8732435Z hint: of your new repositories, which will suppress this warning, call:
2025-04-23T14:08:27.8733708Z hint:
2025-04-23T14:08:27.8735032Z hint: 	git config --global init.defaultBranch <name>
2025-04-23T14:08:27.8736356Z hint:
2025-04-23T14:08:27.8737557Z hint: Names commonly chosen instead of 'master' are 'main', 'trunk' and
2025-04-23T14:08:27.8739001Z hint: 'development'. The just-created branch can be renamed via this command:
2025-04-23T14:08:27.8739911Z hint:
2025-04-23T14:08:27.8740473Z hint: 	git branch -m <name>
2025-04-23T14:08:27.8741456Z Initialized empty Git repository in /home/runner/work/JobManagement/JobManagement/.git/
2025-04-23T14:08:27.8747209Z [command]/usr/bin/git remote add origin https://github.com/sai-pranay-teja/JobManagement
2025-04-23T14:08:27.8778032Z ##[endgroup]
2025-04-23T14:08:27.8779572Z ##[group]Disabling automatic garbage collection
2025-04-23T14:08:27.8780752Z [command]/usr/bin/git config --local gc.auto 0
2025-04-23T14:08:27.8806850Z ##[endgroup]
2025-04-23T14:08:27.8808279Z ##[group]Setting up auth
2025-04-23T14:08:27.8811458Z [command]/usr/bin/git config --local --name-only --get-regexp core\.sshCommand
2025-04-23T14:08:27.8837724Z [command]/usr/bin/git submodule foreach --recursive sh -c "git config --local --name-only --get-regexp 'core\.sshCommand' && git config --local --unset-all 'core.sshCommand' || :"
2025-04-23T14:08:27.9124567Z [command]/usr/bin/git config --local --name-only --get-regexp http\.https\:\/\/github\.com\/\.extraheader
2025-04-23T14:08:27.9153690Z [command]/usr/bin/git submodule foreach --recursive sh -c "git config --local --name-only --get-regexp 'http\.https\:\/\/github\.com\/\.extraheader' && git config --local --unset-all 'http.https://github.com/.extraheader' || :"
2025-04-23T14:08:27.9372866Z [command]/usr/bin/git config --local http.https://github.com/.extraheader AUTHORIZATION: basic ***
2025-04-23T14:08:27.9439554Z ##[endgroup]
2025-04-23T14:08:27.9441272Z ##[group]Fetching the repository
2025-04-23T14:08:27.9449637Z [command]/usr/bin/git -c protocol.version=2 fetch --no-tags --prune --progress --no-recurse-submodules --depth=1 origin +dcfda55ab4395c3543c77808538956e1dd35b838:refs/remotes/origin/main
2025-04-23T14:08:28.1968348Z remote: Enumerating objects: 125, done.        
2025-04-23T14:08:28.1971178Z remote: Counting objects:   0% (1/125)        
2025-04-23T14:08:28.1972939Z remote: Counting objects:   1% (2/125)        
2025-04-23T14:08:28.1974186Z remote: Counting objects:   2% (3/125)        
2025-04-23T14:08:28.1975296Z remote: Counting objects:   3% (4/125)        
2025-04-23T14:08:28.1976227Z remote: Counting objects:   4% (5/125)        
2025-04-23T14:08:28.1977146Z remote: Counting objects:   5% (7/125)        
2025-04-23T14:08:28.1978064Z remote: Counting objects:   6% (8/125)        
2025-04-23T14:08:28.1979002Z remote: Counting objects:   7% (9/125)        
2025-04-23T14:08:28.1979908Z remote: Counting objects:   8% (10/125)        
2025-04-23T14:08:28.1980812Z remote: Counting objects:   9% (12/125)        
2025-04-23T14:08:28.1981718Z remote: Counting objects:  10% (13/125)        
2025-04-23T14:08:28.1982555Z remote: Counting objects:  11% (14/125)        
2025-04-23T14:08:28.1983416Z remote: Counting objects:  12% (15/125)        
2025-04-23T14:08:28.1984453Z remote: Counting objects:  13% (17/125)        
2025-04-23T14:08:28.1985327Z remote: Counting objects:  14% (18/125)        
2025-04-23T14:08:28.1986137Z remote: Counting objects:  15% (19/125)        
2025-04-23T14:08:28.1987014Z remote: Counting objects:  16% (20/125)        
2025-04-23T14:08:28.1987939Z remote: Counting objects:  17% (22/125)        
2025-04-23T14:08:28.1988851Z remote: Counting objects:  18% (23/125)        
2025-04-23T14:08:28.1989766Z remote: Counting objects:  19% (24/125)        
2025-04-23T14:08:28.1990953Z remote: Counting objects:  20% (25/125)        
2025-04-23T14:08:28.1991874Z remote: Counting objects:  21% (27/125)        
2025-04-23T14:08:28.1992792Z remote: Counting objects:  22% (28/125)        
2025-04-23T14:08:28.1993691Z remote: Counting objects:  23% (29/125)        
2025-04-23T14:08:28.1994738Z remote: Counting objects:  24% (30/125)        
2025-04-23T14:08:28.1995645Z remote: Counting objects:  25% (32/125)        
2025-04-23T14:08:28.1996555Z remote: Counting objects:  26% (33/125)        
2025-04-23T14:08:28.1997518Z remote: Counting objects:  27% (34/125)        
2025-04-23T14:08:28.1998664Z remote: Counting objects:  28% (35/125)        
2025-04-23T14:08:28.1999615Z remote: Counting objects:  29% (37/125)        
2025-04-23T14:08:28.2000520Z remote: Counting objects:  30% (38/125)        
2025-04-23T14:08:28.2001433Z remote: Counting objects:  31% (39/125)        
2025-04-23T14:08:28.2002314Z remote: Counting objects:  32% (40/125)        
2025-04-23T14:08:28.2003203Z remote: Counting objects:  33% (42/125)        
2025-04-23T14:08:28.2004090Z remote: Counting objects:  34% (43/125)        
2025-04-23T14:08:28.2005259Z remote: Counting objects:  35% (44/125)        
2025-04-23T14:08:28.2006137Z remote: Counting objects:  36% (45/125)        
2025-04-23T14:08:28.2007020Z remote: Counting objects:  37% (47/125)        
2025-04-23T14:08:28.2007910Z remote: Counting objects:  38% (48/125)        
2025-04-23T14:08:28.2008773Z remote: Counting objects:  39% (49/125)        
2025-04-23T14:08:28.2009646Z remote: Counting objects:  40% (50/125)        
2025-04-23T14:08:28.2010521Z remote: Counting objects:  41% (52/125)        
2025-04-23T14:08:28.2011402Z remote: Counting objects:  42% (53/125)        
2025-04-23T14:08:28.2012275Z remote: Counting objects:  43% (54/125)        
2025-04-23T14:08:28.2013139Z remote: Counting objects:  44% (55/125)        
2025-04-23T14:08:28.2014849Z remote: Counting objects:  45% (57/125)        
2025-04-23T14:08:28.2016260Z remote: Counting objects:  46% (58/125)        
2025-04-23T14:08:28.2018543Z remote: Counting objects:  47% (59/125)        
2025-04-23T14:08:28.2019764Z remote: Counting objects:  48% (60/125)        
2025-04-23T14:08:28.2021003Z remote: Counting objects:  49% (62/125)        
2025-04-23T14:08:28.2022348Z remote: Counting objects:  50% (63/125)        
2025-04-23T14:08:28.2023451Z remote: Counting objects:  51% (64/125)        
2025-04-23T14:08:28.2024923Z remote: Counting objects:  52% (65/125)        
2025-04-23T14:08:28.2025935Z remote: Counting objects:  53% (67/125)        
2025-04-23T14:08:28.2026817Z remote: Counting objects:  54% (68/125)        
2025-04-23T14:08:28.2027698Z remote: Counting objects:  55% (69/125)        
2025-04-23T14:08:28.2028576Z remote: Counting objects:  56% (70/125)        
2025-04-23T14:08:28.2029833Z remote: Counting objects:  57% (72/125)        
2025-04-23T14:08:28.2031111Z remote: Counting objects:  58% (73/125)        
2025-04-23T14:08:28.2032382Z remote: Counting objects:  59% (74/125)        
2025-04-23T14:08:28.2033502Z remote: Counting objects:  60% (75/125)        
2025-04-23T14:08:28.2034903Z remote: Counting objects:  61% (77/125)        
2025-04-23T14:08:28.2035830Z remote: Counting objects:  62% (78/125)        
2025-04-23T14:08:28.2036705Z remote: Counting objects:  63% (79/125)        
2025-04-23T14:08:28.2037919Z remote: Counting objects:  64% (80/125)        
2025-04-23T14:08:28.2039075Z remote: Counting objects:  65% (82/125)        
2025-04-23T14:08:28.2040248Z remote: Counting objects:  66% (83/125)        
2025-04-23T14:08:28.2041433Z remote: Counting objects:  67% (84/125)        
2025-04-23T14:08:28.2042483Z remote: Counting objects:  68% (85/125)        
2025-04-23T14:08:28.2043699Z remote: Counting objects:  69% (87/125)        
2025-04-23T14:08:28.2044728Z remote: Counting objects:  70% (88/125)        
2025-04-23T14:08:28.2045582Z remote: Counting objects:  71% (89/125)        
2025-04-23T14:08:28.2046430Z remote: Counting objects:  72% (90/125)        
2025-04-23T14:08:28.2047272Z remote: Counting objects:  73% (92/125)        
2025-04-23T14:08:28.2048352Z remote: Counting objects:  74% (93/125)        
2025-04-23T14:08:28.2049192Z remote: Counting objects:  75% (94/125)        
2025-04-23T14:08:28.2050036Z remote: Counting objects:  76% (95/125)        
2025-04-23T14:08:28.2050875Z remote: Counting objects:  77% (97/125)        
2025-04-23T14:08:28.2051709Z remote: Counting objects:  78% (98/125)        
2025-04-23T14:08:28.2052548Z remote: Counting objects:  79% (99/125)        
2025-04-23T14:08:28.2053393Z remote: Counting objects:  80% (100/125)        
2025-04-23T14:08:28.2054388Z remote: Counting objects:  81% (102/125)        
2025-04-23T14:08:28.2055245Z remote: Counting objects:  82% (103/125)        
2025-04-23T14:08:28.2056109Z remote: Counting objects:  83% (104/125)        
2025-04-23T14:08:28.2056969Z remote: Counting objects:  84% (105/125)        
2025-04-23T14:08:28.2057827Z remote: Counting objects:  85% (107/125)        
2025-04-23T14:08:28.2058674Z remote: Counting objects:  86% (108/125)        
2025-04-23T14:08:28.2059596Z remote: Counting objects:  87% (109/125)        
2025-04-23T14:08:28.2060448Z remote: Counting objects:  88% (110/125)        
2025-04-23T14:08:28.2061299Z remote: Counting objects:  89% (112/125)        
2025-04-23T14:08:28.2062185Z remote: Counting objects:  90% (113/125)        
2025-04-23T14:08:28.2063074Z remote: Counting objects:  91% (114/125)        
2025-04-23T14:08:28.2063947Z remote: Counting objects:  92% (115/125)        
2025-04-23T14:08:28.2064956Z remote: Counting objects:  93% (117/125)        
2025-04-23T14:08:28.2065844Z remote: Counting objects:  94% (118/125)        
2025-04-23T14:08:28.2066716Z remote: Counting objects:  95% (119/125)        
2025-04-23T14:08:28.2067593Z remote: Counting objects:  96% (120/125)        
2025-04-23T14:08:28.2068464Z remote: Counting objects:  97% (122/125)        
2025-04-23T14:08:28.2069490Z remote: Counting objects:  98% (123/125)        
2025-04-23T14:08:28.2071062Z remote: Counting objects:  99% (124/125)        
2025-04-23T14:08:28.2072647Z remote: Counting objects: 100% (125/125)        
2025-04-23T14:08:28.2073670Z remote: Counting objects: 100% (125/125), done.        
2025-04-23T14:08:28.2074769Z remote: Compressing objects:   1% (1/75)        
2025-04-23T14:08:28.2075949Z remote: Compressing objects:   2% (2/75)        
2025-04-23T14:08:28.2077215Z remote: Compressing objects:   4% (3/75)        
2025-04-23T14:08:28.2078136Z remote: Compressing objects:   5% (4/75)        
2025-04-23T14:08:28.2079034Z remote: Compressing objects:   6% (5/75)        
2025-04-23T14:08:28.2079916Z remote: Compressing objects:   8% (6/75)        
2025-04-23T14:08:28.2080979Z remote: Compressing objects:   9% (7/75)        
2025-04-23T14:08:28.2082410Z remote: Compressing objects:  10% (8/75)        
2025-04-23T14:08:28.2083850Z remote: Compressing objects:  12% (9/75)        
2025-04-23T14:08:28.2085623Z remote: Compressing objects:  13% (10/75)        
2025-04-23T14:08:28.2087835Z remote: Compressing objects:  14% (11/75)        
2025-04-23T14:08:28.2090307Z remote: Compressing objects:  16% (12/75)        
2025-04-23T14:08:28.2092370Z remote: Compressing objects:  17% (13/75)        
2025-04-23T14:08:28.2093971Z remote: Compressing objects:  18% (14/75)        
2025-04-23T14:08:28.2095409Z remote: Compressing objects:  20% (15/75)        
2025-04-23T14:08:28.2097524Z remote: Compressing objects:  21% (16/75)        
2025-04-23T14:08:28.2099252Z remote: Compressing objects:  22% (17/75)        
2025-04-23T14:08:28.2100257Z remote: Compressing objects:  24% (18/75)        
2025-04-23T14:08:28.2101189Z remote: Compressing objects:  25% (19/75)        
2025-04-23T14:08:28.2102137Z remote: Compressing objects:  26% (20/75)        
2025-04-23T14:08:28.2103179Z remote: Compressing objects:  28% (21/75)        
2025-04-23T14:08:28.2104118Z remote: Compressing objects:  29% (22/75)        
2025-04-23T14:08:28.2105229Z remote: Compressing objects:  30% (23/75)        
2025-04-23T14:08:28.2106157Z remote: Compressing objects:  32% (24/75)        
2025-04-23T14:08:28.2107512Z remote: Compressing objects:  33% (25/75)        
2025-04-23T14:08:28.2108477Z remote: Compressing objects:  34% (26/75)        
2025-04-23T14:08:28.2109391Z remote: Compressing objects:  36% (27/75)        
2025-04-23T14:08:28.2110297Z remote: Compressing objects:  37% (28/75)        
2025-04-23T14:08:28.2111193Z remote: Compressing objects:  38% (29/75)        
2025-04-23T14:08:28.2112091Z remote: Compressing objects:  40% (30/75)        
2025-04-23T14:08:28.2112990Z remote: Compressing objects:  41% (31/75)        
2025-04-23T14:08:28.2113882Z remote: Compressing objects:  42% (32/75)        
2025-04-23T14:08:28.2114896Z remote: Compressing objects:  44% (33/75)        
2025-04-23T14:08:28.2115800Z remote: Compressing objects:  45% (34/75)        
2025-04-23T14:08:28.2116707Z remote: Compressing objects:  46% (35/75)        
2025-04-23T14:08:28.2117606Z remote: Compressing objects:  48% (36/75)        
2025-04-23T14:08:28.2118516Z remote: Compressing objects:  49% (37/75)        
2025-04-23T14:08:28.2119815Z remote: Compressing objects:  50% (38/75)        
2025-04-23T14:08:28.2121156Z remote: Compressing objects:  52% (39/75)        
2025-04-23T14:08:28.2122595Z remote: Compressing objects:  53% (40/75)        
2025-04-23T14:08:28.2123876Z remote: Compressing objects:  54% (41/75)        
2025-04-23T14:08:28.2125105Z remote: Compressing objects:  56% (42/75)        
2025-04-23T14:08:28.2126127Z remote: Compressing objects:  57% (43/75)        
2025-04-23T14:08:28.2127130Z remote: Compressing objects:  58% (44/75)        
2025-04-23T14:08:28.2128226Z remote: Compressing objects:  60% (45/75)        
2025-04-23T14:08:28.2129155Z remote: Compressing objects:  61% (46/75)        
2025-04-23T14:08:28.2130318Z remote: Compressing objects:  62% (47/75)        
2025-04-23T14:08:28.2131654Z remote: Compressing objects:  64% (48/75)        
2025-04-23T14:08:28.2132800Z remote: Compressing objects:  65% (49/75)        
2025-04-23T14:08:28.2133713Z remote: Compressing objects:  66% (50/75)        
2025-04-23T14:08:28.2135079Z remote: Compressing objects:  68% (51/75)        
2025-04-23T14:08:28.2136019Z remote: Compressing objects:  69% (52/75)        
2025-04-23T14:08:28.2136939Z remote: Compressing objects:  70% (53/75)        
2025-04-23T14:08:28.2137847Z remote: Compressing objects:  72% (54/75)        
2025-04-23T14:08:28.2138741Z remote: Compressing objects:  73% (55/75)        
2025-04-23T14:08:28.2139655Z remote: Compressing objects:  74% (56/75)        
2025-04-23T14:08:28.2140557Z remote: Compressing objects:  76% (57/75)        
2025-04-23T14:08:28.2141468Z remote: Compressing objects:  77% (58/75)        
2025-04-23T14:08:28.2142403Z remote: Compressing objects:  78% (59/75)        
2025-04-23T14:08:28.2143963Z remote: Compressing objects:  80% (60/75)        
2025-04-23T14:08:28.2145394Z remote: Compressing objects:  81% (61/75)        
2025-04-23T14:08:28.2146356Z remote: Compressing objects:  82% (62/75)        
2025-04-23T14:08:28.2147560Z remote: Compressing objects:  84% (63/75)        
2025-04-23T14:08:28.2149148Z remote: Compressing objects:  85% (64/75)        
2025-04-23T14:08:28.2150133Z remote: Compressing objects:  86% (65/75)        
2025-04-23T14:08:28.2151104Z remote: Compressing objects:  88% (66/75)        
2025-04-23T14:08:28.2153539Z remote: Compressing objects:  89% (67/75)        
2025-04-23T14:08:28.2155260Z remote: Compressing objects:  90% (68/75)        
2025-04-23T14:08:28.2156777Z remote: Compressing objects:  92% (69/75)        
2025-04-23T14:08:28.2158292Z remote: Compressing objects:  93% (70/75)        
2025-04-23T14:08:28.2159700Z remote: Compressing objects:  94% (71/75)        
2025-04-23T14:08:28.2161419Z remote: Compressing objects:  96% (72/75)        
2025-04-23T14:08:28.2163174Z remote: Compressing objects:  97% (73/75)        
2025-04-23T14:08:28.2165171Z remote: Compressing objects:  98% (74/75)        
2025-04-23T14:08:28.2167004Z remote: Compressing objects: 100% (75/75)        
2025-04-23T14:08:28.2168551Z remote: Compressing objects: 100% (75/75), done.        
2025-04-23T14:08:28.2170661Z Receiving objects:   0% (1/125)
2025-04-23T14:08:28.2171987Z Receiving objects:   1% (2/125)
2025-04-23T14:08:28.2173951Z Receiving objects:   2% (3/125)
2025-04-23T14:08:28.2175208Z Receiving objects:   3% (4/125)
2025-04-23T14:08:28.2175979Z Receiving objects:   4% (5/125)
2025-04-23T14:08:28.2176728Z Receiving objects:   5% (7/125)
2025-04-23T14:08:28.2177472Z Receiving objects:   6% (8/125)
2025-04-23T14:08:28.2178212Z Receiving objects:   7% (9/125)
2025-04-23T14:08:28.2178947Z Receiving objects:   8% (10/125)
2025-04-23T14:08:28.2179717Z Receiving objects:   9% (12/125)
2025-04-23T14:08:28.2180479Z Receiving objects:  10% (13/125)
2025-04-23T14:08:28.2181255Z Receiving objects:  11% (14/125)
2025-04-23T14:08:28.2182015Z Receiving objects:  12% (15/125)
2025-04-23T14:08:28.2182764Z Receiving objects:  13% (17/125)
2025-04-23T14:08:28.2183540Z Receiving objects:  14% (18/125)
2025-04-23T14:08:28.2184449Z Receiving objects:  15% (19/125)
2025-04-23T14:08:28.2185610Z Receiving objects:  16% (20/125)
2025-04-23T14:08:28.2187308Z Receiving objects:  17% (22/125)
2025-04-23T14:08:28.2188203Z Receiving objects:  18% (23/125)
2025-04-23T14:08:28.2188953Z Receiving objects:  19% (24/125)
2025-04-23T14:08:28.2189718Z Receiving objects:  20% (25/125)
2025-04-23T14:08:28.2190468Z Receiving objects:  21% (27/125)
2025-04-23T14:08:28.2191230Z Receiving objects:  22% (28/125)
2025-04-23T14:08:28.2191971Z Receiving objects:  23% (29/125)
2025-04-23T14:08:28.2192709Z Receiving objects:  24% (30/125)
2025-04-23T14:08:28.2193447Z Receiving objects:  25% (32/125)
2025-04-23T14:08:28.2194188Z Receiving objects:  26% (33/125)
2025-04-23T14:08:28.2195235Z Receiving objects:  27% (34/125)
2025-04-23T14:08:28.2195983Z Receiving objects:  28% (35/125)
2025-04-23T14:08:28.2196729Z Receiving objects:  29% (37/125)
2025-04-23T14:08:28.2197836Z Receiving objects:  30% (38/125)
2025-04-23T14:08:28.2200112Z Receiving objects:  31% (39/125)
2025-04-23T14:08:28.2201947Z Receiving objects:  32% (40/125)
2025-04-23T14:08:28.2203365Z Receiving objects:  33% (42/125)
2025-04-23T14:08:28.2204174Z Receiving objects:  34% (43/125)
2025-04-23T14:08:28.2205219Z Receiving objects:  35% (44/125)
2025-04-23T14:08:28.2205969Z Receiving objects:  36% (45/125)
2025-04-23T14:08:28.2206723Z Receiving objects:  37% (47/125)
2025-04-23T14:08:28.2207482Z Receiving objects:  38% (48/125)
2025-04-23T14:08:28.2208719Z Receiving objects:  39% (49/125)
2025-04-23T14:08:28.2210737Z Receiving objects:  40% (50/125)
2025-04-23T14:08:28.2211817Z Receiving objects:  41% (52/125)
2025-04-23T14:08:28.2212583Z Receiving objects:  42% (53/125)
2025-04-23T14:08:28.2213348Z Receiving objects:  43% (54/125)
2025-04-23T14:08:28.2214101Z Receiving objects:  44% (55/125)
2025-04-23T14:08:28.2215007Z Receiving objects:  45% (57/125)
2025-04-23T14:08:28.2215757Z Receiving objects:  46% (58/125)
2025-04-23T14:08:28.2216543Z Receiving objects:  47% (59/125)
2025-04-23T14:08:28.2398299Z Receiving objects:  48% (60/125)
2025-04-23T14:08:28.2491320Z Receiving objects:  49% (62/125)
2025-04-23T14:08:28.3274825Z Receiving objects:  50% (63/125)
2025-04-23T14:08:28.3279416Z Receiving objects:  51% (64/125)
2025-04-23T14:08:28.3973260Z Receiving objects:  52% (65/125)
2025-04-23T14:08:28.3977178Z Receiving objects:  53% (67/125)
2025-04-23T14:08:28.3978554Z Receiving objects:  54% (68/125)
2025-04-23T14:08:28.3981042Z Receiving objects:  55% (69/125)
2025-04-23T14:08:28.3982292Z Receiving objects:  56% (70/125)
2025-04-23T14:08:28.3983520Z Receiving objects:  57% (72/125)
2025-04-23T14:08:28.3984927Z Receiving objects:  58% (73/125)
2025-04-23T14:08:28.3986183Z Receiving objects:  59% (74/125)
2025-04-23T14:08:28.3987483Z Receiving objects:  60% (75/125)
2025-04-23T14:08:28.3988726Z Receiving objects:  61% (77/125)
2025-04-23T14:08:28.3989952Z Receiving objects:  62% (78/125)
2025-04-23T14:08:28.3991174Z Receiving objects:  63% (79/125)
2025-04-23T14:08:28.3992397Z Receiving objects:  64% (80/125)
2025-04-23T14:08:28.3993640Z Receiving objects:  65% (82/125)
2025-04-23T14:08:28.3995549Z Receiving objects:  66% (83/125)
2025-04-23T14:08:28.3996792Z Receiving objects:  67% (84/125)
2025-04-23T14:08:28.3998010Z Receiving objects:  68% (85/125)
2025-04-23T14:08:28.3999219Z Receiving objects:  69% (87/125)
2025-04-23T14:08:28.4000440Z Receiving objects:  70% (88/125)
2025-04-23T14:08:28.4001662Z Receiving objects:  71% (89/125)
2025-04-23T14:08:28.4002916Z Receiving objects:  72% (90/125)
2025-04-23T14:08:28.4004162Z Receiving objects:  73% (92/125)
2025-04-23T14:08:28.4005607Z Receiving objects:  74% (93/125)
2025-04-23T14:08:28.4006846Z Receiving objects:  75% (94/125)
2025-04-23T14:08:28.4008060Z Receiving objects:  76% (95/125)
2025-04-23T14:08:28.4009349Z Receiving objects:  77% (97/125)
2025-04-23T14:08:28.4010577Z Receiving objects:  78% (98/125)
2025-04-23T14:08:28.4011806Z Receiving objects:  79% (99/125)
2025-04-23T14:08:28.4013026Z Receiving objects:  80% (100/125)
2025-04-23T14:08:28.4014913Z remote: Total 125 (delta 54), reused 92 (delta 45), pack-reused 0 (from 0)        
2025-04-23T14:08:28.4016891Z Receiving objects:  81% (102/125)
2025-04-23T14:08:28.4018140Z Receiving objects:  82% (103/125)
2025-04-23T14:08:28.4019405Z Receiving objects:  83% (104/125)
2025-04-23T14:08:28.4020664Z Receiving objects:  84% (105/125)
2025-04-23T14:08:28.4021922Z Receiving objects:  85% (107/125)
2025-04-23T14:08:28.4023170Z Receiving objects:  86% (108/125)
2025-04-23T14:08:28.4024609Z Receiving objects:  87% (109/125)
2025-04-23T14:08:28.4025937Z Receiving objects:  88% (110/125)
2025-04-23T14:08:28.4027225Z Receiving objects:  89% (112/125)
2025-04-23T14:08:28.4028539Z Receiving objects:  90% (113/125)
2025-04-23T14:08:28.4029810Z Receiving objects:  91% (114/125)
2025-04-23T14:08:28.4031146Z Receiving objects:  92% (115/125)
2025-04-23T14:08:28.4032454Z Receiving objects:  93% (117/125)
2025-04-23T14:08:28.4033905Z Receiving objects:  94% (118/125)
2025-04-23T14:08:28.4035502Z Receiving objects:  95% (119/125)
2025-04-23T14:08:28.4036867Z Receiving objects:  96% (120/125)
2025-04-23T14:08:28.4038584Z Receiving objects:  97% (122/125)
2025-04-23T14:08:28.4039981Z Receiving objects:  98% (123/125)
2025-04-23T14:08:28.4041363Z Receiving objects:  99% (124/125)
2025-04-23T14:08:28.4042764Z Receiving objects: 100% (125/125)
2025-04-23T14:08:28.4044639Z Receiving objects: 100% (125/125), 8.82 MiB | 47.06 MiB/s, done.
2025-04-23T14:08:28.4046383Z Resolving deltas:   0% (0/54)
2025-04-23T14:08:28.4047407Z Resolving deltas:   1% (1/54)
2025-04-23T14:08:28.4048148Z Resolving deltas:   3% (2/54)
2025-04-23T14:08:28.4049210Z Resolving deltas:   5% (3/54)
2025-04-23T14:08:28.4050412Z Resolving deltas:   7% (4/54)
2025-04-23T14:08:28.4051638Z Resolving deltas:   9% (5/54)
2025-04-23T14:08:28.4052917Z Resolving deltas:  11% (6/54)
2025-04-23T14:08:28.4054136Z Resolving deltas:  12% (7/54)
2025-04-23T14:08:28.4055546Z Resolving deltas:  14% (8/54)
2025-04-23T14:08:28.4056754Z Resolving deltas:  16% (9/54)
2025-04-23T14:08:28.4057929Z Resolving deltas:  18% (10/54)
2025-04-23T14:08:28.4059119Z Resolving deltas:  20% (11/54)
2025-04-23T14:08:28.4060310Z Resolving deltas:  22% (12/54)
2025-04-23T14:08:28.4061502Z Resolving deltas:  24% (13/54)
2025-04-23T14:08:28.4062679Z Resolving deltas:  25% (14/54)
2025-04-23T14:08:28.4063864Z Resolving deltas:  27% (15/54)
2025-04-23T14:08:28.4065291Z Resolving deltas:  29% (16/54)
2025-04-23T14:08:28.4066683Z Resolving deltas:  31% (17/54)
2025-04-23T14:08:28.4067891Z Resolving deltas:  33% (18/54)
2025-04-23T14:08:28.4069096Z Resolving deltas:  35% (19/54)
2025-04-23T14:08:28.4070282Z Resolving deltas:  37% (20/54)
2025-04-23T14:08:28.4071479Z Resolving deltas:  38% (21/54)
2025-04-23T14:08:28.4072660Z Resolving deltas:  40% (22/54)
2025-04-23T14:08:28.4073831Z Resolving deltas:  42% (23/54)
2025-04-23T14:08:28.4075220Z Resolving deltas:  44% (24/54)
2025-04-23T14:08:28.4076401Z Resolving deltas:  46% (25/54)
2025-04-23T14:08:28.4077578Z Resolving deltas:  48% (26/54)
2025-04-23T14:08:28.4078833Z Resolving deltas:  50% (27/54)
2025-04-23T14:08:28.4084533Z Resolving deltas:  51% (28/54)
2025-04-23T14:08:28.4089463Z Resolving deltas:  53% (29/54)
2025-04-23T14:08:28.4094090Z Resolving deltas:  55% (30/54)
2025-04-23T14:08:28.4095529Z Resolving deltas:  57% (31/54)
2025-04-23T14:08:28.4096715Z Resolving deltas:  59% (32/54)
2025-04-23T14:08:28.4097925Z Resolving deltas:  61% (33/54)
2025-04-23T14:08:28.4099134Z Resolving deltas:  62% (34/54)
2025-04-23T14:08:28.4100371Z Resolving deltas:  66% (36/54)
2025-04-23T14:08:28.4109759Z Resolving deltas:  68% (37/54)
2025-04-23T14:08:28.4112284Z Resolving deltas:  70% (38/54)
2025-04-23T14:08:28.4113530Z Resolving deltas:  72% (39/54)
2025-04-23T14:08:28.4114999Z Resolving deltas:  74% (40/54)
2025-04-23T14:08:28.4116764Z Resolving deltas:  75% (41/54)
2025-04-23T14:08:28.4117985Z Resolving deltas:  77% (42/54)
2025-04-23T14:08:28.4118732Z Resolving deltas:  79% (43/54)
2025-04-23T14:08:28.4120101Z Resolving deltas:  81% (44/54)
2025-04-23T14:08:28.4121478Z Resolving deltas:  83% (45/54)
2025-04-23T14:08:28.4122763Z Resolving deltas:  85% (46/54)
2025-04-23T14:08:28.4124085Z Resolving deltas:  87% (47/54)
2025-04-23T14:08:28.4149774Z Resolving deltas:  88% (48/54)
2025-04-23T14:08:28.4151357Z Resolving deltas:  90% (49/54)
2025-04-23T14:08:28.4152643Z Resolving deltas:  92% (50/54)
2025-04-23T14:08:28.4153895Z Resolving deltas:  94% (51/54)
2025-04-23T14:08:28.4155403Z Resolving deltas:  96% (52/54)
2025-04-23T14:08:28.4156764Z Resolving deltas:  98% (53/54)
2025-04-23T14:08:28.4158074Z Resolving deltas: 100% (54/54)
2025-04-23T14:08:28.4159368Z Resolving deltas: 100% (54/54), done.
2025-04-23T14:08:28.4302439Z From https://github.com/sai-pranay-teja/JobManagement
2025-04-23T14:08:28.4304059Z  * [new ref]         dcfda55ab4395c3543c77808538956e1dd35b838 -> origin/main
2025-04-23T14:08:28.4333639Z ##[endgroup]
2025-04-23T14:08:28.4335228Z ##[group]Determining the checkout info
2025-04-23T14:08:28.4336940Z ##[endgroup]
2025-04-23T14:08:28.4337955Z ##[group]Checking out the ref
2025-04-23T14:08:28.4340723Z [command]/usr/bin/git checkout --progress --force -B main refs/remotes/origin/main
2025-04-23T14:08:28.4885933Z Switched to a new branch 'main'
2025-04-23T14:08:28.4887740Z branch 'main' set up to track 'origin/main'.
2025-04-23T14:08:28.4900806Z ##[endgroup]
2025-04-23T14:08:28.4939228Z [command]/usr/bin/git log -1 --format='%H'
2025-04-23T14:08:28.4962168Z 'dcfda55ab4395c3543c77808538956e1dd35b838'
2025-04-23T14:08:28.5275482Z ##[group]Run actions/setup-java@v3
2025-04-23T14:08:28.5276443Z with:
2025-04-23T14:08:28.5277049Z   java-version: 17
2025-04-23T14:08:28.5277749Z   distribution: corretto
2025-04-23T14:08:28.5278504Z   java-package: jdk
2025-04-23T14:08:28.5279206Z   check-latest: false
2025-04-23T14:08:28.5279915Z   server-id: github
2025-04-23T14:08:28.5280616Z   server-username: GITHUB_ACTOR
2025-04-23T14:08:28.5281481Z   server-password: GITHUB_TOKEN
2025-04-23T14:08:28.5282342Z   overwrite-settings: true
2025-04-23T14:08:28.5283129Z   job-status: success
2025-04-23T14:08:28.5284084Z   token: ***
2025-04-23T14:08:28.5285326Z env:
2025-04-23T14:08:28.5286011Z   REMOTE_HOST: 18.60.149.136
2025-04-23T14:08:28.5286805Z   REMOTE_USER: ubuntu
2025-04-23T14:08:28.5287595Z   REMOTE_BACKUP_DIR: /tmp/actions_bak
2025-04-23T14:08:28.5288508Z ##[endgroup]
2025-04-23T14:08:28.7304516Z ##[group]Installed distributions
2025-04-23T14:08:28.7327774Z Trying to resolve the latest version from remote
2025-04-23T14:08:28.8182246Z Resolved latest version as 17.0.15+6.1
2025-04-23T14:08:28.8184453Z Trying to download...
2025-04-23T14:08:28.8187008Z Downloading Java 17.0.15+6.1 (Corretto) from https://corretto.aws/downloads/resources/17.0.15.6.1/amazon-corretto-17.0.15.6.1-linux-x64.tar.gz ...
2025-04-23T14:08:30.0952451Z Extracting Java archive...
2025-04-23T14:08:30.1067991Z [command]/usr/bin/tar xz --warning=no-unknown-keyword -C /home/runner/work/_temp/4b431640-56ef-4b88-8d4b-aba7ffc5b39c -f /home/runner/work/_temp/2de0f69c-a0ba-4a1d-a6f7-0d4d6bff1a53
2025-04-23T14:08:32.6701153Z Java 17.0.15+6.1 was downloaded
2025-04-23T14:08:32.6702328Z Setting Java 17.0.15+6.1 as the default
2025-04-23T14:08:32.6714557Z Creating toolchains.xml for JDK version 17 from corretto
2025-04-23T14:08:32.6788676Z Writing to /home/runner/.m2/toolchains.xml
2025-04-23T14:08:32.6789184Z 
2025-04-23T14:08:32.6789573Z Java configuration:
2025-04-23T14:08:32.6790235Z   Distribution: corretto
2025-04-23T14:08:32.6790867Z   Version: 17.0.15+6.1
2025-04-23T14:08:32.6791685Z   Path: /opt/hostedtoolcache/Java_Corretto_jdk/17.0.15-6.1/x64
2025-04-23T14:08:32.6792343Z 
2025-04-23T14:08:32.6793086Z ##[endgroup]
2025-04-23T14:08:32.6810160Z Creating settings.xml with server-id: github
2025-04-23T14:08:32.6810622Z Writing to /home/runner/.m2/settings.xml
2025-04-23T14:08:32.6958232Z ##[group]Run echo "$SSH_KEY_SECRET" > key.pem
2025-04-23T14:08:32.6958760Z [36;1mecho "$SSH_KEY_SECRET" > key.pem[0m
2025-04-23T14:08:32.6959134Z [36;1msed -i 's/\\n/\n/g' key.pem[0m
2025-04-23T14:08:32.6960061Z [36;1mgrep -q "BEGIN RSA PRIVATE KEY" key.pem || sed -i '1i***' key.pem[0m
2025-04-23T14:08:32.6960730Z [36;1mgrep -q "END RSA PRIVATE KEY" key.pem || echo "***" >> key.pem[0m
2025-04-23T14:08:32.6961158Z [36;1mchmod 400 key.pem[0m
2025-04-23T14:08:32.6997882Z shell: /usr/bin/bash -e {0}
2025-04-23T14:08:32.6998254Z env:
2025-04-23T14:08:32.6998519Z   REMOTE_HOST: 18.60.149.136
2025-04-23T14:08:32.6998815Z   REMOTE_USER: ubuntu
2025-04-23T14:08:32.6999133Z   REMOTE_BACKUP_DIR: /tmp/actions_bak
2025-04-23T14:08:32.6999589Z   JAVA_HOME: /opt/hostedtoolcache/Java_Corretto_jdk/17.0.15-6.1/x64
2025-04-23T14:08:32.7000123Z   JAVA_HOME_17_X64: /opt/hostedtoolcache/Java_Corretto_jdk/17.0.15-6.1/x64
2025-04-23T14:08:32.7007572Z   SSH_KEY_SECRET: ***
2025-04-23T14:08:32.7007926Z ##[endgroup]
2025-04-23T14:08:32.8074601Z ##[group]Run echo "PIPELINE_START_TIME=$(date +%s)" >> $GITHUB_ENV
2025-04-23T14:08:32.8075280Z [36;1mecho "PIPELINE_START_TIME=$(date +%s)" >> $GITHUB_ENV[0m
2025-04-23T14:08:32.8106513Z shell: /usr/bin/bash -e {0}
2025-04-23T14:08:32.8106833Z env:
2025-04-23T14:08:32.8107108Z   REMOTE_HOST: 18.60.149.136
2025-04-23T14:08:32.8107411Z   REMOTE_USER: ubuntu
2025-04-23T14:08:32.8107710Z   REMOTE_BACKUP_DIR: /tmp/actions_bak
2025-04-23T14:08:32.8108157Z   JAVA_HOME: /opt/hostedtoolcache/Java_Corretto_jdk/17.0.15-6.1/x64
2025-04-23T14:08:32.8108695Z   JAVA_HOME_17_X64: /opt/hostedtoolcache/Java_Corretto_jdk/17.0.15-6.1/x64
2025-04-23T14:08:32.8109110Z ##[endgroup]
2025-04-23T14:08:32.8208009Z ##[group]Run mkdir -p build/WEB-INF/classes
2025-04-23T14:08:32.8208475Z [36;1mmkdir -p build/WEB-INF/classes[0m
2025-04-23T14:08:32.8209055Z [36;1m# Compile Java sources; redirect errors to compile_error.log and exit if compilation fails.[0m
2025-04-23T14:08:32.8209941Z [36;1m# javac -cp "src/main/webapp/WEB-INF/lib/*" -d build/WEB-INF/classes $(find src -name "*.java") 2> compile_error.log || { echo "Build failed!"; exit 1; }[0m
2025-04-23T14:08:32.8210866Z [36;1mjavac -cp "src/main/webapp/WEB-INF/lib/*" -d build/WEB-INF/classes $(find src -name "*.java") 2> compile_error.log[0m
2025-04-23T14:08:32.8211442Z [36;1m[0m
2025-04-23T14:08:32.8211763Z [36;1mcp -R src/main/resources/* build/WEB-INF/classes/[0m
2025-04-23T14:08:32.8212170Z [36;1mcp -R src/main/webapp/* build/[0m
2025-04-23T14:08:32.8212574Z [36;1mjar -cvf JobManagement_ACTIONS.war -C build .[0m
2025-04-23T14:08:32.8241667Z shell: /usr/bin/bash -e {0}
2025-04-23T14:08:32.8241987Z env:
2025-04-23T14:08:32.8242274Z   REMOTE_HOST: 18.60.149.136
2025-04-23T14:08:32.8242572Z   REMOTE_USER: ubuntu
2025-04-23T14:08:32.8242877Z   REMOTE_BACKUP_DIR: /tmp/actions_bak
2025-04-23T14:08:32.8243318Z   JAVA_HOME: /opt/hostedtoolcache/Java_Corretto_jdk/17.0.15-6.1/x64
2025-04-23T14:08:32.8243855Z   JAVA_HOME_17_X64: /opt/hostedtoolcache/Java_Corretto_jdk/17.0.15-6.1/x64
2025-04-23T14:08:32.8244444Z   PIPELINE_START_TIME: 1745417312
2025-04-23T14:08:32.8244776Z ##[endgroup]
2025-04-23T14:08:33.2905865Z ##[error]Process completed with exit code 1.
2025-04-23T14:08:33.2988308Z ##[group]Run ssh -o StrictHostKeyChecking=no -i key.pem $REMOTE_USER@$REMOTE_HOST "timeout 60 bash -c 'until grep -q \"Deployment of web application archive\" <(tail -n 50 /opt/tomcat10/logs/catalina.out); do sleep 5; done'"
2025-04-23T14:08:33.2989846Z [36;1mssh -o StrictHostKeyChecking=no -i key.pem $REMOTE_USER@$REMOTE_HOST "timeout 60 bash -c 'until grep -q \"Deployment of web application archive\" <(tail -n 50 /opt/tomcat10/logs/catalina.out); do sleep 5; done'"[0m
2025-04-23T14:08:33.3022274Z shell: /usr/bin/bash -e {0}
2025-04-23T14:08:33.3022581Z env:
2025-04-23T14:08:33.3022833Z   REMOTE_HOST: 18.60.149.136
2025-04-23T14:08:33.3023119Z   REMOTE_USER: ubuntu
2025-04-23T14:08:33.3023414Z   REMOTE_BACKUP_DIR: /tmp/actions_bak
2025-04-23T14:08:33.3023845Z   JAVA_HOME: /opt/hostedtoolcache/Java_Corretto_jdk/17.0.15-6.1/x64
2025-04-23T14:08:33.3024530Z   JAVA_HOME_17_X64: /opt/hostedtoolcache/Java_Corretto_jdk/17.0.15-6.1/x64
2025-04-23T14:08:33.3024996Z   PIPELINE_START_TIME: 1745417312
2025-04-23T14:08:33.3025301Z ##[endgroup]
2025-04-23T14:08:34.2285592Z Warning: Permanently added '18.60.149.136' (ED25519) to the list of known hosts.
2025-04-23T14:08:35.9766442Z ##[group]Run echo "DEPLOY_END_TIME=$(date +%s)" >> $GITHUB_ENV
2025-04-23T14:08:35.9766941Z [36;1mecho "DEPLOY_END_TIME=$(date +%s)" >> $GITHUB_ENV[0m
2025-04-23T14:08:35.9797557Z shell: /usr/bin/bash -e {0}
2025-04-23T14:08:35.9797847Z env:
2025-04-23T14:08:35.9798095Z   REMOTE_HOST: 18.60.149.136
2025-04-23T14:08:35.9798387Z   REMOTE_USER: ubuntu
2025-04-23T14:08:35.9798674Z   REMOTE_BACKUP_DIR: /tmp/actions_bak
2025-04-23T14:08:35.9799098Z   JAVA_HOME: /opt/hostedtoolcache/Java_Corretto_jdk/17.0.15-6.1/x64
2025-04-23T14:08:35.9799612Z   JAVA_HOME_17_X64: /opt/hostedtoolcache/Java_Corretto_jdk/17.0.15-6.1/x64
2025-04-23T14:08:35.9800038Z   PIPELINE_START_TIME: 1745417312
2025-04-23T14:08:35.9800342Z ##[endgroup]
2025-04-23T14:08:35.9890014Z ##[group]Run ssh -o StrictHostKeyChecking=no -i key.pem $REMOTE_USER@$REMOTE_HOST "vmstat -s | awk '{printf \"%.2f MB - %s\n\", \$1/1024, substr(\$0, index(\$0,\$2))}'" > resource_usage_after.log
2025-04-23T14:08:35.9891177Z [36;1mssh -o StrictHostKeyChecking=no -i key.pem $REMOTE_USER@$REMOTE_HOST "vmstat -s | awk '{printf \"%.2f MB - %s\n\", \$1/1024, substr(\$0, index(\$0,\$2))}'" > resource_usage_after.log[0m
2025-04-23T14:08:35.9892052Z [36;1mssh -o StrictHostKeyChecking=no -i key.pem $REMOTE_USER@$REMOTE_HOST "free -h" > mem_after.log[0m
2025-04-23T14:08:35.9921361Z shell: /usr/bin/bash -e {0}
2025-04-23T14:08:35.9921660Z env:
2025-04-23T14:08:35.9921906Z   REMOTE_HOST: 18.60.149.136
2025-04-23T14:08:35.9922200Z   REMOTE_USER: ubuntu
2025-04-23T14:08:35.9922494Z   REMOTE_BACKUP_DIR: /tmp/actions_bak
2025-04-23T14:08:35.9922916Z   JAVA_HOME: /opt/hostedtoolcache/Java_Corretto_jdk/17.0.15-6.1/x64
2025-04-23T14:08:35.9923470Z   JAVA_HOME_17_X64: /opt/hostedtoolcache/Java_Corretto_jdk/17.0.15-6.1/x64
2025-04-23T14:08:35.9923882Z   PIPELINE_START_TIME: 1745417312
2025-04-23T14:08:35.9924193Z   DEPLOY_END_TIME: 1745417315
2025-04-23T14:08:35.9924729Z ##[endgroup]
2025-04-23T14:08:41.1062759Z ##[group]Run source $GITHUB_ENV
2025-04-23T14:08:41.1063143Z [36;1msource $GITHUB_ENV[0m
2025-04-23T14:08:41.1063538Z [36;1mDEPLOY_DURATION=$(($DEPLOY_END_TIME - $DEPLOY_START_TIME))[0m
2025-04-23T14:08:41.1064010Z [36;1mPIPELINE_END_TIME=$(date +%s)[0m
2025-04-23T14:08:41.1064670Z [36;1mTOTAL_PIPELINE_TIME=$(($PIPELINE_END_TIME - $PIPELINE_START_TIME))[0m
2025-04-23T14:08:41.1065183Z [36;1mecho "DEPLOY_DURATION=$DEPLOY_DURATION" >> $GITHUB_ENV[0m
2025-04-23T14:08:41.1065677Z [36;1mecho "TOTAL_PIPELINE_TIME=$TOTAL_PIPELINE_TIME" >> $GITHUB_ENV[0m
2025-04-23T14:08:41.1096495Z shell: /usr/bin/bash -e {0}
2025-04-23T14:08:41.1096792Z env:
2025-04-23T14:08:41.1097042Z   REMOTE_HOST: 18.60.149.136
2025-04-23T14:08:41.1097369Z   REMOTE_USER: ubuntu
2025-04-23T14:08:41.1097656Z   REMOTE_BACKUP_DIR: /tmp/actions_bak
2025-04-23T14:08:41.1098076Z   JAVA_HOME: /opt/hostedtoolcache/Java_Corretto_jdk/17.0.15-6.1/x64
2025-04-23T14:08:41.1098642Z   JAVA_HOME_17_X64: /opt/hostedtoolcache/Java_Corretto_jdk/17.0.15-6.1/x64
2025-04-23T14:08:41.1099238Z   PIPELINE_START_TIME: 1745417312
2025-04-23T14:08:41.1099556Z   DEPLOY_END_TIME: 1745417315
2025-04-23T14:08:41.1099845Z ##[endgroup]
2025-04-23T14:08:41.1153397Z /home/runner/work/_temp/d35f10f0-4866-4015-b2c1-5057e899b86b.sh: line 2: 1745417315 - : syntax error: operand expected (error token is "- ")
2025-04-23T14:08:41.1193411Z ##[group]Run echo $'The error is:\n '
2025-04-23T14:08:41.1193838Z [36;1mecho $'The error is:\n '[0m
2025-04-23T14:08:41.1194165Z [36;1mcat compile_error.log[0m
2025-04-23T14:08:41.1194705Z [36;1m[0m
2025-04-23T14:08:41.1195023Z [36;1mecho "Deployment failed! Initiating rollback..."[0m
2025-04-23T14:08:41.1195428Z [36;1mROLLBACK_START=$(date +%s)[0m
2025-04-23T14:08:41.1195747Z [36;1m[0m
2025-04-23T14:08:41.1196777Z [36;1mssh -o StrictHostKeyChecking=no -i key.pem $REMOTE_USER@$REMOTE_HOST "if [ -f /tmp/actions_bak/JobManagement_ACTIONS.war_bak ]; then sudo cp /tmp/actions_bak/JobManagement_ACTIONS.war_bak /opt/tomcat10/webapps/JobManagement_ACTIONS.war; else echo 'No backup available'; exit 1; fi"[0m
2025-04-23T14:08:41.1197855Z [36;1m[0m
2025-04-23T14:08:41.1198239Z [36;1mssh -o StrictHostKeyChecking=no -i key.pem $REMOTE_USER@$REMOTE_HOST <<EOF[0m
2025-04-23T14:08:41.1198794Z [36;1m  sudo rm -rf /opt/tomcat10/webapps/JobManagement_ACTIONS || true[0m
2025-04-23T14:08:41.1199220Z [36;1m  sleep 5[0m
2025-04-23T14:08:41.1199526Z [36;1m  sudo /opt/tomcat10/bin/shutdown.sh || true[0m
2025-04-23T14:08:41.1199909Z [36;1m  sudo /opt/tomcat10/bin/startup.sh[0m
2025-04-23T14:08:41.1200238Z [36;1m  exit[0m
2025-04-23T14:08:41.1200486Z [36;1mEOF[0m
2025-04-23T14:08:41.1200717Z [36;1m[0m
2025-04-23T14:08:41.1200962Z [36;1mROLLBACK_END=$(date +%s)[0m
2025-04-23T14:08:41.1201344Z [36;1mROLLBACK_DURATION=$((ROLLBACK_END - ROLLBACK_START))[0m
2025-04-23T14:08:41.1201828Z [36;1mecho "ROLLBACK_DURATION=$ROLLBACK_DURATION" >> $GITHUB_ENV[0m
2025-04-23T14:08:41.1229517Z shell: /usr/bin/bash -e {0}
2025-04-23T14:08:41.1229815Z env:
2025-04-23T14:08:41.1230068Z   REMOTE_HOST: 18.60.149.136
2025-04-23T14:08:41.1230361Z   REMOTE_USER: ubuntu
2025-04-23T14:08:41.1230651Z   REMOTE_BACKUP_DIR: /tmp/actions_bak
2025-04-23T14:08:41.1231070Z   JAVA_HOME: /opt/hostedtoolcache/Java_Corretto_jdk/17.0.15-6.1/x64
2025-04-23T14:08:41.1231600Z   JAVA_HOME_17_X64: /opt/hostedtoolcache/Java_Corretto_jdk/17.0.15-6.1/x64
2025-04-23T14:08:41.1232019Z   PIPELINE_START_TIME: 1745417312
2025-04-23T14:08:41.1232326Z   DEPLOY_END_TIME: 1745417315
2025-04-23T14:08:41.1232617Z   DEPLOY_DURATION: 
2025-04-23T14:08:41.1232886Z   TOTAL_PIPELINE_TIME: 9
2025-04-23T14:08:41.1233162Z ##[endgroup]
2025-04-23T14:08:41.1281351Z The error is:
2025-04-23T14:08:41.1281824Z  
2025-04-23T14:08:41.1290849Z src/main/java/metrics/EfficiencyIndexCalculator.java:1: error: ';' expected
2025-04-23T14:08:41.1291403Z package metrics
2025-04-23T14:08:41.1291855Z                ^
2025-04-23T14:08:41.1292304Z 1 error
2025-04-23T14:08:41.1292803Z Deployment failed! Initiating rollback...
2025-04-23T14:08:43.8093935Z Pseudo-terminal will not be allocated because stdin is not a terminal.
2025-04-23T14:08:46.3148100Z Welcome to Ubuntu 24.04.2 LTS (GNU/Linux 6.8.0-1027-aws x86_64)
2025-04-23T14:08:46.3148904Z 
2025-04-23T14:08:46.3149243Z  * Documentation:  https://help.ubuntu.com
2025-04-23T14:08:46.3150164Z  * Management:     https://landscape.canonical.com
2025-04-23T14:08:46.3151004Z  * Support:        https://ubuntu.com/pro
2025-04-23T14:08:46.3151565Z 
2025-04-23T14:08:46.3151997Z  System information as of Wed Apr 23 14:08:35 UTC 2025
2025-04-23T14:08:46.3152703Z 
2025-04-23T14:08:46.3153206Z   System load:  0.25              Temperature:           -273.1 C
2025-04-23T14:08:46.3154648Z   Usage of /:   68.5% of 6.71GB   Processes:             118
2025-04-23T14:08:46.3155503Z   Memory usage: 28%               Users logged in:       1
2025-04-23T14:08:46.3156252Z   Swap usage:   0%                IPv4 address for ens5: 172.31.20.166
2025-04-23T14:08:46.3157193Z 
2025-04-23T14:08:46.3157602Z  * Ubuntu Pro delivers the most comprehensive open source security and
2025-04-23T14:08:46.3158344Z    compliance features.
2025-04-23T14:08:46.3158631Z 
2025-04-23T14:08:46.3158857Z    https://ubuntu.com/aws/pro
2025-04-23T14:08:46.3159236Z 
2025-04-23T14:08:46.3159599Z Expanded Security Maintenance for Applications is not enabled.
2025-04-23T14:08:46.3160518Z 
2025-04-23T14:08:46.3160790Z 2 updates can be applied immediately.
2025-04-23T14:08:46.3161479Z To see these additional updates run: apt list --upgradable
2025-04-23T14:08:46.3161974Z 
2025-04-23T14:08:46.3162318Z Enable ESM Apps to receive additional future security updates.
2025-04-23T14:08:46.3163141Z See https://ubuntu.com/esm or run: sudo pro status
2025-04-23T14:08:46.3163594Z 
2025-04-23T14:08:46.3163602Z 
2025-04-23T14:08:51.5440562Z sudo: /opt/tomcat10/bin/shutdown.sh: command not found
2025-04-23T14:08:51.5602126Z Tomcat started.
2025-04-23T14:08:51.5689388Z ##[group]Run echo "-------------------------------------------------"
2025-04-23T14:08:51.5689931Z [36;1mecho "-------------------------------------------------"[0m
2025-04-23T14:08:51.5690428Z [36;1mecho "              CI/CD Metrics Summary              "[0m
2025-04-23T14:08:51.5690868Z [36;1mecho "-------------------------------------------------"[0m
2025-04-23T14:08:51.5691305Z [36;1mecho "| Metric                             | Value          |"[0m
2025-04-23T14:08:51.5691717Z [36;1mecho "-------------------------------------------------"[0m
2025-04-23T14:08:51.5692200Z [36;1mecho "| Total Pipeline Time (sec)          | $TOTAL_PIPELINE_TIME          |"[0m
2025-04-23T14:08:51.5692805Z [36;1m# If deployment succeeded, DEPLOY_DURATION is set; if not, ROLLBACK_DURATION is used.[0m
2025-04-23T14:08:51.5693316Z [36;1mif [ -n "$DEPLOY_DURATION" ]; then[0m
2025-04-23T14:08:51.5693814Z [36;1m  echo "| Deployment Time (sec)              | $DEPLOY_DURATION          |"[0m
2025-04-23T14:08:51.5694376Z [36;1melse[0m
2025-04-23T14:08:51.5694745Z [36;1m  echo "| Rollback Time (sec)     | $ROLLBACK_DURATION          |"[0m
2025-04-23T14:08:51.5695149Z [36;1mfi[0m
2025-04-23T14:08:51.5695496Z [36;1mecho "| Lead Time for Changes (sec)        | $LEAD_TIME          |"[0m
2025-04-23T14:08:51.5695927Z [36;1mif [ -f test_results.log ]; then[0m
2025-04-23T14:08:51.5696635Z [36;1m  TEST_SUMMARY=$(grep -i "tests found" test_results.log | head -n 1)[0m
2025-04-23T14:08:51.5697173Z [36;1melse[0m
2025-04-23T14:08:51.5697430Z [36;1m  TEST_SUMMARY="N/A"[0m
2025-04-23T14:08:51.5697716Z [36;1mfi[0m
2025-04-23T14:08:51.5698125Z [36;1m# ─── Cost Calculation & Echo ──────────────────────────────────────────────[0m
2025-04-23T14:08:51.5698714Z [36;1m# GitHub Actions hosted runner = $0.008 per minute = $0.0001333 per sec[0m
2025-04-23T14:08:51.5699236Z [36;1mCOST=$(awk "BEGIN { printf \"%.4f\", $TOTAL_PIPELINE_TIME * 0.008/60 }")[0m
2025-04-23T14:08:51.5699735Z [36;1mecho "| Cost (USD)                         | $COST              |"[0m
2025-04-23T14:08:51.5700224Z [36;1m# ─────────────────────────────────────────────────────────────────────────────[0m
2025-04-23T14:08:51.5700725Z [36;1mecho "| Test Summary                       | $TEST_SUMMARY          |"[0m
2025-04-23T14:08:51.5701108Z [36;1m[0m
2025-04-23T14:08:51.5701413Z [36;1mecho "-------------------------------------------------"[0m
2025-04-23T14:08:51.5701802Z [36;1mecho "Memory Usage BEFORE:"[0m
2025-04-23T14:08:51.5702129Z [36;1mcat mem_before.log[0m
2025-04-23T14:08:51.5702475Z [36;1mecho "-------------------------------------------------"[0m
2025-04-23T14:08:51.5702860Z [36;1mecho "Memory Usage AFTER:"[0m
2025-04-23T14:08:51.5703188Z [36;1mcat mem_after.log[0m
2025-04-23T14:08:51.5703521Z [36;1mecho "-------------------------------------------------"[0m
2025-04-23T14:08:51.5703927Z [36;1mecho "Resource Usage BEFORE (vmstat):"[0m
2025-04-23T14:08:51.5704435Z [36;1mcat resource_usage_before.log[0m
2025-04-23T14:08:51.5704830Z [36;1mecho "-------------------------------------------------"[0m
2025-04-23T14:08:51.5705410Z [36;1mecho "Resource Usage AFTER (vmstat):"[0m
2025-04-23T14:08:51.5705764Z [36;1mcat resource_usage_after.log[0m
2025-04-23T14:08:51.5706134Z [36;1mecho "-------------------------------------------------"[0m
2025-04-23T14:08:51.5736786Z shell: /usr/bin/bash -e {0}
2025-04-23T14:08:51.5737089Z env:
2025-04-23T14:08:51.5737332Z   REMOTE_HOST: 18.60.149.136
2025-04-23T14:08:51.5737620Z   REMOTE_USER: ubuntu
2025-04-23T14:08:51.5737913Z   REMOTE_BACKUP_DIR: /tmp/actions_bak
2025-04-23T14:08:51.5738340Z   JAVA_HOME: /opt/hostedtoolcache/Java_Corretto_jdk/17.0.15-6.1/x64
2025-04-23T14:08:51.5738862Z   JAVA_HOME_17_X64: /opt/hostedtoolcache/Java_Corretto_jdk/17.0.15-6.1/x64
2025-04-23T14:08:51.5739295Z   PIPELINE_START_TIME: 1745417312
2025-04-23T14:08:51.5739618Z   DEPLOY_END_TIME: 1745417315
2025-04-23T14:08:51.5739907Z   DEPLOY_DURATION: 
2025-04-23T14:08:51.5740360Z   TOTAL_PIPELINE_TIME: 9
2025-04-23T14:08:51.5740658Z   ROLLBACK_DURATION: 10
2025-04-23T14:08:51.5740931Z ##[endgroup]
2025-04-23T14:08:51.5793675Z -------------------------------------------------
2025-04-23T14:08:51.5794522Z               CI/CD Metrics Summary              
2025-04-23T14:08:51.5795159Z -------------------------------------------------
2025-04-23T14:08:51.5795768Z | Metric                             | Value          |
2025-04-23T14:08:51.5796368Z -------------------------------------------------
2025-04-23T14:08:51.5797010Z | Total Pipeline Time (sec)          | 9          |
2025-04-23T14:08:51.5797504Z | Rollback Time (sec)     | 10          |
2025-04-23T14:08:51.5797865Z | Lead Time for Changes (sec)        |           |
2025-04-23T14:08:51.5818336Z | Cost (USD)                         | 0.0012              |
2025-04-23T14:08:51.5818814Z | Test Summary                       | N/A          |
2025-04-23T14:08:51.5819197Z -------------------------------------------------
2025-04-23T14:08:51.5819561Z Memory Usage BEFORE:
2025-04-23T14:08:51.5827488Z cat: mem_before.log: No such file or directory
2025-04-23T14:08:51.5832821Z ##[error]Process completed with exit code 1.
2025-04-23T14:08:51.5907572Z Post job cleanup.
2025-04-23T14:08:51.7643294Z Post job cleanup.
2025-04-23T14:08:51.8363394Z [command]/usr/bin/git version
2025-04-23T14:08:51.8401997Z git version 2.49.0
2025-04-23T14:08:51.8446802Z Temporarily overriding HOME='/home/runner/work/_temp/c1350e0f-0f47-4756-b94b-4e3b4164cccf' before making global git config changes
2025-04-23T14:08:51.8449289Z Adding repository directory to the temporary git global config as a safe directory
2025-04-23T14:08:51.8452205Z [command]/usr/bin/git config --global --add safe.directory /home/runner/work/JobManagement/JobManagement
2025-04-23T14:08:51.8486067Z [command]/usr/bin/git config --local --name-only --get-regexp core\.sshCommand
2025-04-23T14:08:51.8517511Z [command]/usr/bin/git submodule foreach --recursive sh -c "git config --local --name-only --get-regexp 'core\.sshCommand' && git config --local --unset-all 'core.sshCommand' || :"
2025-04-23T14:08:51.8755698Z [command]/usr/bin/git config --local --name-only --get-regexp http\.https\:\/\/github\.com\/\.extraheader
2025-04-23T14:08:51.8776751Z http.https://github.com/.extraheader
2025-04-23T14:08:51.8793560Z [command]/usr/bin/git config --local --unset-all http.https://github.com/.extraheader
2025-04-23T14:08:51.8826234Z [command]/usr/bin/git submodule foreach --recursive sh -c "git config --local --name-only --get-regexp 'http\.https\:\/\/github\.com\/\.extraheader' && git config --local --unset-all 'http.https://github.com/.extraheader' || :"
2025-04-23T14:08:51.9168967Z Cleaning up orphan processes
