2025-04-23T13:06:44.3536943Z Current runner version: '2.323.0'
2025-04-23T13:06:44.3564583Z ##[group]Operating System
2025-04-23T13:06:44.3565748Z Ubuntu
2025-04-23T13:06:44.3566512Z 24.04.2
2025-04-23T13:06:44.3567401Z LTS
2025-04-23T13:06:44.3568157Z ##[endgroup]
2025-04-23T13:06:44.3568991Z ##[group]Runner Image
2025-04-23T13:06:44.3569928Z Image: ubuntu-24.04
2025-04-23T13:06:44.3570830Z Version: 20250420.1.0
2025-04-23T13:06:44.3572248Z Included Software: https://github.com/actions/runner-images/blob/ubuntu24/20250420.1/images/ubuntu/Ubuntu2404-Readme.md
2025-04-23T13:06:44.3574486Z Image Release: https://github.com/actions/runner-images/releases/tag/ubuntu24%2F20250420.1
2025-04-23T13:06:44.3575852Z ##[endgroup]
2025-04-23T13:06:44.3576686Z ##[group]Runner Image Provisioner
2025-04-23T13:06:44.3577584Z 2.0.422.1
2025-04-23T13:06:44.3578364Z ##[endgroup]
2025-04-23T13:06:44.3579965Z ##[group]GITHUB_TOKEN Permissions
2025-04-23T13:06:44.3583052Z Contents: read
2025-04-23T13:06:44.3583954Z Metadata: read
2025-04-23T13:06:44.3584973Z Packages: read
2025-04-23T13:06:44.3585828Z ##[endgroup]
2025-04-23T13:06:44.3588608Z Secret source: Actions
2025-04-23T13:06:44.3589709Z Prepare workflow directory
2025-04-23T13:06:44.3985462Z Prepare all required actions
2025-04-23T13:06:44.4022975Z Getting action download info
2025-04-23T13:06:44.8507917Z ##[group]Download immutable action package 'actions/checkout@v3'
2025-04-23T13:06:44.8509323Z Version: 3.6.0
2025-04-23T13:06:44.8510621Z Digest: sha256:942562b9c7d4b1f2557f1da21f4d3eb4eb4fd01f2ad78b2a6e187d1b193e0a0f
2025-04-23T13:06:44.8512169Z Source commit SHA: f43a0e5ff2bd294095638e18286ca9a3d1956744
2025-04-23T13:06:44.8513591Z ##[endgroup]
2025-04-23T13:06:45.2943437Z ##[group]Download immutable action package 'actions/setup-java@v3'
2025-04-23T13:06:45.2944618Z Version: 3.14.1
2025-04-23T13:06:45.2945487Z Digest: sha256:0f5994bd85f236d7525048fec5b0b7b3ec7474ec50184c8f78a320717cfb3d51
2025-04-23T13:06:45.2946633Z Source commit SHA: 17f84c3641ba7b8f6deff6309fc4c864478f5d62
2025-04-23T13:06:45.2947477Z ##[endgroup]
2025-04-23T13:06:45.6378530Z Complete job name: build-and-deploy
2025-04-23T13:06:45.7103135Z ##[group]Run actions/checkout@v3
2025-04-23T13:06:45.7104198Z with:
2025-04-23T13:06:45.7104831Z   repository: sai-pranay-teja/JobManagement
2025-04-23T13:06:45.7105748Z   token: ***
2025-04-23T13:06:45.7106311Z   ssh-strict: true
2025-04-23T13:06:45.7106915Z   persist-credentials: true
2025-04-23T13:06:45.7107550Z   clean: true
2025-04-23T13:06:45.7108145Z   sparse-checkout-cone-mode: true
2025-04-23T13:06:45.7108811Z   fetch-depth: 1
2025-04-23T13:06:45.7109390Z   fetch-tags: false
2025-04-23T13:06:45.7109968Z   lfs: false
2025-04-23T13:06:45.7110521Z   submodules: false
2025-04-23T13:06:45.7111108Z   set-safe-directory: true
2025-04-23T13:06:45.7111943Z env:
2025-04-23T13:06:45.7112650Z   REMOTE_HOST: 18.60.149.136
2025-04-23T13:06:45.7113306Z   REMOTE_USER: ubuntu
2025-04-23T13:06:45.7113934Z   REMOTE_BACKUP_DIR: /tmp/actions_bak
2025-04-23T13:06:45.7114632Z ##[endgroup]
2025-04-23T13:06:48.0574463Z Syncing repository: sai-pranay-teja/JobManagement
2025-04-23T13:06:48.0576164Z ##[group]Getting Git version info
2025-04-23T13:06:48.0576773Z Working directory is '/home/runner/work/JobManagement/JobManagement'
2025-04-23T13:06:48.0577585Z [command]/usr/bin/git version
2025-04-23T13:06:48.6353474Z git version 2.49.0
2025-04-23T13:06:48.6665046Z ##[endgroup]
2025-04-23T13:06:48.6722163Z Temporarily overriding HOME='/home/runner/work/_temp/80e0cae4-c822-419a-9146-4d0343cd44e8' before making global git config changes
2025-04-23T13:06:48.6724076Z Adding repository directory to the temporary git global config as a safe directory
2025-04-23T13:06:48.6727519Z [command]/usr/bin/git config --global --add safe.directory /home/runner/work/JobManagement/JobManagement
2025-04-23T13:06:48.7010562Z Deleting the contents of '/home/runner/work/JobManagement/JobManagement'
2025-04-23T13:06:48.7014906Z ##[group]Initializing the repository
2025-04-23T13:06:48.7019022Z [command]/usr/bin/git init /home/runner/work/JobManagement/JobManagement
2025-04-23T13:06:48.8797042Z hint: Using 'master' as the name for the initial branch. This default branch name
2025-04-23T13:06:48.8798288Z hint: is subject to change. To configure the initial branch name to use in all
2025-04-23T13:06:48.8799239Z hint: of your new repositories, which will suppress this warning, call:
2025-04-23T13:06:48.8799953Z hint:
2025-04-23T13:06:48.8800561Z hint: 	git config --global init.defaultBranch <name>
2025-04-23T13:06:48.8801193Z hint:
2025-04-23T13:06:48.8801801Z hint: Names commonly chosen instead of 'master' are 'main', 'trunk' and
2025-04-23T13:06:48.8802920Z hint: 'development'. The just-created branch can be renamed via this command:
2025-04-23T13:06:48.8803658Z hint:
2025-04-23T13:06:48.8804120Z hint: 	git branch -m <name>
2025-04-23T13:06:48.9429076Z Initialized empty Git repository in /home/runner/work/JobManagement/JobManagement/.git/
2025-04-23T13:06:48.9441753Z [command]/usr/bin/git remote add origin https://github.com/sai-pranay-teja/JobManagement
2025-04-23T13:06:48.9789511Z ##[endgroup]
2025-04-23T13:06:48.9791367Z ##[group]Disabling automatic garbage collection
2025-04-23T13:06:48.9794173Z [command]/usr/bin/git config --local gc.auto 0
2025-04-23T13:06:48.9823979Z ##[endgroup]
2025-04-23T13:06:48.9825138Z ##[group]Setting up auth
2025-04-23T13:06:48.9830274Z [command]/usr/bin/git config --local --name-only --get-regexp core\.sshCommand
2025-04-23T13:06:48.9859325Z [command]/usr/bin/git submodule foreach --recursive sh -c "git config --local --name-only --get-regexp 'core\.sshCommand' && git config --local --unset-all 'core.sshCommand' || :"
2025-04-23T13:06:49.7857908Z [command]/usr/bin/git config --local --name-only --get-regexp http\.https\:\/\/github\.com\/\.extraheader
2025-04-23T13:06:49.7885543Z [command]/usr/bin/git submodule foreach --recursive sh -c "git config --local --name-only --get-regexp 'http\.https\:\/\/github\.com\/\.extraheader' && git config --local --unset-all 'http.https://github.com/.extraheader' || :"
2025-04-23T13:06:49.8105196Z [command]/usr/bin/git config --local http.https://github.com/.extraheader AUTHORIZATION: basic ***
2025-04-23T13:06:49.8872163Z ##[endgroup]
2025-04-23T13:06:49.8873641Z ##[group]Fetching the repository
2025-04-23T13:06:49.8881771Z [command]/usr/bin/git -c protocol.version=2 fetch --no-tags --prune --progress --no-recurse-submodules --depth=1 origin +c8808acb352e3d068752a14b3819a6a289d37205:refs/remotes/origin/main
2025-04-23T13:06:50.4905243Z remote: Enumerating objects: 97, done.        
2025-04-23T13:06:50.4906219Z remote: Counting objects:   1% (1/97)        
2025-04-23T13:06:50.4907017Z remote: Counting objects:   2% (2/97)        
2025-04-23T13:06:50.4907803Z remote: Counting objects:   3% (3/97)        
2025-04-23T13:06:50.4908739Z remote: Counting objects:   4% (4/97)        
2025-04-23T13:06:50.4909584Z remote: Counting objects:   5% (5/97)        
2025-04-23T13:06:50.4910437Z remote: Counting objects:   6% (6/97)        
2025-04-23T13:06:50.4911312Z remote: Counting objects:   7% (7/97)        
2025-04-23T13:06:50.4912043Z remote: Counting objects:   8% (8/97)        
2025-04-23T13:06:50.4912969Z remote: Counting objects:   9% (9/97)        
2025-04-23T13:06:50.4913498Z remote: Counting objects:  10% (10/97)        
2025-04-23T13:06:50.4914018Z remote: Counting objects:  11% (11/97)        
2025-04-23T13:06:50.4914531Z remote: Counting objects:  12% (12/97)        
2025-04-23T13:06:50.4915046Z remote: Counting objects:  13% (13/97)        
2025-04-23T13:06:50.4915560Z remote: Counting objects:  14% (14/97)        
2025-04-23T13:06:50.4915957Z remote: Counting objects:  15% (15/97)        
2025-04-23T13:06:50.4916328Z remote: Counting objects:  16% (16/97)        
2025-04-23T13:06:50.4916693Z remote: Counting objects:  17% (17/97)        
2025-04-23T13:06:50.4917055Z remote: Counting objects:  18% (18/97)        
2025-04-23T13:06:50.4917410Z remote: Counting objects:  19% (19/97)        
2025-04-23T13:06:50.4917807Z remote: Counting objects:  20% (20/97)        
2025-04-23T13:06:50.4918171Z remote: Counting objects:  21% (21/97)        
2025-04-23T13:06:50.4918862Z remote: Counting objects:  22% (22/97)        
2025-04-23T13:06:50.4919253Z remote: Counting objects:  23% (23/97)        
2025-04-23T13:06:50.4919648Z remote: Counting objects:  24% (24/97)        
2025-04-23T13:06:50.4920009Z remote: Counting objects:  25% (25/97)        
2025-04-23T13:06:50.4920363Z remote: Counting objects:  26% (26/97)        
2025-04-23T13:06:50.4920722Z remote: Counting objects:  27% (27/97)        
2025-04-23T13:06:50.4921095Z remote: Counting objects:  28% (28/97)        
2025-04-23T13:06:50.4921455Z remote: Counting objects:  29% (29/97)        
2025-04-23T13:06:50.4921809Z remote: Counting objects:  30% (30/97)        
2025-04-23T13:06:50.4922168Z remote: Counting objects:  31% (31/97)        
2025-04-23T13:06:50.4922733Z remote: Counting objects:  32% (32/97)        
2025-04-23T13:06:50.4923128Z remote: Counting objects:  34% (33/97)        
2025-04-23T13:06:50.4923545Z remote: Counting objects:  35% (34/97)        
2025-04-23T13:06:50.4923911Z remote: Counting objects:  36% (35/97)        
2025-04-23T13:06:50.4924278Z remote: Counting objects:  37% (36/97)        
2025-04-23T13:06:50.4924635Z remote: Counting objects:  38% (37/97)        
2025-04-23T13:06:50.4924994Z remote: Counting objects:  39% (38/97)        
2025-04-23T13:06:50.4925350Z remote: Counting objects:  40% (39/97)        
2025-04-23T13:06:50.4925710Z remote: Counting objects:  41% (40/97)        
2025-04-23T13:06:50.4926057Z remote: Counting objects:  42% (41/97)        
2025-04-23T13:06:50.4926412Z remote: Counting objects:  43% (42/97)        
2025-04-23T13:06:50.4926764Z remote: Counting objects:  44% (43/97)        
2025-04-23T13:06:50.4927110Z remote: Counting objects:  45% (44/97)        
2025-04-23T13:06:50.4927465Z remote: Counting objects:  46% (45/97)        
2025-04-23T13:06:50.4927821Z remote: Counting objects:  47% (46/97)        
2025-04-23T13:06:50.4928175Z remote: Counting objects:  48% (47/97)        
2025-04-23T13:06:50.4928532Z remote: Counting objects:  49% (48/97)        
2025-04-23T13:06:50.4929044Z remote: Counting objects:  50% (49/97)        
2025-04-23T13:06:50.4929413Z remote: Counting objects:  51% (50/97)        
2025-04-23T13:06:50.4929767Z remote: Counting objects:  52% (51/97)        
2025-04-23T13:06:50.4930121Z remote: Counting objects:  53% (52/97)        
2025-04-23T13:06:50.4930479Z remote: Counting objects:  54% (53/97)        
2025-04-23T13:06:50.4930832Z remote: Counting objects:  55% (54/97)        
2025-04-23T13:06:50.4931184Z remote: Counting objects:  56% (55/97)        
2025-04-23T13:06:50.4931543Z remote: Counting objects:  57% (56/97)        
2025-04-23T13:06:50.4931902Z remote: Counting objects:  58% (57/97)        
2025-04-23T13:06:50.4932394Z remote: Counting objects:  59% (58/97)        
2025-04-23T13:06:50.4932810Z remote: Counting objects:  60% (59/97)        
2025-04-23T13:06:50.4933166Z remote: Counting objects:  61% (60/97)        
2025-04-23T13:06:50.4933524Z remote: Counting objects:  62% (61/97)        
2025-04-23T13:06:50.4933880Z remote: Counting objects:  63% (62/97)        
2025-04-23T13:06:50.4934247Z remote: Counting objects:  64% (63/97)        
2025-04-23T13:06:50.4934603Z remote: Counting objects:  65% (64/97)        
2025-04-23T13:06:50.4934952Z remote: Counting objects:  67% (65/97)        
2025-04-23T13:06:50.4935313Z remote: Counting objects:  68% (66/97)        
2025-04-23T13:06:50.4935663Z remote: Counting objects:  69% (67/97)        
2025-04-23T13:06:50.4936017Z remote: Counting objects:  70% (68/97)        
2025-04-23T13:06:50.4936364Z remote: Counting objects:  71% (69/97)        
2025-04-23T13:06:50.4936716Z remote: Counting objects:  72% (70/97)        
2025-04-23T13:06:50.4937076Z remote: Counting objects:  73% (71/97)        
2025-04-23T13:06:50.4937424Z remote: Counting objects:  74% (72/97)        
2025-04-23T13:06:50.4937782Z remote: Counting objects:  75% (73/97)        
2025-04-23T13:06:50.4938133Z remote: Counting objects:  76% (74/97)        
2025-04-23T13:06:50.4938490Z remote: Counting objects:  77% (75/97)        
2025-04-23T13:06:50.4939064Z remote: Counting objects:  78% (76/97)        
2025-04-23T13:06:50.4939425Z remote: Counting objects:  79% (77/97)        
2025-04-23T13:06:50.4939777Z remote: Counting objects:  80% (78/97)        
2025-04-23T13:06:50.4940124Z remote: Counting objects:  81% (79/97)        
2025-04-23T13:06:50.4940481Z remote: Counting objects:  82% (80/97)        
2025-04-23T13:06:50.4940831Z remote: Counting objects:  83% (81/97)        
2025-04-23T13:06:50.4941184Z remote: Counting objects:  84% (82/97)        
2025-04-23T13:06:50.4941531Z remote: Counting objects:  85% (83/97)        
2025-04-23T13:06:50.4941891Z remote: Counting objects:  86% (84/97)        
2025-04-23T13:06:50.4942412Z remote: Counting objects:  87% (85/97)        
2025-04-23T13:06:50.4942812Z remote: Counting objects:  88% (86/97)        
2025-04-23T13:06:50.4943189Z remote: Counting objects:  89% (87/97)        
2025-04-23T13:06:50.4943545Z remote: Counting objects:  90% (88/97)        
2025-04-23T13:06:50.4943928Z remote: Counting objects:  91% (89/97)        
2025-04-23T13:06:50.4944277Z remote: Counting objects:  92% (90/97)        
2025-04-23T13:06:50.4944628Z remote: Counting objects:  93% (91/97)        
2025-04-23T13:06:50.4944987Z remote: Counting objects:  94% (92/97)        
2025-04-23T13:06:50.4945343Z remote: Counting objects:  95% (93/97)        
2025-04-23T13:06:50.4945697Z remote: Counting objects:  96% (94/97)        
2025-04-23T13:06:50.4946049Z remote: Counting objects:  97% (95/97)        
2025-04-23T13:06:50.4946405Z remote: Counting objects:  98% (96/97)        
2025-04-23T13:06:50.4946763Z remote: Counting objects: 100% (97/97)        
2025-04-23T13:06:50.4947138Z remote: Counting objects: 100% (97/97), done.        
2025-04-23T13:06:50.4947545Z remote: Compressing objects:   1% (1/82)        
2025-04-23T13:06:50.4947931Z remote: Compressing objects:   2% (2/82)        
2025-04-23T13:06:50.4954842Z remote: Compressing objects:   3% (3/82)        
2025-04-23T13:06:50.4955578Z remote: Compressing objects:   4% (4/82)        
2025-04-23T13:06:50.4956548Z remote: Compressing objects:   6% (5/82)        
2025-04-23T13:06:50.4957097Z remote: Compressing objects:   7% (6/82)        
2025-04-23T13:06:50.4957687Z remote: Compressing objects:   8% (7/82)        
2025-04-23T13:06:50.4958083Z remote: Compressing objects:   9% (8/82)        
2025-04-23T13:06:50.4958625Z remote: Compressing objects:  10% (9/82)        
2025-04-23T13:06:50.4959099Z remote: Compressing objects:  12% (10/82)        
2025-04-23T13:06:50.4959534Z remote: Compressing objects:  13% (11/82)        
2025-04-23T13:06:50.4960097Z remote: Compressing objects:  14% (12/82)        
2025-04-23T13:06:50.4960557Z remote: Compressing objects:  15% (13/82)        
2025-04-23T13:06:50.4960930Z remote: Compressing objects:  17% (14/82)        
2025-04-23T13:06:50.4961321Z remote: Compressing objects:  18% (15/82)        
2025-04-23T13:06:50.4961696Z remote: Compressing objects:  19% (16/82)        
2025-04-23T13:06:50.4962095Z remote: Compressing objects:  20% (17/82)        
2025-04-23T13:06:50.4962698Z remote: Compressing objects:  21% (18/82)        
2025-04-23T13:06:50.4963075Z remote: Compressing objects:  23% (19/82)        
2025-04-23T13:06:50.4963602Z remote: Compressing objects:  24% (20/82)        
2025-04-23T13:06:50.4964250Z remote: Compressing objects:  25% (21/82)        
2025-04-23T13:06:50.4965009Z remote: Compressing objects:  26% (22/82)        
2025-04-23T13:06:50.4965654Z remote: Compressing objects:  28% (23/82)        
2025-04-23T13:06:50.4966286Z remote: Compressing objects:  29% (24/82)        
2025-04-23T13:06:50.4967011Z remote: Compressing objects:  30% (25/82)        
2025-04-23T13:06:50.4967610Z remote: Compressing objects:  31% (26/82)        
2025-04-23T13:06:50.4967983Z remote: Compressing objects:  32% (27/82)        
2025-04-23T13:06:50.4968355Z remote: Compressing objects:  34% (28/82)        
2025-04-23T13:06:50.4970528Z remote: Compressing objects:  35% (29/82)        
2025-04-23T13:06:50.4972850Z remote: Compressing objects:  36% (30/82)        
2025-04-23T13:06:50.4973298Z remote: Compressing objects:  37% (31/82)        
2025-04-23T13:06:50.4977968Z remote: Compressing objects:  39% (32/82)        
2025-04-23T13:06:50.4980585Z remote: Compressing objects:  40% (33/82)        
2025-04-23T13:06:50.4989526Z remote: Compressing objects:  41% (34/82)        
2025-04-23T13:06:50.5002946Z remote: Compressing objects:  42% (35/82)        
2025-04-23T13:06:50.5003403Z remote: Compressing objects:  43% (36/82)        
2025-04-23T13:06:50.5016633Z remote: Compressing objects:  45% (37/82)        
2025-04-23T13:06:50.5038581Z remote: Compressing objects:  46% (38/82)        
2025-04-23T13:06:50.5052392Z remote: Compressing objects:  47% (39/82)        
2025-04-23T13:06:50.5058237Z remote: Compressing objects:  48% (40/82)        
2025-04-23T13:06:50.5072988Z remote: Compressing objects:  50% (41/82)        
2025-04-23T13:06:50.5073612Z remote: Compressing objects:  51% (42/82)        
2025-04-23T13:06:50.5074258Z remote: Compressing objects:  52% (43/82)        
2025-04-23T13:06:50.5075329Z remote: Compressing objects:  53% (44/82)        
2025-04-23T13:06:50.5077389Z remote: Compressing objects:  54% (45/82)        
2025-04-23T13:06:50.5080315Z remote: Compressing objects:  56% (46/82)        
2025-04-23T13:06:50.5081293Z remote: Compressing objects:  57% (47/82)        
2025-04-23T13:06:50.5084206Z remote: Compressing objects:  58% (48/82)        
2025-04-23T13:06:50.5084900Z remote: Compressing objects:  59% (49/82)        
2025-04-23T13:06:50.5085919Z remote: Compressing objects:  60% (50/82)        
2025-04-23T13:06:50.5086737Z remote: Compressing objects:  62% (51/82)        
2025-04-23T13:06:50.5087400Z remote: Compressing objects:  63% (52/82)        
2025-04-23T13:06:50.5088213Z remote: Compressing objects:  64% (53/82)        
2025-04-23T13:06:50.5088854Z remote: Compressing objects:  65% (54/82)        
2025-04-23T13:06:50.5089692Z remote: Compressing objects:  67% (55/82)        
2025-04-23T13:06:50.5090663Z remote: Compressing objects:  68% (56/82)        
2025-04-23T13:06:50.5091890Z remote: Compressing objects:  69% (57/82)        
2025-04-23T13:06:50.5092937Z remote: Compressing objects:  70% (58/82)        
2025-04-23T13:06:50.5094273Z remote: Compressing objects:  71% (59/82)        
2025-04-23T13:06:50.5095246Z remote: Compressing objects:  73% (60/82)        
2025-04-23T13:06:50.5096010Z remote: Compressing objects:  74% (61/82)        
2025-04-23T13:06:50.5096431Z remote: Compressing objects:  75% (62/82)        
2025-04-23T13:06:50.5096995Z remote: Compressing objects:  76% (63/82)        
2025-04-23T13:06:50.5097637Z remote: Compressing objects:  78% (64/82)        
2025-04-23T13:06:50.5098169Z remote: Compressing objects:  79% (65/82)        
2025-04-23T13:06:50.5098550Z remote: Compressing objects:  80% (66/82)        
2025-04-23T13:06:50.5098925Z remote: Compressing objects:  81% (67/82)        
2025-04-23T13:06:50.5099292Z remote: Compressing objects:  82% (68/82)        
2025-04-23T13:06:50.5099672Z remote: Compressing objects:  84% (69/82)        
2025-04-23T13:06:50.5100055Z remote: Compressing objects:  85% (70/82)        
2025-04-23T13:06:50.5100429Z remote: Compressing objects:  86% (71/82)        
2025-04-23T13:06:50.5100798Z remote: Compressing objects:  87% (72/82)        
2025-04-23T13:06:50.5101168Z remote: Compressing objects:  89% (73/82)        
2025-04-23T13:06:50.5101535Z remote: Compressing objects:  90% (74/82)        
2025-04-23T13:06:50.5101903Z remote: Compressing objects:  91% (75/82)        
2025-04-23T13:06:50.5102437Z remote: Compressing objects:  92% (76/82)        
2025-04-23T13:06:50.5102815Z remote: Compressing objects:  93% (77/82)        
2025-04-23T13:06:50.5103179Z remote: Compressing objects:  95% (78/82)        
2025-04-23T13:06:50.5103544Z remote: Compressing objects:  96% (79/82)        
2025-04-23T13:06:50.5104246Z remote: Compressing objects:  97% (80/82)        
2025-04-23T13:06:50.5105163Z remote: Compressing objects:  98% (81/82)        
2025-04-23T13:06:50.5106116Z remote: Compressing objects: 100% (82/82)        
2025-04-23T13:06:50.5106793Z remote: Compressing objects: 100% (82/82), done.        
2025-04-23T13:06:50.9438529Z remote: Total 97 (delta 24), reused 53 (delta 9), pack-reused 0 (from 0)        
2025-04-23T13:06:51.0761833Z From https://github.com/sai-pranay-teja/JobManagement
2025-04-23T13:06:51.0763311Z  * [new ref]         c8808acb352e3d068752a14b3819a6a289d37205 -> origin/main
2025-04-23T13:06:51.0842601Z ##[endgroup]
2025-04-23T13:06:51.0843708Z ##[group]Determining the checkout info
2025-04-23T13:06:51.0845464Z ##[endgroup]
2025-04-23T13:06:51.0846475Z ##[group]Checking out the ref
2025-04-23T13:06:51.0850985Z [command]/usr/bin/git checkout --progress --force -B main refs/remotes/origin/main
2025-04-23T13:06:51.1421915Z Switched to a new branch 'main'
2025-04-23T13:06:51.1424303Z branch 'main' set up to track 'origin/main'.
2025-04-23T13:06:51.1431403Z ##[endgroup]
2025-04-23T13:06:51.1467630Z [command]/usr/bin/git log -1 --format='%H'
2025-04-23T13:06:51.1488259Z 'c8808acb352e3d068752a14b3819a6a289d37205'
2025-04-23T13:06:51.1749089Z ##[group]Run actions/setup-java@v3
2025-04-23T13:06:51.1749455Z with:
2025-04-23T13:06:51.1749718Z   java-version: 17
2025-04-23T13:06:51.1749995Z   distribution: corretto
2025-04-23T13:06:51.1750282Z   java-package: jdk
2025-04-23T13:06:51.1750555Z   check-latest: false
2025-04-23T13:06:51.1750833Z   server-id: github
2025-04-23T13:06:51.1751102Z   server-username: GITHUB_ACTOR
2025-04-23T13:06:51.1751421Z   server-password: GITHUB_TOKEN
2025-04-23T13:06:51.1751727Z   overwrite-settings: true
2025-04-23T13:06:51.1752009Z   job-status: success
2025-04-23T13:06:51.1752629Z   token: ***
2025-04-23T13:06:51.1752896Z env:
2025-04-23T13:06:51.1753146Z   REMOTE_HOST: 18.60.149.136
2025-04-23T13:06:51.1753433Z   REMOTE_USER: ubuntu
2025-04-23T13:06:51.1753725Z   REMOTE_BACKUP_DIR: /tmp/actions_bak
2025-04-23T13:06:51.1754061Z ##[endgroup]
2025-04-23T13:06:51.4163176Z ##[group]Installed distributions
2025-04-23T13:06:51.4187906Z Trying to resolve the latest version from remote
2025-04-23T13:06:51.5775944Z Resolved latest version as 17.0.15+6.1
2025-04-23T13:06:51.5776689Z Trying to download...
2025-04-23T13:06:51.5777955Z Downloading Java 17.0.15+6.1 (Corretto) from https://corretto.aws/downloads/resources/17.0.15.6.1/amazon-corretto-17.0.15.6.1-linux-x64.tar.gz ...
2025-04-23T13:06:52.4938912Z Extracting Java archive...
2025-04-23T13:06:52.5047762Z [command]/usr/bin/tar xz --warning=no-unknown-keyword -C /home/runner/work/_temp/8aa12318-20bd-4d14-90b9-951f959b3b69 -f /home/runner/work/_temp/0b06cde5-bb14-4ed3-9398-bbfa8f2dcf7e
2025-04-23T13:06:55.1982877Z Java 17.0.15+6.1 was downloaded
2025-04-23T13:06:55.1983419Z Setting Java 17.0.15+6.1 as the default
2025-04-23T13:06:55.1993065Z Creating toolchains.xml for JDK version 17 from corretto
2025-04-23T13:06:55.2069708Z Writing to /home/runner/.m2/toolchains.xml
2025-04-23T13:06:55.2070431Z 
2025-04-23T13:06:55.2070764Z Java configuration:
2025-04-23T13:06:55.2071582Z   Distribution: corretto
2025-04-23T13:06:55.2072577Z   Version: 17.0.15+6.1
2025-04-23T13:06:55.2073342Z   Path: /opt/hostedtoolcache/Java_Corretto_jdk/17.0.15-6.1/x64
2025-04-23T13:06:55.2073906Z 
2025-04-23T13:06:55.2075777Z ##[endgroup]
2025-04-23T13:06:55.2096111Z Creating settings.xml with server-id: github
2025-04-23T13:06:55.2096600Z Writing to /home/runner/.m2/settings.xml
2025-04-23T13:06:55.2235454Z ##[group]Run echo "$SSH_KEY_SECRET" > key.pem
2025-04-23T13:06:55.2235959Z [36;1mecho "$SSH_KEY_SECRET" > key.pem[0m
2025-04-23T13:06:55.2236338Z [36;1msed -i 's/\\n/\n/g' key.pem[0m
2025-04-23T13:06:55.2236989Z [36;1mgrep -q "BEGIN RSA PRIVATE KEY" key.pem || sed -i '1i***' key.pem[0m
2025-04-23T13:06:55.2237648Z [36;1mgrep -q "END RSA PRIVATE KEY" key.pem || echo "***" >> key.pem[0m
2025-04-23T13:06:55.2238084Z [36;1mchmod 400 key.pem[0m
2025-04-23T13:06:55.2273956Z shell: /usr/bin/bash -e {0}
2025-04-23T13:06:55.2274303Z env:
2025-04-23T13:06:55.2274592Z   REMOTE_HOST: 18.60.149.136
2025-04-23T13:06:55.2275148Z   REMOTE_USER: ubuntu
2025-04-23T13:06:55.2275486Z   REMOTE_BACKUP_DIR: /tmp/actions_bak
2025-04-23T13:06:55.2275970Z   JAVA_HOME: /opt/hostedtoolcache/Java_Corretto_jdk/17.0.15-6.1/x64
2025-04-23T13:06:55.2276557Z   JAVA_HOME_17_X64: /opt/hostedtoolcache/Java_Corretto_jdk/17.0.15-6.1/x64
2025-04-23T13:06:55.2285320Z   SSH_KEY_SECRET: ***
2025-04-23T13:06:55.2285649Z ##[endgroup]
2025-04-23T13:06:55.2733868Z ##[group]Run echo "PIPELINE_START_TIME=$(date +%s)" >> $GITHUB_ENV
2025-04-23T13:06:55.2734695Z [36;1mecho "PIPELINE_START_TIME=$(date +%s)" >> $GITHUB_ENV[0m
2025-04-23T13:06:55.2765090Z shell: /usr/bin/bash -e {0}
2025-04-23T13:06:55.2765477Z env:
2025-04-23T13:06:55.2765796Z   REMOTE_HOST: 18.60.149.136
2025-04-23T13:06:55.2766163Z   REMOTE_USER: ubuntu
2025-04-23T13:06:55.2766533Z   REMOTE_BACKUP_DIR: /tmp/actions_bak
2025-04-23T13:06:55.2767076Z   JAVA_HOME: /opt/hostedtoolcache/Java_Corretto_jdk/17.0.15-6.1/x64
2025-04-23T13:06:55.2767744Z   JAVA_HOME_17_X64: /opt/hostedtoolcache/Java_Corretto_jdk/17.0.15-6.1/x64
2025-04-23T13:06:55.2768307Z ##[endgroup]
2025-04-23T13:06:55.2864880Z ##[group]Run mkdir -p build/WEB-INF/classes
2025-04-23T13:06:55.2865370Z [36;1mmkdir -p build/WEB-INF/classes[0m
2025-04-23T13:06:55.2866038Z [36;1m# Compile Java sources; redirect errors to compile_error.log and exit if compilation fails.[0m
2025-04-23T13:06:55.2867179Z [36;1m# javac -cp "src/main/webapp/WEB-INF/lib/*" -d build/WEB-INF/classes $(find src -name "*.java") 2> compile_error.log || { echo "Build failed!"; exit 1; }[0m
2025-04-23T13:06:55.2868303Z [36;1mjavac -cp "src/main/webapp/WEB-INF/lib/*" -d build/WEB-INF/classes $(find src -name "*.java") 2> compile_error.log[0m
2025-04-23T13:06:55.2868949Z [36;1m[0m
2025-04-23T13:06:55.2869296Z [36;1mcp -R src/main/resources/* build/WEB-INF/classes/[0m
2025-04-23T13:06:55.2869746Z [36;1mcp -R src/main/webapp/* build/[0m
2025-04-23T13:06:55.2870174Z [36;1mjar -cvf JobManagement_ACTIONS.war -C build .[0m
2025-04-23T13:06:55.2898663Z shell: /usr/bin/bash -e {0}
2025-04-23T13:06:55.2899005Z env:
2025-04-23T13:06:55.2899317Z   REMOTE_HOST: 18.60.149.136
2025-04-23T13:06:55.2899640Z   REMOTE_USER: ubuntu
2025-04-23T13:06:55.2899969Z   REMOTE_BACKUP_DIR: /tmp/actions_bak
2025-04-23T13:06:55.2900436Z   JAVA_HOME: /opt/hostedtoolcache/Java_Corretto_jdk/17.0.15-6.1/x64
2025-04-23T13:06:55.2901010Z   JAVA_HOME_17_X64: /opt/hostedtoolcache/Java_Corretto_jdk/17.0.15-6.1/x64
2025-04-23T13:06:55.2901518Z   PIPELINE_START_TIME: 1745413615
2025-04-23T13:06:55.2901867Z ##[endgroup]
2025-04-23T13:06:56.7983411Z added manifest
2025-04-23T13:06:56.8088958Z adding: WEB-INF/(in = 0) (out= 0)(stored 0%)
2025-04-23T13:06:56.8089735Z adding: WEB-INF/classes/(in = 0) (out= 0)(stored 0%)
2025-04-23T13:06:56.8090570Z adding: WEB-INF/classes/TestApp.class(in = 393) (out= 279)(deflated 29%)
2025-04-23T13:06:56.8091558Z adding: WEB-INF/classes/TestAppPart1.class(in = 3452) (out= 1808)(deflated 47%)
2025-04-23T13:06:56.8092580Z adding: WEB-INF/classes/TestAppPart2.class(in = 644) (out= 427)(deflated 33%)
2025-04-23T13:06:56.8093571Z adding: WEB-INF/classes/config.properties(in = 132) (out= 117)(deflated 11%)
2025-04-23T13:06:56.8094520Z adding: WEB-INF/classes/metrics/(in = 0) (out= 0)(stored 0%)
2025-04-23T13:06:56.8095662Z adding: WEB-INF/classes/metrics/EfficiencyIndexCalculator.class(in = 796) (out= 525)(deflated 34%)
2025-04-23T13:06:56.8097269Z adding: WEB-INF/classes/metrics/ExportMetricsCSVServlet.class(in = 6498) (out= 2926)(deflated 54%)
2025-04-23T13:06:56.8098535Z adding: WEB-INF/classes/metrics/MetricRecord.class(in = 1674) (out= 687)(deflated 58%)
2025-04-23T13:06:56.8099733Z adding: WEB-INF/classes/metrics/MetricsDashboardServlet.class(in = 5675) (out= 2432)(deflated 57%)
2025-04-23T13:06:56.8101048Z adding: WEB-INF/classes/metrics/MetricsParser.class(in = 4726) (out= 2606)(deflated 44%)
2025-04-23T13:06:56.8102081Z adding: WEB-INF/classes/model/(in = 0) (out= 0)(stored 0%)
2025-04-23T13:06:56.8104688Z adding: WEB-INF/classes/model/Application.class(in = 1590) (out= 613)(deflated 61%)
2025-04-23T13:06:56.8107925Z adding: WEB-INF/classes/model/ApplicationController.class(in = 3616) (out= 1875)(deflated 48%)
2025-04-23T13:06:56.8110802Z adding: WEB-INF/classes/model/ApplicationDAO.class(in = 5283) (out= 2359)(deflated 55%)
2025-04-23T13:06:56.8113527Z adding: WEB-INF/classes/model/CancelApplicationController.class(in = 1651) (out= 891)(deflated 46%)
2025-04-23T13:06:56.8115916Z adding: WEB-INF/classes/model/DatabaseUtil.class(in = 2328) (out= 1292)(deflated 44%)
2025-04-23T13:06:56.8118507Z adding: WEB-INF/classes/model/DeleteJobController.class(in = 2258) (out= 1187)(deflated 47%)
2025-04-23T13:06:56.8121408Z adding: WEB-INF/classes/model/DownloadResumeController.class(in = 2480) (out= 1329)(deflated 46%)
2025-04-23T13:06:56.8131399Z adding: WEB-INF/classes/model/EmployerDashboardController.class(in = 2913) (out= 1416)(deflated 51%)
2025-04-23T13:06:56.8132922Z adding: WEB-INF/classes/model/Job.class(in = 1299) (out= 572)(deflated 55%)
2025-04-23T13:06:56.8134379Z adding: WEB-INF/classes/model/JobController.class(in = 2383) (out= 1290)(deflated 45%)
2025-04-23T13:06:56.8135538Z adding: WEB-INF/classes/model/JobDAO.class(in = 5248) (out= 2320)(deflated 55%)
2025-04-23T13:06:56.8138092Z adding: WEB-INF/classes/model/LoginController.class(in = 2435) (out= 1248)(deflated 48%)
2025-04-23T13:06:56.8139731Z adding: WEB-INF/classes/model/LogoutServlet.class(in = 969) (out= 538)(deflated 44%)
2025-04-23T13:06:56.8143029Z adding: WEB-INF/classes/model/UpdateApplicationStatusController.class(in = 1727) (out= 926)(deflated 46%)
2025-04-23T13:06:56.8145619Z adding: WEB-INF/classes/model/User.class(in = 1110) (out= 469)(deflated 57%)
2025-04-23T13:06:56.8150680Z adding: WEB-INF/classes/model/UserController.class(in = 2109) (out= 1166)(deflated 44%)
2025-04-23T13:06:56.8154229Z adding: WEB-INF/classes/model/UserDAO.class(in = 4628) (out= 2108)(deflated 54%)
2025-04-23T13:06:56.8156853Z adding: WEB-INF/classes/model/ViewApplicationsController.class(in = 2475) (out= 1234)(deflated 50%)
2025-04-23T13:06:56.8159883Z adding: WEB-INF/classes/model/ViewJobsController.class(in = 3200) (out= 1649)(deflated 48%)
2025-04-23T13:06:56.8161268Z adding: WEB-INF/lib/(in = 0) (out= 0)(stored 0%)
2025-04-23T13:06:56.8184483Z adding: WEB-INF/lib/commons-fileupload2-core-2.0.0-M2.jar(in = 63228) (out= 55526)(deflated 12%)
2025-04-23T13:06:56.8324457Z adding: WEB-INF/lib/commons-io-2.18.0.jar(in = 538910) (out= 479979)(deflated 10%)
2025-04-23T13:06:56.8336117Z adding: WEB-INF/lib/hamcrest-core-1.3.jar(in = 45024) (out= 39918)(deflated 11%)
2025-04-23T13:06:56.8426138Z adding: WEB-INF/lib/jakarta.servlet-api-6.0.0.jar(in = 347613) (out= 324001)(deflated 6%)
2025-04-23T13:06:56.9450729Z adding: WEB-INF/lib/jakarta.servlet.jsp.jstl-3.0.0.jar(in = 3712950) (out= 3357798)(deflated 9%)
2025-04-23T13:06:56.9463291Z adding: WEB-INF/lib/jakarta.servlet.jsp.jstl-api-3.0.0.jar(in = 46041) (out= 41321)(deflated 10%)
2025-04-23T13:06:57.0114871Z adding: WEB-INF/lib/junit-platform-console-standalone-1.9.2.jar(in = 2614420) (out= 2294330)(deflated 12%)
2025-04-23T13:06:57.0817596Z adding: WEB-INF/lib/mysql-connector-j-9.2.0.jar(in = 2609756) (out= 2445064)(deflated 6%)
2025-04-23T13:06:57.0819721Z adding: WEB-INF/web.xml(in = 1218) (out= 397)(deflated 67%)
2025-04-23T13:06:57.0820641Z adding: css/(in = 0) (out= 0)(stored 0%)
2025-04-23T13:06:57.0823341Z adding: css/styles.css(in = 4741) (out= 1265)(deflated 73%)
2025-04-23T13:06:57.0824511Z adding: dashboard.jsp(in = 941) (out= 435)(deflated 53%)
2025-04-23T13:06:57.0828551Z adding: employerDashboard.jsp(in = 2440) (out= 870)(deflated 64%)
2025-04-23T13:06:57.0829793Z adding: error.jsp(in = 327) (out= 232)(deflated 29%)
2025-04-23T13:06:57.0830903Z adding: login.jsp(in = 606) (out= 335)(deflated 44%)
2025-04-23T13:06:57.0840971Z adding: logs/(in = 0) (out= 0)(stored 0%)
2025-04-23T13:06:57.0841812Z adding: logs/codebuild-rollback.log(in = 26758) (out= 3486)(deflated 86%)
2025-04-23T13:06:57.0842937Z adding: logs/codebuild.log(in = 20462) (out= 4294)(deflated 79%)
2025-04-23T13:06:57.0850607Z adding: logs/gha-rollback.log(in = 41669) (out= 9105)(deflated 78%)
2025-04-23T13:06:57.0862824Z adding: logs/gha.log(in = 57429) (out= 12210)(deflated 78%)
2025-04-23T13:06:57.0871506Z adding: logs/jenkins-1.log(in = 32996) (out= 6427)(deflated 80%)
2025-04-23T13:06:57.0877567Z adding: logs/jenkins-2.log(in = 33005) (out= 6420)(deflated 80%)
2025-04-23T13:06:57.0884063Z adding: logs/jenkins-3.log(in = 23908) (out= 5358)(deflated 77%)
2025-04-23T13:06:57.0894386Z adding: logs/jenkins-4.log(in = 33002) (out= 6389)(deflated 80%)
2025-04-23T13:06:57.0898327Z adding: logs/jenkins-rollback.log(in = 11672) (out= 2705)(deflated 76%)
2025-04-23T13:06:57.0902829Z adding: logs/jenkins.log(in = 32974) (out= 6426)(deflated 80%)
2025-04-23T13:06:57.0906583Z adding: metrics.jsp(in = 3715) (out= 1269)(deflated 65%)
2025-04-23T13:06:57.0908188Z adding: postJob.jsp(in = 899) (out= 454)(deflated 49%)
2025-04-23T13:06:57.0909511Z adding: register.jsp(in = 931) (out= 410)(deflated 55%)
2025-04-23T13:06:57.0911587Z adding: viewApplications.jsp(in = 3165) (out= 1113)(deflated 64%)
2025-04-23T13:06:57.0914538Z adding: viewJobs.jsp(in = 5148) (out= 1546)(deflated 69%)
2025-04-23T13:06:57.1164716Z ##[group]Run ssh -o StrictHostKeyChecking=no -i key.pem $REMOTE_USER@$REMOTE_HOST "mkdir -p /tmp/actions_bak"
2025-04-23T13:06:57.1166079Z [36;1mssh -o StrictHostKeyChecking=no -i key.pem $REMOTE_USER@$REMOTE_HOST "mkdir -p /tmp/actions_bak"[0m
2025-04-23T13:06:57.1167610Z [36;1mscp -o StrictHostKeyChecking=no -i key.pem JobManagement_ACTIONS.war $REMOTE_USER@$REMOTE_HOST:/tmp/actions_bak/JobManagement_ACTIONS.war_bak[0m
2025-04-23T13:06:57.1169073Z [36;1mecho "Backup saved on remote host at /tmp/actions_bak/JobManagement_ACTIONS.war_bak"[0m
2025-04-23T13:06:57.1208806Z shell: /usr/bin/bash -e {0}
2025-04-23T13:06:57.1209108Z env:
2025-04-23T13:06:57.1209367Z   REMOTE_HOST: 18.60.149.136
2025-04-23T13:06:57.1209665Z   REMOTE_USER: ubuntu
2025-04-23T13:06:57.1209960Z   REMOTE_BACKUP_DIR: /tmp/actions_bak
2025-04-23T13:06:57.1210395Z   JAVA_HOME: /opt/hostedtoolcache/Java_Corretto_jdk/17.0.15-6.1/x64
2025-04-23T13:06:57.1210951Z   JAVA_HOME_17_X64: /opt/hostedtoolcache/Java_Corretto_jdk/17.0.15-6.1/x64
2025-04-23T13:06:57.1211378Z   PIPELINE_START_TIME: 1745413615
2025-04-23T13:06:57.1211682Z ##[endgroup]
2025-04-23T13:06:58.2947128Z Warning: Permanently added '18.60.149.136' (ED25519) to the list of known hosts.
2025-04-23T13:07:06.9608451Z Backup saved on remote host at /tmp/actions_bak/JobManagement_ACTIONS.war_bak
2025-04-23T13:07:06.9637149Z ##[group]Run mkdir -p test_output
2025-04-23T13:07:06.9637556Z [36;1mmkdir -p test_output[0m
2025-04-23T13:07:06.9638077Z [36;1mjavac -cp "src/main/webapp/WEB-INF/lib/*:src" -d test_output $(find src/main/test -name "*.java")[0m
2025-04-23T13:07:06.9639082Z [36;1mjava -cp "test_output:src/main/webapp/WEB-INF/lib/*" org.junit.platform.console.ConsoleLauncher --scan-class-path test_output --details summary > test_results.log || true[0m
2025-04-23T13:07:06.9639887Z [36;1mhead -n 20 test_results.log[0m
2025-04-23T13:07:06.9671217Z shell: /usr/bin/bash -e {0}
2025-04-23T13:07:06.9671536Z env:
2025-04-23T13:07:06.9682118Z   REMOTE_HOST: 18.60.149.136
2025-04-23T13:07:06.9682931Z   REMOTE_USER: ubuntu
2025-04-23T13:07:06.9683362Z   REMOTE_BACKUP_DIR: /tmp/actions_bak
2025-04-23T13:07:06.9683796Z   JAVA_HOME: /opt/hostedtoolcache/Java_Corretto_jdk/17.0.15-6.1/x64
2025-04-23T13:07:06.9684318Z   JAVA_HOME_17_X64: /opt/hostedtoolcache/Java_Corretto_jdk/17.0.15-6.1/x64
2025-04-23T13:07:06.9684783Z   PIPELINE_START_TIME: 1745413615
2025-04-23T13:07:06.9685093Z ##[endgroup]
2025-04-23T13:07:08.2259797Z 
2025-04-23T13:07:08.2260598Z Thanks for using JUnit! Support its development at https://junit.org/sponsoring
2025-04-23T13:07:08.2261115Z 
2025-04-23T13:07:08.2261120Z 
2025-04-23T13:07:08.2261250Z Failures (2):
2025-04-23T13:07:08.2261612Z   JUnit Jupiter:TestAppPart1:testDatabaseConnection()
2025-04-23T13:07:08.2262543Z     MethodSource [className = 'TestAppPart1', methodName = 'testDatabaseConnection', methodParameterTypes = '']
2025-04-23T13:07:08.2264380Z     => org.opentest4j.AssertionFailedError: Database connection failed: config.properties not found
2025-04-23T13:07:08.2265299Z        org.junit.jupiter.api.AssertionUtils.fail(AssertionUtils.java:38)
2025-04-23T13:07:08.2265880Z        org.junit.jupiter.api.Assertions.fail(Assertions.java:135)
2025-04-23T13:07:08.2266437Z        TestAppPart1.testDatabaseConnection(TestAppPart1.java:31)
2025-04-23T13:07:08.2267103Z        java.base/jdk.internal.reflect.NativeMethodAccessorImpl.invoke0(Native Method)
2025-04-23T13:07:08.2267921Z        java.base/jdk.internal.reflect.NativeMethodAccessorImpl.invoke(NativeMethodAccessorImpl.java:77)
2025-04-23T13:07:08.2268860Z        java.base/jdk.internal.reflect.DelegatingMethodAccessorImpl.invoke(DelegatingMethodAccessorImpl.java:43)
2025-04-23T13:07:08.2269615Z        java.base/java.lang.reflect.Method.invoke(Method.java:569)
2025-04-23T13:07:08.2270291Z        org.junit.platform.commons.util.ReflectionUtils.invokeMethod(ReflectionUtils.java:727)
2025-04-23T13:07:08.2271096Z        org.junit.jupiter.engine.execution.MethodInvocation.proceed(MethodInvocation.java:60)
2025-04-23T13:07:08.2272125Z        org.junit.jupiter.engine.execution.InvocationInterceptorChain$ValidatingInvocation.proceed(InvocationInterceptorChain.java:131)
2025-04-23T13:07:08.2273102Z        [...]
2025-04-23T13:07:08.2273445Z   JUnit Jupiter:TestAppPart1:testQueryExecution()
2025-04-23T13:07:08.2301034Z ##[group]Run ssh -o StrictHostKeyChecking=no -i key.pem $REMOTE_USER@$REMOTE_HOST "vmstat -s | awk '{printf \"%.2f MB - %s\n\", \$1/1024, substr(\$0, index(\$0,\$2))}'" > resource_usage_before.log
2025-04-23T13:07:08.2302495Z [36;1mssh -o StrictHostKeyChecking=no -i key.pem $REMOTE_USER@$REMOTE_HOST "vmstat -s | awk '{printf \"%.2f MB - %s\n\", \$1/1024, substr(\$0, index(\$0,\$2))}'" > resource_usage_before.log[0m
2025-04-23T13:07:08.2303445Z [36;1mssh -o StrictHostKeyChecking=no -i key.pem $REMOTE_USER@$REMOTE_HOST "free -h" > mem_before.log[0m
2025-04-23T13:07:08.2333816Z shell: /usr/bin/bash -e {0}
2025-04-23T13:07:08.2334129Z env:
2025-04-23T13:07:08.2334379Z   REMOTE_HOST: 18.60.149.136
2025-04-23T13:07:08.2334678Z   REMOTE_USER: ubuntu
2025-04-23T13:07:08.2334976Z   REMOTE_BACKUP_DIR: /tmp/actions_bak
2025-04-23T13:07:08.2335408Z   JAVA_HOME: /opt/hostedtoolcache/Java_Corretto_jdk/17.0.15-6.1/x64
2025-04-23T13:07:08.2335958Z   JAVA_HOME_17_X64: /opt/hostedtoolcache/Java_Corretto_jdk/17.0.15-6.1/x64
2025-04-23T13:07:08.2336389Z   PIPELINE_START_TIME: 1745413615
2025-04-23T13:07:08.2336704Z ##[endgroup]
2025-04-23T13:07:13.3858547Z ##[group]Run echo "DEPLOY_START_TIME=$(date +%s)" >> $GITHUB_ENV
2025-04-23T13:07:13.3859468Z [36;1mecho "DEPLOY_START_TIME=$(date +%s)" >> $GITHUB_ENV[0m
2025-04-23T13:07:13.3860212Z [36;1mCOMMIT_TIME=$(git log -1 --format=%ct)[0m
2025-04-23T13:07:13.3860892Z [36;1mLEAD_TIME=$(($(date +%s) - COMMIT_TIME))[0m
2025-04-23T13:07:13.3861562Z [36;1mecho "LEAD_TIME=$LEAD_TIME" >> $GITHUB_ENV[0m
2025-04-23T13:07:13.3906116Z shell: /usr/bin/bash -e {0}
2025-04-23T13:07:13.3906641Z env:
2025-04-23T13:07:13.3907066Z   REMOTE_HOST: 18.60.149.136
2025-04-23T13:07:13.3907577Z   REMOTE_USER: ubuntu
2025-04-23T13:07:13.3908088Z   REMOTE_BACKUP_DIR: /tmp/actions_bak
2025-04-23T13:07:13.3908878Z   JAVA_HOME: /opt/hostedtoolcache/Java_Corretto_jdk/17.0.15-6.1/x64
2025-04-23T13:07:13.3909808Z   JAVA_HOME_17_X64: /opt/hostedtoolcache/Java_Corretto_jdk/17.0.15-6.1/x64
2025-04-23T13:07:13.3910599Z   PIPELINE_START_TIME: 1745413615
2025-04-23T13:07:13.3911161Z ##[endgroup]
2025-04-23T13:07:13.4041623Z ##[group]Run scp -o StrictHostKeyChecking=no -i key.pem JobManagement_ACTIONS.war $REMOTE_USER@$REMOTE_HOST:/opt/tomcat10/webapps/
2025-04-23T13:07:13.4042826Z [36;1mscp -o StrictHostKeyChecking=no -i key.pem JobManagement_ACTIONS.war $REMOTE_USER@$REMOTE_HOST:/opt/tomcat10/webapps/[0m
2025-04-23T13:07:13.4043568Z [36;1mssh -o StrictHostKeyChecking=no -i key.pem $REMOTE_USER@$REMOTE_HOST <<EOF[0m
2025-04-23T13:07:13.4044326Z [36;1m  sudo rm -rf /opt/tomcat10/webapps/JobManagement_ACTIONS || true[0m
2025-04-23T13:07:13.4044728Z [36;1m  sleep 5[0m
2025-04-23T13:07:13.4045042Z [36;1m  sudo /opt/tomcat10/bin/shutdown.sh || true[0m
2025-04-23T13:07:13.4045427Z [36;1m  sudo /opt/tomcat10/bin/startup.sh[0m
2025-04-23T13:07:13.4045764Z [36;1m  exit[0m
2025-04-23T13:07:13.4046014Z [36;1mEOF[0m
2025-04-23T13:07:13.4073334Z shell: /usr/bin/bash -e {0}
2025-04-23T13:07:13.4073633Z env:
2025-04-23T13:07:13.4073889Z   REMOTE_HOST: 18.60.149.136
2025-04-23T13:07:13.4074216Z   REMOTE_USER: ubuntu
2025-04-23T13:07:13.4074510Z   REMOTE_BACKUP_DIR: /tmp/actions_bak
2025-04-23T13:07:13.4074932Z   JAVA_HOME: /opt/hostedtoolcache/Java_Corretto_jdk/17.0.15-6.1/x64
2025-04-23T13:07:13.4075448Z   JAVA_HOME_17_X64: /opt/hostedtoolcache/Java_Corretto_jdk/17.0.15-6.1/x64
2025-04-23T13:07:13.4075869Z   PIPELINE_START_TIME: 1745413615
2025-04-23T13:07:13.4076188Z   DEPLOY_START_TIME: 1745413633
2025-04-23T13:07:13.4076483Z   LEAD_TIME: 1059
2025-04-23T13:07:13.4076753Z ##[endgroup]
2025-04-23T13:07:20.2626211Z Pseudo-terminal will not be allocated because stdin is not a terminal.
2025-04-23T13:07:22.7697296Z Welcome to Ubuntu 24.04.2 LTS (GNU/Linux 6.8.0-1027-aws x86_64)
2025-04-23T13:07:22.7697861Z 
2025-04-23T13:07:22.7698142Z  * Documentation:  https://help.ubuntu.com
2025-04-23T13:07:22.7698880Z  * Management:     https://landscape.canonical.com
2025-04-23T13:07:22.7699578Z  * Support:        https://ubuntu.com/pro
2025-04-23T13:07:22.7699981Z 
2025-04-23T13:07:22.7700301Z  System information as of Wed Apr 23 13:06:59 UTC 2025
2025-04-23T13:07:22.7700763Z 
2025-04-23T13:07:22.7701082Z   System load:  0.02              Temperature:           -273.1 C
2025-04-23T13:07:22.7701859Z   Usage of /:   68.5% of 6.71GB   Processes:             118
2025-04-23T13:07:22.7702802Z   Memory usage: 28%               Users logged in:       1
2025-04-23T13:07:22.7703542Z   Swap usage:   0%                IPv4 address for ens5: 172.31.20.166
2025-04-23T13:07:22.7703956Z 
2025-04-23T13:07:22.7704258Z  * Ubuntu Pro delivers the most comprehensive open source security and
2025-04-23T13:07:22.7704866Z    compliance features.
2025-04-23T13:07:22.7705104Z 
2025-04-23T13:07:22.7705292Z    https://ubuntu.com/aws/pro
2025-04-23T13:07:22.7705564Z 
2025-04-23T13:07:22.7705847Z Expanded Security Maintenance for Applications is not enabled.
2025-04-23T13:07:22.7706277Z 
2025-04-23T13:07:22.7706463Z 1 update can be applied immediately.
2025-04-23T13:07:22.7707028Z To see these additional updates run: apt list --upgradable
2025-04-23T13:07:22.7707426Z 
2025-04-23T13:07:22.7707701Z Enable ESM Apps to receive additional future security updates.
2025-04-23T13:07:22.7708328Z See https://ubuntu.com/esm or run: sudo pro status
2025-04-23T13:07:22.7708692Z 
2025-04-23T13:07:22.7708696Z 
2025-04-23T13:07:27.9993161Z sudo: /opt/tomcat10/bin/shutdown.sh: command not found
2025-04-23T13:07:28.0153949Z Tomcat started.
2025-04-23T13:07:28.0223679Z ##[group]Run ssh -o StrictHostKeyChecking=no -i key.pem $REMOTE_USER@$REMOTE_HOST "timeout 60 bash -c 'until grep -q \"Deployment of web application archive\" <(tail -n 50 /opt/tomcat10/logs/catalina.out); do sleep 5; done'"
2025-04-23T13:07:28.0225113Z [36;1mssh -o StrictHostKeyChecking=no -i key.pem $REMOTE_USER@$REMOTE_HOST "timeout 60 bash -c 'until grep -q \"Deployment of web application archive\" <(tail -n 50 /opt/tomcat10/logs/catalina.out); do sleep 5; done'"[0m
2025-04-23T13:07:28.0255749Z shell: /usr/bin/bash -e {0}
2025-04-23T13:07:28.0256051Z env:
2025-04-23T13:07:28.0256304Z   REMOTE_HOST: 18.60.149.136
2025-04-23T13:07:28.0256594Z   REMOTE_USER: ubuntu
2025-04-23T13:07:28.0256887Z   REMOTE_BACKUP_DIR: /tmp/actions_bak
2025-04-23T13:07:28.0257321Z   JAVA_HOME: /opt/hostedtoolcache/Java_Corretto_jdk/17.0.15-6.1/x64
2025-04-23T13:07:28.0257839Z   JAVA_HOME_17_X64: /opt/hostedtoolcache/Java_Corretto_jdk/17.0.15-6.1/x64
2025-04-23T13:07:28.0258301Z   PIPELINE_START_TIME: 1745413615
2025-04-23T13:07:28.0258628Z   DEPLOY_START_TIME: 1745413633
2025-04-23T13:07:28.0259101Z   LEAD_TIME: 1059
2025-04-23T13:07:28.0259362Z ##[endgroup]
2025-04-23T13:07:30.6491306Z ##[group]Run echo "DEPLOY_END_TIME=$(date +%s)" >> $GITHUB_ENV
2025-04-23T13:07:30.6491797Z [36;1mecho "DEPLOY_END_TIME=$(date +%s)" >> $GITHUB_ENV[0m
2025-04-23T13:07:30.6521996Z shell: /usr/bin/bash -e {0}
2025-04-23T13:07:30.6522456Z env:
2025-04-23T13:07:30.6522712Z   REMOTE_HOST: 18.60.149.136
2025-04-23T13:07:30.6522997Z   REMOTE_USER: ubuntu
2025-04-23T13:07:30.6523288Z   REMOTE_BACKUP_DIR: /tmp/actions_bak
2025-04-23T13:07:30.6523711Z   JAVA_HOME: /opt/hostedtoolcache/Java_Corretto_jdk/17.0.15-6.1/x64
2025-04-23T13:07:30.6524219Z   JAVA_HOME_17_X64: /opt/hostedtoolcache/Java_Corretto_jdk/17.0.15-6.1/x64
2025-04-23T13:07:30.6524638Z   PIPELINE_START_TIME: 1745413615
2025-04-23T13:07:30.6524944Z   DEPLOY_START_TIME: 1745413633
2025-04-23T13:07:30.6525231Z   LEAD_TIME: 1059
2025-04-23T13:07:30.6525490Z ##[endgroup]
2025-04-23T13:07:30.6648256Z ##[group]Run ssh -o StrictHostKeyChecking=no -i key.pem $REMOTE_USER@$REMOTE_HOST "vmstat -s | awk '{printf \"%.2f MB - %s\n\", \$1/1024, substr(\$0, index(\$0,\$2))}'" > resource_usage_after.log
2025-04-23T13:07:30.6649425Z [36;1mssh -o StrictHostKeyChecking=no -i key.pem $REMOTE_USER@$REMOTE_HOST "vmstat -s | awk '{printf \"%.2f MB - %s\n\", \$1/1024, substr(\$0, index(\$0,\$2))}'" > resource_usage_after.log[0m
2025-04-23T13:07:30.6650313Z [36;1mssh -o StrictHostKeyChecking=no -i key.pem $REMOTE_USER@$REMOTE_HOST "free -h" > mem_after.log[0m
2025-04-23T13:07:30.6679354Z shell: /usr/bin/bash -e {0}
2025-04-23T13:07:30.6679651Z env:
2025-04-23T13:07:30.6679900Z   REMOTE_HOST: 18.60.149.136
2025-04-23T13:07:30.6680225Z   REMOTE_USER: ubuntu
2025-04-23T13:07:30.6680517Z   REMOTE_BACKUP_DIR: /tmp/actions_bak
2025-04-23T13:07:30.6680937Z   JAVA_HOME: /opt/hostedtoolcache/Java_Corretto_jdk/17.0.15-6.1/x64
2025-04-23T13:07:30.6681463Z   JAVA_HOME_17_X64: /opt/hostedtoolcache/Java_Corretto_jdk/17.0.15-6.1/x64
2025-04-23T13:07:30.6681875Z   PIPELINE_START_TIME: 1745413615
2025-04-23T13:07:30.6682201Z   DEPLOY_START_TIME: 1745413633
2025-04-23T13:07:30.6682703Z   LEAD_TIME: 1059
2025-04-23T13:07:30.6682968Z   DEPLOY_END_TIME: 1745413650
2025-04-23T13:07:30.6683247Z ##[endgroup]
2025-04-23T13:07:35.8439213Z ##[group]Run source $GITHUB_ENV
2025-04-23T13:07:35.8439619Z [36;1msource $GITHUB_ENV[0m
2025-04-23T13:07:35.8440026Z [36;1mDEPLOY_DURATION=$(($DEPLOY_END_TIME - $DEPLOY_START_TIME))[0m
2025-04-23T13:07:35.8440447Z [36;1mPIPELINE_END_TIME=$(date +%s)[0m
2025-04-23T13:07:35.8440885Z [36;1mTOTAL_PIPELINE_TIME=$(($PIPELINE_END_TIME - $PIPELINE_START_TIME))[0m
2025-04-23T13:07:35.8441385Z [36;1mecho "DEPLOY_DURATION=$DEPLOY_DURATION" >> $GITHUB_ENV[0m
2025-04-23T13:07:35.8441857Z [36;1mecho "TOTAL_PIPELINE_TIME=$TOTAL_PIPELINE_TIME" >> $GITHUB_ENV[0m
2025-04-23T13:07:35.8472465Z shell: /usr/bin/bash -e {0}
2025-04-23T13:07:35.8472768Z env:
2025-04-23T13:07:35.8473018Z   REMOTE_HOST: 18.60.149.136
2025-04-23T13:07:35.8473308Z   REMOTE_USER: ubuntu
2025-04-23T13:07:35.8473608Z   REMOTE_BACKUP_DIR: /tmp/actions_bak
2025-04-23T13:07:35.8474035Z   JAVA_HOME: /opt/hostedtoolcache/Java_Corretto_jdk/17.0.15-6.1/x64
2025-04-23T13:07:35.8474592Z   JAVA_HOME_17_X64: /opt/hostedtoolcache/Java_Corretto_jdk/17.0.15-6.1/x64
2025-04-23T13:07:35.8475016Z   PIPELINE_START_TIME: 1745413615
2025-04-23T13:07:35.8475329Z   DEPLOY_START_TIME: 1745413633
2025-04-23T13:07:35.8475617Z   LEAD_TIME: 1059
2025-04-23T13:07:35.8475885Z   DEPLOY_END_TIME: 1745413650
2025-04-23T13:07:35.8476170Z ##[endgroup]
2025-04-23T13:07:35.8572660Z ##[group]Run echo "-------------------------------------------------"
2025-04-23T13:07:35.8573217Z [36;1mecho "-------------------------------------------------"[0m
2025-04-23T13:07:35.8573654Z [36;1mecho "              CI/CD Metrics Summary              "[0m
2025-04-23T13:07:35.8574083Z [36;1mecho "-------------------------------------------------"[0m
2025-04-23T13:07:35.8574510Z [36;1mecho "| Metric                             | Value          |"[0m
2025-04-23T13:07:35.8575112Z [36;1mecho "-------------------------------------------------"[0m
2025-04-23T13:07:35.8575607Z [36;1mecho "| Total Pipeline Time (sec)          | $TOTAL_PIPELINE_TIME          |"[0m
2025-04-23T13:07:35.8576216Z [36;1m# If deployment succeeded, DEPLOY_DURATION is set; if not, ROLLBACK_DURATION is used.[0m
2025-04-23T13:07:35.8576715Z [36;1mif [ -n "$DEPLOY_DURATION" ]; then[0m
2025-04-23T13:07:35.8577196Z [36;1m  echo "| Deployment Time (sec)              | $DEPLOY_DURATION          |"[0m
2025-04-23T13:07:35.8577600Z [36;1melse[0m
2025-04-23T13:07:35.8577947Z [36;1m  echo "| Rollback Time (sec)     | $ROLLBACK_DURATION          |"[0m
2025-04-23T13:07:35.8578338Z [36;1mfi[0m
2025-04-23T13:07:35.8578678Z [36;1mecho "| Lead Time for Changes (sec)        | $LEAD_TIME          |"[0m
2025-04-23T13:07:35.8579099Z [36;1mif [ -f test_results.log ]; then[0m
2025-04-23T13:07:35.8579528Z [36;1m  TEST_SUMMARY=$(grep -i "tests found" test_results.log | head -n 1)[0m
2025-04-23T13:07:35.8579951Z [36;1melse[0m
2025-04-23T13:07:35.8580217Z [36;1m  TEST_SUMMARY="N/A"[0m
2025-04-23T13:07:35.8580500Z [36;1mfi[0m
2025-04-23T13:07:35.8580909Z [36;1m# ─── Cost Calculation & Echo ──────────────────────────────────────────────[0m
2025-04-23T13:07:35.8581468Z [36;1m# GitHub Actions hosted runner = $0.008 per minute = $0.0001333 per sec[0m
2025-04-23T13:07:35.8581992Z [36;1mCOST=$(awk "BEGIN { printf \"%.4f\", $TOTAL_PIPELINE_TIME * 0.008/60 }")[0m
2025-04-23T13:07:35.8582716Z [36;1mecho "| Cost (USD)                         | $COST              |"[0m
2025-04-23T13:07:35.8583206Z [36;1m# ─────────────────────────────────────────────────────────────────────────────[0m
2025-04-23T13:07:35.8583708Z [36;1mecho "| Test Summary                       | $TEST_SUMMARY          |"[0m
2025-04-23T13:07:35.8584100Z [36;1m[0m
2025-04-23T13:07:35.8584415Z [36;1mecho "-------------------------------------------------"[0m
2025-04-23T13:07:35.8584803Z [36;1mecho "Memory Usage BEFORE:"[0m
2025-04-23T13:07:35.8585143Z [36;1mcat mem_before.log[0m
2025-04-23T13:07:35.8585490Z [36;1mecho "-------------------------------------------------"[0m
2025-04-23T13:07:35.8585868Z [36;1mecho "Memory Usage AFTER:"[0m
2025-04-23T13:07:35.8586187Z [36;1mcat mem_after.log[0m
2025-04-23T13:07:35.8586521Z [36;1mecho "-------------------------------------------------"[0m
2025-04-23T13:07:35.8586911Z [36;1mecho "Resource Usage BEFORE (vmstat):"[0m
2025-04-23T13:07:35.8587300Z [36;1mcat resource_usage_before.log[0m
2025-04-23T13:07:35.8587671Z [36;1mecho "-------------------------------------------------"[0m
2025-04-23T13:07:35.8588054Z [36;1mecho "Resource Usage AFTER (vmstat):"[0m
2025-04-23T13:07:35.8588402Z [36;1mcat resource_usage_after.log[0m
2025-04-23T13:07:35.8588761Z [36;1mecho "-------------------------------------------------"[0m
2025-04-23T13:07:35.8615890Z shell: /usr/bin/bash -e {0}
2025-04-23T13:07:35.8616186Z env:
2025-04-23T13:07:35.8616440Z   REMOTE_HOST: 18.60.149.136
2025-04-23T13:07:35.8616738Z   REMOTE_USER: ubuntu
2025-04-23T13:07:35.8617018Z   REMOTE_BACKUP_DIR: /tmp/actions_bak
2025-04-23T13:07:35.8617431Z   JAVA_HOME: /opt/hostedtoolcache/Java_Corretto_jdk/17.0.15-6.1/x64
2025-04-23T13:07:35.8617935Z   JAVA_HOME_17_X64: /opt/hostedtoolcache/Java_Corretto_jdk/17.0.15-6.1/x64
2025-04-23T13:07:35.8618357Z   PIPELINE_START_TIME: 1745413615
2025-04-23T13:07:35.8618665Z   DEPLOY_START_TIME: 1745413633
2025-04-23T13:07:35.8618952Z   LEAD_TIME: 1059
2025-04-23T13:07:35.8619386Z   DEPLOY_END_TIME: 1745413650
2025-04-23T13:07:35.8619676Z   DEPLOY_DURATION: 17
2025-04-23T13:07:35.8619958Z   TOTAL_PIPELINE_TIME: 40
2025-04-23T13:07:35.8620235Z ##[endgroup]
2025-04-23T13:07:35.8667970Z -------------------------------------------------
2025-04-23T13:07:35.8668606Z               CI/CD Metrics Summary              
2025-04-23T13:07:35.8669195Z -------------------------------------------------
2025-04-23T13:07:35.8669808Z | Metric                             | Value          |
2025-04-23T13:07:35.8670632Z -------------------------------------------------
2025-04-23T13:07:35.8671246Z | Total Pipeline Time (sec)          | 40          |
2025-04-23T13:07:35.8671889Z | Deployment Time (sec)              | 17          |
2025-04-23T13:07:35.8672465Z | Lead Time for Changes (sec)        | 1059          |
2025-04-23T13:07:35.8709063Z | Cost (USD)                         | 0.0053              |
2025-04-23T13:07:35.8709846Z | Test Summary                       | [         5 tests found           ]          |
2025-04-23T13:07:35.8710581Z -------------------------------------------------
2025-04-23T13:07:35.8710952Z Memory Usage BEFORE:
2025-04-23T13:07:35.8718150Z                total        used        free      shared  buff/cache   available
2025-04-23T13:07:35.8718864Z Mem:           3.7Gi       1.2Gi       2.0Gi       2.8Mi       796Mi       2.5Gi
2025-04-23T13:07:35.8719282Z Swap:             0B          0B          0B
2025-04-23T13:07:35.8719885Z -------------------------------------------------
2025-04-23T13:07:35.8720505Z Memory Usage AFTER:
2025-04-23T13:07:35.8728635Z                total        used        free      shared  buff/cache   available
2025-04-23T13:07:35.8729338Z Mem:           3.7Gi       1.3Gi       2.0Gi       2.8Mi       796Mi       2.5Gi
2025-04-23T13:07:35.8729766Z Swap:             0B          0B          0B
2025-04-23T13:07:35.8730320Z -------------------------------------------------
2025-04-23T13:07:35.8730904Z Resource Usage BEFORE (vmstat):
2025-04-23T13:07:35.8739178Z 3836.87 MB - K total memory
2025-04-23T13:07:35.8739674Z 1241.89 MB - K used memory
2025-04-23T13:07:35.8740073Z 1190.91 MB - K active memory
2025-04-23T13:07:35.8740400Z 419.48 MB - K inactive memory
2025-04-23T13:07:35.8740826Z 2041.11 MB - K free memory
2025-04-23T13:07:35.8741301Z 94.75 MB - K buffer memory
2025-04-23T13:07:35.8741696Z 701.37 MB - K swap cache
2025-04-23T13:07:35.8742004Z 0.00 MB - K total swap
2025-04-23T13:07:35.8742475Z 0.00 MB - K used swap
2025-04-23T13:07:35.8742798Z 0.00 MB - K free swap
2025-04-23T13:07:35.8743127Z 131.40 MB - non-nice user cpu ticks
2025-04-23T13:07:35.8743488Z 0.06 MB - nice user cpu ticks
2025-04-23T13:07:35.8743817Z 12.71 MB - system cpu ticks
2025-04-23T13:07:35.8744127Z 5222.18 MB - idle cpu ticks
2025-04-23T13:07:35.8744451Z 6.69 MB - IO-wait cpu ticks
2025-04-23T13:07:35.8744759Z 0.00 MB - IRQ cpu ticks
2025-04-23T13:07:35.8745053Z 0.25 MB - softirq cpu ticks
2025-04-23T13:07:35.8745366Z 0.19 MB - stolen cpu ticks
2025-04-23T13:07:35.8745692Z 0.00 MB - non-nice guest cpu ticks
2025-04-23T13:07:35.8746052Z 0.00 MB - nice guest cpu ticks
2025-04-23T13:07:35.8746371Z 547.44 MB - K paged in
2025-04-23T13:07:35.8746667Z 4360.46 MB - K paged out
2025-04-23T13:07:35.8746978Z 0.00 MB - pages swapped in
2025-04-23T13:07:35.8747292Z 0.00 MB - pages swapped out
2025-04-23T13:07:35.8747611Z 5444.66 MB - interrupts
2025-04-23T13:07:35.8747921Z 7776.27 MB - CPU context switches
2025-04-23T13:07:35.8748255Z 1704478.59 MB - boot time
2025-04-23T13:07:35.8748550Z 41.59 MB - forks
2025-04-23T13:07:35.8748867Z -------------------------------------------------
2025-04-23T13:07:35.8749427Z Resource Usage AFTER (vmstat):
2025-04-23T13:07:35.8749935Z 3836.87 MB - K total memory
2025-04-23T13:07:35.8750307Z 1300.71 MB - K used memory
2025-04-23T13:07:35.8750621Z 1209.91 MB - K active memory
2025-04-23T13:07:35.8751046Z 419.49 MB - K inactive memory
2025-04-23T13:07:35.8751531Z 1982.30 MB - K free memory
2025-04-23T13:07:35.8752033Z 94.75 MB - K buffer memory
2025-04-23T13:07:35.8752845Z 701.33 MB - K swap cache
2025-04-23T13:07:35.8753328Z 0.00 MB - K total swap
2025-04-23T13:07:35.8753814Z 0.00 MB - K used swap
2025-04-23T13:07:35.8754260Z 0.00 MB - K free swap
2025-04-23T13:07:35.8754747Z 132.32 MB - non-nice user cpu ticks
2025-04-23T13:07:35.8755288Z 0.06 MB - nice user cpu ticks
2025-04-23T13:07:35.8755699Z 12.79 MB - system cpu ticks
2025-04-23T13:07:35.8755986Z 5225.58 MB - idle cpu ticks
2025-04-23T13:07:35.8756282Z 6.69 MB - IO-wait cpu ticks
2025-04-23T13:07:35.8756726Z 0.00 MB - IRQ cpu ticks
2025-04-23T13:07:35.8757007Z 0.25 MB - softirq cpu ticks
2025-04-23T13:07:35.8757289Z 0.19 MB - stolen cpu ticks
2025-04-23T13:07:35.8757582Z 0.00 MB - non-nice guest cpu ticks
2025-04-23T13:07:35.8757894Z 0.00 MB - nice guest cpu ticks
2025-04-23T13:07:35.8758177Z 547.44 MB - K paged in
2025-04-23T13:07:35.8758450Z 4361.72 MB - K paged out
2025-04-23T13:07:35.8758734Z 0.00 MB - pages swapped in
2025-04-23T13:07:35.8759012Z 0.00 MB - pages swapped out
2025-04-23T13:07:35.8759292Z 5461.78 MB - interrupts
2025-04-23T13:07:35.8759574Z 7794.08 MB - CPU context switches
2025-04-23T13:07:35.8759876Z 1704478.59 MB - boot time
2025-04-23T13:07:35.8760137Z 41.88 MB - forks
2025-04-23T13:07:35.8760420Z -------------------------------------------------
2025-04-23T13:07:35.8835929Z Post job cleanup.
2025-04-23T13:07:36.0601357Z Post job cleanup.
2025-04-23T13:07:36.1308107Z [command]/usr/bin/git version
2025-04-23T13:07:36.1342663Z git version 2.49.0
2025-04-23T13:07:36.1384696Z Temporarily overriding HOME='/home/runner/work/_temp/ce6bfd63-cd6b-48b6-8820-a87bf876c1be' before making global git config changes
2025-04-23T13:07:36.1385742Z Adding repository directory to the temporary git global config as a safe directory
2025-04-23T13:07:36.1388530Z [command]/usr/bin/git config --global --add safe.directory /home/runner/work/JobManagement/JobManagement
2025-04-23T13:07:36.1418234Z [command]/usr/bin/git config --local --name-only --get-regexp core\.sshCommand
2025-04-23T13:07:36.1448220Z [command]/usr/bin/git submodule foreach --recursive sh -c "git config --local --name-only --get-regexp 'core\.sshCommand' && git config --local --unset-all 'core.sshCommand' || :"
2025-04-23T13:07:36.1729150Z [command]/usr/bin/git config --local --name-only --get-regexp http\.https\:\/\/github\.com\/\.extraheader
2025-04-23T13:07:36.1751834Z http.https://github.com/.extraheader
2025-04-23T13:07:36.1767006Z [command]/usr/bin/git config --local --unset-all http.https://github.com/.extraheader
2025-04-23T13:07:36.1799968Z [command]/usr/bin/git submodule foreach --recursive sh -c "git config --local --name-only --get-regexp 'http\.https\:\/\/github\.com\/\.extraheader' && git config --local --unset-all 'http.https://github.com/.extraheader' || :"
2025-04-23T13:07:36.2150706Z Cleaning up orphan processes
