2025-04-22T22:12:42.4870047Z Current runner version: '2.323.0'
2025-04-22T22:12:42.4909741Z ##[group]Operating System
2025-04-22T22:12:42.4911532Z Ubuntu
2025-04-22T22:12:42.4912932Z 24.04.2
2025-04-22T22:12:42.4914181Z LTS
2025-04-22T22:12:42.4915618Z ##[endgroup]
2025-04-22T22:12:42.4916999Z ##[group]Runner Image
2025-04-22T22:12:42.4918665Z Image: ubuntu-24.04
2025-04-22T22:12:42.4920309Z Version: 20250413.1.0
2025-04-22T22:12:42.4922841Z Included Software: https://github.com/actions/runner-images/blob/ubuntu24/20250413.1/images/ubuntu/Ubuntu2404-Readme.md
2025-04-22T22:12:42.4926085Z Image Release: https://github.com/actions/runner-images/releases/tag/ubuntu24%2F20250413.1
2025-04-22T22:12:42.4928690Z ##[endgroup]
2025-04-22T22:12:42.4930059Z ##[group]Runner Image Provisioner
2025-04-22T22:12:42.4931831Z 2.0.422.1
2025-04-22T22:12:42.4933409Z ##[endgroup]
2025-04-22T22:12:42.4936215Z ##[group]GITHUB_TOKEN Permissions
2025-04-22T22:12:42.4939859Z Contents: read
2025-04-22T22:12:42.4941327Z Metadata: read
2025-04-22T22:12:42.4942953Z Packages: read
2025-04-22T22:12:42.4944431Z ##[endgroup]
2025-04-22T22:12:42.4948219Z Secret source: Actions
2025-04-22T22:12:42.4950047Z Prepare workflow directory
2025-04-22T22:12:42.5547810Z Prepare all required actions
2025-04-22T22:12:42.5606449Z Getting action download info
2025-04-22T22:12:42.7727189Z ##[group]Download immutable action package 'actions/checkout@v3'
2025-04-22T22:12:42.7728941Z Version: 3.6.0
2025-04-22T22:12:42.7730214Z Digest: sha256:942562b9c7d4b1f2557f1da21f4d3eb4eb4fd01f2ad78b2a6e187d1b193e0a0f
2025-04-22T22:12:42.7731849Z Source commit SHA: f43a0e5ff2bd294095638e18286ca9a3d1956744
2025-04-22T22:12:42.7732923Z ##[endgroup]
2025-04-22T22:12:42.8598365Z ##[group]Download immutable action package 'actions/setup-java@v3'
2025-04-22T22:12:42.8599539Z Version: 3.14.1
2025-04-22T22:12:42.8600671Z Digest: sha256:0f5994bd85f236d7525048fec5b0b7b3ec7474ec50184c8f78a320717cfb3d51
2025-04-22T22:12:42.8601908Z Source commit SHA: 17f84c3641ba7b8f6deff6309fc4c864478f5d62
2025-04-22T22:12:42.8603014Z ##[endgroup]
2025-04-22T22:12:43.1242884Z Complete job name: build-and-deploy
2025-04-22T22:12:43.1987951Z ##[group]Run actions/checkout@v3
2025-04-22T22:12:43.1989190Z with:
2025-04-22T22:12:43.1989820Z   repository: sai-pranay-teja/JobManagement
2025-04-22T22:12:43.1990785Z   token: ***
2025-04-22T22:12:43.1991356Z   ssh-strict: true
2025-04-22T22:12:43.1991963Z   persist-credentials: true
2025-04-22T22:12:43.1992621Z   clean: true
2025-04-22T22:12:43.1993216Z   sparse-checkout-cone-mode: true
2025-04-22T22:12:43.1993904Z   fetch-depth: 1
2025-04-22T22:12:43.1994485Z   fetch-tags: false
2025-04-22T22:12:43.1995056Z   lfs: false
2025-04-22T22:12:43.1995623Z   submodules: false
2025-04-22T22:12:43.1996233Z   set-safe-directory: true
2025-04-22T22:12:43.1997058Z env:
2025-04-22T22:12:43.1997625Z   REMOTE_HOST: 18.60.83.220
2025-04-22T22:12:43.1998413Z   REMOTE_USER: ubuntu
2025-04-22T22:12:43.1999049Z   REMOTE_BACKUP_DIR: /tmp/actions_bak
2025-04-22T22:12:43.1999750Z ##[endgroup]
2025-04-22T22:12:43.3395445Z Syncing repository: sai-pranay-teja/JobManagement
2025-04-22T22:12:43.3397560Z ##[group]Getting Git version info
2025-04-22T22:12:43.3398788Z Working directory is '/home/runner/work/JobManagement/JobManagement'
2025-04-22T22:12:43.3400117Z [command]/usr/bin/git version
2025-04-22T22:12:43.3463113Z git version 2.49.0
2025-04-22T22:12:43.3492429Z ##[endgroup]
2025-04-22T22:12:43.3510354Z Temporarily overriding HOME='/home/runner/work/_temp/feffa6cc-bdda-4749-bca5-d9da4763603a' before making global git config changes
2025-04-22T22:12:43.3513151Z Adding repository directory to the temporary git global config as a safe directory
2025-04-22T22:12:43.3515650Z [command]/usr/bin/git config --global --add safe.directory /home/runner/work/JobManagement/JobManagement
2025-04-22T22:12:43.3549618Z Deleting the contents of '/home/runner/work/JobManagement/JobManagement'
2025-04-22T22:12:43.3553966Z ##[group]Initializing the repository
2025-04-22T22:12:43.3558312Z [command]/usr/bin/git init /home/runner/work/JobManagement/JobManagement
2025-04-22T22:12:43.3612032Z hint: Using 'master' as the name for the initial branch. This default branch name
2025-04-22T22:12:43.3613758Z hint: is subject to change. To configure the initial branch name to use in all
2025-04-22T22:12:43.3615720Z hint: of your new repositories, which will suppress this warning, call:
2025-04-22T22:12:43.3617379Z hint:
2025-04-22T22:12:43.3618633Z hint: 	git config --global init.defaultBranch <name>
2025-04-22T22:12:43.3619489Z hint:
2025-04-22T22:12:43.3620247Z hint: Names commonly chosen instead of 'master' are 'main', 'trunk' and
2025-04-22T22:12:43.3621368Z hint: 'development'. The just-created branch can be renamed via this command:
2025-04-22T22:12:43.3622415Z hint:
2025-04-22T22:12:43.3686191Z hint: 	git branch -m <name>
2025-04-22T22:12:43.3688308Z Initialized empty Git repository in /home/runner/work/JobManagement/JobManagement/.git/
2025-04-22T22:12:43.3691367Z [command]/usr/bin/git remote add origin https://github.com/sai-pranay-teja/JobManagement
2025-04-22T22:12:43.3693783Z ##[endgroup]
2025-04-22T22:12:43.3694789Z ##[group]Disabling automatic garbage collection
2025-04-22T22:12:43.3695639Z [command]/usr/bin/git config --local gc.auto 0
2025-04-22T22:12:43.3697702Z ##[endgroup]
2025-04-22T22:12:43.3698959Z ##[group]Setting up auth
2025-04-22T22:12:43.3699845Z [command]/usr/bin/git config --local --name-only --get-regexp core\.sshCommand
2025-04-22T22:12:43.3726643Z [command]/usr/bin/git submodule foreach --recursive sh -c "git config --local --name-only --get-regexp 'core\.sshCommand' && git config --local --unset-all 'core.sshCommand' || :"
2025-04-22T22:12:43.3997791Z [command]/usr/bin/git config --local --name-only --get-regexp http\.https\:\/\/github\.com\/\.extraheader
2025-04-22T22:12:43.4025808Z [command]/usr/bin/git submodule foreach --recursive sh -c "git config --local --name-only --get-regexp 'http\.https\:\/\/github\.com\/\.extraheader' && git config --local --unset-all 'http.https://github.com/.extraheader' || :"
2025-04-22T22:12:43.4248802Z [command]/usr/bin/git config --local http.https://github.com/.extraheader AUTHORIZATION: basic ***
2025-04-22T22:12:43.4306713Z ##[endgroup]
2025-04-22T22:12:43.4308395Z ##[group]Fetching the repository
2025-04-22T22:12:43.4319201Z [command]/usr/bin/git -c protocol.version=2 fetch --no-tags --prune --progress --no-recurse-submodules --depth=1 origin +b14cc91695b902fb08ca55a85543062560e0b1e6:refs/remotes/origin/main
2025-04-22T22:12:43.6690687Z remote: Enumerating objects: 82, done.        
2025-04-22T22:12:43.6692627Z remote: Counting objects:   1% (1/82)        
2025-04-22T22:12:43.6693791Z remote: Counting objects:   2% (2/82)        
2025-04-22T22:12:43.6694935Z remote: Counting objects:   3% (3/82)        
2025-04-22T22:12:43.6696069Z remote: Counting objects:   4% (4/82)        
2025-04-22T22:12:43.6697198Z remote: Counting objects:   6% (5/82)        
2025-04-22T22:12:43.6698666Z remote: Counting objects:   7% (6/82)        
2025-04-22T22:12:43.6699798Z remote: Counting objects:   8% (7/82)        
2025-04-22T22:12:43.6700857Z remote: Counting objects:   9% (8/82)        
2025-04-22T22:12:43.6701892Z remote: Counting objects:  10% (9/82)        
2025-04-22T22:12:43.6702904Z remote: Counting objects:  12% (10/82)        
2025-04-22T22:12:43.6703940Z remote: Counting objects:  13% (11/82)        
2025-04-22T22:12:43.6704957Z remote: Counting objects:  14% (12/82)        
2025-04-22T22:12:43.6705965Z remote: Counting objects:  15% (13/82)        
2025-04-22T22:12:43.6706972Z remote: Counting objects:  17% (14/82)        
2025-04-22T22:12:43.6708688Z remote: Counting objects:  18% (15/82)        
2025-04-22T22:12:43.6710259Z remote: Counting objects:  19% (16/82)        
2025-04-22T22:12:43.6711093Z remote: Counting objects:  20% (17/82)        
2025-04-22T22:12:43.6711928Z remote: Counting objects:  21% (18/82)        
2025-04-22T22:12:43.6712758Z remote: Counting objects:  23% (19/82)        
2025-04-22T22:12:43.6713586Z remote: Counting objects:  24% (20/82)        
2025-04-22T22:12:43.6714408Z remote: Counting objects:  25% (21/82)        
2025-04-22T22:12:43.6715569Z remote: Counting objects:  26% (22/82)        
2025-04-22T22:12:43.6716387Z remote: Counting objects:  28% (23/82)        
2025-04-22T22:12:43.6717240Z remote: Counting objects:  29% (24/82)        
2025-04-22T22:12:43.6718294Z remote: Counting objects:  30% (25/82)        
2025-04-22T22:12:43.6719167Z remote: Counting objects:  31% (26/82)        
2025-04-22T22:12:43.6720021Z remote: Counting objects:  32% (27/82)        
2025-04-22T22:12:43.6720802Z remote: Counting objects:  34% (28/82)        
2025-04-22T22:12:43.6721583Z remote: Counting objects:  35% (29/82)        
2025-04-22T22:12:43.6722355Z remote: Counting objects:  36% (30/82)        
2025-04-22T22:12:43.6723141Z remote: Counting objects:  37% (31/82)        
2025-04-22T22:12:43.6723918Z remote: Counting objects:  39% (32/82)        
2025-04-22T22:12:43.6724831Z remote: Counting objects:  40% (33/82)        
2025-04-22T22:12:43.6725621Z remote: Counting objects:  41% (34/82)        
2025-04-22T22:12:43.6726397Z remote: Counting objects:  42% (35/82)        
2025-04-22T22:12:43.6727179Z remote: Counting objects:  43% (36/82)        
2025-04-22T22:12:43.6727956Z remote: Counting objects:  45% (37/82)        
2025-04-22T22:12:43.6728916Z remote: Counting objects:  46% (38/82)        
2025-04-22T22:12:43.6729692Z remote: Counting objects:  47% (39/82)        
2025-04-22T22:12:43.6730452Z remote: Counting objects:  48% (40/82)        
2025-04-22T22:12:43.6731219Z remote: Counting objects:  50% (41/82)        
2025-04-22T22:12:43.6731973Z remote: Counting objects:  51% (42/82)        
2025-04-22T22:12:43.6732914Z remote: Counting objects:  52% (43/82)        
2025-04-22T22:12:43.6733872Z remote: Counting objects:  53% (44/82)        
2025-04-22T22:12:43.6735163Z remote: Counting objects:  54% (45/82)        
2025-04-22T22:12:43.6736431Z remote: Counting objects:  56% (46/82)        
2025-04-22T22:12:43.6737724Z remote: Counting objects:  57% (47/82)        
2025-04-22T22:12:43.6739177Z remote: Counting objects:  58% (48/82)        
2025-04-22T22:12:43.6740771Z remote: Counting objects:  59% (49/82)        
2025-04-22T22:12:43.6742103Z remote: Counting objects:  60% (50/82)        
2025-04-22T22:12:43.6743353Z remote: Counting objects:  62% (51/82)        
2025-04-22T22:12:43.6744589Z remote: Counting objects:  63% (52/82)        
2025-04-22T22:12:43.6745696Z remote: Counting objects:  64% (53/82)        
2025-04-22T22:12:43.6746454Z remote: Counting objects:  65% (54/82)        
2025-04-22T22:12:43.6747584Z remote: Counting objects:  67% (55/82)        
2025-04-22T22:12:43.6749169Z remote: Counting objects:  68% (56/82)        
2025-04-22T22:12:43.6749975Z remote: Counting objects:  69% (57/82)        
2025-04-22T22:12:43.6750750Z remote: Counting objects:  70% (58/82)        
2025-04-22T22:12:43.6751689Z remote: Counting objects:  71% (59/82)        
2025-04-22T22:12:43.6752785Z remote: Counting objects:  73% (60/82)        
2025-04-22T22:12:43.6753585Z remote: Counting objects:  74% (61/82)        
2025-04-22T22:12:43.6754853Z remote: Counting objects:  75% (62/82)        
2025-04-22T22:12:43.6755665Z remote: Counting objects:  76% (63/82)        
2025-04-22T22:12:43.6756439Z remote: Counting objects:  78% (64/82)        
2025-04-22T22:12:43.6757235Z remote: Counting objects:  79% (65/82)        
2025-04-22T22:12:43.6758518Z remote: Counting objects:  80% (66/82)        
2025-04-22T22:12:43.6760041Z remote: Counting objects:  81% (67/82)        
2025-04-22T22:12:43.6761282Z remote: Counting objects:  82% (68/82)        
2025-04-22T22:12:43.6762087Z remote: Counting objects:  84% (69/82)        
2025-04-22T22:12:43.6762869Z remote: Counting objects:  85% (70/82)        
2025-04-22T22:12:43.6763737Z remote: Counting objects:  86% (71/82)        
2025-04-22T22:12:43.6765003Z remote: Counting objects:  87% (72/82)        
2025-04-22T22:12:43.6765816Z remote: Counting objects:  89% (73/82)        
2025-04-22T22:12:43.6766592Z remote: Counting objects:  90% (74/82)        
2025-04-22T22:12:43.6767370Z remote: Counting objects:  91% (75/82)        
2025-04-22T22:12:43.6768617Z remote: Counting objects:  92% (76/82)        
2025-04-22T22:12:43.6769395Z remote: Counting objects:  93% (77/82)        
2025-04-22T22:12:43.6770177Z remote: Counting objects:  95% (78/82)        
2025-04-22T22:12:43.6770945Z remote: Counting objects:  96% (79/82)        
2025-04-22T22:12:43.6771720Z remote: Counting objects:  97% (80/82)        
2025-04-22T22:12:43.6772479Z remote: Counting objects:  98% (81/82)        
2025-04-22T22:12:43.6773257Z remote: Counting objects: 100% (82/82)        
2025-04-22T22:12:43.6774070Z remote: Counting objects: 100% (82/82), done.        
2025-04-22T22:12:43.6774922Z remote: Compressing objects:   1% (1/72)        
2025-04-22T22:12:43.6775736Z remote: Compressing objects:   2% (2/72)        
2025-04-22T22:12:43.6776542Z remote: Compressing objects:   4% (3/72)        
2025-04-22T22:12:43.6777358Z remote: Compressing objects:   5% (4/72)        
2025-04-22T22:12:43.6778263Z remote: Compressing objects:   6% (5/72)        
2025-04-22T22:12:43.6779272Z remote: Compressing objects:   8% (6/72)        
2025-04-22T22:12:43.6780461Z remote: Compressing objects:   9% (7/72)        
2025-04-22T22:12:43.6781278Z remote: Compressing objects:  11% (8/72)        
2025-04-22T22:12:43.6782056Z remote: Compressing objects:  12% (9/72)        
2025-04-22T22:12:43.6782849Z remote: Compressing objects:  13% (10/72)        
2025-04-22T22:12:43.6784145Z remote: Compressing objects:  15% (11/72)        
2025-04-22T22:12:43.6784982Z remote: Compressing objects:  16% (12/72)        
2025-04-22T22:12:43.6785785Z remote: Compressing objects:  18% (13/72)        
2025-04-22T22:12:43.6786575Z remote: Compressing objects:  19% (14/72)        
2025-04-22T22:12:43.6787382Z remote: Compressing objects:  20% (15/72)        
2025-04-22T22:12:43.6788293Z remote: Compressing objects:  22% (16/72)        
2025-04-22T22:12:43.6789096Z remote: Compressing objects:  23% (17/72)        
2025-04-22T22:12:43.6789888Z remote: Compressing objects:  25% (18/72)        
2025-04-22T22:12:43.6790985Z remote: Compressing objects:  26% (19/72)        
2025-04-22T22:12:43.6791800Z remote: Compressing objects:  27% (20/72)        
2025-04-22T22:12:43.6792619Z remote: Compressing objects:  29% (21/72)        
2025-04-22T22:12:43.6793425Z remote: Compressing objects:  30% (22/72)        
2025-04-22T22:12:43.6794221Z remote: Compressing objects:  31% (23/72)        
2025-04-22T22:12:43.6795017Z remote: Compressing objects:  33% (24/72)        
2025-04-22T22:12:43.6796179Z remote: Compressing objects:  34% (25/72)        
2025-04-22T22:12:43.6797579Z remote: Compressing objects:  36% (26/72)        
2025-04-22T22:12:43.6799017Z remote: Compressing objects:  37% (27/72)        
2025-04-22T22:12:43.6800338Z remote: Compressing objects:  38% (28/72)        
2025-04-22T22:12:43.6801484Z remote: Compressing objects:  40% (29/72)        
2025-04-22T22:12:43.6802308Z remote: Compressing objects:  41% (30/72)        
2025-04-22T22:12:43.6803112Z remote: Compressing objects:  43% (31/72)        
2025-04-22T22:12:43.6804734Z remote: Compressing objects:  44% (32/72)        
2025-04-22T22:12:43.6805877Z remote: Compressing objects:  45% (33/72)        
2025-04-22T22:12:43.6807151Z remote: Compressing objects:  47% (34/72)        
2025-04-22T22:12:43.6808689Z remote: Compressing objects:  48% (35/72)        
2025-04-22T22:12:43.6810157Z remote: Compressing objects:  50% (36/72)        
2025-04-22T22:12:43.6811404Z remote: Compressing objects:  51% (37/72)        
2025-04-22T22:12:43.6812917Z remote: Compressing objects:  52% (38/72)        
2025-04-22T22:12:43.6814124Z remote: Compressing objects:  54% (39/72)        
2025-04-22T22:12:43.6815655Z remote: Compressing objects:  55% (40/72)        
2025-04-22T22:12:43.6816894Z remote: Compressing objects:  56% (41/72)        
2025-04-22T22:12:43.6817824Z remote: Compressing objects:  58% (42/72)        
2025-04-22T22:12:43.6819304Z remote: Compressing objects:  59% (43/72)        
2025-04-22T22:12:43.6820559Z remote: Compressing objects:  61% (44/72)        
2025-04-22T22:12:43.6821630Z remote: Compressing objects:  62% (45/72)        
2025-04-22T22:12:43.6822432Z remote: Compressing objects:  63% (46/72)        
2025-04-22T22:12:43.6823230Z remote: Compressing objects:  65% (47/72)        
2025-04-22T22:12:43.6824031Z remote: Compressing objects:  66% (48/72)        
2025-04-22T22:12:43.6824813Z remote: Compressing objects:  68% (49/72)        
2025-04-22T22:12:43.6825615Z remote: Compressing objects:  69% (50/72)        
2025-04-22T22:12:43.6826427Z remote: Compressing objects:  70% (51/72)        
2025-04-22T22:12:43.6827217Z remote: Compressing objects:  72% (52/72)        
2025-04-22T22:12:43.6828145Z remote: Compressing objects:  73% (53/72)        
2025-04-22T22:12:43.6829187Z remote: Compressing objects:  75% (54/72)        
2025-04-22T22:12:43.6830012Z remote: Compressing objects:  76% (55/72)        
2025-04-22T22:12:43.6830822Z remote: Compressing objects:  77% (56/72)        
2025-04-22T22:12:43.6831622Z remote: Compressing objects:  79% (57/72)        
2025-04-22T22:12:43.6832469Z remote: Compressing objects:  80% (58/72)        
2025-04-22T22:12:43.6833280Z remote: Compressing objects:  81% (59/72)        
2025-04-22T22:12:43.6834078Z remote: Compressing objects:  83% (60/72)        
2025-04-22T22:12:43.6835270Z remote: Compressing objects:  84% (61/72)        
2025-04-22T22:12:43.6836092Z remote: Compressing objects:  86% (62/72)        
2025-04-22T22:12:43.6836885Z remote: Compressing objects:  87% (63/72)        
2025-04-22T22:12:43.6837694Z remote: Compressing objects:  88% (64/72)        
2025-04-22T22:12:43.6839040Z remote: Compressing objects:  90% (65/72)        
2025-04-22T22:12:43.6839870Z remote: Compressing objects:  91% (66/72)        
2025-04-22T22:12:43.6840684Z remote: Compressing objects:  93% (67/72)        
2025-04-22T22:12:43.6841493Z remote: Compressing objects:  94% (68/72)        
2025-04-22T22:12:43.6842285Z remote: Compressing objects:  95% (69/72)        
2025-04-22T22:12:43.6843235Z remote: Compressing objects:  97% (70/72)        
2025-04-22T22:12:43.6844415Z remote: Compressing objects:  98% (71/72)        
2025-04-22T22:12:43.6845266Z remote: Compressing objects: 100% (72/72)        
2025-04-22T22:12:43.6846289Z remote: Compressing objects: 100% (72/72), done.        
2025-04-22T22:12:44.0062286Z remote: Total 82 (delta 16), reused 46 (delta 6), pack-reused 0 (from 0)        
2025-04-22T22:12:44.0901842Z From https://github.com/sai-pranay-teja/JobManagement
2025-04-22T22:12:44.0903355Z  * [new ref]         b14cc91695b902fb08ca55a85543062560e0b1e6 -> origin/main
2025-04-22T22:12:44.0930215Z ##[endgroup]
2025-04-22T22:12:44.0932292Z ##[group]Determining the checkout info
2025-04-22T22:12:44.0934449Z ##[endgroup]
2025-04-22T22:12:44.0936295Z ##[group]Checking out the ref
2025-04-22T22:12:44.0938500Z [command]/usr/bin/git checkout --progress --force -B main refs/remotes/origin/main
2025-04-22T22:12:44.1459142Z Switched to a new branch 'main'
2025-04-22T22:12:44.1460653Z branch 'main' set up to track 'origin/main'.
2025-04-22T22:12:44.1469067Z ##[endgroup]
2025-04-22T22:12:44.1509115Z [command]/usr/bin/git log -1 --format='%H'
2025-04-22T22:12:44.1535022Z 'b14cc91695b902fb08ca55a85543062560e0b1e6'
2025-04-22T22:12:44.1847713Z ##[group]Run actions/setup-java@v3
2025-04-22T22:12:44.1848860Z with:
2025-04-22T22:12:44.1849461Z   java-version: 17
2025-04-22T22:12:44.1850105Z   distribution: corretto
2025-04-22T22:12:44.1850791Z   java-package: jdk
2025-04-22T22:12:44.1851428Z   check-latest: false
2025-04-22T22:12:44.1852089Z   server-id: github
2025-04-22T22:12:44.1852746Z   server-username: GITHUB_ACTOR
2025-04-22T22:12:44.1853500Z   server-password: GITHUB_TOKEN
2025-04-22T22:12:44.1854264Z   overwrite-settings: true
2025-04-22T22:12:44.1854960Z   job-status: success
2025-04-22T22:12:44.1855793Z   token: ***
2025-04-22T22:12:44.1856385Z env:
2025-04-22T22:12:44.1856982Z   REMOTE_HOST: 18.60.83.220
2025-04-22T22:12:44.1857689Z   REMOTE_USER: ubuntu
2025-04-22T22:12:44.1858591Z   REMOTE_BACKUP_DIR: /tmp/actions_bak
2025-04-22T22:12:44.1859696Z ##[endgroup]
2025-04-22T22:12:44.3871754Z ##[group]Installed distributions
2025-04-22T22:12:44.3896378Z Trying to resolve the latest version from remote
2025-04-22T22:12:44.4438277Z Resolved latest version as 17.0.15+6.1
2025-04-22T22:12:44.4440399Z Trying to download...
2025-04-22T22:12:44.4444085Z Downloading Java 17.0.15+6.1 (Corretto) from https://corretto.aws/downloads/resources/17.0.15.6.1/amazon-corretto-17.0.15.6.1-linux-x64.tar.gz ...
2025-04-22T22:12:45.3786804Z Extracting Java archive...
2025-04-22T22:12:45.3891779Z [command]/usr/bin/tar xz --warning=no-unknown-keyword -C /home/runner/work/_temp/563b9e5d-7081-4120-9cb7-270c73c6a9eb -f /home/runner/work/_temp/96a17797-0f08-4d65-9aef-f530d1ee46b1
2025-04-22T22:12:47.9169663Z Java 17.0.15+6.1 was downloaded
2025-04-22T22:12:47.9170484Z Setting Java 17.0.15+6.1 as the default
2025-04-22T22:12:47.9181164Z Creating toolchains.xml for JDK version 17 from corretto
2025-04-22T22:12:47.9263501Z Writing to /home/runner/.m2/toolchains.xml
2025-04-22T22:12:47.9264425Z 
2025-04-22T22:12:47.9265054Z Java configuration:
2025-04-22T22:12:47.9265727Z   Distribution: corretto
2025-04-22T22:12:47.9266398Z   Version: 17.0.15+6.1
2025-04-22T22:12:47.9267258Z   Path: /opt/hostedtoolcache/Java_Corretto_jdk/17.0.15-6.1/x64
2025-04-22T22:12:47.9267937Z 
2025-04-22T22:12:47.9269015Z ##[endgroup]
2025-04-22T22:12:47.9287591Z Creating settings.xml with server-id: github
2025-04-22T22:12:47.9290388Z Writing to /home/runner/.m2/settings.xml
2025-04-22T22:12:47.9446382Z ##[group]Run echo "$SSH_KEY_SECRET" > key.pem
2025-04-22T22:12:47.9446990Z [36;1mecho "$SSH_KEY_SECRET" > key.pem[0m
2025-04-22T22:12:47.9447462Z [36;1msed -i 's/\\n/\n/g' key.pem[0m
2025-04-22T22:12:47.9448851Z [36;1mgrep -q "BEGIN RSA PRIVATE KEY" key.pem || sed -i '1i***' key.pem[0m
2025-04-22T22:12:47.9449638Z [36;1mgrep -q "END RSA PRIVATE KEY" key.pem || echo "***" >> key.pem[0m
2025-04-22T22:12:47.9450152Z [36;1mchmod 400 key.pem[0m
2025-04-22T22:12:47.9503728Z shell: /usr/bin/bash -e {0}
2025-04-22T22:12:47.9504186Z env:
2025-04-22T22:12:47.9523613Z   REMOTE_HOST: 18.60.83.220
2025-04-22T22:12:47.9524035Z   REMOTE_USER: ubuntu
2025-04-22T22:12:47.9524414Z   REMOTE_BACKUP_DIR: /tmp/actions_bak
2025-04-22T22:12:47.9525263Z   JAVA_HOME: /opt/hostedtoolcache/Java_Corretto_jdk/17.0.15-6.1/x64
2025-04-22T22:12:47.9526266Z   JAVA_HOME_17_X64: /opt/hostedtoolcache/Java_Corretto_jdk/17.0.15-6.1/x64
2025-04-22T22:12:47.9534207Z   SSH_KEY_SECRET: ***
2025-04-22T22:12:47.9534671Z ##[endgroup]
2025-04-22T22:12:47.9727473Z ##[group]Run echo "PIPELINE_START_TIME=$(date +%s)" >> $GITHUB_ENV
2025-04-22T22:12:47.9728324Z [36;1mecho "PIPELINE_START_TIME=$(date +%s)" >> $GITHUB_ENV[0m
2025-04-22T22:12:47.9780188Z shell: /usr/bin/bash -e {0}
2025-04-22T22:12:47.9780574Z env:
2025-04-22T22:12:47.9780887Z   REMOTE_HOST: 18.60.83.220
2025-04-22T22:12:47.9781246Z   REMOTE_USER: ubuntu
2025-04-22T22:12:47.9781606Z   REMOTE_BACKUP_DIR: /tmp/actions_bak
2025-04-22T22:12:47.9782106Z   JAVA_HOME: /opt/hostedtoolcache/Java_Corretto_jdk/17.0.15-6.1/x64
2025-04-22T22:12:47.9782722Z   JAVA_HOME_17_X64: /opt/hostedtoolcache/Java_Corretto_jdk/17.0.15-6.1/x64
2025-04-22T22:12:47.9783202Z ##[endgroup]
2025-04-22T22:12:47.9899668Z ##[group]Run mkdir -p build/WEB-INF/classes
2025-04-22T22:12:47.9900183Z [36;1mmkdir -p build/WEB-INF/classes[0m
2025-04-22T22:12:47.9900809Z [36;1m# Compile Java sources; redirect errors to compile_error.log and exit if compilation fails.[0m
2025-04-22T22:12:47.9901748Z [36;1m# javac -cp "src/main/webapp/WEB-INF/lib/*" -d build/WEB-INF/classes $(find src -name "*.java") 2> compile_error.log || { echo "Build failed!"; exit 1; }[0m
2025-04-22T22:12:47.9902735Z [36;1mjavac -cp "src/main/webapp/WEB-INF/lib/*" -d build/WEB-INF/classes $(find src -name "*.java") 2> compile_error.log[0m
2025-04-22T22:12:47.9903393Z [36;1m[0m
2025-04-22T22:12:47.9903773Z [36;1mcp -R src/main/resources/* build/WEB-INF/classes/[0m
2025-04-22T22:12:47.9904235Z [36;1mcp -R src/main/webapp/* build/[0m
2025-04-22T22:12:47.9904972Z [36;1mjar -cvf JobManagement_ACTIONS.war -C build .[0m
2025-04-22T22:12:47.9949606Z shell: /usr/bin/bash -e {0}
2025-04-22T22:12:47.9949993Z env:
2025-04-22T22:12:47.9950340Z   REMOTE_HOST: 18.60.83.220
2025-04-22T22:12:47.9950697Z   REMOTE_USER: ubuntu
2025-04-22T22:12:47.9951058Z   REMOTE_BACKUP_DIR: /tmp/actions_bak
2025-04-22T22:12:47.9951573Z   JAVA_HOME: /opt/hostedtoolcache/Java_Corretto_jdk/17.0.15-6.1/x64
2025-04-22T22:12:47.9952167Z   JAVA_HOME_17_X64: /opt/hostedtoolcache/Java_Corretto_jdk/17.0.15-6.1/x64
2025-04-22T22:12:47.9952658Z   PIPELINE_START_TIME: 1745359967
2025-04-22T22:12:47.9953038Z ##[endgroup]
2025-04-22T22:12:48.4636508Z ##[error]Process completed with exit code 1.
2025-04-22T22:12:48.4702204Z ##[group]Run ssh -o StrictHostKeyChecking=no -i key.pem $REMOTE_USER@$REMOTE_HOST "timeout 60 bash -c 'until grep -q \"Deployment of web application archive\" <(tail -n 50 /opt/tomcat10/logs/catalina.out); do sleep 5; done'"
2025-04-22T22:12:48.4703614Z [36;1mssh -o StrictHostKeyChecking=no -i key.pem $REMOTE_USER@$REMOTE_HOST "timeout 60 bash -c 'until grep -q \"Deployment of web application archive\" <(tail -n 50 /opt/tomcat10/logs/catalina.out); do sleep 5; done'"[0m
2025-04-22T22:12:48.4753189Z shell: /usr/bin/bash -e {0}
2025-04-22T22:12:48.4753515Z env:
2025-04-22T22:12:48.4753772Z   REMOTE_HOST: 18.60.83.220
2025-04-22T22:12:48.4754088Z   REMOTE_USER: ubuntu
2025-04-22T22:12:48.4754400Z   REMOTE_BACKUP_DIR: /tmp/actions_bak
2025-04-22T22:12:48.4754845Z   JAVA_HOME: /opt/hostedtoolcache/Java_Corretto_jdk/17.0.15-6.1/x64
2025-04-22T22:12:48.4755399Z   JAVA_HOME_17_X64: /opt/hostedtoolcache/Java_Corretto_jdk/17.0.15-6.1/x64
2025-04-22T22:12:48.4755893Z   PIPELINE_START_TIME: 1745359967
2025-04-22T22:12:48.4756216Z ##[endgroup]
2025-04-22T22:12:49.4009348Z Warning: Permanently added '18.60.83.220' (ED25519) to the list of known hosts.
2025-04-22T22:13:16.3487515Z ##[group]Run echo "DEPLOY_END_TIME=$(date +%s)" >> $GITHUB_ENV
2025-04-22T22:13:16.3488284Z [36;1mecho "DEPLOY_END_TIME=$(date +%s)" >> $GITHUB_ENV[0m
2025-04-22T22:13:16.3535535Z shell: /usr/bin/bash -e {0}
2025-04-22T22:13:16.3535836Z env:
2025-04-22T22:13:16.3536083Z   REMOTE_HOST: 18.60.83.220
2025-04-22T22:13:16.3536365Z   REMOTE_USER: ubuntu
2025-04-22T22:13:16.3536670Z   REMOTE_BACKUP_DIR: /tmp/actions_bak
2025-04-22T22:13:16.3537109Z   JAVA_HOME: /opt/hostedtoolcache/Java_Corretto_jdk/17.0.15-6.1/x64
2025-04-22T22:13:16.3537616Z   JAVA_HOME_17_X64: /opt/hostedtoolcache/Java_Corretto_jdk/17.0.15-6.1/x64
2025-04-22T22:13:16.3538303Z   PIPELINE_START_TIME: 1745359967
2025-04-22T22:13:16.3538628Z ##[endgroup]
2025-04-22T22:13:16.3645291Z ##[group]Run ssh -o StrictHostKeyChecking=no -i key.pem $REMOTE_USER@$REMOTE_HOST "vmstat -s | awk '{printf \"%.2f MB - %s\n\", \$1/1024, substr(\$0, index(\$0,\$2))}'" > resource_usage_after.log
2025-04-22T22:13:16.3646490Z [36;1mssh -o StrictHostKeyChecking=no -i key.pem $REMOTE_USER@$REMOTE_HOST "vmstat -s | awk '{printf \"%.2f MB - %s\n\", \$1/1024, substr(\$0, index(\$0,\$2))}'" > resource_usage_after.log[0m
2025-04-22T22:13:16.3647419Z [36;1mssh -o StrictHostKeyChecking=no -i key.pem $REMOTE_USER@$REMOTE_HOST "free -h" > mem_after.log[0m
2025-04-22T22:13:16.3690319Z shell: /usr/bin/bash -e {0}
2025-04-22T22:13:16.3690618Z env:
2025-04-22T22:13:16.3690862Z   REMOTE_HOST: 18.60.83.220
2025-04-22T22:13:16.3691146Z   REMOTE_USER: ubuntu
2025-04-22T22:13:16.3691433Z   REMOTE_BACKUP_DIR: /tmp/actions_bak
2025-04-22T22:13:16.3691860Z   JAVA_HOME: /opt/hostedtoolcache/Java_Corretto_jdk/17.0.15-6.1/x64
2025-04-22T22:13:16.3692425Z   JAVA_HOME_17_X64: /opt/hostedtoolcache/Java_Corretto_jdk/17.0.15-6.1/x64
2025-04-22T22:13:16.3692856Z   PIPELINE_START_TIME: 1745359967
2025-04-22T22:13:16.3693173Z   DEPLOY_END_TIME: 1745359996
2025-04-22T22:13:16.3693469Z ##[endgroup]
2025-04-22T22:13:21.1966806Z ##[group]Run source $GITHUB_ENV
2025-04-22T22:13:21.1967231Z [36;1msource $GITHUB_ENV[0m
2025-04-22T22:13:21.1967709Z [36;1mDEPLOY_DURATION=$(($DEPLOY_END_TIME - $DEPLOY_START_TIME))[0m
2025-04-22T22:13:21.1968690Z [36;1mPIPELINE_END_TIME=$(date +%s)[0m
2025-04-22T22:13:21.1969190Z [36;1mTOTAL_PIPELINE_TIME=$(($PIPELINE_END_TIME - $PIPELINE_START_TIME))[0m
2025-04-22T22:13:21.1969767Z [36;1mecho "DEPLOY_DURATION=$DEPLOY_DURATION" >> $GITHUB_ENV[0m
2025-04-22T22:13:21.1970317Z [36;1mecho "TOTAL_PIPELINE_TIME=$TOTAL_PIPELINE_TIME" >> $GITHUB_ENV[0m
2025-04-22T22:13:21.2017649Z shell: /usr/bin/bash -e {0}
2025-04-22T22:13:21.2017956Z env:
2025-04-22T22:13:21.2018512Z   REMOTE_HOST: 18.60.83.220
2025-04-22T22:13:21.2018814Z   REMOTE_USER: ubuntu
2025-04-22T22:13:21.2019115Z   REMOTE_BACKUP_DIR: /tmp/actions_bak
2025-04-22T22:13:21.2019561Z   JAVA_HOME: /opt/hostedtoolcache/Java_Corretto_jdk/17.0.15-6.1/x64
2025-04-22T22:13:21.2020139Z   JAVA_HOME_17_X64: /opt/hostedtoolcache/Java_Corretto_jdk/17.0.15-6.1/x64
2025-04-22T22:13:21.2020591Z   PIPELINE_START_TIME: 1745359967
2025-04-22T22:13:21.2020950Z   DEPLOY_END_TIME: 1745359996
2025-04-22T22:13:21.2021261Z ##[endgroup]
2025-04-22T22:13:21.2088637Z /home/runner/work/_temp/5340c850-43fa-4504-ab0c-d0176f767e53.sh: line 2: 1745359996 - : syntax error: operand expected (error token is "- ")
2025-04-22T22:13:21.2140652Z ##[group]Run echo $'The error is:\n '
2025-04-22T22:13:21.2141093Z [36;1mecho $'The error is:\n '[0m
2025-04-22T22:13:21.2141431Z [36;1mcat compile_error.log[0m
2025-04-22T22:13:21.2141736Z [36;1m[0m
2025-04-22T22:13:21.2142065Z [36;1mecho "Deployment failed! Initiating rollback..."[0m
2025-04-22T22:13:21.2142465Z [36;1mROLLBACK_START=$(date +%s)[0m
2025-04-22T22:13:21.2142785Z [36;1m[0m
2025-04-22T22:13:21.2143838Z [36;1mssh -o StrictHostKeyChecking=no -i key.pem $REMOTE_USER@$REMOTE_HOST "if [ -f /tmp/actions_bak/JobManagement_ACTIONS.war_bak ]; then sudo cp /tmp/actions_bak/JobManagement_ACTIONS.war_bak /opt/tomcat10/webapps/JobManagement_ACTIONS.war; else echo 'No backup available'; exit 1; fi"[0m
2025-04-22T22:13:21.2144915Z [36;1m[0m
2025-04-22T22:13:21.2145306Z [36;1mssh -o StrictHostKeyChecking=no -i key.pem $REMOTE_USER@$REMOTE_HOST <<EOF[0m
2025-04-22T22:13:21.2145885Z [36;1m  sudo rm -rf /opt/tomcat10/webapps/JobManagement_ACTIONS || true[0m
2025-04-22T22:13:21.2146316Z [36;1m  sleep 5[0m
2025-04-22T22:13:21.2146627Z [36;1m  sudo /opt/tomcat10/bin/shutdown.sh || true[0m
2025-04-22T22:13:21.2147059Z [36;1m  sudo /opt/tomcat10/bin/startup.sh[0m
2025-04-22T22:13:21.2147383Z [36;1m  exit[0m
2025-04-22T22:13:21.2147632Z [36;1mEOF[0m
2025-04-22T22:13:21.2147864Z [36;1m[0m
2025-04-22T22:13:21.2148483Z [36;1mROLLBACK_END=$(date +%s)[0m
2025-04-22T22:13:21.2148874Z [36;1mROLLBACK_DURATION=$((ROLLBACK_END - ROLLBACK_START))[0m
2025-04-22T22:13:21.2149346Z [36;1mecho "ROLLBACK_DURATION=$ROLLBACK_DURATION" >> $GITHUB_ENV[0m
2025-04-22T22:13:21.2191996Z shell: /usr/bin/bash -e {0}
2025-04-22T22:13:21.2192292Z env:
2025-04-22T22:13:21.2192546Z   REMOTE_HOST: 18.60.83.220
2025-04-22T22:13:21.2192842Z   REMOTE_USER: ubuntu
2025-04-22T22:13:21.2193144Z   REMOTE_BACKUP_DIR: /tmp/actions_bak
2025-04-22T22:13:21.2193579Z   JAVA_HOME: /opt/hostedtoolcache/Java_Corretto_jdk/17.0.15-6.1/x64
2025-04-22T22:13:21.2194111Z   JAVA_HOME_17_X64: /opt/hostedtoolcache/Java_Corretto_jdk/17.0.15-6.1/x64
2025-04-22T22:13:21.2194542Z   PIPELINE_START_TIME: 1745359967
2025-04-22T22:13:21.2194853Z   DEPLOY_END_TIME: 1745359996
2025-04-22T22:13:21.2195155Z   DEPLOY_DURATION: 
2025-04-22T22:13:21.2195428Z   TOTAL_PIPELINE_TIME: 34
2025-04-22T22:13:21.2195715Z ##[endgroup]
2025-04-22T22:13:21.2259916Z The error is:
2025-04-22T22:13:21.2260460Z  
2025-04-22T22:13:21.2270135Z src/main/java/metrics/EfficiencyIndexCalculator.java:1: error: ';' expected
2025-04-22T22:13:21.2270969Z package metrics
2025-04-22T22:13:21.2271470Z                ^
2025-04-22T22:13:21.2271966Z 1 error
2025-04-22T22:13:21.2272431Z Deployment failed! Initiating rollback...
2025-04-22T22:13:23.6692670Z Pseudo-terminal will not be allocated because stdin is not a terminal.
2025-04-22T22:13:26.0824548Z Welcome to Ubuntu 24.04.2 LTS (GNU/Linux 6.8.0-1027-aws x86_64)
2025-04-22T22:13:26.0825678Z 
2025-04-22T22:13:26.0825997Z  * Documentation:  https://help.ubuntu.com
2025-04-22T22:13:26.0826836Z  * Management:     https://landscape.canonical.com
2025-04-22T22:13:26.0827541Z  * Support:        https://ubuntu.com/pro
2025-04-22T22:13:26.0827916Z 
2025-04-22T22:13:26.0828480Z  System information as of Tue Apr 22 22:12:50 UTC 2025
2025-04-22T22:13:26.0828905Z 
2025-04-22T22:13:26.0829201Z   System load:  1.3               Temperature:           -273.1 C
2025-04-22T22:13:26.0829980Z   Usage of /:   67.8% of 6.71GB   Processes:             117
2025-04-22T22:13:26.0830665Z   Memory usage: 24%               Users logged in:       1
2025-04-22T22:13:26.0831372Z   Swap usage:   0%                IPv4 address for ens5: 172.31.20.166
2025-04-22T22:13:26.0831816Z 
2025-04-22T22:13:26.0832164Z  * Ubuntu Pro delivers the most comprehensive open source security and
2025-04-22T22:13:26.0832838Z    compliance features.
2025-04-22T22:13:26.0833121Z 
2025-04-22T22:13:26.0833336Z    https://ubuntu.com/aws/pro
2025-04-22T22:13:26.0833680Z 
2025-04-22T22:13:26.0834000Z Expanded Security Maintenance for Applications is not enabled.
2025-04-22T22:13:26.0834759Z 
2025-04-22T22:13:26.0834978Z 1 update can be applied immediately.
2025-04-22T22:13:26.0835598Z To see these additional updates run: apt list --upgradable
2025-04-22T22:13:26.0836046Z 
2025-04-22T22:13:26.0836343Z Enable ESM Apps to receive additional future security updates.
2025-04-22T22:13:26.0837102Z See https://ubuntu.com/esm or run: sudo pro status
2025-04-22T22:13:26.0837509Z 
2025-04-22T22:13:26.0837516Z 
2025-04-22T22:13:31.3389499Z sudo: /opt/tomcat10/bin/shutdown.sh: command not found
2025-04-22T22:13:31.3747544Z Tomcat started.
2025-04-22T22:13:31.3862611Z ##[group]Run echo "-------------------------------------------------"
2025-04-22T22:13:31.3863249Z [36;1mecho "-------------------------------------------------"[0m
2025-04-22T22:13:31.3863728Z [36;1mecho "              CI/CD Metrics Summary              "[0m
2025-04-22T22:13:31.3864231Z [36;1mecho "-------------------------------------------------"[0m
2025-04-22T22:13:31.3864716Z [36;1mecho "| Metric                             | Value          |"[0m
2025-04-22T22:13:31.3865201Z [36;1mecho "-------------------------------------------------"[0m
2025-04-22T22:13:31.3865754Z [36;1mecho "| Total Pipeline Time (sec)          | $TOTAL_PIPELINE_TIME          |"[0m
2025-04-22T22:13:31.3866450Z [36;1m# If deployment succeeded, DEPLOY_DURATION is set; if not, ROLLBACK_DURATION is used.[0m
2025-04-22T22:13:31.3867041Z [36;1mif [ -n "$DEPLOY_DURATION" ]; then[0m
2025-04-22T22:13:31.3867595Z [36;1m  echo "| Deployment Time (sec)              | $DEPLOY_DURATION          |"[0m
2025-04-22T22:13:31.3868261Z [36;1melse[0m
2025-04-22T22:13:31.3868697Z [36;1m  echo "| Rollback Deployment Time (sec)     | $ROLLBACK_DURATION          |"[0m
2025-04-22T22:13:31.3869198Z [36;1mfi[0m
2025-04-22T22:13:31.3869593Z [36;1mecho "| Lead Time for Changes (sec)        | $LEAD_TIME          |"[0m
2025-04-22T22:13:31.3870103Z [36;1mif [ -f test_results.log ]; then[0m
2025-04-22T22:13:31.3870592Z [36;1m  TEST_SUMMARY=$(grep -i "tests found" test_results.log | head -n 1)[0m
2025-04-22T22:13:31.3871078Z [36;1melse[0m
2025-04-22T22:13:31.3871369Z [36;1m  TEST_SUMMARY="N/A"[0m
2025-04-22T22:13:31.3871694Z [36;1mfi[0m
2025-04-22T22:13:31.3872168Z [36;1m# ─── Cost Calculation & Echo ──────────────────────────────────────────────[0m
2025-04-22T22:13:31.3872823Z [36;1m# GitHub Actions hosted runner = $0.008 per minute = $0.0001333 per sec[0m
2025-04-22T22:13:31.3873449Z [36;1mCOST=$(awk "BEGIN { printf \"%.4f\", $TOTAL_PIPELINE_TIME * 0.008/60 }")[0m
2025-04-22T22:13:31.3874023Z [36;1mecho "| Cost (USD)                         | $COST              |"[0m
2025-04-22T22:13:31.3874588Z [36;1m# ─────────────────────────────────────────────────────────────────────────────[0m
2025-04-22T22:13:31.3875172Z [36;1mecho "| Test Summary                       | $TEST_SUMMARY          |"[0m
2025-04-22T22:13:31.3875846Z [36;1m[0m
2025-04-22T22:13:31.3876216Z [36;1mecho "-------------------------------------------------"[0m
2025-04-22T22:13:31.3876670Z [36;1mecho "Memory Usage BEFORE:"[0m
2025-04-22T22:13:31.3877047Z [36;1mcat mem_before.log[0m
2025-04-22T22:13:31.3877398Z [36;1mecho "-------------------------------------------------"[0m
2025-04-22T22:13:31.3877781Z [36;1mecho "Memory Usage AFTER:"[0m
2025-04-22T22:13:31.3878310Z [36;1mcat mem_after.log[0m
2025-04-22T22:13:31.3878654Z [36;1mecho "-------------------------------------------------"[0m
2025-04-22T22:13:31.3879048Z [36;1mecho "Resource Usage BEFORE (vmstat):"[0m
2025-04-22T22:13:31.3879427Z [36;1mcat resource_usage_before.log[0m
2025-04-22T22:13:31.3879812Z [36;1mecho "-------------------------------------------------"[0m
2025-04-22T22:13:31.3880212Z [36;1mecho "Resource Usage AFTER (vmstat):"[0m
2025-04-22T22:13:31.3880562Z [36;1mcat resource_usage_after.log[0m
2025-04-22T22:13:31.3880940Z [36;1mecho "-------------------------------------------------"[0m
2025-04-22T22:13:31.3929375Z shell: /usr/bin/bash -e {0}
2025-04-22T22:13:31.3929710Z env:
2025-04-22T22:13:31.3929988Z   REMOTE_HOST: 18.60.83.220
2025-04-22T22:13:31.3930304Z   REMOTE_USER: ubuntu
2025-04-22T22:13:31.3930630Z   REMOTE_BACKUP_DIR: /tmp/actions_bak
2025-04-22T22:13:31.3931099Z   JAVA_HOME: /opt/hostedtoolcache/Java_Corretto_jdk/17.0.15-6.1/x64
2025-04-22T22:13:31.3931683Z   JAVA_HOME_17_X64: /opt/hostedtoolcache/Java_Corretto_jdk/17.0.15-6.1/x64
2025-04-22T22:13:31.3932166Z   PIPELINE_START_TIME: 1745359967
2025-04-22T22:13:31.3932524Z   DEPLOY_END_TIME: 1745359996
2025-04-22T22:13:31.3932849Z   DEPLOY_DURATION: 
2025-04-22T22:13:31.3933336Z   TOTAL_PIPELINE_TIME: 34
2025-04-22T22:13:31.3933664Z   ROLLBACK_DURATION: 10
2025-04-22T22:13:31.3933972Z ##[endgroup]
2025-04-22T22:13:31.4007322Z -------------------------------------------------
2025-04-22T22:13:31.4008318Z               CI/CD Metrics Summary              
2025-04-22T22:13:31.4009005Z -------------------------------------------------
2025-04-22T22:13:31.4009675Z | Metric                             | Value          |
2025-04-22T22:13:31.4010342Z -------------------------------------------------
2025-04-22T22:13:31.4011028Z | Total Pipeline Time (sec)          | 34          |
2025-04-22T22:13:31.4011773Z | Rollback Deployment Time (sec)     | 10          |
2025-04-22T22:13:31.4012467Z | Lead Time for Changes (sec)        |           |
2025-04-22T22:13:31.4033636Z | Cost (USD)                         | 0.0045              |
2025-04-22T22:13:31.4034321Z | Test Summary                       | N/A          |
2025-04-22T22:13:31.4034965Z -------------------------------------------------
2025-04-22T22:13:31.4035556Z Memory Usage BEFORE:
2025-04-22T22:13:31.4044554Z cat: mem_before.log: No such file or directory
2025-04-22T22:13:31.4050360Z ##[error]Process completed with exit code 1.
2025-04-22T22:13:31.4129413Z Post job cleanup.
2025-04-22T22:13:31.5944716Z Post job cleanup.
2025-04-22T22:13:31.6684583Z [command]/usr/bin/git version
2025-04-22T22:13:31.6721996Z git version 2.49.0
2025-04-22T22:13:31.6766849Z Temporarily overriding HOME='/home/runner/work/_temp/9a46d081-5bb1-4ac9-8d77-7b0aca8b7319' before making global git config changes
2025-04-22T22:13:31.6768526Z Adding repository directory to the temporary git global config as a safe directory
2025-04-22T22:13:31.6772312Z [command]/usr/bin/git config --global --add safe.directory /home/runner/work/JobManagement/JobManagement
2025-04-22T22:13:31.6805520Z [command]/usr/bin/git config --local --name-only --get-regexp core\.sshCommand
2025-04-22T22:13:31.6834696Z [command]/usr/bin/git submodule foreach --recursive sh -c "git config --local --name-only --get-regexp 'core\.sshCommand' && git config --local --unset-all 'core.sshCommand' || :"
2025-04-22T22:13:31.7061979Z [command]/usr/bin/git config --local --name-only --get-regexp http\.https\:\/\/github\.com\/\.extraheader
2025-04-22T22:13:31.7082518Z http.https://github.com/.extraheader
2025-04-22T22:13:31.7093678Z [command]/usr/bin/git config --local --unset-all http.https://github.com/.extraheader
2025-04-22T22:13:31.7122227Z [command]/usr/bin/git submodule foreach --recursive sh -c "git config --local --name-only --get-regexp 'http\.https\:\/\/github\.com\/\.extraheader' && git config --local --unset-all 'http.https://github.com/.extraheader' || :"
2025-04-22T22:13:31.7461684Z Cleaning up orphan processes
