2025-04-23T13:30:37.6523973Z Current runner version: '2.323.0'
2025-04-23T13:30:37.6554163Z ##[group]Operating System
2025-04-23T13:30:37.6555318Z Ubuntu
2025-04-23T13:30:37.6556064Z 24.04.2
2025-04-23T13:30:37.6556937Z LTS
2025-04-23T13:30:37.6557683Z ##[endgroup]
2025-04-23T13:30:37.6558897Z ##[group]Runner Image
2025-04-23T13:30:37.6559838Z Image: ubuntu-24.04
2025-04-23T13:30:37.6560702Z Version: 20250420.1.0
2025-04-23T13:30:37.6562134Z Included Software: https://github.com/actions/runner-images/blob/ubuntu24/20250420.1/images/ubuntu/Ubuntu2404-Readme.md
2025-04-23T13:30:37.6563877Z Image Release: https://github.com/actions/runner-images/releases/tag/ubuntu24%2F20250420.1
2025-04-23T13:30:37.6565257Z ##[endgroup]
2025-04-23T13:30:37.6566110Z ##[group]Runner Image Provisioner
2025-04-23T13:30:37.6566996Z 2.0.422.1
2025-04-23T13:30:37.6567764Z ##[endgroup]
2025-04-23T13:30:37.6569470Z ##[group]GITHUB_TOKEN Permissions
2025-04-23T13:30:37.6571883Z Contents: read
2025-04-23T13:30:37.6572809Z Metadata: read
2025-04-23T13:30:37.6573884Z Packages: read
2025-04-23T13:30:37.6574756Z ##[endgroup]
2025-04-23T13:30:37.6577534Z Secret source: Actions
2025-04-23T13:30:37.6578923Z Prepare workflow directory
2025-04-23T13:30:37.6980301Z Prepare all required actions
2025-04-23T13:30:37.7017976Z Getting action download info
2025-04-23T13:30:38.1337882Z ##[group]Download immutable action package 'actions/checkout@v3'
2025-04-23T13:30:38.1339725Z Version: 3.6.0
2025-04-23T13:30:38.1341038Z Digest: sha256:942562b9c7d4b1f2557f1da21f4d3eb4eb4fd01f2ad78b2a6e187d1b193e0a0f
2025-04-23T13:30:38.1342770Z Source commit SHA: f43a0e5ff2bd294095638e18286ca9a3d1956744
2025-04-23T13:30:38.1343829Z ##[endgroup]
2025-04-23T13:30:38.2308328Z ##[group]Download immutable action package 'actions/setup-java@v3'
2025-04-23T13:30:38.2309611Z Version: 3.14.1
2025-04-23T13:30:38.2310478Z Digest: sha256:0f5994bd85f236d7525048fec5b0b7b3ec7474ec50184c8f78a320717cfb3d51
2025-04-23T13:30:38.2311573Z Source commit SHA: 17f84c3641ba7b8f6deff6309fc4c864478f5d62
2025-04-23T13:30:38.2312398Z ##[endgroup]
2025-04-23T13:30:38.5577953Z Complete job name: build-and-deploy
2025-04-23T13:30:38.6336975Z ##[group]Run actions/checkout@v3
2025-04-23T13:30:38.6338238Z with:
2025-04-23T13:30:38.6339169Z   repository: sai-pranay-teja/JobManagement
2025-04-23T13:30:38.6340132Z   token: ***
2025-04-23T13:30:38.6340710Z   ssh-strict: true
2025-04-23T13:30:38.6341317Z   persist-credentials: true
2025-04-23T13:30:38.6341952Z   clean: true
2025-04-23T13:30:38.6342547Z   sparse-checkout-cone-mode: true
2025-04-23T13:30:38.6343226Z   fetch-depth: 1
2025-04-23T13:30:38.6343814Z   fetch-tags: false
2025-04-23T13:30:38.6344379Z   lfs: false
2025-04-23T13:30:38.6344941Z   submodules: false
2025-04-23T13:30:38.6345534Z   set-safe-directory: true
2025-04-23T13:30:38.6346545Z env:
2025-04-23T13:30:38.6347118Z   REMOTE_HOST: 18.60.149.136
2025-04-23T13:30:38.6347765Z   REMOTE_USER: ubuntu
2025-04-23T13:30:38.6348819Z   REMOTE_BACKUP_DIR: /tmp/actions_bak
2025-04-23T13:30:38.6349594Z ##[endgroup]
2025-04-23T13:30:38.7918754Z Syncing repository: sai-pranay-teja/JobManagement
2025-04-23T13:30:38.7921105Z ##[group]Getting Git version info
2025-04-23T13:30:38.7922106Z Working directory is '/home/runner/work/JobManagement/JobManagement'
2025-04-23T13:30:38.7923437Z [command]/usr/bin/git version
2025-04-23T13:30:38.7968828Z git version 2.49.0
2025-04-23T13:30:38.7998976Z ##[endgroup]
2025-04-23T13:30:38.8015667Z Temporarily overriding HOME='/home/runner/work/_temp/9d3ee363-c337-4131-a2b4-d6f77974d946' before making global git config changes
2025-04-23T13:30:38.8017281Z Adding repository directory to the temporary git global config as a safe directory
2025-04-23T13:30:38.8019654Z [command]/usr/bin/git config --global --add safe.directory /home/runner/work/JobManagement/JobManagement
2025-04-23T13:30:38.8053837Z Deleting the contents of '/home/runner/work/JobManagement/JobManagement'
2025-04-23T13:30:38.8057319Z ##[group]Initializing the repository
2025-04-23T13:30:38.8060676Z [command]/usr/bin/git init /home/runner/work/JobManagement/JobManagement
2025-04-23T13:30:38.8121914Z hint: Using 'master' as the name for the initial branch. This default branch name
2025-04-23T13:30:38.8123653Z hint: is subject to change. To configure the initial branch name to use in all
2025-04-23T13:30:38.8125431Z hint: of your new repositories, which will suppress this warning, call:
2025-04-23T13:30:38.8127248Z hint:
2025-04-23T13:30:38.8128326Z hint: 	git config --global init.defaultBranch <name>
2025-04-23T13:30:38.8129665Z hint:
2025-04-23T13:30:38.8130443Z hint: Names commonly chosen instead of 'master' are 'main', 'trunk' and
2025-04-23T13:30:38.8131572Z hint: 'development'. The just-created branch can be renamed via this command:
2025-04-23T13:30:38.8132496Z hint:
2025-04-23T13:30:38.8133057Z hint: 	git branch -m <name>
2025-04-23T13:30:38.8134549Z Initialized empty Git repository in /home/runner/work/JobManagement/JobManagement/.git/
2025-04-23T13:30:38.8138207Z [command]/usr/bin/git remote add origin https://github.com/sai-pranay-teja/JobManagement
2025-04-23T13:30:38.8170731Z ##[endgroup]
2025-04-23T13:30:38.8171765Z ##[group]Disabling automatic garbage collection
2025-04-23T13:30:38.8173307Z [command]/usr/bin/git config --local gc.auto 0
2025-04-23T13:30:38.8200345Z ##[endgroup]
2025-04-23T13:30:38.8201280Z ##[group]Setting up auth
2025-04-23T13:30:38.8205557Z [command]/usr/bin/git config --local --name-only --get-regexp core\.sshCommand
2025-04-23T13:30:38.8232444Z [command]/usr/bin/git submodule foreach --recursive sh -c "git config --local --name-only --get-regexp 'core\.sshCommand' && git config --local --unset-all 'core.sshCommand' || :"
2025-04-23T13:30:38.8506578Z [command]/usr/bin/git config --local --name-only --get-regexp http\.https\:\/\/github\.com\/\.extraheader
2025-04-23T13:30:38.8534102Z [command]/usr/bin/git submodule foreach --recursive sh -c "git config --local --name-only --get-regexp 'http\.https\:\/\/github\.com\/\.extraheader' && git config --local --unset-all 'http.https://github.com/.extraheader' || :"
2025-04-23T13:30:38.8759278Z [command]/usr/bin/git config --local http.https://github.com/.extraheader AUTHORIZATION: basic ***
2025-04-23T13:30:38.8816909Z ##[endgroup]
2025-04-23T13:30:38.8818295Z ##[group]Fetching the repository
2025-04-23T13:30:38.8827524Z [command]/usr/bin/git -c protocol.version=2 fetch --no-tags --prune --progress --no-recurse-submodules --depth=1 origin +c8808acb352e3d068752a14b3819a6a289d37205:refs/remotes/origin/main
2025-04-23T13:30:39.1098233Z remote: Enumerating objects: 97, done.        
2025-04-23T13:30:39.1100340Z remote: Counting objects:   1% (1/97)        
2025-04-23T13:30:39.1101629Z remote: Counting objects:   2% (2/97)        
2025-04-23T13:30:39.1102511Z remote: Counting objects:   3% (3/97)        
2025-04-23T13:30:39.1103364Z remote: Counting objects:   4% (4/97)        
2025-04-23T13:30:39.1104211Z remote: Counting objects:   5% (5/97)        
2025-04-23T13:30:39.1105049Z remote: Counting objects:   6% (6/97)        
2025-04-23T13:30:39.1105920Z remote: Counting objects:   7% (7/97)        
2025-04-23T13:30:39.1106810Z remote: Counting objects:   8% (8/97)        
2025-04-23T13:30:39.1107676Z remote: Counting objects:   9% (9/97)        
2025-04-23T13:30:39.1108817Z remote: Counting objects:  10% (10/97)        
2025-04-23T13:30:39.1109697Z remote: Counting objects:  11% (11/97)        
2025-04-23T13:30:39.1110558Z remote: Counting objects:  12% (12/97)        
2025-04-23T13:30:39.1111428Z remote: Counting objects:  13% (13/97)        
2025-04-23T13:30:39.1112356Z remote: Counting objects:  14% (14/97)        
2025-04-23T13:30:39.1113318Z remote: Counting objects:  15% (15/97)        
2025-04-23T13:30:39.1114170Z remote: Counting objects:  16% (16/97)        
2025-04-23T13:30:39.1115012Z remote: Counting objects:  17% (17/97)        
2025-04-23T13:30:39.1115853Z remote: Counting objects:  18% (18/97)        
2025-04-23T13:30:39.1116713Z remote: Counting objects:  19% (19/97)        
2025-04-23T13:30:39.1117554Z remote: Counting objects:  20% (20/97)        
2025-04-23T13:30:39.1118398Z remote: Counting objects:  21% (21/97)        
2025-04-23T13:30:39.1119793Z remote: Counting objects:  22% (22/97)        
2025-04-23T13:30:39.1120655Z remote: Counting objects:  23% (23/97)        
2025-04-23T13:30:39.1121511Z remote: Counting objects:  24% (24/97)        
2025-04-23T13:30:39.1122342Z remote: Counting objects:  25% (25/97)        
2025-04-23T13:30:39.1123218Z remote: Counting objects:  26% (26/97)        
2025-04-23T13:30:39.1124070Z remote: Counting objects:  27% (27/97)        
2025-04-23T13:30:39.1124923Z remote: Counting objects:  28% (28/97)        
2025-04-23T13:30:39.1125871Z remote: Counting objects:  29% (29/97)        
2025-04-23T13:30:39.1126820Z remote: Counting objects:  30% (30/97)        
2025-04-23T13:30:39.1127672Z remote: Counting objects:  31% (31/97)        
2025-04-23T13:30:39.1128631Z remote: Counting objects:  32% (32/97)        
2025-04-23T13:30:39.1129487Z remote: Counting objects:  34% (33/97)        
2025-04-23T13:30:39.1130334Z remote: Counting objects:  35% (34/97)        
2025-04-23T13:30:39.1131195Z remote: Counting objects:  36% (35/97)        
2025-04-23T13:30:39.1132046Z remote: Counting objects:  37% (36/97)        
2025-04-23T13:30:39.1132897Z remote: Counting objects:  38% (37/97)        
2025-04-23T13:30:39.1133731Z remote: Counting objects:  39% (38/97)        
2025-04-23T13:30:39.1134582Z remote: Counting objects:  40% (39/97)        
2025-04-23T13:30:39.1135442Z remote: Counting objects:  41% (40/97)        
2025-04-23T13:30:39.1136288Z remote: Counting objects:  42% (41/97)        
2025-04-23T13:30:39.1137132Z remote: Counting objects:  43% (42/97)        
2025-04-23T13:30:39.1137969Z remote: Counting objects:  44% (43/97)        
2025-04-23T13:30:39.1139058Z remote: Counting objects:  45% (44/97)        
2025-04-23T13:30:39.1139918Z remote: Counting objects:  46% (45/97)        
2025-04-23T13:30:39.1140760Z remote: Counting objects:  47% (46/97)        
2025-04-23T13:30:39.1141611Z remote: Counting objects:  48% (47/97)        
2025-04-23T13:30:39.1142464Z remote: Counting objects:  49% (48/97)        
2025-04-23T13:30:39.1143517Z remote: Counting objects:  50% (49/97)        
2025-04-23T13:30:39.1144396Z remote: Counting objects:  51% (50/97)        
2025-04-23T13:30:39.1145393Z remote: Counting objects:  52% (51/97)        
2025-04-23T13:30:39.1146746Z remote: Counting objects:  53% (52/97)        
2025-04-23T13:30:39.1148210Z remote: Counting objects:  54% (53/97)        
2025-04-23T13:30:39.1149912Z remote: Counting objects:  55% (54/97)        
2025-04-23T13:30:39.1151092Z remote: Counting objects:  56% (55/97)        
2025-04-23T13:30:39.1152195Z remote: Counting objects:  57% (56/97)        
2025-04-23T13:30:39.1153377Z remote: Counting objects:  58% (57/97)        
2025-04-23T13:30:39.1154518Z remote: Counting objects:  59% (58/97)        
2025-04-23T13:30:39.1155384Z remote: Counting objects:  60% (59/97)        
2025-04-23T13:30:39.1156232Z remote: Counting objects:  61% (60/97)        
2025-04-23T13:30:39.1157071Z remote: Counting objects:  62% (61/97)        
2025-04-23T13:30:39.1157963Z remote: Counting objects:  63% (62/97)        
2025-04-23T13:30:39.1159743Z remote: Counting objects:  64% (63/97)        
2025-04-23T13:30:39.1160886Z remote: Counting objects:  65% (64/97)        
2025-04-23T13:30:39.1161943Z remote: Counting objects:  67% (65/97)        
2025-04-23T13:30:39.1162811Z remote: Counting objects:  68% (66/97)        
2025-04-23T13:30:39.1163775Z remote: Counting objects:  69% (67/97)        
2025-04-23T13:30:39.1164925Z remote: Counting objects:  70% (68/97)        
2025-04-23T13:30:39.1165787Z remote: Counting objects:  71% (69/97)        
2025-04-23T13:30:39.1166800Z remote: Counting objects:  72% (70/97)        
2025-04-23T13:30:39.1167853Z remote: Counting objects:  73% (71/97)        
2025-04-23T13:30:39.1168861Z remote: Counting objects:  74% (72/97)        
2025-04-23T13:30:39.1169737Z remote: Counting objects:  75% (73/97)        
2025-04-23T13:30:39.1170985Z remote: Counting objects:  76% (74/97)        
2025-04-23T13:30:39.1171868Z remote: Counting objects:  77% (75/97)        
2025-04-23T13:30:39.1172972Z remote: Counting objects:  78% (76/97)        
2025-04-23T13:30:39.1173815Z remote: Counting objects:  79% (77/97)        
2025-04-23T13:30:39.1174736Z remote: Counting objects:  80% (78/97)        
2025-04-23T13:30:39.1175929Z remote: Counting objects:  81% (79/97)        
2025-04-23T13:30:39.1176793Z remote: Counting objects:  82% (80/97)        
2025-04-23T13:30:39.1177635Z remote: Counting objects:  83% (81/97)        
2025-04-23T13:30:39.1178611Z remote: Counting objects:  84% (82/97)        
2025-04-23T13:30:39.1179461Z remote: Counting objects:  85% (83/97)        
2025-04-23T13:30:39.1180300Z remote: Counting objects:  86% (84/97)        
2025-04-23T13:30:39.1181134Z remote: Counting objects:  87% (85/97)        
2025-04-23T13:30:39.1181968Z remote: Counting objects:  88% (86/97)        
2025-04-23T13:30:39.1182797Z remote: Counting objects:  89% (87/97)        
2025-04-23T13:30:39.1183615Z remote: Counting objects:  90% (88/97)        
2025-04-23T13:30:39.1184459Z remote: Counting objects:  91% (89/97)        
2025-04-23T13:30:39.1185518Z remote: Counting objects:  92% (90/97)        
2025-04-23T13:30:39.1186611Z remote: Counting objects:  93% (91/97)        
2025-04-23T13:30:39.1187508Z remote: Counting objects:  94% (92/97)        
2025-04-23T13:30:39.1188352Z remote: Counting objects:  95% (93/97)        
2025-04-23T13:30:39.1189316Z remote: Counting objects:  96% (94/97)        
2025-04-23T13:30:39.1190161Z remote: Counting objects:  97% (95/97)        
2025-04-23T13:30:39.1190981Z remote: Counting objects:  98% (96/97)        
2025-04-23T13:30:39.1191806Z remote: Counting objects: 100% (97/97)        
2025-04-23T13:30:39.1192670Z remote: Counting objects: 100% (97/97), done.        
2025-04-23T13:30:39.1193571Z remote: Compressing objects:   1% (1/82)        
2025-04-23T13:30:39.1194601Z remote: Compressing objects:   2% (2/82)        
2025-04-23T13:30:39.1195922Z remote: Compressing objects:   3% (3/82)        
2025-04-23T13:30:39.1196885Z remote: Compressing objects:   4% (4/82)        
2025-04-23T13:30:39.1197941Z remote: Compressing objects:   6% (5/82)        
2025-04-23T13:30:39.1198960Z remote: Compressing objects:   7% (6/82)        
2025-04-23T13:30:39.1199840Z remote: Compressing objects:   8% (7/82)        
2025-04-23T13:30:39.1200698Z remote: Compressing objects:   9% (8/82)        
2025-04-23T13:30:39.1201547Z remote: Compressing objects:  10% (9/82)        
2025-04-23T13:30:39.1202406Z remote: Compressing objects:  12% (10/82)        
2025-04-23T13:30:39.1203279Z remote: Compressing objects:  13% (11/82)        
2025-04-23T13:30:39.1204144Z remote: Compressing objects:  14% (12/82)        
2025-04-23T13:30:39.1205017Z remote: Compressing objects:  15% (13/82)        
2025-04-23T13:30:39.1205882Z remote: Compressing objects:  17% (14/82)        
2025-04-23T13:30:39.1206747Z remote: Compressing objects:  18% (15/82)        
2025-04-23T13:30:39.1207596Z remote: Compressing objects:  19% (16/82)        
2025-04-23T13:30:39.1208564Z remote: Compressing objects:  20% (17/82)        
2025-04-23T13:30:39.1209436Z remote: Compressing objects:  21% (18/82)        
2025-04-23T13:30:39.1210313Z remote: Compressing objects:  23% (19/82)        
2025-04-23T13:30:39.1211683Z remote: Compressing objects:  24% (20/82)        
2025-04-23T13:30:39.1212597Z remote: Compressing objects:  25% (21/82)        
2025-04-23T13:30:39.1213480Z remote: Compressing objects:  26% (22/82)        
2025-04-23T13:30:39.1214343Z remote: Compressing objects:  28% (23/82)        
2025-04-23T13:30:39.1215214Z remote: Compressing objects:  29% (24/82)        
2025-04-23T13:30:39.1216075Z remote: Compressing objects:  30% (25/82)        
2025-04-23T13:30:39.1216940Z remote: Compressing objects:  31% (26/82)        
2025-04-23T13:30:39.1217795Z remote: Compressing objects:  32% (27/82)        
2025-04-23T13:30:39.1218782Z remote: Compressing objects:  34% (28/82)        
2025-04-23T13:30:39.1219666Z remote: Compressing objects:  35% (29/82)        
2025-04-23T13:30:39.1220791Z remote: Compressing objects:  36% (30/82)        
2025-04-23T13:30:39.1221664Z remote: Compressing objects:  37% (31/82)        
2025-04-23T13:30:39.1222528Z remote: Compressing objects:  39% (32/82)        
2025-04-23T13:30:39.1223386Z remote: Compressing objects:  40% (33/82)        
2025-04-23T13:30:39.1224245Z remote: Compressing objects:  41% (34/82)        
2025-04-23T13:30:39.1225175Z remote: Compressing objects:  42% (35/82)        
2025-04-23T13:30:39.1226036Z remote: Compressing objects:  43% (36/82)        
2025-04-23T13:30:39.1226895Z remote: Compressing objects:  45% (37/82)        
2025-04-23T13:30:39.1232510Z remote: Compressing objects:  46% (38/82)        
2025-04-23T13:30:39.1245355Z remote: Compressing objects:  47% (39/82)        
2025-04-23T13:30:39.1252717Z remote: Compressing objects:  48% (40/82)        
2025-04-23T13:30:39.1267038Z remote: Compressing objects:  50% (41/82)        
2025-04-23T13:30:39.1298670Z remote: Compressing objects:  51% (42/82)        
2025-04-23T13:30:39.1299927Z remote: Compressing objects:  52% (43/82)        
2025-04-23T13:30:39.1300825Z remote: Compressing objects:  53% (44/82)        
2025-04-23T13:30:39.1301703Z remote: Compressing objects:  54% (45/82)        
2025-04-23T13:30:39.1302831Z remote: Compressing objects:  56% (46/82)        
2025-04-23T13:30:39.1303725Z remote: Compressing objects:  57% (47/82)        
2025-04-23T13:30:39.1304654Z remote: Compressing objects:  58% (48/82)        
2025-04-23T13:30:39.1305533Z remote: Compressing objects:  59% (49/82)        
2025-04-23T13:30:39.1306407Z remote: Compressing objects:  60% (50/82)        
2025-04-23T13:30:39.1307271Z remote: Compressing objects:  62% (51/82)        
2025-04-23T13:30:39.1308144Z remote: Compressing objects:  63% (52/82)        
2025-04-23T13:30:39.1309442Z remote: Compressing objects:  64% (53/82)        
2025-04-23T13:30:39.1310538Z remote: Compressing objects:  65% (54/82)        
2025-04-23T13:30:39.1311415Z remote: Compressing objects:  67% (55/82)        
2025-04-23T13:30:39.1312305Z remote: Compressing objects:  68% (56/82)        
2025-04-23T13:30:39.1313427Z remote: Compressing objects:  69% (57/82)        
2025-04-23T13:30:39.1314354Z remote: Compressing objects:  70% (58/82)        
2025-04-23T13:30:39.1315218Z remote: Compressing objects:  71% (59/82)        
2025-04-23T13:30:39.1316067Z remote: Compressing objects:  73% (60/82)        
2025-04-23T13:30:39.1316918Z remote: Compressing objects:  74% (61/82)        
2025-04-23T13:30:39.1317765Z remote: Compressing objects:  75% (62/82)        
2025-04-23T13:30:39.1318846Z remote: Compressing objects:  76% (63/82)        
2025-04-23T13:30:39.1319728Z remote: Compressing objects:  78% (64/82)        
2025-04-23T13:30:39.1320587Z remote: Compressing objects:  79% (65/82)        
2025-04-23T13:30:39.1321440Z remote: Compressing objects:  80% (66/82)        
2025-04-23T13:30:39.1322287Z remote: Compressing objects:  81% (67/82)        
2025-04-23T13:30:39.1323155Z remote: Compressing objects:  82% (68/82)        
2025-04-23T13:30:39.1324009Z remote: Compressing objects:  84% (69/82)        
2025-04-23T13:30:39.1324861Z remote: Compressing objects:  85% (70/82)        
2025-04-23T13:30:39.1325696Z remote: Compressing objects:  86% (71/82)        
2025-04-23T13:30:39.1326541Z remote: Compressing objects:  87% (72/82)        
2025-04-23T13:30:39.1327404Z remote: Compressing objects:  89% (73/82)        
2025-04-23T13:30:39.1328248Z remote: Compressing objects:  90% (74/82)        
2025-04-23T13:30:39.1329285Z remote: Compressing objects:  91% (75/82)        
2025-04-23T13:30:39.1330280Z remote: Compressing objects:  92% (76/82)        
2025-04-23T13:30:39.1331158Z remote: Compressing objects:  93% (77/82)        
2025-04-23T13:30:39.1332031Z remote: Compressing objects:  95% (78/82)        
2025-04-23T13:30:39.1332891Z remote: Compressing objects:  96% (79/82)        
2025-04-23T13:30:39.1333747Z remote: Compressing objects:  97% (80/82)        
2025-04-23T13:30:39.1334602Z remote: Compressing objects:  98% (81/82)        
2025-04-23T13:30:39.1335627Z remote: Compressing objects: 100% (82/82)        
2025-04-23T13:30:39.1336587Z remote: Compressing objects: 100% (82/82), done.        
2025-04-23T13:30:39.5998710Z remote: Total 97 (delta 24), reused 53 (delta 9), pack-reused 0 (from 0)        
2025-04-23T13:30:39.6846291Z From https://github.com/sai-pranay-teja/JobManagement
2025-04-23T13:30:39.6847932Z  * [new ref]         c8808acb352e3d068752a14b3819a6a289d37205 -> origin/main
2025-04-23T13:30:39.6873675Z ##[endgroup]
2025-04-23T13:30:39.6875688Z ##[group]Determining the checkout info
2025-04-23T13:30:39.6877582Z ##[endgroup]
2025-04-23T13:30:39.6879640Z ##[group]Checking out the ref
2025-04-23T13:30:39.6881568Z [command]/usr/bin/git checkout --progress --force -B main refs/remotes/origin/main
2025-04-23T13:30:39.7413457Z Switched to a new branch 'main'
2025-04-23T13:30:39.7415657Z branch 'main' set up to track 'origin/main'.
2025-04-23T13:30:39.7424420Z ##[endgroup]
2025-04-23T13:30:39.7459050Z [command]/usr/bin/git log -1 --format='%H'
2025-04-23T13:30:39.7480935Z 'c8808acb352e3d068752a14b3819a6a289d37205'
2025-04-23T13:30:39.7834514Z ##[group]Run actions/setup-java@v3
2025-04-23T13:30:39.7836078Z with:
2025-04-23T13:30:39.7837263Z   java-version: 17
2025-04-23T13:30:39.7838677Z   distribution: corretto
2025-04-23T13:30:39.7840034Z   java-package: jdk
2025-04-23T13:30:39.7841304Z   check-latest: false
2025-04-23T13:30:39.7842609Z   server-id: github
2025-04-23T13:30:39.7843901Z   server-username: GITHUB_ACTOR
2025-04-23T13:30:39.7845367Z   server-password: GITHUB_TOKEN
2025-04-23T13:30:39.7846839Z   overwrite-settings: true
2025-04-23T13:30:39.7848211Z   job-status: success
2025-04-23T13:30:39.7850091Z   token: ***
2025-04-23T13:30:39.7851288Z env:
2025-04-23T13:30:39.7852466Z   REMOTE_HOST: 18.60.149.136
2025-04-23T13:30:39.7853870Z   REMOTE_USER: ubuntu
2025-04-23T13:30:39.7855232Z   REMOTE_BACKUP_DIR: /tmp/actions_bak
2025-04-23T13:30:39.7856773Z ##[endgroup]
2025-04-23T13:30:39.9878022Z ##[group]Installed distributions
2025-04-23T13:30:39.9901764Z Trying to resolve the latest version from remote
2025-04-23T13:30:40.0675997Z Resolved latest version as 17.0.15+6.1
2025-04-23T13:30:40.0702849Z Trying to download...
2025-04-23T13:30:40.0704230Z Downloading Java 17.0.15+6.1 (Corretto) from https://corretto.aws/downloads/resources/17.0.15.6.1/amazon-corretto-17.0.15.6.1-linux-x64.tar.gz ...
2025-04-23T13:30:41.2050349Z Extracting Java archive...
2025-04-23T13:30:41.2158075Z [command]/usr/bin/tar xz --warning=no-unknown-keyword -C /home/runner/work/_temp/79472068-137c-4cea-b8c4-df39e7b642c1 -f /home/runner/work/_temp/467de275-2675-490b-a818-36dd625e88e2
2025-04-23T13:30:43.7765884Z Java 17.0.15+6.1 was downloaded
2025-04-23T13:30:43.7766442Z Setting Java 17.0.15+6.1 as the default
2025-04-23T13:30:43.7775485Z Creating toolchains.xml for JDK version 17 from corretto
2025-04-23T13:30:43.7853042Z Writing to /home/runner/.m2/toolchains.xml
2025-04-23T13:30:43.7853678Z 
2025-04-23T13:30:43.7853898Z Java configuration:
2025-04-23T13:30:43.7854455Z   Distribution: corretto
2025-04-23T13:30:43.7854992Z   Version: 17.0.15+6.1
2025-04-23T13:30:43.7855646Z   Path: /opt/hostedtoolcache/Java_Corretto_jdk/17.0.15-6.1/x64
2025-04-23T13:30:43.7856170Z 
2025-04-23T13:30:43.7857098Z ##[endgroup]
2025-04-23T13:30:43.7875411Z Creating settings.xml with server-id: github
2025-04-23T13:30:43.7880107Z Writing to /home/runner/.m2/settings.xml
2025-04-23T13:30:43.8031116Z ##[group]Run echo "$SSH_KEY_SECRET" > key.pem
2025-04-23T13:30:43.8031615Z [36;1mecho "$SSH_KEY_SECRET" > key.pem[0m
2025-04-23T13:30:43.8031988Z [36;1msed -i 's/\\n/\n/g' key.pem[0m
2025-04-23T13:30:43.8032651Z [36;1mgrep -q "BEGIN RSA PRIVATE KEY" key.pem || sed -i '1i***' key.pem[0m
2025-04-23T13:30:43.8033245Z [36;1mgrep -q "END RSA PRIVATE KEY" key.pem || echo "***" >> key.pem[0m
2025-04-23T13:30:43.8033662Z [36;1mchmod 400 key.pem[0m
2025-04-23T13:30:43.8070208Z shell: /usr/bin/bash -e {0}
2025-04-23T13:30:43.8070536Z env:
2025-04-23T13:30:43.8070789Z   REMOTE_HOST: 18.60.149.136
2025-04-23T13:30:43.8071319Z   REMOTE_USER: ubuntu
2025-04-23T13:30:43.8071619Z   REMOTE_BACKUP_DIR: /tmp/actions_bak
2025-04-23T13:30:43.8072059Z   JAVA_HOME: /opt/hostedtoolcache/Java_Corretto_jdk/17.0.15-6.1/x64
2025-04-23T13:30:43.8072565Z   JAVA_HOME_17_X64: /opt/hostedtoolcache/Java_Corretto_jdk/17.0.15-6.1/x64
2025-04-23T13:30:43.8080148Z   SSH_KEY_SECRET: ***
2025-04-23T13:30:43.8080466Z ##[endgroup]
2025-04-23T13:30:43.8444994Z ##[group]Run echo "PIPELINE_START_TIME=$(date +%s)" >> $GITHUB_ENV
2025-04-23T13:30:43.8445561Z [36;1mecho "PIPELINE_START_TIME=$(date +%s)" >> $GITHUB_ENV[0m
2025-04-23T13:30:43.8476699Z shell: /usr/bin/bash -e {0}
2025-04-23T13:30:43.8477001Z env:
2025-04-23T13:30:43.8477253Z   REMOTE_HOST: 18.60.149.136
2025-04-23T13:30:43.8477544Z   REMOTE_USER: ubuntu
2025-04-23T13:30:43.8477834Z   REMOTE_BACKUP_DIR: /tmp/actions_bak
2025-04-23T13:30:43.8478258Z   JAVA_HOME: /opt/hostedtoolcache/Java_Corretto_jdk/17.0.15-6.1/x64
2025-04-23T13:30:43.8478954Z   JAVA_HOME_17_X64: /opt/hostedtoolcache/Java_Corretto_jdk/17.0.15-6.1/x64
2025-04-23T13:30:43.8479375Z ##[endgroup]
2025-04-23T13:30:43.9087402Z ##[group]Run mkdir -p build/WEB-INF/classes
2025-04-23T13:30:43.9087856Z [36;1mmkdir -p build/WEB-INF/classes[0m
2025-04-23T13:30:43.9088636Z [36;1m# Compile Java sources; redirect errors to compile_error.log and exit if compilation fails.[0m
2025-04-23T13:30:43.9089862Z [36;1m# javac -cp "src/main/webapp/WEB-INF/lib/*" -d build/WEB-INF/classes $(find src -name "*.java") 2> compile_error.log || { echo "Build failed!"; exit 1; }[0m
2025-04-23T13:30:43.9091208Z [36;1mjavac -cp "src/main/webapp/WEB-INF/lib/*" -d build/WEB-INF/classes $(find src -name "*.java") 2> compile_error.log[0m
2025-04-23T13:30:43.9092166Z [36;1m[0m
2025-04-23T13:30:43.9092679Z [36;1mcp -R src/main/resources/* build/WEB-INF/classes/[0m
2025-04-23T13:30:43.9093329Z [36;1mcp -R src/main/webapp/* build/[0m
2025-04-23T13:30:43.9093895Z [36;1mjar -cvf JobManagement_ACTIONS.war -C build .[0m
2025-04-23T13:30:43.9130814Z shell: /usr/bin/bash -e {0}
2025-04-23T13:30:43.9131118Z env:
2025-04-23T13:30:43.9131404Z   REMOTE_HOST: 18.60.149.136
2025-04-23T13:30:43.9131695Z   REMOTE_USER: ubuntu
2025-04-23T13:30:43.9131989Z   REMOTE_BACKUP_DIR: /tmp/actions_bak
2025-04-23T13:30:43.9132410Z   JAVA_HOME: /opt/hostedtoolcache/Java_Corretto_jdk/17.0.15-6.1/x64
2025-04-23T13:30:43.9132917Z   JAVA_HOME_17_X64: /opt/hostedtoolcache/Java_Corretto_jdk/17.0.15-6.1/x64
2025-04-23T13:30:43.9133338Z   PIPELINE_START_TIME: 1745415043
2025-04-23T13:30:43.9133649Z ##[endgroup]
2025-04-23T13:30:45.3321845Z added manifest
2025-04-23T13:30:45.3435729Z adding: WEB-INF/(in = 0) (out= 0)(stored 0%)
2025-04-23T13:30:45.3437037Z adding: WEB-INF/classes/(in = 0) (out= 0)(stored 0%)
2025-04-23T13:30:45.3439201Z adding: WEB-INF/classes/TestApp.class(in = 393) (out= 279)(deflated 29%)
2025-04-23T13:30:45.3442784Z adding: WEB-INF/classes/TestAppPart1.class(in = 3452) (out= 1808)(deflated 47%)
2025-04-23T13:30:45.3446870Z adding: WEB-INF/classes/TestAppPart2.class(in = 644) (out= 427)(deflated 33%)
2025-04-23T13:30:45.3448061Z adding: WEB-INF/classes/config.properties(in = 132) (out= 117)(deflated 11%)
2025-04-23T13:30:45.3452023Z adding: WEB-INF/classes/metrics/(in = 0) (out= 0)(stored 0%)
2025-04-23T13:30:45.3453218Z adding: WEB-INF/classes/metrics/EfficiencyIndexCalculator.class(in = 796) (out= 525)(deflated 34%)
2025-04-23T13:30:45.3457457Z adding: WEB-INF/classes/metrics/ExportMetricsCSVServlet.class(in = 6498) (out= 2926)(deflated 54%)
2025-04-23T13:30:45.3458894Z adding: WEB-INF/classes/metrics/MetricRecord.class(in = 1674) (out= 687)(deflated 58%)
2025-04-23T13:30:45.3461623Z adding: WEB-INF/classes/metrics/MetricsDashboardServlet.class(in = 5675) (out= 2432)(deflated 57%)
2025-04-23T13:30:45.3466520Z adding: WEB-INF/classes/metrics/MetricsParser.class(in = 4726) (out= 2606)(deflated 44%)
2025-04-23T13:30:45.3468179Z adding: WEB-INF/classes/model/(in = 0) (out= 0)(stored 0%)
2025-04-23T13:30:45.3470401Z adding: WEB-INF/classes/model/Application.class(in = 1590) (out= 613)(deflated 61%)
2025-04-23T13:30:45.3472693Z adding: WEB-INF/classes/model/ApplicationController.class(in = 3616) (out= 1875)(deflated 48%)
2025-04-23T13:30:45.3476857Z adding: WEB-INF/classes/model/ApplicationDAO.class(in = 5283) (out= 2359)(deflated 55%)
2025-04-23T13:30:45.3479692Z adding: WEB-INF/classes/model/CancelApplicationController.class(in = 1651) (out= 891)(deflated 46%)
2025-04-23T13:30:45.3483356Z adding: WEB-INF/classes/model/DatabaseUtil.class(in = 2328) (out= 1292)(deflated 44%)
2025-04-23T13:30:45.3485866Z adding: WEB-INF/classes/model/DeleteJobController.class(in = 2258) (out= 1187)(deflated 47%)
2025-04-23T13:30:45.3489607Z adding: WEB-INF/classes/model/DownloadResumeController.class(in = 2480) (out= 1329)(deflated 46%)
2025-04-23T13:30:45.3492270Z adding: WEB-INF/classes/model/EmployerDashboardController.class(in = 2913) (out= 1416)(deflated 51%)
2025-04-23T13:30:45.3495434Z adding: WEB-INF/classes/model/Job.class(in = 1299) (out= 572)(deflated 55%)
2025-04-23T13:30:45.3497749Z adding: WEB-INF/classes/model/JobController.class(in = 2383) (out= 1290)(deflated 45%)
2025-04-23T13:30:45.3502494Z adding: WEB-INF/classes/model/JobDAO.class(in = 5248) (out= 2320)(deflated 55%)
2025-04-23T13:30:45.3505553Z adding: WEB-INF/classes/model/LoginController.class(in = 2435) (out= 1248)(deflated 48%)
2025-04-23T13:30:45.3507689Z adding: WEB-INF/classes/model/LogoutServlet.class(in = 969) (out= 538)(deflated 44%)
2025-04-23T13:30:45.3511483Z adding: WEB-INF/classes/model/UpdateApplicationStatusController.class(in = 1727) (out= 926)(deflated 46%)
2025-04-23T13:30:45.3513494Z adding: WEB-INF/classes/model/User.class(in = 1110) (out= 469)(deflated 57%)
2025-04-23T13:30:45.3517154Z adding: WEB-INF/classes/model/UserController.class(in = 2109) (out= 1166)(deflated 44%)
2025-04-23T13:30:45.3521317Z adding: WEB-INF/classes/model/UserDAO.class(in = 4628) (out= 2108)(deflated 54%)
2025-04-23T13:30:45.3525165Z adding: WEB-INF/classes/model/ViewApplicationsController.class(in = 2475) (out= 1234)(deflated 50%)
2025-04-23T13:30:45.3527535Z adding: WEB-INF/classes/model/ViewJobsController.class(in = 3200) (out= 1649)(deflated 48%)
2025-04-23T13:30:45.3528863Z adding: WEB-INF/lib/(in = 0) (out= 0)(stored 0%)
2025-04-23T13:30:45.3557894Z adding: WEB-INF/lib/commons-fileupload2-core-2.0.0-M2.jar(in = 63228) (out= 55526)(deflated 12%)
2025-04-23T13:30:45.3750692Z adding: WEB-INF/lib/commons-io-2.18.0.jar(in = 538910) (out= 479979)(deflated 10%)
2025-04-23T13:30:45.3762829Z adding: WEB-INF/lib/hamcrest-core-1.3.jar(in = 45024) (out= 39918)(deflated 11%)
2025-04-23T13:30:45.3852561Z adding: WEB-INF/lib/jakarta.servlet-api-6.0.0.jar(in = 347613) (out= 324001)(deflated 6%)
2025-04-23T13:30:45.4827680Z adding: WEB-INF/lib/jakarta.servlet.jsp.jstl-3.0.0.jar(in = 3712950) (out= 3357798)(deflated 9%)
2025-04-23T13:30:45.4839861Z adding: WEB-INF/lib/jakarta.servlet.jsp.jstl-api-3.0.0.jar(in = 46041) (out= 41321)(deflated 10%)
2025-04-23T13:30:45.5507423Z adding: WEB-INF/lib/junit-platform-console-standalone-1.9.2.jar(in = 2614420) (out= 2294330)(deflated 12%)
2025-04-23T13:30:45.6199270Z adding: WEB-INF/lib/mysql-connector-j-9.2.0.jar(in = 2609756) (out= 2445064)(deflated 6%)
2025-04-23T13:30:45.6200478Z adding: WEB-INF/web.xml(in = 1218) (out= 397)(deflated 67%)
2025-04-23T13:30:45.6201276Z adding: css/(in = 0) (out= 0)(stored 0%)
2025-04-23T13:30:45.6203723Z adding: css/styles.css(in = 4741) (out= 1265)(deflated 73%)
2025-04-23T13:30:45.6205731Z adding: dashboard.jsp(in = 941) (out= 435)(deflated 53%)
2025-04-23T13:30:45.6208199Z adding: employerDashboard.jsp(in = 2440) (out= 870)(deflated 64%)
2025-04-23T13:30:45.6210594Z adding: error.jsp(in = 327) (out= 232)(deflated 29%)
2025-04-23T13:30:45.6212544Z adding: login.jsp(in = 606) (out= 335)(deflated 44%)
2025-04-23T13:30:45.6213645Z adding: logs/(in = 0) (out= 0)(stored 0%)
2025-04-23T13:30:45.6219174Z adding: logs/codebuild-rollback.log(in = 26758) (out= 3486)(deflated 86%)
2025-04-23T13:30:45.6224798Z adding: logs/codebuild.log(in = 20462) (out= 4294)(deflated 79%)
2025-04-23T13:30:45.6235839Z adding: logs/gha-rollback.log(in = 41669) (out= 9105)(deflated 78%)
2025-04-23T13:30:45.6247721Z adding: logs/gha.log(in = 57429) (out= 12210)(deflated 78%)
2025-04-23T13:30:45.6255349Z adding: logs/jenkins-1.log(in = 32996) (out= 6427)(deflated 80%)
2025-04-23T13:30:45.6262166Z adding: logs/jenkins-2.log(in = 33005) (out= 6420)(deflated 80%)
2025-04-23T13:30:45.6267358Z adding: logs/jenkins-3.log(in = 23908) (out= 5358)(deflated 77%)
2025-04-23T13:30:45.6274471Z adding: logs/jenkins-4.log(in = 33002) (out= 6389)(deflated 80%)
2025-04-23T13:30:45.6278093Z adding: logs/jenkins-rollback.log(in = 11672) (out= 2705)(deflated 76%)
2025-04-23T13:30:45.6285098Z adding: logs/jenkins.log(in = 32974) (out= 6426)(deflated 80%)
2025-04-23T13:30:45.6287567Z adding: metrics.jsp(in = 3715) (out= 1269)(deflated 65%)
2025-04-23T13:30:45.6289117Z adding: postJob.jsp(in = 899) (out= 454)(deflated 49%)
2025-04-23T13:30:45.6291566Z adding: register.jsp(in = 931) (out= 410)(deflated 55%)
2025-04-23T13:30:45.6294209Z adding: viewApplications.jsp(in = 3165) (out= 1113)(deflated 64%)
2025-04-23T13:30:45.6297226Z adding: viewJobs.jsp(in = 5148) (out= 1546)(deflated 69%)
2025-04-23T13:30:45.6427717Z ##[group]Run ssh -o StrictHostKeyChecking=no -i key.pem $REMOTE_USER@$REMOTE_HOST "mkdir -p /tmp/actions_bak"
2025-04-23T13:30:45.6429156Z [36;1mssh -o StrictHostKeyChecking=no -i key.pem $REMOTE_USER@$REMOTE_HOST "mkdir -p /tmp/actions_bak"[0m
2025-04-23T13:30:45.6430050Z [36;1mscp -o StrictHostKeyChecking=no -i key.pem JobManagement_ACTIONS.war $REMOTE_USER@$REMOTE_HOST:/tmp/actions_bak/JobManagement_ACTIONS.war_bak[0m
2025-04-23T13:30:45.6430882Z [36;1mecho "Backup saved on remote host at /tmp/actions_bak/JobManagement_ACTIONS.war_bak"[0m
2025-04-23T13:30:45.6463040Z shell: /usr/bin/bash -e {0}
2025-04-23T13:30:45.6463364Z env:
2025-04-23T13:30:45.6463628Z   REMOTE_HOST: 18.60.149.136
2025-04-23T13:30:45.6463929Z   REMOTE_USER: ubuntu
2025-04-23T13:30:45.6464223Z   REMOTE_BACKUP_DIR: /tmp/actions_bak
2025-04-23T13:30:45.6464664Z   JAVA_HOME: /opt/hostedtoolcache/Java_Corretto_jdk/17.0.15-6.1/x64
2025-04-23T13:30:45.6465242Z   JAVA_HOME_17_X64: /opt/hostedtoolcache/Java_Corretto_jdk/17.0.15-6.1/x64
2025-04-23T13:30:45.6465667Z   PIPELINE_START_TIME: 1745415043
2025-04-23T13:30:45.6465980Z ##[endgroup]
2025-04-23T13:30:46.6110116Z Warning: Permanently added '18.60.149.136' (ED25519) to the list of known hosts.
2025-04-23T13:31:09.1569421Z Backup saved on remote host at /tmp/actions_bak/JobManagement_ACTIONS.war_bak
2025-04-23T13:31:09.1596913Z ##[group]Run mkdir -p test_output
2025-04-23T13:31:09.1597483Z [36;1mmkdir -p test_output[0m
2025-04-23T13:31:09.1598217Z [36;1mjavac -cp "src/main/webapp/WEB-INF/lib/*:src" -d test_output $(find src/main/test -name "*.java")[0m
2025-04-23T13:31:09.1599749Z [36;1mjava -cp "test_output:src/main/webapp/WEB-INF/lib/*" org.junit.platform.console.ConsoleLauncher --scan-class-path test_output --details summary > test_results.log || true[0m
2025-04-23T13:31:09.1600705Z [36;1mhead -n 20 test_results.log[0m
2025-04-23T13:31:09.1631690Z shell: /usr/bin/bash -e {0}
2025-04-23T13:31:09.1632233Z env:
2025-04-23T13:31:09.1632635Z   REMOTE_HOST: 18.60.149.136
2025-04-23T13:31:09.1645624Z   REMOTE_USER: ubuntu
2025-04-23T13:31:09.1646095Z   REMOTE_BACKUP_DIR: /tmp/actions_bak
2025-04-23T13:31:09.1646866Z   JAVA_HOME: /opt/hostedtoolcache/Java_Corretto_jdk/17.0.15-6.1/x64
2025-04-23T13:31:09.1647728Z   JAVA_HOME_17_X64: /opt/hostedtoolcache/Java_Corretto_jdk/17.0.15-6.1/x64
2025-04-23T13:31:09.1648437Z   PIPELINE_START_TIME: 1745415043
2025-04-23T13:31:09.1649276Z ##[endgroup]
2025-04-23T13:31:10.4389876Z 
2025-04-23T13:31:10.4390748Z Thanks for using JUnit! Support its development at https://junit.org/sponsoring
2025-04-23T13:31:10.4391375Z 
2025-04-23T13:31:10.4391382Z 
2025-04-23T13:31:10.4391576Z Failures (2):
2025-04-23T13:31:10.4392107Z   JUnit Jupiter:TestAppPart1:testDatabaseConnection()
2025-04-23T13:31:10.4393120Z     MethodSource [className = 'TestAppPart1', methodName = 'testDatabaseConnection', methodParameterTypes = '']
2025-04-23T13:31:10.4394526Z     => org.opentest4j.AssertionFailedError: Database connection failed: config.properties not found
2025-04-23T13:31:10.4395195Z        org.junit.jupiter.api.AssertionUtils.fail(AssertionUtils.java:38)
2025-04-23T13:31:10.4395726Z        org.junit.jupiter.api.Assertions.fail(Assertions.java:135)
2025-04-23T13:31:10.4396222Z        TestAppPart1.testDatabaseConnection(TestAppPart1.java:31)
2025-04-23T13:31:10.4396807Z        java.base/jdk.internal.reflect.NativeMethodAccessorImpl.invoke0(Native Method)
2025-04-23T13:31:10.4397540Z        java.base/jdk.internal.reflect.NativeMethodAccessorImpl.invoke(NativeMethodAccessorImpl.java:77)
2025-04-23T13:31:10.4398372Z        java.base/jdk.internal.reflect.DelegatingMethodAccessorImpl.invoke(DelegatingMethodAccessorImpl.java:43)
2025-04-23T13:31:10.4399268Z        java.base/java.lang.reflect.Method.invoke(Method.java:569)
2025-04-23T13:31:10.4399872Z        org.junit.platform.commons.util.ReflectionUtils.invokeMethod(ReflectionUtils.java:727)
2025-04-23T13:31:10.4400581Z        org.junit.jupiter.engine.execution.MethodInvocation.proceed(MethodInvocation.java:60)
2025-04-23T13:31:10.4401481Z        org.junit.jupiter.engine.execution.InvocationInterceptorChain$ValidatingInvocation.proceed(InvocationInterceptorChain.java:131)
2025-04-23T13:31:10.4402179Z        [...]
2025-04-23T13:31:10.4402482Z   JUnit Jupiter:TestAppPart1:testQueryExecution()
2025-04-23T13:31:10.4429272Z ##[group]Run ssh -o StrictHostKeyChecking=no -i key.pem $REMOTE_USER@$REMOTE_HOST "vmstat -s | awk '{printf \"%.2f MB - %s\n\", \$1/1024, substr(\$0, index(\$0,\$2))}'" > resource_usage_before.log
2025-04-23T13:31:10.4430495Z [36;1mssh -o StrictHostKeyChecking=no -i key.pem $REMOTE_USER@$REMOTE_HOST "vmstat -s | awk '{printf \"%.2f MB - %s\n\", \$1/1024, substr(\$0, index(\$0,\$2))}'" > resource_usage_before.log[0m
2025-04-23T13:31:10.4431406Z [36;1mssh -o StrictHostKeyChecking=no -i key.pem $REMOTE_USER@$REMOTE_HOST "free -h" > mem_before.log[0m
2025-04-23T13:31:10.4461310Z shell: /usr/bin/bash -e {0}
2025-04-23T13:31:10.4461617Z env:
2025-04-23T13:31:10.4461867Z   REMOTE_HOST: 18.60.149.136
2025-04-23T13:31:10.4462160Z   REMOTE_USER: ubuntu
2025-04-23T13:31:10.4462483Z   REMOTE_BACKUP_DIR: /tmp/actions_bak
2025-04-23T13:31:10.4462897Z   JAVA_HOME: /opt/hostedtoolcache/Java_Corretto_jdk/17.0.15-6.1/x64
2025-04-23T13:31:10.4463431Z   JAVA_HOME_17_X64: /opt/hostedtoolcache/Java_Corretto_jdk/17.0.15-6.1/x64
2025-04-23T13:31:10.4463849Z   PIPELINE_START_TIME: 1745415043
2025-04-23T13:31:10.4464156Z ##[endgroup]
2025-04-23T13:31:15.4867162Z ##[group]Run echo "DEPLOY_START_TIME=$(date +%s)" >> $GITHUB_ENV
2025-04-23T13:31:15.4868044Z [36;1mecho "DEPLOY_START_TIME=$(date +%s)" >> $GITHUB_ENV[0m
2025-04-23T13:31:15.4868972Z [36;1mCOMMIT_TIME=$(git log -1 --format=%ct)[0m
2025-04-23T13:31:15.4869633Z [36;1mLEAD_TIME=$(($(date +%s) - COMMIT_TIME))[0m
2025-04-23T13:31:15.4870308Z [36;1mecho "LEAD_TIME=$LEAD_TIME" >> $GITHUB_ENV[0m
2025-04-23T13:31:15.4913696Z shell: /usr/bin/bash -e {0}
2025-04-23T13:31:15.4914214Z env:
2025-04-23T13:31:15.4914658Z   REMOTE_HOST: 18.60.149.136
2025-04-23T13:31:15.4915172Z   REMOTE_USER: ubuntu
2025-04-23T13:31:15.4915692Z   REMOTE_BACKUP_DIR: /tmp/actions_bak
2025-04-23T13:31:15.4916434Z   JAVA_HOME: /opt/hostedtoolcache/Java_Corretto_jdk/17.0.15-6.1/x64
2025-04-23T13:31:15.4917356Z   JAVA_HOME_17_X64: /opt/hostedtoolcache/Java_Corretto_jdk/17.0.15-6.1/x64
2025-04-23T13:31:15.4918129Z   PIPELINE_START_TIME: 1745415043
2025-04-23T13:31:15.4918857Z ##[endgroup]
2025-04-23T13:31:15.5064315Z ##[group]Run scp -o StrictHostKeyChecking=no -i key.pem JobManagement_ACTIONS.war $REMOTE_USER@$REMOTE_HOST:/opt/tomcat10/webapps/
2025-04-23T13:31:15.5065269Z [36;1mscp -o StrictHostKeyChecking=no -i key.pem JobManagement_ACTIONS.war $REMOTE_USER@$REMOTE_HOST:/opt/tomcat10/webapps/[0m
2025-04-23T13:31:15.5066011Z [36;1mssh -o StrictHostKeyChecking=no -i key.pem $REMOTE_USER@$REMOTE_HOST <<EOF[0m
2025-04-23T13:31:15.5066757Z [36;1m  sudo rm -rf /opt/tomcat10/webapps/JobManagement_ACTIONS || true[0m
2025-04-23T13:31:15.5067166Z [36;1m  sleep 5[0m
2025-04-23T13:31:15.5067466Z [36;1m  sudo /opt/tomcat10/bin/shutdown.sh || true[0m
2025-04-23T13:31:15.5067845Z [36;1m  sudo /opt/tomcat10/bin/startup.sh[0m
2025-04-23T13:31:15.5068170Z [36;1m  exit[0m
2025-04-23T13:31:15.5068411Z [36;1mEOF[0m
2025-04-23T13:31:15.5096560Z shell: /usr/bin/bash -e {0}
2025-04-23T13:31:15.5096866Z env:
2025-04-23T13:31:15.5097119Z   REMOTE_HOST: 18.60.149.136
2025-04-23T13:31:15.5097429Z   REMOTE_USER: ubuntu
2025-04-23T13:31:15.5097725Z   REMOTE_BACKUP_DIR: /tmp/actions_bak
2025-04-23T13:31:15.5098147Z   JAVA_HOME: /opt/hostedtoolcache/Java_Corretto_jdk/17.0.15-6.1/x64
2025-04-23T13:31:15.5098850Z   JAVA_HOME_17_X64: /opt/hostedtoolcache/Java_Corretto_jdk/17.0.15-6.1/x64
2025-04-23T13:31:15.5099276Z   PIPELINE_START_TIME: 1745415043
2025-04-23T13:31:15.5099591Z   DEPLOY_START_TIME: 1745415075
2025-04-23T13:31:15.5099881Z   LEAD_TIME: 2501
2025-04-23T13:31:15.5100137Z ##[endgroup]
2025-04-23T13:31:22.8871404Z Pseudo-terminal will not be allocated because stdin is not a terminal.
2025-04-23T13:31:25.3966810Z Welcome to Ubuntu 24.04.2 LTS (GNU/Linux 6.8.0-1027-aws x86_64)
2025-04-23T13:31:25.3967330Z 
2025-04-23T13:31:25.3967515Z  * Documentation:  https://help.ubuntu.com
2025-04-23T13:31:25.3967991Z  * Management:     https://landscape.canonical.com
2025-04-23T13:31:25.3968429Z  * Support:        https://ubuntu.com/pro
2025-04-23T13:31:25.3968977Z 
2025-04-23T13:31:25.3969186Z  System information as of Wed Apr 23 13:30:47 UTC 2025
2025-04-23T13:31:25.3969472Z 
2025-04-23T13:31:25.3969677Z   System load:  0.51              Temperature:           -273.1 C
2025-04-23T13:31:25.3970155Z   Usage of /:   68.6% of 6.71GB   Processes:             119
2025-04-23T13:31:25.3970616Z   Memory usage: 28%               Users logged in:       1
2025-04-23T13:31:25.3971089Z   Swap usage:   0%                IPv4 address for ens5: 172.31.20.166
2025-04-23T13:31:25.3971386Z 
2025-04-23T13:31:25.3971619Z  * Ubuntu Pro delivers the most comprehensive open source security and
2025-04-23T13:31:25.3972066Z    compliance features.
2025-04-23T13:31:25.3972240Z 
2025-04-23T13:31:25.3972376Z    https://ubuntu.com/aws/pro
2025-04-23T13:31:25.3972579Z 
2025-04-23T13:31:25.3972781Z Expanded Security Maintenance for Applications is not enabled.
2025-04-23T13:31:25.3973086Z 
2025-04-23T13:31:25.3973225Z 2 updates can be applied immediately.
2025-04-23T13:31:25.3973623Z To see these additional updates run: apt list --upgradable
2025-04-23T13:31:25.3973914Z 
2025-04-23T13:31:25.3974105Z Enable ESM Apps to receive additional future security updates.
2025-04-23T13:31:25.3974562Z See https://ubuntu.com/esm or run: sudo pro status
2025-04-23T13:31:25.3974815Z 
2025-04-23T13:31:25.3974819Z 
2025-04-23T13:31:30.6264851Z sudo: /opt/tomcat10/bin/shutdown.sh: command not found
2025-04-23T13:31:30.6430301Z Tomcat started.
2025-04-23T13:31:30.6495328Z ##[group]Run ssh -o StrictHostKeyChecking=no -i key.pem $REMOTE_USER@$REMOTE_HOST "timeout 60 bash -c 'until grep -q \"Deployment of web application archive\" <(tail -n 50 /opt/tomcat10/logs/catalina.out); do sleep 5; done'"
2025-04-23T13:31:30.6496767Z [36;1mssh -o StrictHostKeyChecking=no -i key.pem $REMOTE_USER@$REMOTE_HOST "timeout 60 bash -c 'until grep -q \"Deployment of web application archive\" <(tail -n 50 /opt/tomcat10/logs/catalina.out); do sleep 5; done'"[0m
2025-04-23T13:31:30.6527400Z shell: /usr/bin/bash -e {0}
2025-04-23T13:31:30.6527748Z env:
2025-04-23T13:31:30.6528004Z   REMOTE_HOST: 18.60.149.136
2025-04-23T13:31:30.6528300Z   REMOTE_USER: ubuntu
2025-04-23T13:31:30.6528773Z   REMOTE_BACKUP_DIR: /tmp/actions_bak
2025-04-23T13:31:30.6529207Z   JAVA_HOME: /opt/hostedtoolcache/Java_Corretto_jdk/17.0.15-6.1/x64
2025-04-23T13:31:30.6529726Z   JAVA_HOME_17_X64: /opt/hostedtoolcache/Java_Corretto_jdk/17.0.15-6.1/x64
2025-04-23T13:31:30.6530232Z   PIPELINE_START_TIME: 1745415043
2025-04-23T13:31:30.6530558Z   DEPLOY_START_TIME: 1745415075
2025-04-23T13:31:30.6531135Z   LEAD_TIME: 2501
2025-04-23T13:31:30.6531402Z ##[endgroup]
2025-04-23T13:31:33.1869425Z ##[group]Run echo "DEPLOY_END_TIME=$(date +%s)" >> $GITHUB_ENV
2025-04-23T13:31:33.1869944Z [36;1mecho "DEPLOY_END_TIME=$(date +%s)" >> $GITHUB_ENV[0m
2025-04-23T13:31:33.1899807Z shell: /usr/bin/bash -e {0}
2025-04-23T13:31:33.1900099Z env:
2025-04-23T13:31:33.1900347Z   REMOTE_HOST: 18.60.149.136
2025-04-23T13:31:33.1900633Z   REMOTE_USER: ubuntu
2025-04-23T13:31:33.1900918Z   REMOTE_BACKUP_DIR: /tmp/actions_bak
2025-04-23T13:31:33.1901337Z   JAVA_HOME: /opt/hostedtoolcache/Java_Corretto_jdk/17.0.15-6.1/x64
2025-04-23T13:31:33.1901850Z   JAVA_HOME_17_X64: /opt/hostedtoolcache/Java_Corretto_jdk/17.0.15-6.1/x64
2025-04-23T13:31:33.1902275Z   PIPELINE_START_TIME: 1745415043
2025-04-23T13:31:33.1902586Z   DEPLOY_START_TIME: 1745415075
2025-04-23T13:31:33.1902881Z   LEAD_TIME: 2501
2025-04-23T13:31:33.1903138Z ##[endgroup]
2025-04-23T13:31:33.2004191Z ##[group]Run ssh -o StrictHostKeyChecking=no -i key.pem $REMOTE_USER@$REMOTE_HOST "vmstat -s | awk '{printf \"%.2f MB - %s\n\", \$1/1024, substr(\$0, index(\$0,\$2))}'" > resource_usage_after.log
2025-04-23T13:31:33.2005360Z [36;1mssh -o StrictHostKeyChecking=no -i key.pem $REMOTE_USER@$REMOTE_HOST "vmstat -s | awk '{printf \"%.2f MB - %s\n\", \$1/1024, substr(\$0, index(\$0,\$2))}'" > resource_usage_after.log[0m
2025-04-23T13:31:33.2006255Z [36;1mssh -o StrictHostKeyChecking=no -i key.pem $REMOTE_USER@$REMOTE_HOST "free -h" > mem_after.log[0m
2025-04-23T13:31:33.2033779Z shell: /usr/bin/bash -e {0}
2025-04-23T13:31:33.2034084Z env:
2025-04-23T13:31:33.2034334Z   REMOTE_HOST: 18.60.149.136
2025-04-23T13:31:33.2034623Z   REMOTE_USER: ubuntu
2025-04-23T13:31:33.2034923Z   REMOTE_BACKUP_DIR: /tmp/actions_bak
2025-04-23T13:31:33.2035361Z   JAVA_HOME: /opt/hostedtoolcache/Java_Corretto_jdk/17.0.15-6.1/x64
2025-04-23T13:31:33.2035905Z   JAVA_HOME_17_X64: /opt/hostedtoolcache/Java_Corretto_jdk/17.0.15-6.1/x64
2025-04-23T13:31:33.2036323Z   PIPELINE_START_TIME: 1745415043
2025-04-23T13:31:33.2036644Z   DEPLOY_START_TIME: 1745415075
2025-04-23T13:31:33.2036926Z   LEAD_TIME: 2501
2025-04-23T13:31:33.2037188Z   DEPLOY_END_TIME: 1745415093
2025-04-23T13:31:33.2037465Z ##[endgroup]
2025-04-23T13:31:38.3402609Z ##[group]Run source $GITHUB_ENV
2025-04-23T13:31:38.3402982Z [36;1msource $GITHUB_ENV[0m
2025-04-23T13:31:38.3403376Z [36;1mDEPLOY_DURATION=$(($DEPLOY_END_TIME - $DEPLOY_START_TIME))[0m
2025-04-23T13:31:38.3403822Z [36;1mPIPELINE_END_TIME=$(date +%s)[0m
2025-04-23T13:31:38.3404269Z [36;1mTOTAL_PIPELINE_TIME=$(($PIPELINE_END_TIME - $PIPELINE_START_TIME))[0m
2025-04-23T13:31:38.3404782Z [36;1mecho "DEPLOY_DURATION=$DEPLOY_DURATION" >> $GITHUB_ENV[0m
2025-04-23T13:31:38.3405269Z [36;1mecho "TOTAL_PIPELINE_TIME=$TOTAL_PIPELINE_TIME" >> $GITHUB_ENV[0m
2025-04-23T13:31:38.3434934Z shell: /usr/bin/bash -e {0}
2025-04-23T13:31:38.3435231Z env:
2025-04-23T13:31:38.3435481Z   REMOTE_HOST: 18.60.149.136
2025-04-23T13:31:38.3435777Z   REMOTE_USER: ubuntu
2025-04-23T13:31:38.3436083Z   REMOTE_BACKUP_DIR: /tmp/actions_bak
2025-04-23T13:31:38.3436516Z   JAVA_HOME: /opt/hostedtoolcache/Java_Corretto_jdk/17.0.15-6.1/x64
2025-04-23T13:31:38.3437147Z   JAVA_HOME_17_X64: /opt/hostedtoolcache/Java_Corretto_jdk/17.0.15-6.1/x64
2025-04-23T13:31:38.3437586Z   PIPELINE_START_TIME: 1745415043
2025-04-23T13:31:38.3437902Z   DEPLOY_START_TIME: 1745415075
2025-04-23T13:31:38.3438193Z   LEAD_TIME: 2501
2025-04-23T13:31:38.3438636Z   DEPLOY_END_TIME: 1745415093
2025-04-23T13:31:38.3438950Z ##[endgroup]
2025-04-23T13:31:38.3534770Z ##[group]Run echo "-------------------------------------------------"
2025-04-23T13:31:38.3535299Z [36;1mecho "-------------------------------------------------"[0m
2025-04-23T13:31:38.3535726Z [36;1mecho "              CI/CD Metrics Summary              "[0m
2025-04-23T13:31:38.3536146Z [36;1mecho "-------------------------------------------------"[0m
2025-04-23T13:31:38.3536579Z [36;1mecho "| Metric                             | Value          |"[0m
2025-04-23T13:31:38.3537173Z [36;1mecho "-------------------------------------------------"[0m
2025-04-23T13:31:38.3537656Z [36;1mecho "| Total Pipeline Time (sec)          | $TOTAL_PIPELINE_TIME          |"[0m
2025-04-23T13:31:38.3538256Z [36;1m# If deployment succeeded, DEPLOY_DURATION is set; if not, ROLLBACK_DURATION is used.[0m
2025-04-23T13:31:38.3539105Z [36;1mif [ -n "$DEPLOY_DURATION" ]; then[0m
2025-04-23T13:31:38.3539591Z [36;1m  echo "| Deployment Time (sec)              | $DEPLOY_DURATION          |"[0m
2025-04-23T13:31:38.3540005Z [36;1melse[0m
2025-04-23T13:31:38.3540364Z [36;1m  echo "| Rollback Time (sec)     | $ROLLBACK_DURATION          |"[0m
2025-04-23T13:31:38.3540752Z [36;1mfi[0m
2025-04-23T13:31:38.3541093Z [36;1mecho "| Lead Time for Changes (sec)        | $LEAD_TIME          |"[0m
2025-04-23T13:31:38.3541509Z [36;1mif [ -f test_results.log ]; then[0m
2025-04-23T13:31:38.3541958Z [36;1m  TEST_SUMMARY=$(grep -i "tests found" test_results.log | head -n 1)[0m
2025-04-23T13:31:38.3542383Z [36;1melse[0m
2025-04-23T13:31:38.3542636Z [36;1m  TEST_SUMMARY="N/A"[0m
2025-04-23T13:31:38.3542909Z [36;1mfi[0m
2025-04-23T13:31:38.3543304Z [36;1m# ─── Cost Calculation & Echo ──────────────────────────────────────────────[0m
2025-04-23T13:31:38.3543883Z [36;1m# GitHub Actions hosted runner = $0.008 per minute = $0.0001333 per sec[0m
2025-04-23T13:31:38.3544402Z [36;1mCOST=$(awk "BEGIN { printf \"%.4f\", $TOTAL_PIPELINE_TIME * 0.008/60 }")[0m
2025-04-23T13:31:38.3544886Z [36;1mecho "| Cost (USD)                         | $COST              |"[0m
2025-04-23T13:31:38.3545364Z [36;1m# ─────────────────────────────────────────────────────────────────────────────[0m
2025-04-23T13:31:38.3545857Z [36;1mecho "| Test Summary                       | $TEST_SUMMARY          |"[0m
2025-04-23T13:31:38.3546240Z [36;1m[0m
2025-04-23T13:31:38.3546532Z [36;1mecho "-------------------------------------------------"[0m
2025-04-23T13:31:38.3546908Z [36;1mecho "Memory Usage BEFORE:"[0m
2025-04-23T13:31:38.3547251Z [36;1mcat mem_before.log[0m
2025-04-23T13:31:38.3547585Z [36;1mecho "-------------------------------------------------"[0m
2025-04-23T13:31:38.3547952Z [36;1mecho "Memory Usage AFTER:"[0m
2025-04-23T13:31:38.3548268Z [36;1mcat mem_after.log[0m
2025-04-23T13:31:38.3548848Z [36;1mecho "-------------------------------------------------"[0m
2025-04-23T13:31:38.3549291Z [36;1mecho "Resource Usage BEFORE (vmstat):"[0m
2025-04-23T13:31:38.3549647Z [36;1mcat resource_usage_before.log[0m
2025-04-23T13:31:38.3550034Z [36;1mecho "-------------------------------------------------"[0m
2025-04-23T13:31:38.3550419Z [36;1mecho "Resource Usage AFTER (vmstat):"[0m
2025-04-23T13:31:38.3550772Z [36;1mcat resource_usage_after.log[0m
2025-04-23T13:31:38.3551141Z [36;1mecho "-------------------------------------------------"[0m
2025-04-23T13:31:38.3579521Z shell: /usr/bin/bash -e {0}
2025-04-23T13:31:38.3579825Z env:
2025-04-23T13:31:38.3580068Z   REMOTE_HOST: 18.60.149.136
2025-04-23T13:31:38.3580358Z   REMOTE_USER: ubuntu
2025-04-23T13:31:38.3580662Z   REMOTE_BACKUP_DIR: /tmp/actions_bak
2025-04-23T13:31:38.3581099Z   JAVA_HOME: /opt/hostedtoolcache/Java_Corretto_jdk/17.0.15-6.1/x64
2025-04-23T13:31:38.3581615Z   JAVA_HOME_17_X64: /opt/hostedtoolcache/Java_Corretto_jdk/17.0.15-6.1/x64
2025-04-23T13:31:38.3582034Z   PIPELINE_START_TIME: 1745415043
2025-04-23T13:31:38.3582345Z   DEPLOY_START_TIME: 1745415075
2025-04-23T13:31:38.3582631Z   LEAD_TIME: 2501
2025-04-23T13:31:38.3583094Z   DEPLOY_END_TIME: 1745415093
2025-04-23T13:31:38.3583391Z   DEPLOY_DURATION: 18
2025-04-23T13:31:38.3583658Z   TOTAL_PIPELINE_TIME: 55
2025-04-23T13:31:38.3583928Z ##[endgroup]
2025-04-23T13:31:38.3633558Z -------------------------------------------------
2025-04-23T13:31:38.3634190Z               CI/CD Metrics Summary              
2025-04-23T13:31:38.3634753Z -------------------------------------------------
2025-04-23T13:31:38.3635346Z | Metric                             | Value          |
2025-04-23T13:31:38.3636170Z -------------------------------------------------
2025-04-23T13:31:38.3636770Z | Total Pipeline Time (sec)          | 55          |
2025-04-23T13:31:38.3637398Z | Deployment Time (sec)              | 18          |
2025-04-23T13:31:38.3637838Z | Lead Time for Changes (sec)        | 2501          |
2025-04-23T13:31:38.3674937Z | Cost (USD)                         | 0.0073              |
2025-04-23T13:31:38.3675680Z | Test Summary                       | [         5 tests found           ]          |
2025-04-23T13:31:38.3676411Z -------------------------------------------------
2025-04-23T13:31:38.3676771Z Memory Usage BEFORE:
2025-04-23T13:31:38.3684022Z                total        used        free      shared  buff/cache   available
2025-04-23T13:31:38.3684503Z Mem:           3.7Gi       1.2Gi       1.7Gi       2.8Mi       1.0Gi       2.5Gi
2025-04-23T13:31:38.3685004Z Swap:             0B          0B          0B
2025-04-23T13:31:38.3685787Z -------------------------------------------------
2025-04-23T13:31:38.3686381Z Memory Usage AFTER:
2025-04-23T13:31:38.3694725Z                total        used        free      shared  buff/cache   available
2025-04-23T13:31:38.3695230Z Mem:           3.7Gi       1.3Gi       1.7Gi       2.8Mi       1.0Gi       2.5Gi
2025-04-23T13:31:38.3695759Z Swap:             0B          0B          0B
2025-04-23T13:31:38.3696452Z -------------------------------------------------
2025-04-23T13:31:38.3697053Z Resource Usage BEFORE (vmstat):
2025-04-23T13:31:38.3705109Z 3836.87 MB - K total memory
2025-04-23T13:31:38.3705488Z 1286.23 MB - K used memory
2025-04-23T13:31:38.3705791Z 1166.93 MB - K active memory
2025-04-23T13:31:38.3706252Z 696.24 MB - K inactive memory
2025-04-23T13:31:38.3706761Z 1763.49 MB - K free memory
2025-04-23T13:31:38.3707241Z 95.92 MB - K buffer memory
2025-04-23T13:31:38.3707725Z 935.88 MB - K swap cache
2025-04-23T13:31:38.3708205Z 0.00 MB - K total swap
2025-04-23T13:31:38.3708666Z 0.00 MB - K used swap
2025-04-23T13:31:38.3708985Z 0.00 MB - K free swap
2025-04-23T13:31:38.3709271Z 155.10 MB - non-nice user cpu ticks
2025-04-23T13:31:38.3709591Z 0.29 MB - nice user cpu ticks
2025-04-23T13:31:38.3709882Z 15.39 MB - system cpu ticks
2025-04-23T13:31:38.3710164Z 5474.54 MB - idle cpu ticks
2025-04-23T13:31:38.3710442Z 8.73 MB - IO-wait cpu ticks
2025-04-23T13:31:38.3710714Z 0.00 MB - IRQ cpu ticks
2025-04-23T13:31:38.3710992Z 0.33 MB - softirq cpu ticks
2025-04-23T13:31:38.3711346Z 0.22 MB - stolen cpu ticks
2025-04-23T13:31:38.3711653Z 0.00 MB - non-nice guest cpu ticks
2025-04-23T13:31:38.3711972Z 0.00 MB - nice guest cpu ticks
2025-04-23T13:31:38.3712263Z 770.26 MB - K paged in
2025-04-23T13:31:38.3712526Z 5903.52 MB - K paged out
2025-04-23T13:31:38.3712816Z 0.00 MB - pages swapped in
2025-04-23T13:31:38.3713102Z 0.00 MB - pages swapped out
2025-04-23T13:31:38.3713377Z 6168.45 MB - interrupts
2025-04-23T13:31:38.3713665Z 8670.36 MB - CPU context switches
2025-04-23T13:31:38.3713977Z 1704478.59 MB - boot time
2025-04-23T13:31:38.3714246Z 52.80 MB - forks
2025-04-23T13:31:38.3714533Z -------------------------------------------------
2025-04-23T13:31:38.3714888Z Resource Usage AFTER (vmstat):
2025-04-23T13:31:38.3715698Z 3836.87 MB - K total memory
2025-04-23T13:31:38.3716170Z 1323.36 MB - K used memory
2025-04-23T13:31:38.3716641Z 1177.05 MB - K active memory
2025-04-23T13:31:38.3717153Z 696.32 MB - K inactive memory
2025-04-23T13:31:38.3717654Z 1726.28 MB - K free memory
2025-04-23T13:31:38.3718412Z 95.96 MB - K buffer memory
2025-04-23T13:31:38.3719399Z 935.92 MB - K swap cache
2025-04-23T13:31:38.3720098Z 0.00 MB - K total swap
2025-04-23T13:31:38.3720535Z 0.00 MB - K used swap
2025-04-23T13:31:38.3720892Z 0.00 MB - K free swap
2025-04-23T13:31:38.3721194Z 155.93 MB - non-nice user cpu ticks
2025-04-23T13:31:38.3721519Z 0.29 MB - nice user cpu ticks
2025-04-23T13:31:38.3721802Z 15.47 MB - system cpu ticks
2025-04-23T13:31:38.3722079Z 5478.06 MB - idle cpu ticks
2025-04-23T13:31:38.3722352Z 8.74 MB - IO-wait cpu ticks
2025-04-23T13:31:38.3722808Z 0.00 MB - IRQ cpu ticks
2025-04-23T13:31:38.3723078Z 0.33 MB - softirq cpu ticks
2025-04-23T13:31:38.3723353Z 0.22 MB - stolen cpu ticks
2025-04-23T13:31:38.3723639Z 0.00 MB - non-nice guest cpu ticks
2025-04-23T13:31:38.3723947Z 0.00 MB - nice guest cpu ticks
2025-04-23T13:31:38.3724240Z 770.26 MB - K paged in
2025-04-23T13:31:38.3724505Z 5922.32 MB - K paged out
2025-04-23T13:31:38.3724932Z 0.00 MB - pages swapped in
2025-04-23T13:31:38.3725224Z 0.00 MB - pages swapped out
2025-04-23T13:31:38.3725500Z 6185.83 MB - interrupts
2025-04-23T13:31:38.3725780Z 8688.27 MB - CPU context switches
2025-04-23T13:31:38.3726081Z 1704478.59 MB - boot time
2025-04-23T13:31:38.3726349Z 53.09 MB - forks
2025-04-23T13:31:38.3726651Z -------------------------------------------------
2025-04-23T13:31:38.3803410Z Post job cleanup.
2025-04-23T13:31:38.5550805Z Post job cleanup.
2025-04-23T13:31:38.6293711Z [command]/usr/bin/git version
2025-04-23T13:31:38.6342110Z git version 2.49.0
2025-04-23T13:31:38.6404510Z Temporarily overriding HOME='/home/runner/work/_temp/c6093de7-c43e-44d3-a05c-a00b30fdca81' before making global git config changes
2025-04-23T13:31:38.6405994Z Adding repository directory to the temporary git global config as a safe directory
2025-04-23T13:31:38.6411053Z [command]/usr/bin/git config --global --add safe.directory /home/runner/work/JobManagement/JobManagement
2025-04-23T13:31:38.6449199Z [command]/usr/bin/git config --local --name-only --get-regexp core\.sshCommand
2025-04-23T13:31:38.6483353Z [command]/usr/bin/git submodule foreach --recursive sh -c "git config --local --name-only --get-regexp 'core\.sshCommand' && git config --local --unset-all 'core.sshCommand' || :"
2025-04-23T13:31:38.6727890Z [command]/usr/bin/git config --local --name-only --get-regexp http\.https\:\/\/github\.com\/\.extraheader
2025-04-23T13:31:38.6750887Z http.https://github.com/.extraheader
2025-04-23T13:31:38.6762505Z [command]/usr/bin/git config --local --unset-all http.https://github.com/.extraheader
2025-04-23T13:31:38.6794830Z [command]/usr/bin/git submodule foreach --recursive sh -c "git config --local --name-only --get-regexp 'http\.https\:\/\/github\.com\/\.extraheader' && git config --local --unset-all 'http.https://github.com/.extraheader' || :"
2025-04-23T13:31:38.7140129Z Cleaning up orphan processes
