2025-04-23T14:10:44.9897798Z Current runner version: '2.323.0'
2025-04-23T14:10:44.9933325Z ##[group]Operating System
2025-04-23T14:10:44.9934967Z Ubuntu
2025-04-23T14:10:44.9936181Z 24.04.2
2025-04-23T14:10:44.9937533Z LTS
2025-04-23T14:10:44.9938901Z ##[endgroup]
2025-04-23T14:10:44.9940261Z ##[group]Runner Image
2025-04-23T14:10:44.9942085Z Image: ubuntu-24.04
2025-04-23T14:10:44.9943370Z Version: 20250420.1.0
2025-04-23T14:10:44.9945852Z Included Software: https://github.com/actions/runner-images/blob/ubuntu24/20250420.1/images/ubuntu/Ubuntu2404-Readme.md
2025-04-23T14:10:44.9949087Z Image Release: https://github.com/actions/runner-images/releases/tag/ubuntu24%2F20250420.1
2025-04-23T14:10:44.9951246Z ##[endgroup]
2025-04-23T14:10:44.9952928Z ##[group]Runner Image Provisioner
2025-04-23T14:10:44.9954327Z 2.0.422.1
2025-04-23T14:10:44.9955647Z ##[endgroup]
2025-04-23T14:10:44.9958443Z ##[group]GITHUB_TOKEN Permissions
2025-04-23T14:10:44.9962148Z Contents: read
2025-04-23T14:10:44.9963552Z Metadata: read
2025-04-23T14:10:44.9965189Z Packages: read
2025-04-23T14:10:44.9966809Z ##[endgroup]
2025-04-23T14:10:44.9970870Z Secret source: Actions
2025-04-23T14:10:44.9972781Z Prepare workflow directory
2025-04-23T14:10:45.0529042Z Prepare all required actions
2025-04-23T14:10:45.0585988Z Getting action download info
2025-04-23T14:10:45.4884840Z ##[group]Download immutable action package 'actions/checkout@v3'
2025-04-23T14:10:45.4886253Z Version: 3.6.0
2025-04-23T14:10:45.4887553Z Digest: sha256:942562b9c7d4b1f2557f1da21f4d3eb4eb4fd01f2ad78b2a6e187d1b193e0a0f
2025-04-23T14:10:45.4889123Z Source commit SHA: f43a0e5ff2bd294095638e18286ca9a3d1956744
2025-04-23T14:10:45.4890117Z ##[endgroup]
2025-04-23T14:10:45.5791022Z ##[group]Download immutable action package 'actions/setup-java@v3'
2025-04-23T14:10:45.5792159Z Version: 3.14.1
2025-04-23T14:10:45.5793008Z Digest: sha256:0f5994bd85f236d7525048fec5b0b7b3ec7474ec50184c8f78a320717cfb3d51
2025-04-23T14:10:45.5794096Z Source commit SHA: 17f84c3641ba7b8f6deff6309fc4c864478f5d62
2025-04-23T14:10:45.5794924Z ##[endgroup]
2025-04-23T14:10:45.9111708Z Complete job name: build-and-deploy
2025-04-23T14:10:45.9866833Z ##[group]Run actions/checkout@v3
2025-04-23T14:10:45.9868388Z with:
2025-04-23T14:10:45.9869443Z   repository: sai-pranay-teja/JobManagement
2025-04-23T14:10:45.9871024Z   token: ***
2025-04-23T14:10:45.9872244Z   ssh-strict: true
2025-04-23T14:10:45.9873320Z   persist-credentials: true
2025-04-23T14:10:45.9874449Z   clean: true
2025-04-23T14:10:45.9875445Z   sparse-checkout-cone-mode: true
2025-04-23T14:10:45.9876666Z   fetch-depth: 1
2025-04-23T14:10:45.9877714Z   fetch-tags: false
2025-04-23T14:10:45.9878716Z   lfs: false
2025-04-23T14:10:45.9879685Z   submodules: false
2025-04-23T14:10:45.9880701Z   set-safe-directory: true
2025-04-23T14:10:45.9882798Z env:
2025-04-23T14:10:45.9883764Z   REMOTE_HOST: 18.60.149.136
2025-04-23T14:10:45.9884811Z   REMOTE_USER: ubuntu
2025-04-23T14:10:45.9885868Z   REMOTE_BACKUP_DIR: /tmp/actions_bak
2025-04-23T14:10:45.9886999Z ##[endgroup]
2025-04-23T14:10:46.2018777Z Syncing repository: sai-pranay-teja/JobManagement
2025-04-23T14:10:46.2022321Z ##[group]Getting Git version info
2025-04-23T14:10:46.2023971Z Working directory is '/home/runner/work/JobManagement/JobManagement'
2025-04-23T14:10:46.2026288Z [command]/usr/bin/git version
2025-04-23T14:10:46.2078341Z git version 2.49.0
2025-04-23T14:10:46.2110557Z ##[endgroup]
2025-04-23T14:10:46.2130164Z Temporarily overriding HOME='/home/runner/work/_temp/221fb2e3-03e3-42b6-9c7e-c4a79f4053db' before making global git config changes
2025-04-23T14:10:46.2133164Z Adding repository directory to the temporary git global config as a safe directory
2025-04-23T14:10:46.2135638Z [command]/usr/bin/git config --global --add safe.directory /home/runner/work/JobManagement/JobManagement
2025-04-23T14:10:46.2170578Z Deleting the contents of '/home/runner/work/JobManagement/JobManagement'
2025-04-23T14:10:46.2174940Z ##[group]Initializing the repository
2025-04-23T14:10:46.2178812Z [command]/usr/bin/git init /home/runner/work/JobManagement/JobManagement
2025-04-23T14:10:46.2247457Z hint: Using 'master' as the name for the initial branch. This default branch name
2025-04-23T14:10:46.2248908Z hint: is subject to change. To configure the initial branch name to use in all
2025-04-23T14:10:46.2250046Z hint: of your new repositories, which will suppress this warning, call:
2025-04-23T14:10:46.2250927Z hint:
2025-04-23T14:10:46.2251836Z hint: 	git config --global init.defaultBranch <name>
2025-04-23T14:10:46.2252646Z hint:
2025-04-23T14:10:46.2253645Z hint: Names commonly chosen instead of 'master' are 'main', 'trunk' and
2025-04-23T14:10:46.2255162Z hint: 'development'. The just-created branch can be renamed via this command:
2025-04-23T14:10:46.2256740Z hint:
2025-04-23T14:10:46.2257811Z hint: 	git branch -m <name>
2025-04-23T14:10:46.2259551Z Initialized empty Git repository in /home/runner/work/JobManagement/JobManagement/.git/
2025-04-23T14:10:46.2266131Z [command]/usr/bin/git remote add origin https://github.com/sai-pranay-teja/JobManagement
2025-04-23T14:10:46.2298379Z ##[endgroup]
2025-04-23T14:10:46.2300060Z ##[group]Disabling automatic garbage collection
2025-04-23T14:10:46.2301740Z [command]/usr/bin/git config --local gc.auto 0
2025-04-23T14:10:46.2328655Z ##[endgroup]
2025-04-23T14:10:46.2330361Z ##[group]Setting up auth
2025-04-23T14:10:46.2334924Z [command]/usr/bin/git config --local --name-only --get-regexp core\.sshCommand
2025-04-23T14:10:46.2363115Z [command]/usr/bin/git submodule foreach --recursive sh -c "git config --local --name-only --get-regexp 'core\.sshCommand' && git config --local --unset-all 'core.sshCommand' || :"
2025-04-23T14:10:46.2671670Z [command]/usr/bin/git config --local --name-only --get-regexp http\.https\:\/\/github\.com\/\.extraheader
2025-04-23T14:10:46.2699980Z [command]/usr/bin/git submodule foreach --recursive sh -c "git config --local --name-only --get-regexp 'http\.https\:\/\/github\.com\/\.extraheader' && git config --local --unset-all 'http.https://github.com/.extraheader' || :"
2025-04-23T14:10:46.2915874Z [command]/usr/bin/git config --local http.https://github.com/.extraheader AUTHORIZATION: basic ***
2025-04-23T14:10:46.2986529Z ##[endgroup]
2025-04-23T14:10:46.2988021Z ##[group]Fetching the repository
2025-04-23T14:10:46.2995517Z [command]/usr/bin/git -c protocol.version=2 fetch --no-tags --prune --progress --no-recurse-submodules --depth=1 origin +dcfda55ab4395c3543c77808538956e1dd35b838:refs/remotes/origin/main
2025-04-23T14:10:46.6183492Z remote: Enumerating objects: 125, done.        
2025-04-23T14:10:46.6184994Z remote: Counting objects:   0% (1/125)        
2025-04-23T14:10:46.6186265Z remote: Counting objects:   1% (2/125)        
2025-04-23T14:10:46.6187514Z remote: Counting objects:   2% (3/125)        
2025-04-23T14:10:46.6188762Z remote: Counting objects:   3% (4/125)        
2025-04-23T14:10:46.6190010Z remote: Counting objects:   4% (5/125)        
2025-04-23T14:10:46.6191260Z remote: Counting objects:   5% (7/125)        
2025-04-23T14:10:46.6192850Z remote: Counting objects:   6% (8/125)        
2025-04-23T14:10:46.6194265Z remote: Counting objects:   7% (9/125)        
2025-04-23T14:10:46.6195611Z remote: Counting objects:   8% (10/125)        
2025-04-23T14:10:46.6196936Z remote: Counting objects:   9% (12/125)        
2025-04-23T14:10:46.6198226Z remote: Counting objects:  10% (13/125)        
2025-04-23T14:10:46.6199570Z remote: Counting objects:  11% (14/125)        
2025-04-23T14:10:46.6200953Z remote: Counting objects:  12% (15/125)        
2025-04-23T14:10:46.6202810Z remote: Counting objects:  13% (17/125)        
2025-04-23T14:10:46.6204546Z remote: Counting objects:  14% (18/125)        
2025-04-23T14:10:46.6206277Z remote: Counting objects:  15% (19/125)        
2025-04-23T14:10:46.6208018Z remote: Counting objects:  16% (20/125)        
2025-04-23T14:10:46.6209787Z remote: Counting objects:  17% (22/125)        
2025-04-23T14:10:46.6211728Z remote: Counting objects:  18% (23/125)        
2025-04-23T14:10:46.6213504Z remote: Counting objects:  19% (24/125)        
2025-04-23T14:10:46.6215595Z remote: Counting objects:  20% (25/125)        
2025-04-23T14:10:46.6217356Z remote: Counting objects:  21% (27/125)        
2025-04-23T14:10:46.6219118Z remote: Counting objects:  22% (28/125)        
2025-04-23T14:10:46.6220897Z remote: Counting objects:  23% (29/125)        
2025-04-23T14:10:46.6222955Z remote: Counting objects:  24% (30/125)        
2025-04-23T14:10:46.6224756Z remote: Counting objects:  25% (32/125)        
2025-04-23T14:10:46.6226573Z remote: Counting objects:  26% (33/125)        
2025-04-23T14:10:46.6228389Z remote: Counting objects:  27% (34/125)        
2025-04-23T14:10:46.6230303Z remote: Counting objects:  28% (35/125)        
2025-04-23T14:10:46.6233250Z remote: Counting objects:  29% (37/125)        
2025-04-23T14:10:46.6235448Z remote: Counting objects:  30% (38/125)        
2025-04-23T14:10:46.6237392Z remote: Counting objects:  31% (39/125)        
2025-04-23T14:10:46.6239429Z remote: Counting objects:  32% (40/125)        
2025-04-23T14:10:46.6241123Z remote: Counting objects:  33% (42/125)        
2025-04-23T14:10:46.6243658Z remote: Counting objects:  34% (43/125)        
2025-04-23T14:10:46.6245962Z remote: Counting objects:  35% (44/125)        
2025-04-23T14:10:46.6248016Z remote: Counting objects:  36% (45/125)        
2025-04-23T14:10:46.6250321Z remote: Counting objects:  37% (47/125)        
2025-04-23T14:10:46.6252405Z remote: Counting objects:  38% (48/125)        
2025-04-23T14:10:46.6254549Z remote: Counting objects:  39% (49/125)        
2025-04-23T14:10:46.6256752Z remote: Counting objects:  40% (50/125)        
2025-04-23T14:10:46.6258601Z remote: Counting objects:  41% (52/125)        
2025-04-23T14:10:46.6260387Z remote: Counting objects:  42% (53/125)        
2025-04-23T14:10:46.6262489Z remote: Counting objects:  43% (54/125)        
2025-04-23T14:10:46.6264303Z remote: Counting objects:  44% (55/125)        
2025-04-23T14:10:46.6266129Z remote: Counting objects:  45% (57/125)        
2025-04-23T14:10:46.6267949Z remote: Counting objects:  46% (58/125)        
2025-04-23T14:10:46.6270018Z remote: Counting objects:  47% (59/125)        
2025-04-23T14:10:46.6272075Z remote: Counting objects:  48% (60/125)        
2025-04-23T14:10:46.6273889Z remote: Counting objects:  49% (62/125)        
2025-04-23T14:10:46.6275647Z remote: Counting objects:  50% (63/125)        
2025-04-23T14:10:46.6277753Z remote: Counting objects:  51% (64/125)        
2025-04-23T14:10:46.6280212Z remote: Counting objects:  52% (65/125)        
2025-04-23T14:10:46.6282992Z remote: Counting objects:  53% (67/125)        
2025-04-23T14:10:46.6284944Z remote: Counting objects:  54% (68/125)        
2025-04-23T14:10:46.6286908Z remote: Counting objects:  55% (69/125)        
2025-04-23T14:10:46.6288813Z remote: Counting objects:  56% (70/125)        
2025-04-23T14:10:46.6291192Z remote: Counting objects:  57% (72/125)        
2025-04-23T14:10:46.6294072Z remote: Counting objects:  58% (73/125)        
2025-04-23T14:10:46.6296812Z remote: Counting objects:  59% (74/125)        
2025-04-23T14:10:46.6299410Z remote: Counting objects:  60% (75/125)        
2025-04-23T14:10:46.6302415Z remote: Counting objects:  61% (77/125)        
2025-04-23T14:10:46.6304822Z remote: Counting objects:  62% (78/125)        
2025-04-23T14:10:46.6307068Z remote: Counting objects:  63% (79/125)        
2025-04-23T14:10:46.6308775Z remote: Counting objects:  64% (80/125)        
2025-04-23T14:10:46.6310495Z remote: Counting objects:  65% (82/125)        
2025-04-23T14:10:46.6312483Z remote: Counting objects:  66% (83/125)        
2025-04-23T14:10:46.6314180Z remote: Counting objects:  67% (84/125)        
2025-04-23T14:10:46.6315866Z remote: Counting objects:  68% (85/125)        
2025-04-23T14:10:46.6317563Z remote: Counting objects:  69% (87/125)        
2025-04-23T14:10:46.6319269Z remote: Counting objects:  70% (88/125)        
2025-04-23T14:10:46.6321265Z remote: Counting objects:  71% (89/125)        
2025-04-23T14:10:46.6323147Z remote: Counting objects:  72% (90/125)        
2025-04-23T14:10:46.6324879Z remote: Counting objects:  73% (92/125)        
2025-04-23T14:10:46.6326863Z remote: Counting objects:  74% (93/125)        
2025-04-23T14:10:46.6328582Z remote: Counting objects:  75% (94/125)        
2025-04-23T14:10:46.6330331Z remote: Counting objects:  76% (95/125)        
2025-04-23T14:10:46.6332346Z remote: Counting objects:  77% (97/125)        
2025-04-23T14:10:46.6334168Z remote: Counting objects:  78% (98/125)        
2025-04-23T14:10:46.6335950Z remote: Counting objects:  79% (99/125)        
2025-04-23T14:10:46.6337659Z remote: Counting objects:  80% (100/125)        
2025-04-23T14:10:46.6339368Z remote: Counting objects:  81% (102/125)        
2025-04-23T14:10:46.6341215Z remote: Counting objects:  82% (103/125)        
2025-04-23T14:10:46.6343161Z remote: Counting objects:  83% (104/125)        
2025-04-23T14:10:46.6344861Z remote: Counting objects:  84% (105/125)        
2025-04-23T14:10:46.6346561Z remote: Counting objects:  85% (107/125)        
2025-04-23T14:10:46.6348254Z remote: Counting objects:  86% (108/125)        
2025-04-23T14:10:46.6350183Z remote: Counting objects:  87% (109/125)        
2025-04-23T14:10:46.6352279Z remote: Counting objects:  88% (110/125)        
2025-04-23T14:10:46.6354435Z remote: Counting objects:  89% (112/125)        
2025-04-23T14:10:46.6357285Z remote: Counting objects:  90% (113/125)        
2025-04-23T14:10:46.6359875Z remote: Counting objects:  91% (114/125)        
2025-04-23T14:10:46.6362242Z remote: Counting objects:  92% (115/125)        
2025-04-23T14:10:46.6364735Z remote: Counting objects:  93% (117/125)        
2025-04-23T14:10:46.6367407Z remote: Counting objects:  94% (118/125)        
2025-04-23T14:10:46.6370183Z remote: Counting objects:  95% (119/125)        
2025-04-23T14:10:46.6373308Z remote: Counting objects:  96% (120/125)        
2025-04-23T14:10:46.6376039Z remote: Counting objects:  97% (122/125)        
2025-04-23T14:10:46.6378849Z remote: Counting objects:  98% (123/125)        
2025-04-23T14:10:46.6380826Z remote: Counting objects:  99% (124/125)        
2025-04-23T14:10:46.6383005Z remote: Counting objects: 100% (125/125)        
2025-04-23T14:10:46.6384795Z remote: Counting objects: 100% (125/125), done.        
2025-04-23T14:10:46.6386614Z remote: Compressing objects:   1% (1/75)        
2025-04-23T14:10:46.6388316Z remote: Compressing objects:   2% (2/75)        
2025-04-23T14:10:46.6390230Z remote: Compressing objects:   4% (3/75)        
2025-04-23T14:10:46.6392057Z remote: Compressing objects:   5% (4/75)        
2025-04-23T14:10:46.6393753Z remote: Compressing objects:   6% (5/75)        
2025-04-23T14:10:46.6395450Z remote: Compressing objects:   8% (6/75)        
2025-04-23T14:10:46.6397150Z remote: Compressing objects:   9% (7/75)        
2025-04-23T14:10:46.6398833Z remote: Compressing objects:  10% (8/75)        
2025-04-23T14:10:46.6400542Z remote: Compressing objects:  12% (9/75)        
2025-04-23T14:10:46.6402328Z remote: Compressing objects:  13% (10/75)        
2025-04-23T14:10:46.6404011Z remote: Compressing objects:  14% (11/75)        
2025-04-23T14:10:46.6405999Z remote: Compressing objects:  16% (12/75)        
2025-04-23T14:10:46.6407683Z remote: Compressing objects:  17% (13/75)        
2025-04-23T14:10:46.6409364Z remote: Compressing objects:  18% (14/75)        
2025-04-23T14:10:46.6411045Z remote: Compressing objects:  20% (15/75)        
2025-04-23T14:10:46.6413215Z remote: Compressing objects:  21% (16/75)        
2025-04-23T14:10:46.6415547Z remote: Compressing objects:  22% (17/75)        
2025-04-23T14:10:46.6417300Z remote: Compressing objects:  24% (18/75)        
2025-04-23T14:10:46.6419008Z remote: Compressing objects:  25% (19/75)        
2025-04-23T14:10:46.6420725Z remote: Compressing objects:  26% (20/75)        
2025-04-23T14:10:46.6422708Z remote: Compressing objects:  28% (21/75)        
2025-04-23T14:10:46.6424426Z remote: Compressing objects:  29% (22/75)        
2025-04-23T14:10:46.6426146Z remote: Compressing objects:  30% (23/75)        
2025-04-23T14:10:46.6427849Z remote: Compressing objects:  32% (24/75)        
2025-04-23T14:10:46.6430234Z remote: Compressing objects:  33% (25/75)        
2025-04-23T14:10:46.6432091Z remote: Compressing objects:  34% (26/75)        
2025-04-23T14:10:46.6433787Z remote: Compressing objects:  36% (27/75)        
2025-04-23T14:10:46.6435450Z remote: Compressing objects:  37% (28/75)        
2025-04-23T14:10:46.6437118Z remote: Compressing objects:  38% (29/75)        
2025-04-23T14:10:46.6438796Z remote: Compressing objects:  40% (30/75)        
2025-04-23T14:10:46.6440460Z remote: Compressing objects:  41% (31/75)        
2025-04-23T14:10:46.6442658Z remote: Compressing objects:  42% (32/75)        
2025-04-23T14:10:46.6444584Z remote: Compressing objects:  44% (33/75)        
2025-04-23T14:10:46.6446271Z remote: Compressing objects:  45% (34/75)        
2025-04-23T14:10:46.6447939Z remote: Compressing objects:  46% (35/75)        
2025-04-23T14:10:46.6449611Z remote: Compressing objects:  48% (36/75)        
2025-04-23T14:10:46.6451279Z remote: Compressing objects:  49% (37/75)        
2025-04-23T14:10:46.6453360Z remote: Compressing objects:  50% (38/75)        
2025-04-23T14:10:46.6455037Z remote: Compressing objects:  52% (39/75)        
2025-04-23T14:10:46.6456692Z remote: Compressing objects:  53% (40/75)        
2025-04-23T14:10:46.6458346Z remote: Compressing objects:  54% (41/75)        
2025-04-23T14:10:46.6460151Z remote: Compressing objects:  56% (42/75)        
2025-04-23T14:10:46.6462060Z remote: Compressing objects:  57% (43/75)        
2025-04-23T14:10:46.6463762Z remote: Compressing objects:  58% (44/75)        
2025-04-23T14:10:46.6465441Z remote: Compressing objects:  60% (45/75)        
2025-04-23T14:10:46.6467332Z remote: Compressing objects:  61% (46/75)        
2025-04-23T14:10:46.6469199Z remote: Compressing objects:  62% (47/75)        
2025-04-23T14:10:46.6470874Z remote: Compressing objects:  64% (48/75)        
2025-04-23T14:10:46.6472739Z remote: Compressing objects:  65% (49/75)        
2025-04-23T14:10:46.6474392Z remote: Compressing objects:  66% (50/75)        
2025-04-23T14:10:46.6476240Z remote: Compressing objects:  68% (51/75)        
2025-04-23T14:10:46.6477920Z remote: Compressing objects:  69% (52/75)        
2025-04-23T14:10:46.6479604Z remote: Compressing objects:  70% (53/75)        
2025-04-23T14:10:46.6481243Z remote: Compressing objects:  72% (54/75)        
2025-04-23T14:10:46.6483168Z remote: Compressing objects:  73% (55/75)        
2025-04-23T14:10:46.6485019Z remote: Compressing objects:  74% (56/75)        
2025-04-23T14:10:46.6486693Z remote: Compressing objects:  76% (57/75)        
2025-04-23T14:10:46.6488321Z remote: Compressing objects:  77% (58/75)        
2025-04-23T14:10:46.6489953Z remote: Compressing objects:  78% (59/75)        
2025-04-23T14:10:46.6491696Z remote: Compressing objects:  80% (60/75)        
2025-04-23T14:10:46.6493325Z remote: Compressing objects:  81% (61/75)        
2025-04-23T14:10:46.6494954Z remote: Compressing objects:  82% (62/75)        
2025-04-23T14:10:46.6496587Z remote: Compressing objects:  84% (63/75)        
2025-04-23T14:10:46.6498504Z remote: Compressing objects:  85% (64/75)        
2025-04-23T14:10:46.6500156Z remote: Compressing objects:  86% (65/75)        
2025-04-23T14:10:46.6502033Z remote: Compressing objects:  88% (66/75)        
2025-04-23T14:10:46.6503695Z remote: Compressing objects:  89% (67/75)        
2025-04-23T14:10:46.6505346Z remote: Compressing objects:  90% (68/75)        
2025-04-23T14:10:46.6506986Z remote: Compressing objects:  92% (69/75)        
2025-04-23T14:10:46.6508601Z remote: Compressing objects:  93% (70/75)        
2025-04-23T14:10:46.6510233Z remote: Compressing objects:  94% (71/75)        
2025-04-23T14:10:46.6512017Z remote: Compressing objects:  96% (72/75)        
2025-04-23T14:10:46.6513834Z remote: Compressing objects:  97% (73/75)        
2025-04-23T14:10:46.6515622Z remote: Compressing objects:  98% (74/75)        
2025-04-23T14:10:46.6517283Z remote: Compressing objects: 100% (75/75)        
2025-04-23T14:10:46.6519007Z remote: Compressing objects: 100% (75/75), done.        
2025-04-23T14:10:46.6520991Z Receiving objects:   0% (1/125)
2025-04-23T14:10:46.6522444Z Receiving objects:   1% (2/125)
2025-04-23T14:10:46.6523979Z Receiving objects:   2% (3/125)
2025-04-23T14:10:46.6525295Z Receiving objects:   3% (4/125)
2025-04-23T14:10:46.6526611Z Receiving objects:   4% (5/125)
2025-04-23T14:10:46.6527899Z Receiving objects:   5% (7/125)
2025-04-23T14:10:46.6529209Z Receiving objects:   6% (8/125)
2025-04-23T14:10:46.6530505Z Receiving objects:   7% (9/125)
2025-04-23T14:10:46.6532022Z Receiving objects:   8% (10/125)
2025-04-23T14:10:46.6533396Z Receiving objects:   9% (12/125)
2025-04-23T14:10:46.6534726Z Receiving objects:  10% (13/125)
2025-04-23T14:10:46.6536067Z Receiving objects:  11% (14/125)
2025-04-23T14:10:46.6537529Z Receiving objects:  12% (15/125)
2025-04-23T14:10:46.6539154Z Receiving objects:  13% (17/125)
2025-04-23T14:10:46.6540651Z Receiving objects:  14% (18/125)
2025-04-23T14:10:46.6542234Z Receiving objects:  15% (19/125)
2025-04-23T14:10:46.6543610Z Receiving objects:  16% (20/125)
2025-04-23T14:10:46.6544960Z Receiving objects:  17% (22/125)
2025-04-23T14:10:46.6546307Z Receiving objects:  18% (23/125)
2025-04-23T14:10:46.6547633Z Receiving objects:  19% (24/125)
2025-04-23T14:10:46.6548957Z Receiving objects:  20% (25/125)
2025-04-23T14:10:46.6550284Z Receiving objects:  21% (27/125)
2025-04-23T14:10:46.6551901Z Receiving objects:  22% (28/125)
2025-04-23T14:10:46.6553269Z Receiving objects:  23% (29/125)
2025-04-23T14:10:46.6554610Z Receiving objects:  24% (30/125)
2025-04-23T14:10:46.6555947Z Receiving objects:  25% (32/125)
2025-04-23T14:10:46.6557274Z Receiving objects:  26% (33/125)
2025-04-23T14:10:46.6558591Z Receiving objects:  27% (34/125)
2025-04-23T14:10:46.6559907Z Receiving objects:  28% (35/125)
2025-04-23T14:10:46.6561243Z Receiving objects:  29% (37/125)
2025-04-23T14:10:46.6562783Z Receiving objects:  30% (38/125)
2025-04-23T14:10:46.6564126Z Receiving objects:  31% (39/125)
2025-04-23T14:10:46.6565461Z Receiving objects:  32% (40/125)
2025-04-23T14:10:46.6566964Z Receiving objects:  33% (42/125)
2025-04-23T14:10:46.6568303Z Receiving objects:  34% (43/125)
2025-04-23T14:10:46.6569845Z Receiving objects:  35% (44/125)
2025-04-23T14:10:46.6571191Z Receiving objects:  36% (45/125)
2025-04-23T14:10:46.6572638Z Receiving objects:  37% (47/125)
2025-04-23T14:10:46.6573963Z Receiving objects:  38% (48/125)
2025-04-23T14:10:46.6575297Z Receiving objects:  39% (49/125)
2025-04-23T14:10:46.6576615Z Receiving objects:  40% (50/125)
2025-04-23T14:10:46.6578135Z Receiving objects:  41% (52/125)
2025-04-23T14:10:46.6579555Z Receiving objects:  42% (53/125)
2025-04-23T14:10:46.6580892Z Receiving objects:  43% (54/125)
2025-04-23T14:10:46.6582321Z Receiving objects:  44% (55/125)
2025-04-23T14:10:46.6583646Z Receiving objects:  45% (57/125)
2025-04-23T14:10:46.6584973Z Receiving objects:  46% (58/125)
2025-04-23T14:10:46.6586370Z Receiving objects:  47% (59/125)
2025-04-23T14:10:46.6712408Z Receiving objects:  48% (60/125)
2025-04-23T14:10:46.6874479Z Receiving objects:  49% (62/125)
2025-04-23T14:10:46.7884824Z Receiving objects:  50% (63/125)
2025-04-23T14:10:46.7889087Z Receiving objects:  51% (64/125)
2025-04-23T14:10:46.8798099Z Receiving objects:  52% (65/125)
2025-04-23T14:10:46.8799741Z Receiving objects:  53% (67/125)
2025-04-23T14:10:46.8800607Z Receiving objects:  54% (68/125)
2025-04-23T14:10:46.8801687Z Receiving objects:  55% (69/125)
2025-04-23T14:10:46.8802611Z Receiving objects:  56% (70/125)
2025-04-23T14:10:46.8803552Z Receiving objects:  57% (72/125)
2025-04-23T14:10:46.8804462Z Receiving objects:  58% (73/125)
2025-04-23T14:10:46.8805377Z Receiving objects:  59% (74/125)
2025-04-23T14:10:46.8806287Z Receiving objects:  60% (75/125)
2025-04-23T14:10:46.8807196Z Receiving objects:  61% (77/125)
2025-04-23T14:10:46.8808065Z Receiving objects:  62% (78/125)
2025-04-23T14:10:46.8808926Z Receiving objects:  63% (79/125)
2025-04-23T14:10:46.8809773Z Receiving objects:  64% (80/125)
2025-04-23T14:10:46.8810634Z Receiving objects:  65% (82/125)
2025-04-23T14:10:46.8812325Z Receiving objects:  66% (83/125)
2025-04-23T14:10:46.8813406Z Receiving objects:  67% (84/125)
2025-04-23T14:10:46.8814544Z Receiving objects:  68% (85/125)
2025-04-23T14:10:46.8815668Z Receiving objects:  69% (87/125)
2025-04-23T14:10:46.8816792Z Receiving objects:  70% (88/125)
2025-04-23T14:10:46.8817845Z Receiving objects:  71% (89/125)
2025-04-23T14:10:46.8818936Z Receiving objects:  72% (90/125)
2025-04-23T14:10:46.8820139Z Receiving objects:  73% (92/125)
2025-04-23T14:10:46.8821221Z Receiving objects:  74% (93/125)
2025-04-23T14:10:46.8822455Z Receiving objects:  75% (94/125)
2025-04-23T14:10:46.8823411Z Receiving objects:  76% (95/125)
2025-04-23T14:10:46.8824204Z Receiving objects:  77% (97/125)
2025-04-23T14:10:46.8826483Z Receiving objects:  78% (98/125)
2025-04-23T14:10:46.8828581Z Receiving objects:  79% (99/125)
2025-04-23T14:10:46.8831100Z Receiving objects:  80% (100/125)
2025-04-23T14:10:46.8833287Z Receiving objects:  81% (102/125)
2025-04-23T14:10:46.8835782Z Receiving objects:  82% (103/125)
2025-04-23T14:10:46.8836935Z Receiving objects:  83% (104/125)
2025-04-23T14:10:46.8838180Z remote: Total 125 (delta 54), reused 92 (delta 45), pack-reused 0 (from 0)        
2025-04-23T14:10:46.8841226Z Receiving objects:  84% (105/125)
2025-04-23T14:10:46.8844149Z Receiving objects:  85% (107/125)
2025-04-23T14:10:46.8845567Z Receiving objects:  86% (108/125)
2025-04-23T14:10:46.8846645Z Receiving objects:  87% (109/125)
2025-04-23T14:10:46.8847679Z Receiving objects:  88% (110/125)
2025-04-23T14:10:46.8848686Z Receiving objects:  89% (112/125)
2025-04-23T14:10:46.8849781Z Receiving objects:  90% (113/125)
2025-04-23T14:10:46.8850864Z Receiving objects:  91% (114/125)
2025-04-23T14:10:46.8852172Z Receiving objects:  92% (115/125)
2025-04-23T14:10:46.8853265Z Receiving objects:  93% (117/125)
2025-04-23T14:10:46.8854304Z Receiving objects:  94% (118/125)
2025-04-23T14:10:46.8855333Z Receiving objects:  95% (119/125)
2025-04-23T14:10:46.8856405Z Receiving objects:  96% (120/125)
2025-04-23T14:10:46.8857733Z Receiving objects:  97% (122/125)
2025-04-23T14:10:46.8858778Z Receiving objects:  98% (123/125)
2025-04-23T14:10:46.8859795Z Receiving objects:  99% (124/125)
2025-04-23T14:10:46.8860829Z Receiving objects: 100% (125/125)
2025-04-23T14:10:46.8862229Z Receiving objects: 100% (125/125), 8.82 MiB | 35.43 MiB/s, done.
2025-04-23T14:10:46.8863494Z Resolving deltas:   0% (0/54)
2025-04-23T14:10:46.8864462Z Resolving deltas:   1% (1/54)
2025-04-23T14:10:46.8865546Z Resolving deltas:   3% (2/54)
2025-04-23T14:10:46.8866530Z Resolving deltas:   5% (3/54)
2025-04-23T14:10:46.8867508Z Resolving deltas:   7% (4/54)
2025-04-23T14:10:46.8868470Z Resolving deltas:   9% (5/54)
2025-04-23T14:10:46.8869408Z Resolving deltas:  11% (6/54)
2025-04-23T14:10:46.8870351Z Resolving deltas:  12% (7/54)
2025-04-23T14:10:46.8871285Z Resolving deltas:  14% (8/54)
2025-04-23T14:10:46.8872391Z Resolving deltas:  16% (9/54)
2025-04-23T14:10:46.8873386Z Resolving deltas:  18% (10/54)
2025-04-23T14:10:46.8874128Z Resolving deltas:  20% (11/54)
2025-04-23T14:10:46.8874713Z Resolving deltas:  22% (12/54)
2025-04-23T14:10:46.8875267Z Resolving deltas:  24% (13/54)
2025-04-23T14:10:46.8875936Z Resolving deltas:  25% (14/54)
2025-04-23T14:10:46.8876495Z Resolving deltas:  27% (15/54)
2025-04-23T14:10:46.8877414Z Resolving deltas:  29% (16/54)
2025-04-23T14:10:46.8878403Z Resolving deltas:  31% (17/54)
2025-04-23T14:10:46.8879338Z Resolving deltas:  33% (18/54)
2025-04-23T14:10:46.8880289Z Resolving deltas:  35% (19/54)
2025-04-23T14:10:46.8881247Z Resolving deltas:  37% (20/54)
2025-04-23T14:10:46.8882430Z Resolving deltas:  38% (21/54)
2025-04-23T14:10:46.8883389Z Resolving deltas:  40% (22/54)
2025-04-23T14:10:46.8884336Z Resolving deltas:  42% (23/54)
2025-04-23T14:10:46.8885279Z Resolving deltas:  44% (24/54)
2025-04-23T14:10:46.8886224Z Resolving deltas:  46% (25/54)
2025-04-23T14:10:46.8887180Z Resolving deltas:  48% (26/54)
2025-04-23T14:10:46.8888138Z Resolving deltas:  50% (27/54)
2025-04-23T14:10:46.8889414Z Resolving deltas:  51% (28/54)
2025-04-23T14:10:46.8890185Z Resolving deltas:  55% (30/54)
2025-04-23T14:10:46.8890742Z Resolving deltas:  57% (31/54)
2025-04-23T14:10:46.8891853Z Resolving deltas:  59% (32/54)
2025-04-23T14:10:46.8893238Z Resolving deltas:  62% (34/54)
2025-04-23T14:10:46.8898526Z Resolving deltas:  64% (35/54)
2025-04-23T14:10:46.8899538Z Resolving deltas:  68% (37/54)
2025-04-23T14:10:46.8900771Z Resolving deltas:  70% (38/54)
2025-04-23T14:10:46.8902471Z Resolving deltas:  72% (39/54)
2025-04-23T14:10:46.8903532Z Resolving deltas:  74% (40/54)
2025-04-23T14:10:46.8905537Z Resolving deltas:  75% (41/54)
2025-04-23T14:10:46.8906519Z Resolving deltas:  77% (42/54)
2025-04-23T14:10:46.8910032Z Resolving deltas:  79% (43/54)
2025-04-23T14:10:46.8911195Z Resolving deltas:  81% (44/54)
2025-04-23T14:10:46.8912755Z Resolving deltas:  83% (45/54)
2025-04-23T14:10:46.8913755Z Resolving deltas:  85% (46/54)
2025-04-23T14:10:46.8914685Z Resolving deltas:  87% (47/54)
2025-04-23T14:10:46.8915629Z Resolving deltas:  88% (48/54)
2025-04-23T14:10:46.8919390Z Resolving deltas:  90% (49/54)
2025-04-23T14:10:46.8920410Z Resolving deltas:  92% (50/54)
2025-04-23T14:10:46.8941674Z Resolving deltas:  94% (51/54)
2025-04-23T14:10:46.8942643Z Resolving deltas:  96% (52/54)
2025-04-23T14:10:46.8943544Z Resolving deltas:  98% (53/54)
2025-04-23T14:10:46.8944515Z Resolving deltas: 100% (54/54)
2025-04-23T14:10:46.8945466Z Resolving deltas: 100% (54/54), done.
2025-04-23T14:10:46.9102697Z From https://github.com/sai-pranay-teja/JobManagement
2025-04-23T14:10:46.9103789Z  * [new ref]         dcfda55ab4395c3543c77808538956e1dd35b838 -> origin/main
2025-04-23T14:10:46.9134213Z ##[endgroup]
2025-04-23T14:10:46.9136077Z ##[group]Determining the checkout info
2025-04-23T14:10:46.9138372Z ##[endgroup]
2025-04-23T14:10:46.9140278Z ##[group]Checking out the ref
2025-04-23T14:10:46.9142452Z [command]/usr/bin/git checkout --progress --force -B main refs/remotes/origin/main
2025-04-23T14:10:46.9683173Z Switched to a new branch 'main'
2025-04-23T14:10:46.9685689Z branch 'main' set up to track 'origin/main'.
2025-04-23T14:10:46.9697384Z ##[endgroup]
2025-04-23T14:10:46.9733611Z [command]/usr/bin/git log -1 --format='%H'
2025-04-23T14:10:46.9755484Z 'dcfda55ab4395c3543c77808538956e1dd35b838'
2025-04-23T14:10:47.0006733Z ##[group]Run actions/setup-java@v3
2025-04-23T14:10:47.0007334Z with:
2025-04-23T14:10:47.0007803Z   java-version: 17
2025-04-23T14:10:47.0008281Z   distribution: corretto
2025-04-23T14:10:47.0008788Z   java-package: jdk
2025-04-23T14:10:47.0009252Z   check-latest: false
2025-04-23T14:10:47.0009729Z   server-id: github
2025-04-23T14:10:47.0010207Z   server-username: GITHUB_ACTOR
2025-04-23T14:10:47.0010718Z   server-password: GITHUB_TOKEN
2025-04-23T14:10:47.0011239Z   overwrite-settings: true
2025-04-23T14:10:47.0011881Z   job-status: success
2025-04-23T14:10:47.0012503Z   token: ***
2025-04-23T14:10:47.0012962Z env:
2025-04-23T14:10:47.0013412Z   REMOTE_HOST: 18.60.149.136
2025-04-23T14:10:47.0013933Z   REMOTE_USER: ubuntu
2025-04-23T14:10:47.0014435Z   REMOTE_BACKUP_DIR: /tmp/actions_bak
2025-04-23T14:10:47.0014989Z ##[endgroup]
2025-04-23T14:10:47.1993812Z ##[group]Installed distributions
2025-04-23T14:10:47.2018029Z Trying to resolve the latest version from remote
2025-04-23T14:10:47.2812966Z Resolved latest version as 17.0.15+6.1
2025-04-23T14:10:47.2813978Z Trying to download...
2025-04-23T14:10:47.2815354Z Downloading Java 17.0.15+6.1 (Corretto) from https://corretto.aws/downloads/resources/17.0.15.6.1/amazon-corretto-17.0.15.6.1-linux-x64.tar.gz ...
2025-04-23T14:10:48.1953054Z Extracting Java archive...
2025-04-23T14:10:48.2059626Z [command]/usr/bin/tar xz --warning=no-unknown-keyword -C /home/runner/work/_temp/9adec74c-e1d6-42bd-a94a-7dd037a3b215 -f /home/runner/work/_temp/8fa4d005-eed6-4c5f-9f17-d3ee77084bd9
2025-04-23T14:10:50.7701884Z Java 17.0.15+6.1 was downloaded
2025-04-23T14:10:50.7702349Z Setting Java 17.0.15+6.1 as the default
2025-04-23T14:10:50.7715284Z Creating toolchains.xml for JDK version 17 from corretto
2025-04-23T14:10:50.7789790Z Writing to /home/runner/.m2/toolchains.xml
2025-04-23T14:10:50.7790384Z 
2025-04-23T14:10:50.7790696Z Java configuration:
2025-04-23T14:10:50.7791300Z   Distribution: corretto
2025-04-23T14:10:50.7792006Z   Version: 17.0.15+6.1
2025-04-23T14:10:50.7792634Z   Path: /opt/hostedtoolcache/Java_Corretto_jdk/17.0.15-6.1/x64
2025-04-23T14:10:50.7793066Z 
2025-04-23T14:10:50.7793627Z ##[endgroup]
2025-04-23T14:10:50.7808166Z Creating settings.xml with server-id: github
2025-04-23T14:10:50.7809803Z Writing to /home/runner/.m2/settings.xml
2025-04-23T14:10:50.7958686Z ##[group]Run echo "$SSH_KEY_SECRET" > key.pem
2025-04-23T14:10:50.7959255Z [36;1mecho "$SSH_KEY_SECRET" > key.pem[0m
2025-04-23T14:10:50.7959690Z [36;1msed -i 's/\\n/\n/g' key.pem[0m
2025-04-23T14:10:50.7960440Z [36;1mgrep -q "BEGIN RSA PRIVATE KEY" key.pem || sed -i '1i***' key.pem[0m
2025-04-23T14:10:50.7961139Z [36;1mgrep -q "END RSA PRIVATE KEY" key.pem || echo "***" >> key.pem[0m
2025-04-23T14:10:50.7961887Z [36;1mchmod 400 key.pem[0m
2025-04-23T14:10:50.7998478Z shell: /usr/bin/bash -e {0}
2025-04-23T14:10:50.7998855Z env:
2025-04-23T14:10:50.7999180Z   REMOTE_HOST: 18.60.149.136
2025-04-23T14:10:50.7999546Z   REMOTE_USER: ubuntu
2025-04-23T14:10:50.7999897Z   REMOTE_BACKUP_DIR: /tmp/actions_bak
2025-04-23T14:10:50.8000398Z   JAVA_HOME: /opt/hostedtoolcache/Java_Corretto_jdk/17.0.15-6.1/x64
2025-04-23T14:10:50.8000990Z   JAVA_HOME_17_X64: /opt/hostedtoolcache/Java_Corretto_jdk/17.0.15-6.1/x64
2025-04-23T14:10:50.8009575Z   SSH_KEY_SECRET: ***
2025-04-23T14:10:50.8009988Z ##[endgroup]
2025-04-23T14:10:50.8886598Z ##[group]Run echo "PIPELINE_START_TIME=$(date +%s)" >> $GITHUB_ENV
2025-04-23T14:10:50.8887265Z [36;1mecho "PIPELINE_START_TIME=$(date +%s)" >> $GITHUB_ENV[0m
2025-04-23T14:10:50.8919446Z shell: /usr/bin/bash -e {0}
2025-04-23T14:10:50.8919827Z env:
2025-04-23T14:10:50.8920141Z   REMOTE_HOST: 18.60.149.136
2025-04-23T14:10:50.8920494Z   REMOTE_USER: ubuntu
2025-04-23T14:10:50.8920869Z   REMOTE_BACKUP_DIR: /tmp/actions_bak
2025-04-23T14:10:50.8921553Z   JAVA_HOME: /opt/hostedtoolcache/Java_Corretto_jdk/17.0.15-6.1/x64
2025-04-23T14:10:50.8922160Z   JAVA_HOME_17_X64: /opt/hostedtoolcache/Java_Corretto_jdk/17.0.15-6.1/x64
2025-04-23T14:10:50.8922640Z ##[endgroup]
2025-04-23T14:10:50.9019924Z ##[group]Run mkdir -p build/WEB-INF/classes
2025-04-23T14:10:50.9020441Z [36;1mmkdir -p build/WEB-INF/classes[0m
2025-04-23T14:10:50.9021094Z [36;1m# Compile Java sources; redirect errors to compile_error.log and exit if compilation fails.[0m
2025-04-23T14:10:50.9022327Z [36;1m# javac -cp "src/main/webapp/WEB-INF/lib/*" -d build/WEB-INF/classes $(find src -name "*.java") 2> compile_error.log || { echo "Build failed!"; exit 1; }[0m
2025-04-23T14:10:50.9023371Z [36;1mjavac -cp "src/main/webapp/WEB-INF/lib/*" -d build/WEB-INF/classes $(find src -name "*.java") 2> compile_error.log[0m
2025-04-23T14:10:50.9024024Z [36;1m[0m
2025-04-23T14:10:50.9024387Z [36;1mcp -R src/main/resources/* build/WEB-INF/classes/[0m
2025-04-23T14:10:50.9024877Z [36;1mcp -R src/main/webapp/* build/[0m
2025-04-23T14:10:50.9025335Z [36;1mjar -cvf JobManagement_ACTIONS.war -C build .[0m
2025-04-23T14:10:50.9054377Z shell: /usr/bin/bash -e {0}
2025-04-23T14:10:50.9054749Z env:
2025-04-23T14:10:50.9055085Z   REMOTE_HOST: 18.60.149.136
2025-04-23T14:10:50.9055445Z   REMOTE_USER: ubuntu
2025-04-23T14:10:50.9055801Z   REMOTE_BACKUP_DIR: /tmp/actions_bak
2025-04-23T14:10:50.9056295Z   JAVA_HOME: /opt/hostedtoolcache/Java_Corretto_jdk/17.0.15-6.1/x64
2025-04-23T14:10:50.9056887Z   JAVA_HOME_17_X64: /opt/hostedtoolcache/Java_Corretto_jdk/17.0.15-6.1/x64
2025-04-23T14:10:50.9057383Z   PIPELINE_START_TIME: 1745417450
2025-04-23T14:10:50.9057766Z ##[endgroup]
2025-04-23T14:10:51.3279231Z ##[error]Process completed with exit code 1.
2025-04-23T14:10:51.3361157Z ##[group]Run ssh -o StrictHostKeyChecking=no -i key.pem $REMOTE_USER@$REMOTE_HOST "timeout 60 bash -c 'until grep -q \"Deployment of web application archive\" <(tail -n 50 /opt/tomcat10/logs/catalina.out); do sleep 5; done'"
2025-04-23T14:10:51.3362959Z [36;1mssh -o StrictHostKeyChecking=no -i key.pem $REMOTE_USER@$REMOTE_HOST "timeout 60 bash -c 'until grep -q \"Deployment of web application archive\" <(tail -n 50 /opt/tomcat10/logs/catalina.out); do sleep 5; done'"[0m
2025-04-23T14:10:51.3395192Z shell: /usr/bin/bash -e {0}
2025-04-23T14:10:51.3395496Z env:
2025-04-23T14:10:51.3395741Z   REMOTE_HOST: 18.60.149.136
2025-04-23T14:10:51.3396019Z   REMOTE_USER: ubuntu
2025-04-23T14:10:51.3396306Z   REMOTE_BACKUP_DIR: /tmp/actions_bak
2025-04-23T14:10:51.3396723Z   JAVA_HOME: /opt/hostedtoolcache/Java_Corretto_jdk/17.0.15-6.1/x64
2025-04-23T14:10:51.3397240Z   JAVA_HOME_17_X64: /opt/hostedtoolcache/Java_Corretto_jdk/17.0.15-6.1/x64
2025-04-23T14:10:51.3397692Z   PIPELINE_START_TIME: 1745417450
2025-04-23T14:10:51.3397992Z ##[endgroup]
2025-04-23T14:10:52.4191110Z Warning: Permanently added '18.60.149.136' (ED25519) to the list of known hosts.
2025-04-23T14:10:54.1733582Z ##[group]Run echo "DEPLOY_END_TIME=$(date +%s)" >> $GITHUB_ENV
2025-04-23T14:10:54.1734085Z [36;1mecho "DEPLOY_END_TIME=$(date +%s)" >> $GITHUB_ENV[0m
2025-04-23T14:10:54.1765025Z shell: /usr/bin/bash -e {0}
2025-04-23T14:10:54.1765320Z env:
2025-04-23T14:10:54.1765560Z   REMOTE_HOST: 18.60.149.136
2025-04-23T14:10:54.1765836Z   REMOTE_USER: ubuntu
2025-04-23T14:10:54.1766119Z   REMOTE_BACKUP_DIR: /tmp/actions_bak
2025-04-23T14:10:54.1766534Z   JAVA_HOME: /opt/hostedtoolcache/Java_Corretto_jdk/17.0.15-6.1/x64
2025-04-23T14:10:54.1767040Z   JAVA_HOME_17_X64: /opt/hostedtoolcache/Java_Corretto_jdk/17.0.15-6.1/x64
2025-04-23T14:10:54.1767460Z   PIPELINE_START_TIME: 1745417450
2025-04-23T14:10:54.1767766Z ##[endgroup]
2025-04-23T14:10:54.1856618Z ##[group]Run ssh -o StrictHostKeyChecking=no -i key.pem $REMOTE_USER@$REMOTE_HOST "vmstat -s | awk '{printf \"%.2f MB - %s\n\", \$1/1024, substr(\$0, index(\$0,\$2))}'" > resource_usage_after.log
2025-04-23T14:10:54.1857773Z [36;1mssh -o StrictHostKeyChecking=no -i key.pem $REMOTE_USER@$REMOTE_HOST "vmstat -s | awk '{printf \"%.2f MB - %s\n\", \$1/1024, substr(\$0, index(\$0,\$2))}'" > resource_usage_after.log[0m
2025-04-23T14:10:54.1858675Z [36;1mssh -o StrictHostKeyChecking=no -i key.pem $REMOTE_USER@$REMOTE_HOST "free -h" > mem_after.log[0m
2025-04-23T14:10:54.1886957Z shell: /usr/bin/bash -e {0}
2025-04-23T14:10:54.1887245Z env:
2025-04-23T14:10:54.1887497Z   REMOTE_HOST: 18.60.149.136
2025-04-23T14:10:54.1887779Z   REMOTE_USER: ubuntu
2025-04-23T14:10:54.1888055Z   REMOTE_BACKUP_DIR: /tmp/actions_bak
2025-04-23T14:10:54.1888473Z   JAVA_HOME: /opt/hostedtoolcache/Java_Corretto_jdk/17.0.15-6.1/x64
2025-04-23T14:10:54.1889013Z   JAVA_HOME_17_X64: /opt/hostedtoolcache/Java_Corretto_jdk/17.0.15-6.1/x64
2025-04-23T14:10:54.1889424Z   PIPELINE_START_TIME: 1745417450
2025-04-23T14:10:54.1889726Z   DEPLOY_END_TIME: 1745417454
2025-04-23T14:10:54.1890005Z ##[endgroup]
2025-04-23T14:10:59.3854756Z ##[group]Run source $GITHUB_ENV
2025-04-23T14:10:59.3855370Z [36;1msource $GITHUB_ENV[0m
2025-04-23T14:10:59.3856065Z [36;1mDEPLOY_DURATION=$(($DEPLOY_END_TIME - $DEPLOY_START_TIME))[0m
2025-04-23T14:10:59.3856820Z [36;1mPIPELINE_END_TIME=$(date +%s)[0m
2025-04-23T14:10:59.3857628Z [36;1mTOTAL_PIPELINE_TIME=$(($PIPELINE_END_TIME - $PIPELINE_START_TIME))[0m
2025-04-23T14:10:59.3858543Z [36;1mecho "DEPLOY_DURATION=$DEPLOY_DURATION" >> $GITHUB_ENV[0m
2025-04-23T14:10:59.3859438Z [36;1mecho "TOTAL_PIPELINE_TIME=$TOTAL_PIPELINE_TIME" >> $GITHUB_ENV[0m
2025-04-23T14:10:59.3902162Z shell: /usr/bin/bash -e {0}
2025-04-23T14:10:59.3902464Z env:
2025-04-23T14:10:59.3902703Z   REMOTE_HOST: 18.60.149.136
2025-04-23T14:10:59.3902986Z   REMOTE_USER: ubuntu
2025-04-23T14:10:59.3903261Z   REMOTE_BACKUP_DIR: /tmp/actions_bak
2025-04-23T14:10:59.3903682Z   JAVA_HOME: /opt/hostedtoolcache/Java_Corretto_jdk/17.0.15-6.1/x64
2025-04-23T14:10:59.3904235Z   JAVA_HOME_17_X64: /opt/hostedtoolcache/Java_Corretto_jdk/17.0.15-6.1/x64
2025-04-23T14:10:59.3904650Z   PIPELINE_START_TIME: 1745417450
2025-04-23T14:10:59.3905139Z   DEPLOY_END_TIME: 1745417454
2025-04-23T14:10:59.3905420Z ##[endgroup]
2025-04-23T14:10:59.3958662Z /home/runner/work/_temp/93f433bb-e1e0-4a1d-ac9f-1cfdc13897b3.sh: line 2: 1745417454 - : syntax error: operand expected (error token is "- ")
2025-04-23T14:10:59.3998071Z ##[group]Run echo $'The error is:\n '
2025-04-23T14:10:59.3998473Z [36;1mecho $'The error is:\n '[0m
2025-04-23T14:10:59.3998791Z [36;1mcat compile_error.log[0m
2025-04-23T14:10:59.3999073Z [36;1m[0m
2025-04-23T14:10:59.3999388Z [36;1mecho "Deployment failed! Initiating rollback..."[0m
2025-04-23T14:10:59.3999782Z [36;1mROLLBACK_START=$(date +%s)[0m
2025-04-23T14:10:59.4000089Z [36;1m[0m
2025-04-23T14:10:59.4001134Z [36;1mssh -o StrictHostKeyChecking=no -i key.pem $REMOTE_USER@$REMOTE_HOST "if [ -f /tmp/actions_bak/JobManagement_ACTIONS.war_bak ]; then sudo cp /tmp/actions_bak/JobManagement_ACTIONS.war_bak /opt/tomcat10/webapps/JobManagement_ACTIONS.war; else echo 'No backup available'; exit 1; fi"[0m
2025-04-23T14:10:59.4002497Z [36;1m[0m
2025-04-23T14:10:59.4002878Z [36;1mssh -o StrictHostKeyChecking=no -i key.pem $REMOTE_USER@$REMOTE_HOST <<EOF[0m
2025-04-23T14:10:59.4003430Z [36;1m  sudo rm -rf /opt/tomcat10/webapps/JobManagement_ACTIONS || true[0m
2025-04-23T14:10:59.4003847Z [36;1m  sleep 5[0m
2025-04-23T14:10:59.4004146Z [36;1m  sudo /opt/tomcat10/bin/shutdown.sh || true[0m
2025-04-23T14:10:59.4004516Z [36;1m  sudo /opt/tomcat10/bin/startup.sh[0m
2025-04-23T14:10:59.4004833Z [36;1m  exit[0m
2025-04-23T14:10:59.4005073Z [36;1mEOF[0m
2025-04-23T14:10:59.4005304Z [36;1m[0m
2025-04-23T14:10:59.4005545Z [36;1mROLLBACK_END=$(date +%s)[0m
2025-04-23T14:10:59.4005916Z [36;1mROLLBACK_DURATION=$((ROLLBACK_END - ROLLBACK_START))[0m
2025-04-23T14:10:59.4006385Z [36;1mecho "ROLLBACK_DURATION=$ROLLBACK_DURATION" >> $GITHUB_ENV[0m
2025-04-23T14:10:59.4033671Z shell: /usr/bin/bash -e {0}
2025-04-23T14:10:59.4033964Z env:
2025-04-23T14:10:59.4034197Z   REMOTE_HOST: 18.60.149.136
2025-04-23T14:10:59.4034490Z   REMOTE_USER: ubuntu
2025-04-23T14:10:59.4034763Z   REMOTE_BACKUP_DIR: /tmp/actions_bak
2025-04-23T14:10:59.4035184Z   JAVA_HOME: /opt/hostedtoolcache/Java_Corretto_jdk/17.0.15-6.1/x64
2025-04-23T14:10:59.4035693Z   JAVA_HOME_17_X64: /opt/hostedtoolcache/Java_Corretto_jdk/17.0.15-6.1/x64
2025-04-23T14:10:59.4036106Z   PIPELINE_START_TIME: 1745417450
2025-04-23T14:10:59.4036413Z   DEPLOY_END_TIME: 1745417454
2025-04-23T14:10:59.4036691Z   DEPLOY_DURATION: 
2025-04-23T14:10:59.4036952Z   TOTAL_PIPELINE_TIME: 9
2025-04-23T14:10:59.4037216Z ##[endgroup]
2025-04-23T14:10:59.4084352Z The error is:
2025-04-23T14:10:59.4084875Z  
2025-04-23T14:10:59.4093650Z src/main/java/metrics/EfficiencyIndexCalculator.java:1: error: ';' expected
2025-04-23T14:10:59.4094159Z package metrics
2025-04-23T14:10:59.4094628Z                ^
2025-04-23T14:10:59.4095065Z 1 error
2025-04-23T14:10:59.4095566Z Deployment failed! Initiating rollback...
2025-04-23T14:11:01.9586646Z Pseudo-terminal will not be allocated because stdin is not a terminal.
2025-04-23T14:11:04.4681722Z Welcome to Ubuntu 24.04.2 LTS (GNU/Linux 6.8.0-1027-aws x86_64)
2025-04-23T14:11:04.4682115Z 
2025-04-23T14:11:04.4682311Z  * Documentation:  https://help.ubuntu.com
2025-04-23T14:11:04.4682826Z  * Management:     https://landscape.canonical.com
2025-04-23T14:11:04.4683310Z  * Support:        https://ubuntu.com/pro
2025-04-23T14:11:04.4683580Z 
2025-04-23T14:11:04.4683777Z  System information as of Wed Apr 23 14:10:53 UTC 2025
2025-04-23T14:11:04.4684083Z 
2025-04-23T14:11:04.4684303Z   System load:  0.29              Temperature:           -273.1 C
2025-04-23T14:11:04.4684822Z   Usage of /:   68.5% of 6.71GB   Processes:             120
2025-04-23T14:11:04.4685330Z   Memory usage: 28%               Users logged in:       1
2025-04-23T14:11:04.4685859Z   Swap usage:   0%                IPv4 address for ens5: 172.31.20.166
2025-04-23T14:11:04.4686184Z 
2025-04-23T14:11:04.4686446Z  * Ubuntu Pro delivers the most comprehensive open source security and
2025-04-23T14:11:04.4687292Z    compliance features.
2025-04-23T14:11:04.4687494Z 
2025-04-23T14:11:04.4687646Z    https://ubuntu.com/aws/pro
2025-04-23T14:11:04.4687998Z 
2025-04-23T14:11:04.4688243Z Expanded Security Maintenance for Applications is not enabled.
2025-04-23T14:11:04.4688809Z 
2025-04-23T14:11:04.4688980Z 2 updates can be applied immediately.
2025-04-23T14:11:04.4689443Z To see these additional updates run: apt list --upgradable
2025-04-23T14:11:04.4689772Z 
2025-04-23T14:11:04.4689988Z Enable ESM Apps to receive additional future security updates.
2025-04-23T14:11:04.4690523Z See https://ubuntu.com/esm or run: sudo pro status
2025-04-23T14:11:04.4690797Z 
2025-04-23T14:11:04.4690801Z 
2025-04-23T14:11:09.7050174Z sudo: /opt/tomcat10/bin/shutdown.sh: command not found
2025-04-23T14:11:09.7213274Z Tomcat started.
2025-04-23T14:11:09.7322909Z ##[group]Run echo "-------------------------------------------------"
2025-04-23T14:11:09.7323816Z [36;1mecho "-------------------------------------------------"[0m
2025-04-23T14:11:09.7324565Z [36;1mecho "              CI/CD Metrics Summary              "[0m
2025-04-23T14:11:09.7325308Z [36;1mecho "-------------------------------------------------"[0m
2025-04-23T14:11:09.7326069Z [36;1mecho "| Metric                             | Value          |"[0m
2025-04-23T14:11:09.7326836Z [36;1mecho "-------------------------------------------------"[0m
2025-04-23T14:11:09.7327713Z [36;1mecho "| Total Pipeline Time (sec)          | $TOTAL_PIPELINE_TIME          |"[0m
2025-04-23T14:11:09.7328817Z [36;1m# If deployment succeeded, DEPLOY_DURATION is set; if not, ROLLBACK_DURATION is used.[0m
2025-04-23T14:11:09.7329725Z [36;1mif [ -n "$DEPLOY_DURATION" ]; then[0m
2025-04-23T14:11:09.7330630Z [36;1m  echo "| Deployment Time (sec)              | $DEPLOY_DURATION          |"[0m
2025-04-23T14:11:09.7331341Z [36;1melse[0m
2025-04-23T14:11:09.7332161Z [36;1m  echo "| Rollback Time (sec)     | $ROLLBACK_DURATION          |"[0m
2025-04-23T14:11:09.7332843Z [36;1mfi[0m
2025-04-23T14:11:09.7333451Z [36;1mecho "| Lead Time for Changes (sec)        | $LEAD_TIME          |"[0m
2025-04-23T14:11:09.7334261Z [36;1mif [ -f test_results.log ]; then[0m
2025-04-23T14:11:09.7335012Z [36;1m  TEST_SUMMARY=$(grep -i "tests found" test_results.log | head -n 1)[0m
2025-04-23T14:11:09.7335760Z [36;1melse[0m
2025-04-23T14:11:09.7336256Z [36;1m  TEST_SUMMARY="N/A"[0m
2025-04-23T14:11:09.7336816Z [36;1mfi[0m
2025-04-23T14:11:09.7337815Z [36;1m# ─── Cost Calculation & Echo ──────────────────────────────────────────────[0m
2025-04-23T14:11:09.7338890Z [36;1m# GitHub Actions hosted runner = $0.008 per minute = $0.0001333 per sec[0m
2025-04-23T14:11:09.7339857Z [36;1mCOST=$(awk "BEGIN { printf \"%.4f\", $TOTAL_PIPELINE_TIME * 0.008/60 }")[0m
2025-04-23T14:11:09.7340764Z [36;1mecho "| Cost (USD)                         | $COST              |"[0m
2025-04-23T14:11:09.7342135Z [36;1m# ─────────────────────────────────────────────────────────────────────────────[0m
2025-04-23T14:11:09.7343072Z [36;1mecho "| Test Summary                       | $TEST_SUMMARY          |"[0m
2025-04-23T14:11:09.7343807Z [36;1m[0m
2025-04-23T14:11:09.7344329Z [36;1mecho "-------------------------------------------------"[0m
2025-04-23T14:11:09.7345051Z [36;1mecho "Memory Usage BEFORE:"[0m
2025-04-23T14:11:09.7345664Z [36;1mcat mem_before.log[0m
2025-04-23T14:11:09.7346308Z [36;1mecho "-------------------------------------------------"[0m
2025-04-23T14:11:09.7347001Z [36;1mecho "Memory Usage AFTER:"[0m
2025-04-23T14:11:09.7347576Z [36;1mcat mem_after.log[0m
2025-04-23T14:11:09.7348167Z [36;1mecho "-------------------------------------------------"[0m
2025-04-23T14:11:09.7348862Z [36;1mecho "Resource Usage BEFORE (vmstat):"[0m
2025-04-23T14:11:09.7349492Z [36;1mcat resource_usage_before.log[0m
2025-04-23T14:11:09.7350178Z [36;1mecho "-------------------------------------------------"[0m
2025-04-23T14:11:09.7350883Z [36;1mecho "Resource Usage AFTER (vmstat):"[0m
2025-04-23T14:11:09.7351988Z [36;1mcat resource_usage_after.log[0m
2025-04-23T14:11:09.7352650Z [36;1mecho "-------------------------------------------------"[0m
2025-04-23T14:11:09.7392185Z shell: /usr/bin/bash -e {0}
2025-04-23T14:11:09.7392493Z env:
2025-04-23T14:11:09.7392737Z   REMOTE_HOST: 18.60.149.136
2025-04-23T14:11:09.7393034Z   REMOTE_USER: ubuntu
2025-04-23T14:11:09.7393311Z   REMOTE_BACKUP_DIR: /tmp/actions_bak
2025-04-23T14:11:09.7393742Z   JAVA_HOME: /opt/hostedtoolcache/Java_Corretto_jdk/17.0.15-6.1/x64
2025-04-23T14:11:09.7394283Z   JAVA_HOME_17_X64: /opt/hostedtoolcache/Java_Corretto_jdk/17.0.15-6.1/x64
2025-04-23T14:11:09.7394711Z   PIPELINE_START_TIME: 1745417450
2025-04-23T14:11:09.7395025Z   DEPLOY_END_TIME: 1745417454
2025-04-23T14:11:09.7395312Z   DEPLOY_DURATION: 
2025-04-23T14:11:09.7395761Z   TOTAL_PIPELINE_TIME: 9
2025-04-23T14:11:09.7396040Z   ROLLBACK_DURATION: 10
2025-04-23T14:11:09.7396304Z ##[endgroup]
2025-04-23T14:11:09.7453302Z -------------------------------------------------
2025-04-23T14:11:09.7453921Z               CI/CD Metrics Summary              
2025-04-23T14:11:09.7454490Z -------------------------------------------------
2025-04-23T14:11:09.7455097Z | Metric                             | Value          |
2025-04-23T14:11:09.7455472Z -------------------------------------------------
2025-04-23T14:11:09.7455837Z | Total Pipeline Time (sec)          | 9          |
2025-04-23T14:11:09.7456205Z | Rollback Time (sec)     | 10          |
2025-04-23T14:11:09.7456560Z | Lead Time for Changes (sec)        |           |
2025-04-23T14:11:09.7476270Z | Cost (USD)                         | 0.0012              |
2025-04-23T14:11:09.7476910Z | Test Summary                       | N/A          |
2025-04-23T14:11:09.7477401Z -------------------------------------------------
2025-04-23T14:11:09.7477738Z Memory Usage BEFORE:
2025-04-23T14:11:09.7485387Z cat: mem_before.log: No such file or directory
2025-04-23T14:11:09.7490475Z ##[error]Process completed with exit code 1.
2025-04-23T14:11:09.7564204Z Post job cleanup.
2025-04-23T14:11:09.9313875Z Post job cleanup.
2025-04-23T14:11:10.0030194Z [command]/usr/bin/git version
2025-04-23T14:11:10.0068668Z git version 2.49.0
2025-04-23T14:11:10.0112764Z Temporarily overriding HOME='/home/runner/work/_temp/7b2fc6bf-2c4e-405b-9538-4579ffbe45db' before making global git config changes
2025-04-23T14:11:10.0114247Z Adding repository directory to the temporary git global config as a safe directory
2025-04-23T14:11:10.0118106Z [command]/usr/bin/git config --global --add safe.directory /home/runner/work/JobManagement/JobManagement
2025-04-23T14:11:10.0152103Z [command]/usr/bin/git config --local --name-only --get-regexp core\.sshCommand
2025-04-23T14:11:10.0182918Z [command]/usr/bin/git submodule foreach --recursive sh -c "git config --local --name-only --get-regexp 'core\.sshCommand' && git config --local --unset-all 'core.sshCommand' || :"
2025-04-23T14:11:10.0425888Z [command]/usr/bin/git config --local --name-only --get-regexp http\.https\:\/\/github\.com\/\.extraheader
2025-04-23T14:11:10.0448139Z http.https://github.com/.extraheader
2025-04-23T14:11:10.0460408Z [command]/usr/bin/git config --local --unset-all http.https://github.com/.extraheader
2025-04-23T14:11:10.0491566Z [command]/usr/bin/git submodule foreach --recursive sh -c "git config --local --name-only --get-regexp 'http\.https\:\/\/github\.com\/\.extraheader' && git config --local --unset-all 'http.https://github.com/.extraheader' || :"
2025-04-23T14:11:10.0848881Z Cleaning up orphan processes
