2025-04-22T22:00:36.2911816Z Current runner version: '2.323.0'
2025-04-22T22:00:36.2948013Z ##[group]Operating System
2025-04-22T22:00:36.2949683Z Ubuntu
2025-04-22T22:00:36.2951055Z 24.04.2
2025-04-22T22:00:36.2952389Z LTS
2025-04-22T22:00:36.2953560Z ##[endgroup]
2025-04-22T22:00:36.2954934Z ##[group]Runner Image
2025-04-22T22:00:36.2956618Z Image: ubuntu-24.04
2025-04-22T22:00:36.2958058Z Version: 20250413.1.0
2025-04-22T22:00:36.2960615Z Included Software: https://github.com/actions/runner-images/blob/ubuntu24/20250413.1/images/ubuntu/Ubuntu2404-Readme.md
2025-04-22T22:00:36.2963860Z Image Release: https://github.com/actions/runner-images/releases/tag/ubuntu24%2F20250413.1
2025-04-22T22:00:36.2966377Z ##[endgroup]
2025-04-22T22:00:36.2967794Z ##[group]Runner Image Provisioner
2025-04-22T22:00:36.2969401Z 2.0.422.1
2025-04-22T22:00:36.2970857Z ##[endgroup]
2025-04-22T22:00:36.2973735Z ##[group]GITHUB_TOKEN Permissions
2025-04-22T22:00:36.2977115Z Contents: read
2025-04-22T22:00:36.2978508Z Metadata: read
2025-04-22T22:00:36.2980258Z Packages: read
2025-04-22T22:00:36.2982090Z ##[endgroup]
2025-04-22T22:00:36.2986080Z Secret source: Actions
2025-04-22T22:00:36.2987750Z Prepare workflow directory
2025-04-22T22:00:36.3562238Z Prepare all required actions
2025-04-22T22:00:36.3619732Z Getting action download info
2025-04-22T22:00:36.5723422Z ##[group]Download immutable action package 'actions/checkout@v3'
2025-04-22T22:00:36.5724777Z Version: 3.6.0
2025-04-22T22:00:36.5726354Z Digest: sha256:942562b9c7d4b1f2557f1da21f4d3eb4eb4fd01f2ad78b2a6e187d1b193e0a0f
2025-04-22T22:00:36.5727913Z Source commit SHA: f43a0e5ff2bd294095638e18286ca9a3d1956744
2025-04-22T22:00:36.5728941Z ##[endgroup]
2025-04-22T22:00:36.6575994Z ##[group]Download immutable action package 'actions/setup-java@v3'
2025-04-22T22:00:36.6577194Z Version: 3.14.1
2025-04-22T22:00:36.6578258Z Digest: sha256:0f5994bd85f236d7525048fec5b0b7b3ec7474ec50184c8f78a320717cfb3d51
2025-04-22T22:00:36.6579558Z Source commit SHA: 17f84c3641ba7b8f6deff6309fc4c864478f5d62
2025-04-22T22:00:36.6580601Z ##[endgroup]
2025-04-22T22:00:36.9868348Z Complete job name: build-and-deploy
2025-04-22T22:00:37.0600967Z ##[group]Run actions/checkout@v3
2025-04-22T22:00:37.0601989Z with:
2025-04-22T22:00:37.0602615Z   repository: sai-pranay-teja/JobManagement
2025-04-22T22:00:37.0603520Z   token: ***
2025-04-22T22:00:37.0604093Z   ssh-strict: true
2025-04-22T22:00:37.0604685Z   persist-credentials: true
2025-04-22T22:00:37.0605466Z   clean: true
2025-04-22T22:00:37.0606071Z   sparse-checkout-cone-mode: true
2025-04-22T22:00:37.0606769Z   fetch-depth: 1
2025-04-22T22:00:37.0607333Z   fetch-tags: false
2025-04-22T22:00:37.0607880Z   lfs: false
2025-04-22T22:00:37.0608421Z   submodules: false
2025-04-22T22:00:37.0609003Z   set-safe-directory: true
2025-04-22T22:00:37.0609846Z env:
2025-04-22T22:00:37.0610396Z   REMOTE_HOST: 18.60.83.220
2025-04-22T22:00:37.0611019Z   REMOTE_USER: ubuntu
2025-04-22T22:00:37.0611632Z   REMOTE_BACKUP_DIR: /tmp/actions_bak
2025-04-22T22:00:37.0612330Z ##[endgroup]
2025-04-22T22:00:37.2030031Z Syncing repository: sai-pranay-teja/JobManagement
2025-04-22T22:00:37.2033895Z ##[group]Getting Git version info
2025-04-22T22:00:37.2035899Z Working directory is '/home/runner/work/JobManagement/JobManagement'
2025-04-22T22:00:37.2037435Z [command]/usr/bin/git version
2025-04-22T22:00:37.2063608Z git version 2.49.0
2025-04-22T22:00:37.2093406Z ##[endgroup]
2025-04-22T22:00:37.2110601Z Temporarily overriding HOME='/home/runner/work/_temp/84b94df0-f6ab-4b28-9e88-8ae739a3c3d5' before making global git config changes
2025-04-22T22:00:37.2113874Z Adding repository directory to the temporary git global config as a safe directory
2025-04-22T22:00:37.2116909Z [command]/usr/bin/git config --global --add safe.directory /home/runner/work/JobManagement/JobManagement
2025-04-22T22:00:37.2148029Z Deleting the contents of '/home/runner/work/JobManagement/JobManagement'
2025-04-22T22:00:37.2151752Z ##[group]Initializing the repository
2025-04-22T22:00:37.2156095Z [command]/usr/bin/git init /home/runner/work/JobManagement/JobManagement
2025-04-22T22:00:37.2211741Z hint: Using 'master' as the name for the initial branch. This default branch name
2025-04-22T22:00:37.2213465Z hint: is subject to change. To configure the initial branch name to use in all
2025-04-22T22:00:37.2214960Z hint: of your new repositories, which will suppress this warning, call:
2025-04-22T22:00:37.2216730Z hint:
2025-04-22T22:00:37.2217931Z hint: 	git config --global init.defaultBranch <name>
2025-04-22T22:00:37.2219598Z hint:
2025-04-22T22:00:37.2221202Z hint: Names commonly chosen instead of 'master' are 'main', 'trunk' and
2025-04-22T22:00:37.2223592Z hint: 'development'. The just-created branch can be renamed via this command:
2025-04-22T22:00:37.2298767Z hint:
2025-04-22T22:00:37.2300196Z hint: 	git branch -m <name>
2025-04-22T22:00:37.2302211Z Initialized empty Git repository in /home/runner/work/JobManagement/JobManagement/.git/
2025-04-22T22:00:37.2305108Z [command]/usr/bin/git remote add origin https://github.com/sai-pranay-teja/JobManagement
2025-04-22T22:00:37.2308148Z ##[endgroup]
2025-04-22T22:00:37.2310233Z ##[group]Disabling automatic garbage collection
2025-04-22T22:00:37.2311973Z [command]/usr/bin/git config --local gc.auto 0
2025-04-22T22:00:37.2314667Z ##[endgroup]
2025-04-22T22:00:37.2315921Z ##[group]Setting up auth
2025-04-22T22:00:37.2316923Z [command]/usr/bin/git config --local --name-only --get-regexp core\.sshCommand
2025-04-22T22:00:37.2328623Z [command]/usr/bin/git submodule foreach --recursive sh -c "git config --local --name-only --get-regexp 'core\.sshCommand' && git config --local --unset-all 'core.sshCommand' || :"
2025-04-22T22:00:37.2646451Z [command]/usr/bin/git config --local --name-only --get-regexp http\.https\:\/\/github\.com\/\.extraheader
2025-04-22T22:00:37.2672659Z [command]/usr/bin/git submodule foreach --recursive sh -c "git config --local --name-only --get-regexp 'http\.https\:\/\/github\.com\/\.extraheader' && git config --local --unset-all 'http.https://github.com/.extraheader' || :"
2025-04-22T22:00:37.2909116Z [command]/usr/bin/git config --local http.https://github.com/.extraheader AUTHORIZATION: basic ***
2025-04-22T22:00:37.2967555Z ##[endgroup]
2025-04-22T22:00:37.2969605Z ##[group]Fetching the repository
2025-04-22T22:00:37.2977298Z [command]/usr/bin/git -c protocol.version=2 fetch --no-tags --prune --progress --no-recurse-submodules --depth=1 origin +341e3c48fe120dfcfe28cae39fbd43593fee9231:refs/remotes/origin/main
2025-04-22T22:00:37.5299995Z remote: Enumerating objects: 82, done.        
2025-04-22T22:00:37.5302257Z remote: Counting objects:   1% (1/82)        
2025-04-22T22:00:37.5303817Z remote: Counting objects:   2% (2/82)        
2025-04-22T22:00:37.5305033Z remote: Counting objects:   3% (3/82)        
2025-04-22T22:00:37.5306495Z remote: Counting objects:   4% (4/82)        
2025-04-22T22:00:37.5307695Z remote: Counting objects:   6% (5/82)        
2025-04-22T22:00:37.5308871Z remote: Counting objects:   7% (6/82)        
2025-04-22T22:00:37.5310135Z remote: Counting objects:   8% (7/82)        
2025-04-22T22:00:37.5311452Z remote: Counting objects:   9% (8/82)        
2025-04-22T22:00:37.5312748Z remote: Counting objects:  10% (9/82)        
2025-04-22T22:00:37.5314059Z remote: Counting objects:  12% (10/82)        
2025-04-22T22:00:37.5315513Z remote: Counting objects:  13% (11/82)        
2025-04-22T22:00:37.5316963Z remote: Counting objects:  14% (12/82)        
2025-04-22T22:00:37.5318359Z remote: Counting objects:  15% (13/82)        
2025-04-22T22:00:37.5319937Z remote: Counting objects:  17% (14/82)        
2025-04-22T22:00:37.5321630Z remote: Counting objects:  18% (15/82)        
2025-04-22T22:00:37.5323344Z remote: Counting objects:  19% (16/82)        
2025-04-22T22:00:37.5325061Z remote: Counting objects:  20% (17/82)        
2025-04-22T22:00:37.5326964Z remote: Counting objects:  21% (18/82)        
2025-04-22T22:00:37.5328733Z remote: Counting objects:  23% (19/82)        
2025-04-22T22:00:37.5330464Z remote: Counting objects:  24% (20/82)        
2025-04-22T22:00:37.5332222Z remote: Counting objects:  25% (21/82)        
2025-04-22T22:00:37.5334234Z remote: Counting objects:  26% (22/82)        
2025-04-22T22:00:37.5336190Z remote: Counting objects:  28% (23/82)        
2025-04-22T22:00:37.5337985Z remote: Counting objects:  29% (24/82)        
2025-04-22T22:00:37.5339762Z remote: Counting objects:  30% (25/82)        
2025-04-22T22:00:37.5341566Z remote: Counting objects:  31% (26/82)        
2025-04-22T22:00:37.5343354Z remote: Counting objects:  32% (27/82)        
2025-04-22T22:00:37.5345118Z remote: Counting objects:  34% (28/82)        
2025-04-22T22:00:37.5347049Z remote: Counting objects:  35% (29/82)        
2025-04-22T22:00:37.5348798Z remote: Counting objects:  36% (30/82)        
2025-04-22T22:00:37.5350828Z remote: Counting objects:  37% (31/82)        
2025-04-22T22:00:37.5352475Z remote: Counting objects:  39% (32/82)        
2025-04-22T22:00:37.5354942Z remote: Counting objects:  40% (33/82)        
2025-04-22T22:00:37.5357197Z remote: Counting objects:  41% (34/82)        
2025-04-22T22:00:37.5359434Z remote: Counting objects:  42% (35/82)        
2025-04-22T22:00:37.5361619Z remote: Counting objects:  43% (36/82)        
2025-04-22T22:00:37.5363316Z remote: Counting objects:  45% (37/82)        
2025-04-22T22:00:37.5364942Z remote: Counting objects:  46% (38/82)        
2025-04-22T22:00:37.5366806Z remote: Counting objects:  47% (39/82)        
2025-04-22T22:00:37.5368455Z remote: Counting objects:  48% (40/82)        
2025-04-22T22:00:37.5370295Z remote: Counting objects:  50% (41/82)        
2025-04-22T22:00:37.5372670Z remote: Counting objects:  51% (42/82)        
2025-04-22T22:00:37.5375193Z remote: Counting objects:  52% (43/82)        
2025-04-22T22:00:37.5377969Z remote: Counting objects:  53% (44/82)        
2025-04-22T22:00:37.5380612Z remote: Counting objects:  54% (45/82)        
2025-04-22T22:00:37.5382550Z remote: Counting objects:  56% (46/82)        
2025-04-22T22:00:37.5384329Z remote: Counting objects:  57% (47/82)        
2025-04-22T22:00:37.5386337Z remote: Counting objects:  58% (48/82)        
2025-04-22T22:00:37.5388371Z remote: Counting objects:  59% (49/82)        
2025-04-22T22:00:37.5390810Z remote: Counting objects:  60% (50/82)        
2025-04-22T22:00:37.5393562Z remote: Counting objects:  62% (51/82)        
2025-04-22T22:00:37.5395942Z remote: Counting objects:  63% (52/82)        
2025-04-22T22:00:37.5398599Z remote: Counting objects:  64% (53/82)        
2025-04-22T22:00:37.5401498Z remote: Counting objects:  65% (54/82)        
2025-04-22T22:00:37.5404151Z remote: Counting objects:  67% (55/82)        
2025-04-22T22:00:37.5407125Z remote: Counting objects:  68% (56/82)        
2025-04-22T22:00:37.5409775Z remote: Counting objects:  69% (57/82)        
2025-04-22T22:00:37.5412306Z remote: Counting objects:  70% (58/82)        
2025-04-22T22:00:37.5414218Z remote: Counting objects:  71% (59/82)        
2025-04-22T22:00:37.5416169Z remote: Counting objects:  73% (60/82)        
2025-04-22T22:00:37.5417874Z remote: Counting objects:  74% (61/82)        
2025-04-22T22:00:37.5419571Z remote: Counting objects:  75% (62/82)        
2025-04-22T22:00:37.5421380Z remote: Counting objects:  76% (63/82)        
2025-04-22T22:00:37.5423058Z remote: Counting objects:  78% (64/82)        
2025-04-22T22:00:37.5424734Z remote: Counting objects:  79% (65/82)        
2025-04-22T22:00:37.5426618Z remote: Counting objects:  80% (66/82)        
2025-04-22T22:00:37.5428313Z remote: Counting objects:  81% (67/82)        
2025-04-22T22:00:37.5429998Z remote: Counting objects:  82% (68/82)        
2025-04-22T22:00:37.5431684Z remote: Counting objects:  84% (69/82)        
2025-04-22T22:00:37.5433349Z remote: Counting objects:  85% (70/82)        
2025-04-22T22:00:37.5435017Z remote: Counting objects:  86% (71/82)        
2025-04-22T22:00:37.5436846Z remote: Counting objects:  87% (72/82)        
2025-04-22T22:00:37.5438530Z remote: Counting objects:  89% (73/82)        
2025-04-22T22:00:37.5440217Z remote: Counting objects:  90% (74/82)        
2025-04-22T22:00:37.5441899Z remote: Counting objects:  91% (75/82)        
2025-04-22T22:00:37.5443805Z remote: Counting objects:  92% (76/82)        
2025-04-22T22:00:37.5445898Z remote: Counting objects:  93% (77/82)        
2025-04-22T22:00:37.5447613Z remote: Counting objects:  95% (78/82)        
2025-04-22T22:00:37.5449300Z remote: Counting objects:  96% (79/82)        
2025-04-22T22:00:37.5451013Z remote: Counting objects:  97% (80/82)        
2025-04-22T22:00:37.5452699Z remote: Counting objects:  98% (81/82)        
2025-04-22T22:00:37.5454440Z remote: Counting objects: 100% (82/82)        
2025-04-22T22:00:37.5456621Z remote: Counting objects: 100% (82/82), done.        
2025-04-22T22:00:37.5458460Z remote: Compressing objects:   1% (1/71)        
2025-04-22T22:00:37.5460193Z remote: Compressing objects:   2% (2/71)        
2025-04-22T22:00:37.5462085Z remote: Compressing objects:   4% (3/71)        
2025-04-22T22:00:37.5464066Z remote: Compressing objects:   5% (4/71)        
2025-04-22T22:00:37.5466084Z remote: Compressing objects:   7% (5/71)        
2025-04-22T22:00:37.5467866Z remote: Compressing objects:   8% (6/71)        
2025-04-22T22:00:37.5469611Z remote: Compressing objects:   9% (7/71)        
2025-04-22T22:00:37.5471352Z remote: Compressing objects:  11% (8/71)        
2025-04-22T22:00:37.5473105Z remote: Compressing objects:  12% (9/71)        
2025-04-22T22:00:37.5474897Z remote: Compressing objects:  14% (10/71)        
2025-04-22T22:00:37.5476952Z remote: Compressing objects:  15% (11/71)        
2025-04-22T22:00:37.5478880Z remote: Compressing objects:  16% (12/71)        
2025-04-22T22:00:37.5480658Z remote: Compressing objects:  18% (13/71)        
2025-04-22T22:00:37.5482417Z remote: Compressing objects:  19% (14/71)        
2025-04-22T22:00:37.5484156Z remote: Compressing objects:  21% (15/71)        
2025-04-22T22:00:37.5486104Z remote: Compressing objects:  22% (16/71)        
2025-04-22T22:00:37.5487851Z remote: Compressing objects:  23% (17/71)        
2025-04-22T22:00:37.5489590Z remote: Compressing objects:  25% (18/71)        
2025-04-22T22:00:37.5491601Z remote: Compressing objects:  26% (19/71)        
2025-04-22T22:00:37.5493346Z remote: Compressing objects:  28% (20/71)        
2025-04-22T22:00:37.5495085Z remote: Compressing objects:  29% (21/71)        
2025-04-22T22:00:37.5497050Z remote: Compressing objects:  30% (22/71)        
2025-04-22T22:00:37.5498790Z remote: Compressing objects:  32% (23/71)        
2025-04-22T22:00:37.5500772Z remote: Compressing objects:  33% (24/71)        
2025-04-22T22:00:37.5502525Z remote: Compressing objects:  35% (25/71)        
2025-04-22T22:00:37.5504310Z remote: Compressing objects:  36% (26/71)        
2025-04-22T22:00:37.5506267Z remote: Compressing objects:  38% (27/71)        
2025-04-22T22:00:37.5508009Z remote: Compressing objects:  39% (28/71)        
2025-04-22T22:00:37.5509732Z remote: Compressing objects:  40% (29/71)        
2025-04-22T22:00:37.5511649Z remote: Compressing objects:  42% (30/71)        
2025-04-22T22:00:37.5513365Z remote: Compressing objects:  43% (31/71)        
2025-04-22T22:00:37.5515107Z remote: Compressing objects:  45% (32/71)        
2025-04-22T22:00:37.5516938Z remote: Compressing objects:  46% (33/71)        
2025-04-22T22:00:37.5518796Z remote: Compressing objects:  47% (34/71)        
2025-04-22T22:00:37.5520744Z remote: Compressing objects:  49% (35/71)        
2025-04-22T22:00:37.5522527Z remote: Compressing objects:  50% (36/71)        
2025-04-22T22:00:37.5524283Z remote: Compressing objects:  52% (37/71)        
2025-04-22T22:00:37.5526246Z remote: Compressing objects:  53% (38/71)        
2025-04-22T22:00:37.5528130Z remote: Compressing objects:  54% (39/71)        
2025-04-22T22:00:37.5529884Z remote: Compressing objects:  56% (40/71)        
2025-04-22T22:00:37.5531640Z remote: Compressing objects:  57% (41/71)        
2025-04-22T22:00:37.5533450Z remote: Compressing objects:  59% (42/71)        
2025-04-22T22:00:37.5535205Z remote: Compressing objects:  60% (43/71)        
2025-04-22T22:00:37.5537178Z remote: Compressing objects:  61% (44/71)        
2025-04-22T22:00:37.5539123Z remote: Compressing objects:  63% (45/71)        
2025-04-22T22:00:37.5540988Z remote: Compressing objects:  64% (46/71)        
2025-04-22T22:00:37.5542753Z remote: Compressing objects:  66% (47/71)        
2025-04-22T22:00:37.5544489Z remote: Compressing objects:  67% (48/71)        
2025-04-22T22:00:37.5546438Z remote: Compressing objects:  69% (49/71)        
2025-04-22T22:00:37.5548179Z remote: Compressing objects:  70% (50/71)        
2025-04-22T22:00:37.5549900Z remote: Compressing objects:  71% (51/71)        
2025-04-22T22:00:37.5551616Z remote: Compressing objects:  73% (52/71)        
2025-04-22T22:00:37.5553331Z remote: Compressing objects:  74% (53/71)        
2025-04-22T22:00:37.5555219Z remote: Compressing objects:  76% (54/71)        
2025-04-22T22:00:37.5557063Z remote: Compressing objects:  77% (55/71)        
2025-04-22T22:00:37.5558787Z remote: Compressing objects:  78% (56/71)        
2025-04-22T22:00:37.5560589Z remote: Compressing objects:  80% (57/71)        
2025-04-22T22:00:37.5562334Z remote: Compressing objects:  81% (58/71)        
2025-04-22T22:00:37.5564054Z remote: Compressing objects:  83% (59/71)        
2025-04-22T22:00:37.5565991Z remote: Compressing objects:  84% (60/71)        
2025-04-22T22:00:37.5567786Z remote: Compressing objects:  85% (61/71)        
2025-04-22T22:00:37.5569520Z remote: Compressing objects:  87% (62/71)        
2025-04-22T22:00:37.5571322Z remote: Compressing objects:  88% (63/71)        
2025-04-22T22:00:37.5573240Z remote: Compressing objects:  90% (64/71)        
2025-04-22T22:00:37.5575016Z remote: Compressing objects:  91% (65/71)        
2025-04-22T22:00:37.5577099Z remote: Compressing objects:  92% (66/71)        
2025-04-22T22:00:37.5578832Z remote: Compressing objects:  94% (67/71)        
2025-04-22T22:00:37.5580539Z remote: Compressing objects:  95% (68/71)        
2025-04-22T22:00:37.5582260Z remote: Compressing objects:  97% (69/71)        
2025-04-22T22:00:37.5583982Z remote: Compressing objects:  98% (70/71)        
2025-04-22T22:00:37.5586068Z remote: Compressing objects: 100% (71/71)        
2025-04-22T22:00:37.5587924Z remote: Compressing objects: 100% (71/71), done.        
2025-04-22T22:00:37.8562063Z remote: Total 82 (delta 15), reused 51 (delta 7), pack-reused 0 (from 0)        
2025-04-22T22:00:37.9427877Z From https://github.com/sai-pranay-teja/JobManagement
2025-04-22T22:00:37.9430605Z  * [new ref]         341e3c48fe120dfcfe28cae39fbd43593fee9231 -> origin/main
2025-04-22T22:00:37.9457812Z ##[endgroup]
2025-04-22T22:00:37.9460814Z ##[group]Determining the checkout info
2025-04-22T22:00:37.9463793Z ##[endgroup]
2025-04-22T22:00:37.9466236Z ##[group]Checking out the ref
2025-04-22T22:00:37.9468244Z [command]/usr/bin/git checkout --progress --force -B main refs/remotes/origin/main
2025-04-22T22:00:37.9987644Z Switched to a new branch 'main'
2025-04-22T22:00:37.9990148Z branch 'main' set up to track 'origin/main'.
2025-04-22T22:00:37.9998118Z ##[endgroup]
2025-04-22T22:00:38.0031405Z [command]/usr/bin/git log -1 --format='%H'
2025-04-22T22:00:38.0053725Z '341e3c48fe120dfcfe28cae39fbd43593fee9231'
2025-04-22T22:00:38.0400569Z ##[group]Run actions/setup-java@v3
2025-04-22T22:00:38.0402047Z with:
2025-04-22T22:00:38.0403169Z   java-version: 17
2025-04-22T22:00:38.0404386Z   distribution: corretto
2025-04-22T22:00:38.0405816Z   java-package: jdk
2025-04-22T22:00:38.0407033Z   check-latest: false
2025-04-22T22:00:38.0408259Z   server-id: github
2025-04-22T22:00:38.0409487Z   server-username: GITHUB_ACTOR
2025-04-22T22:00:38.0410881Z   server-password: GITHUB_TOKEN
2025-04-22T22:00:38.0412259Z   overwrite-settings: true
2025-04-22T22:00:38.0413557Z   job-status: success
2025-04-22T22:00:38.0415039Z   token: ***
2025-04-22T22:00:38.0416261Z env:
2025-04-22T22:00:38.0417387Z   REMOTE_HOST: 18.60.83.220
2025-04-22T22:00:38.0418680Z   REMOTE_USER: ubuntu
2025-04-22T22:00:38.0419979Z   REMOTE_BACKUP_DIR: /tmp/actions_bak
2025-04-22T22:00:38.0421414Z ##[endgroup]
2025-04-22T22:00:38.2349162Z ##[group]Installed distributions
2025-04-22T22:00:38.2373358Z Trying to resolve the latest version from remote
2025-04-22T22:00:38.3166822Z Resolved latest version as 17.0.15+6.1
2025-04-22T22:00:38.3169571Z Trying to download...
2025-04-22T22:00:38.3174293Z Downloading Java 17.0.15+6.1 (Corretto) from https://corretto.aws/downloads/resources/17.0.15.6.1/amazon-corretto-17.0.15.6.1-linux-x64.tar.gz ...
2025-04-22T22:00:39.2953689Z Extracting Java archive...
2025-04-22T22:00:39.3064068Z [command]/usr/bin/tar xz --warning=no-unknown-keyword -C /home/runner/work/_temp/7f049778-6366-4be2-afd5-2e4e89f50162 -f /home/runner/work/_temp/3383d48e-9bbe-4d0b-a31e-b6abc3992595
2025-04-22T22:00:41.8867233Z Java 17.0.15+6.1 was downloaded
2025-04-22T22:00:41.8867938Z Setting Java 17.0.15+6.1 as the default
2025-04-22T22:00:41.8878189Z Creating toolchains.xml for JDK version 17 from corretto
2025-04-22T22:00:41.8954315Z Writing to /home/runner/.m2/toolchains.xml
2025-04-22T22:00:41.8955722Z 
2025-04-22T22:00:41.8956024Z Java configuration:
2025-04-22T22:00:41.8956717Z   Distribution: corretto
2025-04-22T22:00:41.8957257Z   Version: 17.0.15+6.1
2025-04-22T22:00:41.8957959Z   Path: /opt/hostedtoolcache/Java_Corretto_jdk/17.0.15-6.1/x64
2025-04-22T22:00:41.8958552Z 
2025-04-22T22:00:41.8959265Z ##[endgroup]
2025-04-22T22:00:41.8980718Z Creating settings.xml with server-id: github
2025-04-22T22:00:41.8981385Z Writing to /home/runner/.m2/settings.xml
2025-04-22T22:00:41.9129830Z ##[group]Run echo "$SSH_KEY_SECRET" > key.pem
2025-04-22T22:00:41.9130335Z [36;1mecho "$SSH_KEY_SECRET" > key.pem[0m
2025-04-22T22:00:41.9130703Z [36;1msed -i 's/\\n/\n/g' key.pem[0m
2025-04-22T22:00:41.9131333Z [36;1mgrep -q "BEGIN RSA PRIVATE KEY" key.pem || sed -i '1i***' key.pem[0m
2025-04-22T22:00:41.9131935Z [36;1mgrep -q "END RSA PRIVATE KEY" key.pem || echo "***" >> key.pem[0m
2025-04-22T22:00:41.9132351Z [36;1mchmod 400 key.pem[0m
2025-04-22T22:00:41.9185191Z shell: /usr/bin/bash -e {0}
2025-04-22T22:00:41.9205629Z env:
2025-04-22T22:00:41.9205951Z   REMOTE_HOST: 18.60.83.220
2025-04-22T22:00:41.9206259Z   REMOTE_USER: ubuntu
2025-04-22T22:00:41.9206582Z   REMOTE_BACKUP_DIR: /tmp/actions_bak
2025-04-22T22:00:41.9207042Z   JAVA_HOME: /opt/hostedtoolcache/Java_Corretto_jdk/17.0.15-6.1/x64
2025-04-22T22:00:41.9207573Z   JAVA_HOME_17_X64: /opt/hostedtoolcache/Java_Corretto_jdk/17.0.15-6.1/x64
2025-04-22T22:00:41.9214982Z   SSH_KEY_SECRET: ***
2025-04-22T22:00:41.9215444Z ##[endgroup]
2025-04-22T22:00:41.9398387Z ##[group]Run echo "PIPELINE_START_TIME=$(date +%s)" >> $GITHUB_ENV
2025-04-22T22:00:41.9398939Z [36;1mecho "PIPELINE_START_TIME=$(date +%s)" >> $GITHUB_ENV[0m
2025-04-22T22:00:41.9446344Z shell: /usr/bin/bash -e {0}
2025-04-22T22:00:41.9446653Z env:
2025-04-22T22:00:41.9446906Z   REMOTE_HOST: 18.60.83.220
2025-04-22T22:00:41.9447200Z   REMOTE_USER: ubuntu
2025-04-22T22:00:41.9447501Z   REMOTE_BACKUP_DIR: /tmp/actions_bak
2025-04-22T22:00:41.9447924Z   JAVA_HOME: /opt/hostedtoolcache/Java_Corretto_jdk/17.0.15-6.1/x64
2025-04-22T22:00:41.9448465Z   JAVA_HOME_17_X64: /opt/hostedtoolcache/Java_Corretto_jdk/17.0.15-6.1/x64
2025-04-22T22:00:41.9448879Z ##[endgroup]
2025-04-22T22:00:41.9559731Z ##[group]Run mkdir -p build/WEB-INF/classes
2025-04-22T22:00:41.9560187Z [36;1mmkdir -p build/WEB-INF/classes[0m
2025-04-22T22:00:41.9560733Z [36;1m# Compile Java sources; redirect errors to compile_error.log and exit if compilation fails.[0m
2025-04-22T22:00:41.9561587Z [36;1m# javac -cp "src/main/webapp/WEB-INF/lib/*" -d build/WEB-INF/classes $(find src -name "*.java") 2> compile_error.log || { echo "Build failed!"; exit 1; }[0m
2025-04-22T22:00:41.9562492Z [36;1mjavac -cp "src/main/webapp/WEB-INF/lib/*" -d build/WEB-INF/classes $(find src -name "*.java") 2> compile_error.log[0m
2025-04-22T22:00:41.9563043Z [36;1m[0m
2025-04-22T22:00:41.9563353Z [36;1mcp -R src/main/resources/* build/WEB-INF/classes/[0m
2025-04-22T22:00:41.9563754Z [36;1mcp -R src/main/webapp/* build/[0m
2025-04-22T22:00:41.9564133Z [36;1mjar -cvf JobManagement_ACTIONS.war -C build .[0m
2025-04-22T22:00:41.9610519Z shell: /usr/bin/bash -e {0}
2025-04-22T22:00:41.9610825Z env:
2025-04-22T22:00:41.9611116Z   REMOTE_HOST: 18.60.83.220
2025-04-22T22:00:41.9611404Z   REMOTE_USER: ubuntu
2025-04-22T22:00:41.9611705Z   REMOTE_BACKUP_DIR: /tmp/actions_bak
2025-04-22T22:00:41.9612131Z   JAVA_HOME: /opt/hostedtoolcache/Java_Corretto_jdk/17.0.15-6.1/x64
2025-04-22T22:00:41.9612646Z   JAVA_HOME_17_X64: /opt/hostedtoolcache/Java_Corretto_jdk/17.0.15-6.1/x64
2025-04-22T22:00:41.9613070Z   PIPELINE_START_TIME: 1745359241
2025-04-22T22:00:41.9613391Z ##[endgroup]
2025-04-22T22:00:43.3229187Z added manifest
2025-04-22T22:00:43.3314764Z adding: WEB-INF/(in = 0) (out= 0)(stored 0%)
2025-04-22T22:00:43.3316800Z adding: WEB-INF/classes/(in = 0) (out= 0)(stored 0%)
2025-04-22T22:00:43.3321058Z adding: WEB-INF/classes/TestApp.class(in = 393) (out= 279)(deflated 29%)
2025-04-22T22:00:43.3327265Z adding: WEB-INF/classes/TestAppPart1.class(in = 3452) (out= 1808)(deflated 47%)
2025-04-22T22:00:43.3331964Z adding: WEB-INF/classes/TestAppPart2.class(in = 644) (out= 427)(deflated 33%)
2025-04-22T22:00:43.3334906Z adding: WEB-INF/classes/config.properties(in = 132) (out= 117)(deflated 11%)
2025-04-22T22:00:43.3338456Z adding: WEB-INF/classes/metrics/(in = 0) (out= 0)(stored 0%)
2025-04-22T22:00:43.3339567Z adding: WEB-INF/classes/metrics/EfficiencyIndexCalculator.class(in = 796) (out= 525)(deflated 34%)
2025-04-22T22:00:43.3343078Z adding: WEB-INF/classes/metrics/MetricRecord.class(in = 1674) (out= 687)(deflated 58%)
2025-04-22T22:00:43.3344847Z adding: WEB-INF/classes/metrics/MetricsDashboardServlet.class(in = 5675) (out= 2432)(deflated 57%)
2025-04-22T22:00:43.3346330Z adding: WEB-INF/classes/metrics/MetricsParser.class(in = 4393) (out= 2467)(deflated 43%)
2025-04-22T22:00:43.3347343Z adding: WEB-INF/classes/model/(in = 0) (out= 0)(stored 0%)
2025-04-22T22:00:43.3348308Z adding: WEB-INF/classes/model/Application.class(in = 1590) (out= 613)(deflated 61%)
2025-04-22T22:00:43.3349724Z adding: WEB-INF/classes/model/ApplicationController.class(in = 3616) (out= 1875)(deflated 48%)
2025-04-22T22:00:43.3351287Z adding: WEB-INF/classes/model/ApplicationDAO.class(in = 5283) (out= 2359)(deflated 55%)
2025-04-22T22:00:43.3354235Z adding: WEB-INF/classes/model/CancelApplicationController.class(in = 1651) (out= 891)(deflated 46%)
2025-04-22T22:00:43.3357527Z adding: WEB-INF/classes/model/DatabaseUtil.class(in = 2328) (out= 1292)(deflated 44%)
2025-04-22T22:00:43.3359375Z adding: WEB-INF/classes/model/DeleteJobController.class(in = 2258) (out= 1187)(deflated 47%)
2025-04-22T22:00:43.3363040Z adding: WEB-INF/classes/model/DownloadResumeController.class(in = 2480) (out= 1329)(deflated 46%)
2025-04-22T22:00:43.3365697Z adding: WEB-INF/classes/model/EmployerDashboardController.class(in = 2913) (out= 1416)(deflated 51%)
2025-04-22T22:00:43.3368515Z adding: WEB-INF/classes/model/Job.class(in = 1299) (out= 572)(deflated 55%)
2025-04-22T22:00:43.3370967Z adding: WEB-INF/classes/model/JobController.class(in = 2383) (out= 1290)(deflated 45%)
2025-04-22T22:00:43.3374986Z adding: WEB-INF/classes/model/JobDAO.class(in = 5248) (out= 2320)(deflated 55%)
2025-04-22T22:00:43.3377380Z adding: WEB-INF/classes/model/LoginController.class(in = 2435) (out= 1248)(deflated 48%)
2025-04-22T22:00:43.3381001Z adding: WEB-INF/classes/model/LogoutServlet.class(in = 969) (out= 538)(deflated 44%)
2025-04-22T22:00:43.3384213Z adding: WEB-INF/classes/model/UpdateApplicationStatusController.class(in = 1727) (out= 926)(deflated 46%)
2025-04-22T22:00:43.3386239Z adding: WEB-INF/classes/model/User.class(in = 1110) (out= 469)(deflated 57%)
2025-04-22T22:00:43.3387849Z adding: WEB-INF/classes/model/UserController.class(in = 2109) (out= 1166)(deflated 44%)
2025-04-22T22:00:43.3391160Z adding: WEB-INF/classes/model/UserDAO.class(in = 4628) (out= 2108)(deflated 54%)
2025-04-22T22:00:43.3393127Z adding: WEB-INF/classes/model/ViewApplicationsController.class(in = 2475) (out= 1234)(deflated 50%)
2025-04-22T22:00:43.3397963Z adding: WEB-INF/classes/model/ViewJobsController.class(in = 3200) (out= 1649)(deflated 48%)
2025-04-22T22:00:43.3399707Z adding: WEB-INF/lib/(in = 0) (out= 0)(stored 0%)
2025-04-22T22:00:43.3418081Z adding: WEB-INF/lib/commons-fileupload2-core-2.0.0-M2.jar(in = 63228) (out= 55526)(deflated 12%)
2025-04-22T22:00:43.3559306Z adding: WEB-INF/lib/commons-io-2.18.0.jar(in = 538910) (out= 479979)(deflated 10%)
2025-04-22T22:00:43.3570808Z adding: WEB-INF/lib/hamcrest-core-1.3.jar(in = 45024) (out= 39918)(deflated 11%)
2025-04-22T22:00:43.3660392Z adding: WEB-INF/lib/jakarta.servlet-api-6.0.0.jar(in = 347613) (out= 324001)(deflated 6%)
2025-04-22T22:00:43.4592230Z adding: WEB-INF/lib/jakarta.servlet.jsp.jstl-3.0.0.jar(in = 3712950) (out= 3357798)(deflated 9%)
2025-04-22T22:00:43.4604268Z adding: WEB-INF/lib/jakarta.servlet.jsp.jstl-api-3.0.0.jar(in = 46041) (out= 41321)(deflated 10%)
2025-04-22T22:00:43.5254622Z adding: WEB-INF/lib/junit-platform-console-standalone-1.9.2.jar(in = 2614420) (out= 2294330)(deflated 12%)
2025-04-22T22:00:43.5911157Z adding: WEB-INF/lib/mysql-connector-j-9.2.0.jar(in = 2609756) (out= 2445064)(deflated 6%)
2025-04-22T22:00:43.5912500Z adding: WEB-INF/web.xml(in = 922) (out= 365)(deflated 60%)
2025-04-22T22:00:43.5913307Z adding: css/(in = 0) (out= 0)(stored 0%)
2025-04-22T22:00:43.5915983Z adding: css/styles.css(in = 4741) (out= 1265)(deflated 73%)
2025-04-22T22:00:43.5918079Z adding: dashboard.jsp(in = 941) (out= 435)(deflated 53%)
2025-04-22T22:00:43.5920866Z adding: employerDashboard.jsp(in = 2440) (out= 870)(deflated 64%)
2025-04-22T22:00:43.5923036Z adding: error.jsp(in = 327) (out= 232)(deflated 29%)
2025-04-22T22:00:43.5925124Z adding: login.jsp(in = 606) (out= 335)(deflated 44%)
2025-04-22T22:00:43.5926320Z adding: logs/(in = 0) (out= 0)(stored 0%)
2025-04-22T22:00:43.5931461Z adding: logs/codebuild-rollback.log(in = 23309) (out= 3305)(deflated 85%)
2025-04-22T22:00:43.5962989Z adding: logs/codebuild.log(in = 382929) (out= 14184)(deflated 96%)
2025-04-22T22:00:43.5971611Z adding: logs/gha-rollback.log(in = 37504) (out= 8343)(deflated 77%)
2025-04-22T22:00:43.5981976Z adding: logs/gha.log(in = 47350) (out= 10419)(deflated 77%)
2025-04-22T22:00:43.5984981Z adding: logs/jenkins-rollback.log(in = 10322) (out= 2357)(deflated 77%)
2025-04-22T22:00:43.5991756Z adding: logs/jenkins.log(in = 27389) (out= 5352)(deflated 80%)
2025-04-22T22:00:43.5994059Z adding: metrics.jsp(in = 3622) (out= 1220)(deflated 66%)
2025-04-22T22:00:43.5995752Z adding: postJob.jsp(in = 899) (out= 454)(deflated 49%)
2025-04-22T22:00:43.6000962Z adding: register.jsp(in = 931) (out= 410)(deflated 55%)
2025-04-22T22:00:43.6002856Z adding: viewApplications.jsp(in = 3165) (out= 1113)(deflated 64%)
2025-04-22T22:00:43.6004683Z adding: viewJobs.jsp(in = 5148) (out= 1546)(deflated 69%)
2025-04-22T22:00:43.6139736Z ##[group]Run ssh -o StrictHostKeyChecking=no -i key.pem $REMOTE_USER@$REMOTE_HOST "mkdir -p /tmp/actions_bak"
2025-04-22T22:00:43.6140537Z [36;1mssh -o StrictHostKeyChecking=no -i key.pem $REMOTE_USER@$REMOTE_HOST "mkdir -p /tmp/actions_bak"[0m
2025-04-22T22:00:43.6141403Z [36;1mscp -o StrictHostKeyChecking=no -i key.pem JobManagement_ACTIONS.war $REMOTE_USER@$REMOTE_HOST:/tmp/actions_bak/JobManagement_ACTIONS.war_bak[0m
2025-04-22T22:00:43.6142224Z [36;1mecho "Backup saved on remote host at /tmp/actions_bak/JobManagement_ACTIONS.war_bak"[0m
2025-04-22T22:00:43.6190773Z shell: /usr/bin/bash -e {0}
2025-04-22T22:00:43.6191081Z env:
2025-04-22T22:00:43.6191329Z   REMOTE_HOST: 18.60.83.220
2025-04-22T22:00:43.6191607Z   REMOTE_USER: ubuntu
2025-04-22T22:00:43.6191894Z   REMOTE_BACKUP_DIR: /tmp/actions_bak
2025-04-22T22:00:43.6192326Z   JAVA_HOME: /opt/hostedtoolcache/Java_Corretto_jdk/17.0.15-6.1/x64
2025-04-22T22:00:43.6192866Z   JAVA_HOME_17_X64: /opt/hostedtoolcache/Java_Corretto_jdk/17.0.15-6.1/x64
2025-04-22T22:00:43.6193305Z   PIPELINE_START_TIME: 1745359241
2025-04-22T22:00:43.6193607Z ##[endgroup]
2025-04-22T22:00:44.5246217Z Warning: Permanently added '18.60.83.220' (ED25519) to the list of known hosts.
2025-04-22T22:00:52.6126369Z Backup saved on remote host at /tmp/actions_bak/JobManagement_ACTIONS.war_bak
2025-04-22T22:00:52.6152710Z ##[group]Run mkdir -p test_output
2025-04-22T22:00:52.6153092Z [36;1mmkdir -p test_output[0m
2025-04-22T22:00:52.6153596Z [36;1mjavac -cp "src/main/webapp/WEB-INF/lib/*:src" -d test_output $(find src/main/test -name "*.java")[0m
2025-04-22T22:00:52.6154570Z [36;1mjava -cp "test_output:src/main/webapp/WEB-INF/lib/*" org.junit.platform.console.ConsoleLauncher --scan-class-path test_output --details summary > test_results.log || true[0m
2025-04-22T22:00:52.6155559Z [36;1mhead -n 20 test_results.log[0m
2025-04-22T22:00:52.6202351Z shell: /usr/bin/bash -e {0}
2025-04-22T22:00:52.6202647Z env:
2025-04-22T22:00:52.6202903Z   REMOTE_HOST: 18.60.83.220
2025-04-22T22:00:52.6203184Z   REMOTE_USER: ubuntu
2025-04-22T22:00:52.6203479Z   REMOTE_BACKUP_DIR: /tmp/actions_bak
2025-04-22T22:00:52.6203900Z   JAVA_HOME: /opt/hostedtoolcache/Java_Corretto_jdk/17.0.15-6.1/x64
2025-04-22T22:00:52.6204400Z   JAVA_HOME_17_X64: /opt/hostedtoolcache/Java_Corretto_jdk/17.0.15-6.1/x64
2025-04-22T22:00:52.6204857Z   PIPELINE_START_TIME: 1745359241
2025-04-22T22:00:52.6205192Z ##[endgroup]
2025-04-22T22:00:53.8237533Z 
2025-04-22T22:00:53.8238239Z Thanks for using JUnit! Support its development at https://junit.org/sponsoring
2025-04-22T22:00:53.8238861Z 
2025-04-22T22:00:53.8238867Z 
2025-04-22T22:00:53.8239053Z Failures (2):
2025-04-22T22:00:53.8239575Z   JUnit Jupiter:TestAppPart1:testDatabaseConnection()
2025-04-22T22:00:53.8240651Z     MethodSource [className = 'TestAppPart1', methodName = 'testDatabaseConnection', methodParameterTypes = '']
2025-04-22T22:00:53.8241645Z     => org.opentest4j.AssertionFailedError: Database connection failed: config.properties not found
2025-04-22T22:00:53.8242768Z        org.junit.jupiter.api.AssertionUtils.fail(AssertionUtils.java:38)
2025-04-22T22:00:53.8243595Z        org.junit.jupiter.api.Assertions.fail(Assertions.java:135)
2025-04-22T22:00:53.8244295Z        TestAppPart1.testDatabaseConnection(TestAppPart1.java:31)
2025-04-22T22:00:53.8244929Z        java.base/jdk.internal.reflect.NativeMethodAccessorImpl.invoke0(Native Method)
2025-04-22T22:00:53.8246060Z        java.base/jdk.internal.reflect.NativeMethodAccessorImpl.invoke(NativeMethodAccessorImpl.java:77)
2025-04-22T22:00:53.8246960Z        java.base/jdk.internal.reflect.DelegatingMethodAccessorImpl.invoke(DelegatingMethodAccessorImpl.java:43)
2025-04-22T22:00:53.8247668Z        java.base/java.lang.reflect.Method.invoke(Method.java:569)
2025-04-22T22:00:53.8248297Z        org.junit.platform.commons.util.ReflectionUtils.invokeMethod(ReflectionUtils.java:727)
2025-04-22T22:00:53.8249059Z        org.junit.jupiter.engine.execution.MethodInvocation.proceed(MethodInvocation.java:60)
2025-04-22T22:00:53.8250032Z        org.junit.jupiter.engine.execution.InvocationInterceptorChain$ValidatingInvocation.proceed(InvocationInterceptorChain.java:131)
2025-04-22T22:00:53.8250754Z        [...]
2025-04-22T22:00:53.8251062Z   JUnit Jupiter:TestAppPart1:testQueryExecution()
2025-04-22T22:00:53.8286477Z ##[group]Run ssh -o StrictHostKeyChecking=no -i key.pem $REMOTE_USER@$REMOTE_HOST "vmstat -s | awk '{printf \"%.2f MB - %s\n\", \$1/1024, substr(\$0, index(\$0,\$2))}'" > resource_usage_before.log
2025-04-22T22:00:53.8287655Z [36;1mssh -o StrictHostKeyChecking=no -i key.pem $REMOTE_USER@$REMOTE_HOST "vmstat -s | awk '{printf \"%.2f MB - %s\n\", \$1/1024, substr(\$0, index(\$0,\$2))}'" > resource_usage_before.log[0m
2025-04-22T22:00:53.8288545Z [36;1mssh -o StrictHostKeyChecking=no -i key.pem $REMOTE_USER@$REMOTE_HOST "free -h" > mem_before.log[0m
2025-04-22T22:00:53.8334262Z shell: /usr/bin/bash -e {0}
2025-04-22T22:00:53.8334553Z env:
2025-04-22T22:00:53.8334800Z   REMOTE_HOST: 18.60.83.220
2025-04-22T22:00:53.8335082Z   REMOTE_USER: ubuntu
2025-04-22T22:00:53.8335567Z   REMOTE_BACKUP_DIR: /tmp/actions_bak
2025-04-22T22:00:53.8336001Z   JAVA_HOME: /opt/hostedtoolcache/Java_Corretto_jdk/17.0.15-6.1/x64
2025-04-22T22:00:53.8336543Z   JAVA_HOME_17_X64: /opt/hostedtoolcache/Java_Corretto_jdk/17.0.15-6.1/x64
2025-04-22T22:00:53.8337143Z   PIPELINE_START_TIME: 1745359241
2025-04-22T22:00:53.8337448Z ##[endgroup]
2025-04-22T22:00:58.7701479Z ##[group]Run echo "DEPLOY_START_TIME=$(date +%s)" >> $GITHUB_ENV
2025-04-22T22:00:58.7702371Z [36;1mecho "DEPLOY_START_TIME=$(date +%s)" >> $GITHUB_ENV[0m
2025-04-22T22:00:58.7703206Z [36;1mCOMMIT_TIME=$(git log -1 --format=%ct)[0m
2025-04-22T22:00:58.7703924Z [36;1mLEAD_TIME=$(($(date +%s) - COMMIT_TIME))[0m
2025-04-22T22:00:58.7704649Z [36;1mecho "LEAD_TIME=$LEAD_TIME" >> $GITHUB_ENV[0m
2025-04-22T22:00:58.7771215Z shell: /usr/bin/bash -e {0}
2025-04-22T22:00:58.7771726Z env:
2025-04-22T22:00:58.7772164Z   REMOTE_HOST: 18.60.83.220
2025-04-22T22:00:58.7772657Z   REMOTE_USER: ubuntu
2025-04-22T22:00:58.7773176Z   REMOTE_BACKUP_DIR: /tmp/actions_bak
2025-04-22T22:00:58.7773915Z   JAVA_HOME: /opt/hostedtoolcache/Java_Corretto_jdk/17.0.15-6.1/x64
2025-04-22T22:00:58.7774817Z   JAVA_HOME_17_X64: /opt/hostedtoolcache/Java_Corretto_jdk/17.0.15-6.1/x64
2025-04-22T22:00:58.7775872Z   PIPELINE_START_TIME: 1745359241
2025-04-22T22:00:58.7776413Z ##[endgroup]
2025-04-22T22:00:58.7926919Z ##[group]Run scp -o StrictHostKeyChecking=no -i key.pem JobManagement_ACTIONS.war $REMOTE_USER@$REMOTE_HOST:/opt/tomcat10/webapps/
2025-04-22T22:00:58.7927850Z [36;1mscp -o StrictHostKeyChecking=no -i key.pem JobManagement_ACTIONS.war $REMOTE_USER@$REMOTE_HOST:/opt/tomcat10/webapps/[0m
2025-04-22T22:00:58.7928587Z [36;1mssh -o StrictHostKeyChecking=no -i key.pem $REMOTE_USER@$REMOTE_HOST <<EOF[0m
2025-04-22T22:00:58.7929149Z [36;1m  sudo rm -rf /opt/tomcat10/webapps/JobManagement_ACTIONS || true[0m
2025-04-22T22:00:58.7929561Z [36;1m  sleep 5[0m
2025-04-22T22:00:58.7929872Z [36;1m  sudo /opt/tomcat10/bin/shutdown.sh || true[0m
2025-04-22T22:00:58.7930252Z [36;1m  sudo /opt/tomcat10/bin/startup.sh[0m
2025-04-22T22:00:58.7930577Z [36;1m  exit[0m
2025-04-22T22:00:58.7930825Z [36;1mEOF[0m
2025-04-22T22:00:58.7971017Z shell: /usr/bin/bash -e {0}
2025-04-22T22:00:58.7971315Z env:
2025-04-22T22:00:58.7971574Z   REMOTE_HOST: 18.60.83.220
2025-04-22T22:00:58.7971878Z   REMOTE_USER: ubuntu
2025-04-22T22:00:58.7972163Z   REMOTE_BACKUP_DIR: /tmp/actions_bak
2025-04-22T22:00:58.7972583Z   JAVA_HOME: /opt/hostedtoolcache/Java_Corretto_jdk/17.0.15-6.1/x64
2025-04-22T22:00:58.7973089Z   JAVA_HOME_17_X64: /opt/hostedtoolcache/Java_Corretto_jdk/17.0.15-6.1/x64
2025-04-22T22:00:58.7973505Z   PIPELINE_START_TIME: 1745359241
2025-04-22T22:00:58.7973814Z   DEPLOY_START_TIME: 1745359258
2025-04-22T22:00:58.7974102Z   LEAD_TIME: 34
2025-04-22T22:00:58.7974354Z ##[endgroup]
2025-04-22T22:01:05.1571706Z Pseudo-terminal will not be allocated because stdin is not a terminal.
2025-04-22T22:01:07.6094665Z Welcome to Ubuntu 24.04.2 LTS (GNU/Linux 6.8.0-1027-aws x86_64)
2025-04-22T22:01:07.6095137Z 
2025-04-22T22:01:07.6095584Z  * Documentation:  https://help.ubuntu.com
2025-04-22T22:01:07.6096244Z  * Management:     https://landscape.canonical.com
2025-04-22T22:01:07.6096836Z  * Support:        https://ubuntu.com/pro
2025-04-22T22:01:07.6097206Z 
2025-04-22T22:01:07.6097467Z  System information as of Tue Apr 22 22:00:45 UTC 2025
2025-04-22T22:01:07.6097845Z 
2025-04-22T22:01:07.6098111Z   System load:  0.19              Temperature:           -273.1 C
2025-04-22T22:01:07.6098757Z   Usage of /:   67.1% of 6.71GB   Processes:             125
2025-04-22T22:01:07.6099390Z   Memory usage: 29%               Users logged in:       1
2025-04-22T22:01:07.6100032Z   Swap usage:   0%                IPv4 address for ens5: 172.31.20.166
2025-04-22T22:01:07.6100430Z 
2025-04-22T22:01:07.6100741Z  * Ubuntu Pro delivers the most comprehensive open source security and
2025-04-22T22:01:07.6101360Z    compliance features.
2025-04-22T22:01:07.6101607Z 
2025-04-22T22:01:07.6101794Z    https://ubuntu.com/aws/pro
2025-04-22T22:01:07.6102072Z 
2025-04-22T22:01:07.6102365Z Expanded Security Maintenance for Applications is not enabled.
2025-04-22T22:01:07.6102803Z 
2025-04-22T22:01:07.6102992Z 1 update can be applied immediately.
2025-04-22T22:01:07.6103938Z To see these additional updates run: apt list --upgradable
2025-04-22T22:01:07.6104349Z 
2025-04-22T22:01:07.6104626Z Enable ESM Apps to receive additional future security updates.
2025-04-22T22:01:07.6105403Z See https://ubuntu.com/esm or run: sudo pro status
2025-04-22T22:01:07.6105768Z 
2025-04-22T22:01:07.6105774Z 
2025-04-22T22:01:12.8602887Z sudo: /opt/tomcat10/bin/shutdown.sh: command not found
2025-04-22T22:01:12.8771041Z Tomcat started.
2025-04-22T22:01:12.8847819Z ##[group]Run ssh -o StrictHostKeyChecking=no -i key.pem $REMOTE_USER@$REMOTE_HOST "timeout 60 bash -c 'until grep -q \"Deployment of web application archive\" <(tail -n 50 /opt/tomcat10/logs/catalina.out); do sleep 5; done'"
2025-04-22T22:01:12.8849197Z [36;1mssh -o StrictHostKeyChecking=no -i key.pem $REMOTE_USER@$REMOTE_HOST "timeout 60 bash -c 'until grep -q \"Deployment of web application archive\" <(tail -n 50 /opt/tomcat10/logs/catalina.out); do sleep 5; done'"[0m
2025-04-22T22:01:12.8895888Z shell: /usr/bin/bash -e {0}
2025-04-22T22:01:12.8896205Z env:
2025-04-22T22:01:12.8896454Z   REMOTE_HOST: 18.60.83.220
2025-04-22T22:01:12.8896739Z   REMOTE_USER: ubuntu
2025-04-22T22:01:12.8897030Z   REMOTE_BACKUP_DIR: /tmp/actions_bak
2025-04-22T22:01:12.8897450Z   JAVA_HOME: /opt/hostedtoolcache/Java_Corretto_jdk/17.0.15-6.1/x64
2025-04-22T22:01:12.8897959Z   JAVA_HOME_17_X64: /opt/hostedtoolcache/Java_Corretto_jdk/17.0.15-6.1/x64
2025-04-22T22:01:12.8898444Z   PIPELINE_START_TIME: 1745359241
2025-04-22T22:01:12.8898756Z   DEPLOY_START_TIME: 1745359258
2025-04-22T22:01:12.8899048Z   LEAD_TIME: 34
2025-04-22T22:01:12.8899308Z ##[endgroup]
2025-04-22T22:01:20.3625062Z ##[group]Run echo "DEPLOY_END_TIME=$(date +%s)" >> $GITHUB_ENV
2025-04-22T22:01:20.3625749Z [36;1mecho "DEPLOY_END_TIME=$(date +%s)" >> $GITHUB_ENV[0m
2025-04-22T22:01:20.3671290Z shell: /usr/bin/bash -e {0}
2025-04-22T22:01:20.3671578Z env:
2025-04-22T22:01:20.3671825Z   REMOTE_HOST: 18.60.83.220
2025-04-22T22:01:20.3672114Z   REMOTE_USER: ubuntu
2025-04-22T22:01:20.3672417Z   REMOTE_BACKUP_DIR: /tmp/actions_bak
2025-04-22T22:01:20.3672834Z   JAVA_HOME: /opt/hostedtoolcache/Java_Corretto_jdk/17.0.15-6.1/x64
2025-04-22T22:01:20.3673348Z   JAVA_HOME_17_X64: /opt/hostedtoolcache/Java_Corretto_jdk/17.0.15-6.1/x64
2025-04-22T22:01:20.3673769Z   PIPELINE_START_TIME: 1745359241
2025-04-22T22:01:20.3674079Z   DEPLOY_START_TIME: 1745359258
2025-04-22T22:01:20.3674368Z   LEAD_TIME: 34
2025-04-22T22:01:20.3674622Z ##[endgroup]
2025-04-22T22:01:20.3772795Z ##[group]Run ssh -o StrictHostKeyChecking=no -i key.pem $REMOTE_USER@$REMOTE_HOST "vmstat -s | awk '{printf \"%.2f MB - %s\n\", \$1/1024, substr(\$0, index(\$0,\$2))}'" > resource_usage_after.log
2025-04-22T22:01:20.3773912Z [36;1mssh -o StrictHostKeyChecking=no -i key.pem $REMOTE_USER@$REMOTE_HOST "vmstat -s | awk '{printf \"%.2f MB - %s\n\", \$1/1024, substr(\$0, index(\$0,\$2))}'" > resource_usage_after.log[0m
2025-04-22T22:01:20.3774787Z [36;1mssh -o StrictHostKeyChecking=no -i key.pem $REMOTE_USER@$REMOTE_HOST "free -h" > mem_after.log[0m
2025-04-22T22:01:20.3815497Z shell: /usr/bin/bash -e {0}
2025-04-22T22:01:20.3815799Z env:
2025-04-22T22:01:20.3816041Z   REMOTE_HOST: 18.60.83.220
2025-04-22T22:01:20.3816319Z   REMOTE_USER: ubuntu
2025-04-22T22:01:20.3816609Z   REMOTE_BACKUP_DIR: /tmp/actions_bak
2025-04-22T22:01:20.3817017Z   JAVA_HOME: /opt/hostedtoolcache/Java_Corretto_jdk/17.0.15-6.1/x64
2025-04-22T22:01:20.3817552Z   JAVA_HOME_17_X64: /opt/hostedtoolcache/Java_Corretto_jdk/17.0.15-6.1/x64
2025-04-22T22:01:20.3817968Z   PIPELINE_START_TIME: 1745359241
2025-04-22T22:01:20.3818276Z   DEPLOY_START_TIME: 1745359258
2025-04-22T22:01:20.3818557Z   LEAD_TIME: 34
2025-04-22T22:01:20.3818819Z   DEPLOY_END_TIME: 1745359280
2025-04-22T22:01:20.3819092Z ##[endgroup]
2025-04-22T22:01:25.2888620Z ##[group]Run source $GITHUB_ENV
2025-04-22T22:01:25.2889256Z [36;1msource $GITHUB_ENV[0m
2025-04-22T22:01:25.2889963Z [36;1mDEPLOY_DURATION=$(($DEPLOY_END_TIME - $DEPLOY_START_TIME))[0m
2025-04-22T22:01:25.2890489Z [36;1mPIPELINE_END_TIME=$(date +%s)[0m
2025-04-22T22:01:25.2891220Z [36;1mTOTAL_PIPELINE_TIME=$(($PIPELINE_END_TIME - $PIPELINE_START_TIME))[0m
2025-04-22T22:01:25.2891730Z [36;1mecho "DEPLOY_DURATION=$DEPLOY_DURATION" >> $GITHUB_ENV[0m
2025-04-22T22:01:25.2892217Z [36;1mecho "TOTAL_PIPELINE_TIME=$TOTAL_PIPELINE_TIME" >> $GITHUB_ENV[0m
2025-04-22T22:01:25.2937854Z shell: /usr/bin/bash -e {0}
2025-04-22T22:01:25.2938142Z env:
2025-04-22T22:01:25.2938393Z   REMOTE_HOST: 18.60.83.220
2025-04-22T22:01:25.2938683Z   REMOTE_USER: ubuntu
2025-04-22T22:01:25.2938977Z   REMOTE_BACKUP_DIR: /tmp/actions_bak
2025-04-22T22:01:25.2939392Z   JAVA_HOME: /opt/hostedtoolcache/Java_Corretto_jdk/17.0.15-6.1/x64
2025-04-22T22:01:25.2940022Z   JAVA_HOME_17_X64: /opt/hostedtoolcache/Java_Corretto_jdk/17.0.15-6.1/x64
2025-04-22T22:01:25.2940768Z   PIPELINE_START_TIME: 1745359241
2025-04-22T22:01:25.2941327Z   DEPLOY_START_TIME: 1745359258
2025-04-22T22:01:25.2941867Z   LEAD_TIME: 34
2025-04-22T22:01:25.2942337Z   DEPLOY_END_TIME: 1745359280
2025-04-22T22:01:25.2942631Z ##[endgroup]
2025-04-22T22:01:25.3069573Z ##[group]Run echo "-------------------------------------------------"
2025-04-22T22:01:25.3070374Z [36;1mecho "-------------------------------------------------"[0m
2025-04-22T22:01:25.3070955Z [36;1mecho "              CI/CD Metrics Summary              "[0m
2025-04-22T22:01:25.3071593Z [36;1mecho "-------------------------------------------------"[0m
2025-04-22T22:01:25.3072236Z [36;1mecho "| Metric                             | Value          |"[0m
2025-04-22T22:01:25.3072803Z [36;1mecho "-------------------------------------------------"[0m
2025-04-22T22:01:25.3073480Z [36;1mecho "| Total Pipeline Time (sec)          | $TOTAL_PIPELINE_TIME          |"[0m
2025-04-22T22:01:25.3074230Z [36;1m# If deployment succeeded, DEPLOY_DURATION is set; if not, ROLLBACK_DURATION is used.[0m
2025-04-22T22:01:25.3074964Z [36;1mif [ -n "$DEPLOY_DURATION" ]; then[0m
2025-04-22T22:01:25.3075864Z [36;1m  echo "| Deployment Time (sec)              | $DEPLOY_DURATION          |"[0m
2025-04-22T22:01:25.3076419Z [36;1melse[0m
2025-04-22T22:01:25.3077043Z [36;1m  echo "| Rollback Deployment Time (sec)     | $ROLLBACK_DURATION          |"[0m
2025-04-22T22:01:25.3077604Z [36;1mfi[0m
2025-04-22T22:01:25.3078127Z [36;1mecho "| Lead Time for Changes (sec)        | $LEAD_TIME          |"[0m
2025-04-22T22:01:25.3078760Z [36;1mif [ -f test_results.log ]; then[0m
2025-04-22T22:01:25.3079330Z [36;1m  TEST_SUMMARY=$(grep -i "tests found" test_results.log | head -n 1)[0m
2025-04-22T22:01:25.3079923Z [36;1melse[0m
2025-04-22T22:01:25.3080365Z [36;1m  TEST_SUMMARY="N/A"[0m
2025-04-22T22:01:25.3080829Z [36;1mfi[0m
2025-04-22T22:01:25.3081428Z [36;1m# ─── Cost Calculation & Echo ──────────────────────────────────────────────[0m
2025-04-22T22:01:25.3082100Z [36;1m# GitHub Actions hosted runner = $0.008 per minute = $0.0001333 per sec[0m
2025-04-22T22:01:25.3082832Z [36;1mCOST=$(awk "BEGIN { printf \"%.4f\", $TOTAL_PIPELINE_TIME * 0.008/60 }")[0m
2025-04-22T22:01:25.3083527Z [36;1mecho "| Cost (USD)                         | $COST              |"[0m
2025-04-22T22:01:25.3084173Z [36;1m# ─────────────────────────────────────────────────────────────────────────────[0m
2025-04-22T22:01:25.3084848Z [36;1mecho "| Test Summary                       | $TEST_SUMMARY          |"[0m
2025-04-22T22:01:25.3085585Z [36;1m[0m
2025-04-22T22:01:25.3086096Z [36;1mecho "-------------------------------------------------"[0m
2025-04-22T22:01:25.3086678Z [36;1mecho "Memory Usage BEFORE:"[0m
2025-04-22T22:01:25.3087150Z [36;1mcat mem_before.log[0m
2025-04-22T22:01:25.3087703Z [36;1mecho "-------------------------------------------------"[0m
2025-04-22T22:01:25.3088249Z [36;1mecho "Memory Usage AFTER:"[0m
2025-04-22T22:01:25.3088776Z [36;1mcat mem_after.log[0m
2025-04-22T22:01:25.3089231Z [36;1mecho "-------------------------------------------------"[0m
2025-04-22T22:01:25.3089849Z [36;1mecho "Resource Usage BEFORE (vmstat):"[0m
2025-04-22T22:01:25.3090584Z [36;1mcat resource_usage_before.log[0m
2025-04-22T22:01:25.3091137Z [36;1mecho "-------------------------------------------------"[0m
2025-04-22T22:01:25.3091712Z [36;1mecho "Resource Usage AFTER (vmstat):"[0m
2025-04-22T22:01:25.3092215Z [36;1mcat resource_usage_after.log[0m
2025-04-22T22:01:25.3092824Z [36;1mecho "-------------------------------------------------"[0m
2025-04-22T22:01:25.3133700Z shell: /usr/bin/bash -e {0}
2025-04-22T22:01:25.3134242Z env:
2025-04-22T22:01:25.3134693Z   REMOTE_HOST: 18.60.83.220
2025-04-22T22:01:25.3135117Z   REMOTE_USER: ubuntu
2025-04-22T22:01:25.3135850Z   REMOTE_BACKUP_DIR: /tmp/actions_bak
2025-04-22T22:01:25.3136445Z   JAVA_HOME: /opt/hostedtoolcache/Java_Corretto_jdk/17.0.15-6.1/x64
2025-04-22T22:01:25.3137151Z   JAVA_HOME_17_X64: /opt/hostedtoolcache/Java_Corretto_jdk/17.0.15-6.1/x64
2025-04-22T22:01:25.3137687Z   PIPELINE_START_TIME: 1745359241
2025-04-22T22:01:25.3138213Z   DEPLOY_START_TIME: 1745359258
2025-04-22T22:01:25.3138713Z   LEAD_TIME: 34
2025-04-22T22:01:25.3139294Z   DEPLOY_END_TIME: 1745359280
2025-04-22T22:01:25.3139799Z   DEPLOY_DURATION: 22
2025-04-22T22:01:25.3140252Z   TOTAL_PIPELINE_TIME: 44
2025-04-22T22:01:25.3140755Z ##[endgroup]
2025-04-22T22:01:25.3204099Z -------------------------------------------------
2025-04-22T22:01:25.3205010Z               CI/CD Metrics Summary              
2025-04-22T22:01:25.3206026Z -------------------------------------------------
2025-04-22T22:01:25.3206766Z | Metric                             | Value          |
2025-04-22T22:01:25.3207348Z -------------------------------------------------
2025-04-22T22:01:25.3207868Z | Total Pipeline Time (sec)          | 44          |
2025-04-22T22:01:25.3208451Z | Deployment Time (sec)              | 22          |
2025-04-22T22:01:25.3208994Z | Lead Time for Changes (sec)        | 34          |
2025-04-22T22:01:25.3246421Z | Cost (USD)                         | 0.0059              |
2025-04-22T22:01:25.3247319Z | Test Summary                       | [         5 tests found           ]          |
2025-04-22T22:01:25.3248377Z -------------------------------------------------
2025-04-22T22:01:25.3249230Z Memory Usage BEFORE:
2025-04-22T22:01:25.3255834Z                total        used        free      shared  buff/cache   available
2025-04-22T22:01:25.3256492Z Mem:           3.7Gi       1.1Gi       1.9Gi       2.8Mi       1.0Gi       2.6Gi
2025-04-22T22:01:25.3257113Z Swap:             0B          0B          0B
2025-04-22T22:01:25.3257999Z -------------------------------------------------
2025-04-22T22:01:25.3258786Z Memory Usage AFTER:
2025-04-22T22:01:25.3267020Z                total        used        free      shared  buff/cache   available
2025-04-22T22:01:25.3267842Z Mem:           3.7Gi       1.2Gi       1.8Gi       2.8Mi       1.0Gi       2.5Gi
2025-04-22T22:01:25.3268776Z Swap:             0B          0B          0B
2025-04-22T22:01:25.3269710Z -------------------------------------------------
2025-04-22T22:01:25.3270294Z Resource Usage BEFORE (vmstat):
2025-04-22T22:01:25.3277778Z 3836.87 MB - K total memory
2025-04-22T22:01:25.3278269Z 1306.89 MB - K used memory
2025-04-22T22:01:25.3278760Z 1168.97 MB - K active memory
2025-04-22T22:01:25.3279287Z 675.75 MB - K inactive memory
2025-04-22T22:01:25.3279792Z 1770.65 MB - K free memory
2025-04-22T22:01:25.3280268Z 95.37 MB - K buffer memory
2025-04-22T22:01:25.3280761Z 905.36 MB - K swap cache
2025-04-22T22:01:25.3281091Z 0.00 MB - K total swap
2025-04-22T22:01:25.3281347Z 0.00 MB - K used swap
2025-04-22T22:01:25.3281603Z 0.00 MB - K free swap
2025-04-22T22:01:25.3281883Z 135.51 MB - non-nice user cpu ticks
2025-04-22T22:01:25.3282205Z 0.29 MB - nice user cpu ticks
2025-04-22T22:01:25.3282496Z 13.44 MB - system cpu ticks
2025-04-22T22:01:25.3282781Z 6915.88 MB - idle cpu ticks
2025-04-22T22:01:25.3283059Z 9.20 MB - IO-wait cpu ticks
2025-04-22T22:01:25.3283331Z 0.00 MB - IRQ cpu ticks
2025-04-22T22:01:25.3283599Z 0.37 MB - softirq cpu ticks
2025-04-22T22:01:25.3283871Z 3.93 MB - stolen cpu ticks
2025-04-22T22:01:25.3284357Z 0.00 MB - non-nice guest cpu ticks
2025-04-22T22:01:25.3284675Z 0.00 MB - nice guest cpu ticks
2025-04-22T22:01:25.3284966Z 707.01 MB - K paged in
2025-04-22T22:01:25.3285434Z 5043.13 MB - K paged out
2025-04-22T22:01:25.3285743Z 0.00 MB - pages swapped in
2025-04-22T22:01:25.3286050Z 0.00 MB - pages swapped out
2025-04-22T22:01:25.3286334Z 6502.41 MB - interrupts
2025-04-22T22:01:25.3286609Z 9799.14 MB - CPU context switches
2025-04-22T22:01:25.3286912Z 1704416.96 MB - boot time
2025-04-22T22:01:25.3287183Z 35.77 MB - forks
2025-04-22T22:01:25.3287456Z -------------------------------------------------
2025-04-22T22:01:25.3287805Z Resource Usage AFTER (vmstat):
2025-04-22T22:01:25.3288487Z 3836.87 MB - K total memory
2025-04-22T22:01:25.3288955Z 1272.68 MB - K used memory
2025-04-22T22:01:25.3289431Z 1162.22 MB - K active memory
2025-04-22T22:01:25.3289944Z 675.68 MB - K inactive memory
2025-04-22T22:01:25.3290473Z 1804.89 MB - K free memory
2025-04-22T22:01:25.3290941Z 95.40 MB - K buffer memory
2025-04-22T22:01:25.3291623Z 905.34 MB - K swap cache
2025-04-22T22:01:25.3292102Z 0.00 MB - K total swap
2025-04-22T22:01:25.3292738Z 0.00 MB - K used swap
2025-04-22T22:01:25.3293214Z 0.00 MB - K free swap
2025-04-22T22:01:25.3293554Z 137.55 MB - non-nice user cpu ticks
2025-04-22T22:01:25.3293877Z 0.29 MB - nice user cpu ticks
2025-04-22T22:01:25.3294171Z 13.64 MB - system cpu ticks
2025-04-22T22:01:25.3294460Z 6918.70 MB - idle cpu ticks
2025-04-22T22:01:25.3294736Z 9.29 MB - IO-wait cpu ticks
2025-04-22T22:01:25.3295010Z 0.00 MB - IRQ cpu ticks
2025-04-22T22:01:25.3295475Z 0.37 MB - softirq cpu ticks
2025-04-22T22:01:25.3295795Z 3.95 MB - stolen cpu ticks
2025-04-22T22:01:25.3296089Z 0.00 MB - non-nice guest cpu ticks
2025-04-22T22:01:25.3296397Z 0.00 MB - nice guest cpu ticks
2025-04-22T22:01:25.3296673Z 707.01 MB - K paged in
2025-04-22T22:01:25.3296939Z 5131.03 MB - K paged out
2025-04-22T22:01:25.3297219Z 0.00 MB - pages swapped in
2025-04-22T22:01:25.3297492Z 0.00 MB - pages swapped out
2025-04-22T22:01:25.3297865Z 6540.70 MB - interrupts
2025-04-22T22:01:25.3298162Z 9838.42 MB - CPU context switches
2025-04-22T22:01:25.3298461Z 1704416.96 MB - boot time
2025-04-22T22:01:25.3298725Z 36.47 MB - forks
2025-04-22T22:01:25.3299009Z -------------------------------------------------
2025-04-22T22:01:25.3371863Z Post job cleanup.
2025-04-22T22:01:25.5097948Z Post job cleanup.
2025-04-22T22:01:25.5803554Z [command]/usr/bin/git version
2025-04-22T22:01:25.5837653Z git version 2.49.0
2025-04-22T22:01:25.5879895Z Temporarily overriding HOME='/home/runner/work/_temp/151fe528-ce73-485e-b8e4-571dcf25cad1' before making global git config changes
2025-04-22T22:01:25.5881239Z Adding repository directory to the temporary git global config as a safe directory
2025-04-22T22:01:25.5884300Z [command]/usr/bin/git config --global --add safe.directory /home/runner/work/JobManagement/JobManagement
2025-04-22T22:01:25.5925479Z [command]/usr/bin/git config --local --name-only --get-regexp core\.sshCommand
2025-04-22T22:01:25.5955892Z [command]/usr/bin/git submodule foreach --recursive sh -c "git config --local --name-only --get-regexp 'core\.sshCommand' && git config --local --unset-all 'core.sshCommand' || :"
2025-04-22T22:01:25.6187381Z [command]/usr/bin/git config --local --name-only --get-regexp http\.https\:\/\/github\.com\/\.extraheader
2025-04-22T22:01:25.6210331Z http.https://github.com/.extraheader
2025-04-22T22:01:25.6221257Z [command]/usr/bin/git config --local --unset-all http.https://github.com/.extraheader
2025-04-22T22:01:25.6251766Z [command]/usr/bin/git submodule foreach --recursive sh -c "git config --local --name-only --get-regexp 'http\.https\:\/\/github\.com\/\.extraheader' && git config --local --unset-all 'http.https://github.com/.extraheader' || :"
2025-04-22T22:01:25.6609876Z Cleaning up orphan processes
