2025-04-23T12:39:25.5125922Z Current runner version: '2.323.0'
2025-04-23T12:39:25.5156148Z ##[group]Operating System
2025-04-23T12:39:25.5157272Z Ubuntu
2025-04-23T12:39:25.5158041Z 24.04.2
2025-04-23T12:39:25.5158917Z LTS
2025-04-23T12:39:25.5159684Z ##[endgroup]
2025-04-23T12:39:25.5160739Z ##[group]Runner Image
2025-04-23T12:39:25.5161741Z Image: ubuntu-24.04
2025-04-23T12:39:25.5162568Z Version: 20250420.1.0
2025-04-23T12:39:25.5163974Z Included Software: https://github.com/actions/runner-images/blob/ubuntu24/20250420.1/images/ubuntu/Ubuntu2404-Readme.md
2025-04-23T12:39:25.5165818Z Image Release: https://github.com/actions/runner-images/releases/tag/ubuntu24%2F20250420.1
2025-04-23T12:39:25.5167110Z ##[endgroup]
2025-04-23T12:39:25.5167972Z ##[group]Runner Image Provisioner
2025-04-23T12:39:25.5168822Z 2.0.422.1
2025-04-23T12:39:25.5169651Z ##[endgroup]
2025-04-23T12:39:25.5171689Z ##[group]GITHUB_TOKEN Permissions
2025-04-23T12:39:25.5173871Z Contents: read
2025-04-23T12:39:25.5174862Z Metadata: read
2025-04-23T12:39:25.5175837Z Packages: read
2025-04-23T12:39:25.5176799Z ##[endgroup]
2025-04-23T12:39:25.5179401Z Secret source: Actions
2025-04-23T12:39:25.5181013Z Prepare workflow directory
2025-04-23T12:39:25.5587282Z Prepare all required actions
2025-04-23T12:39:25.5625867Z Getting action download info
2025-04-23T12:39:26.0090070Z ##[group]Download immutable action package 'actions/checkout@v3'
2025-04-23T12:39:26.0091825Z Version: 3.6.0
2025-04-23T12:39:26.0093131Z Digest: sha256:942562b9c7d4b1f2557f1da21f4d3eb4eb4fd01f2ad78b2a6e187d1b193e0a0f
2025-04-23T12:39:26.0094786Z Source commit SHA: f43a0e5ff2bd294095638e18286ca9a3d1956744
2025-04-23T12:39:26.0095771Z ##[endgroup]
2025-04-23T12:39:26.1328105Z ##[group]Download immutable action package 'actions/setup-java@v3'
2025-04-23T12:39:26.1329041Z Version: 3.14.1
2025-04-23T12:39:26.1329904Z Digest: sha256:0f5994bd85f236d7525048fec5b0b7b3ec7474ec50184c8f78a320717cfb3d51
2025-04-23T12:39:26.1331276Z Source commit SHA: 17f84c3641ba7b8f6deff6309fc4c864478f5d62
2025-04-23T12:39:26.1332133Z ##[endgroup]
2025-04-23T12:39:26.4600163Z Complete job name: build-and-deploy
2025-04-23T12:39:26.5325421Z ##[group]Run actions/checkout@v3
2025-04-23T12:39:26.5326458Z with:
2025-04-23T12:39:26.5327100Z   repository: sai-pranay-teja/JobManagement
2025-04-23T12:39:26.5328013Z   token: ***
2025-04-23T12:39:26.5328591Z   ssh-strict: true
2025-04-23T12:39:26.5329213Z   persist-credentials: true
2025-04-23T12:39:26.5329856Z   clean: true
2025-04-23T12:39:26.5330627Z   sparse-checkout-cone-mode: true
2025-04-23T12:39:26.5331347Z   fetch-depth: 1
2025-04-23T12:39:26.5331939Z   fetch-tags: false
2025-04-23T12:39:26.5332526Z   lfs: false
2025-04-23T12:39:26.5333104Z   submodules: false
2025-04-23T12:39:26.5333723Z   set-safe-directory: true
2025-04-23T12:39:26.5334588Z env:
2025-04-23T12:39:26.5335164Z   REMOTE_HOST: 18.60.149.136
2025-04-23T12:39:26.5335819Z   REMOTE_USER: ubuntu
2025-04-23T12:39:26.5336460Z   REMOTE_BACKUP_DIR: /tmp/actions_bak
2025-04-23T12:39:26.5337182Z ##[endgroup]
2025-04-23T12:39:26.7451657Z Syncing repository: sai-pranay-teja/JobManagement
2025-04-23T12:39:26.7454192Z ##[group]Getting Git version info
2025-04-23T12:39:26.7455777Z Working directory is '/home/runner/work/JobManagement/JobManagement'
2025-04-23T12:39:26.7458355Z [command]/usr/bin/git version
2025-04-23T12:39:26.7521540Z git version 2.49.0
2025-04-23T12:39:26.7552495Z ##[endgroup]
2025-04-23T12:39:26.7571881Z Temporarily overriding HOME='/home/runner/work/_temp/723e6ec5-63dc-431d-8d92-2a818a0689c0' before making global git config changes
2025-04-23T12:39:26.7575237Z Adding repository directory to the temporary git global config as a safe directory
2025-04-23T12:39:26.7578080Z [command]/usr/bin/git config --global --add safe.directory /home/runner/work/JobManagement/JobManagement
2025-04-23T12:39:26.7613999Z Deleting the contents of '/home/runner/work/JobManagement/JobManagement'
2025-04-23T12:39:26.7617699Z ##[group]Initializing the repository
2025-04-23T12:39:26.7622035Z [command]/usr/bin/git init /home/runner/work/JobManagement/JobManagement
2025-04-23T12:39:26.7711665Z hint: Using 'master' as the name for the initial branch. This default branch name
2025-04-23T12:39:26.7713246Z hint: is subject to change. To configure the initial branch name to use in all
2025-04-23T12:39:26.7714500Z hint: of your new repositories, which will suppress this warning, call:
2025-04-23T12:39:26.7715469Z hint:
2025-04-23T12:39:26.7716213Z hint: 	git config --global init.defaultBranch <name>
2025-04-23T12:39:26.7717075Z hint:
2025-04-23T12:39:26.7717891Z hint: Names commonly chosen instead of 'master' are 'main', 'trunk' and
2025-04-23T12:39:26.7719755Z hint: 'development'. The just-created branch can be renamed via this command:
2025-04-23T12:39:26.7721364Z hint:
2025-04-23T12:39:26.7722612Z hint: 	git branch -m <name>
2025-04-23T12:39:26.7724695Z Initialized empty Git repository in /home/runner/work/JobManagement/JobManagement/.git/
2025-04-23T12:39:26.7731906Z [command]/usr/bin/git remote add origin https://github.com/sai-pranay-teja/JobManagement
2025-04-23T12:39:26.7767224Z ##[endgroup]
2025-04-23T12:39:26.7769263Z ##[group]Disabling automatic garbage collection
2025-04-23T12:39:26.7771250Z [command]/usr/bin/git config --local gc.auto 0
2025-04-23T12:39:26.7797889Z ##[endgroup]
2025-04-23T12:39:26.7799935Z ##[group]Setting up auth
2025-04-23T12:39:26.7804253Z [command]/usr/bin/git config --local --name-only --get-regexp core\.sshCommand
2025-04-23T12:39:26.7832150Z [command]/usr/bin/git submodule foreach --recursive sh -c "git config --local --name-only --get-regexp 'core\.sshCommand' && git config --local --unset-all 'core.sshCommand' || :"
2025-04-23T12:39:26.8154215Z [command]/usr/bin/git config --local --name-only --get-regexp http\.https\:\/\/github\.com\/\.extraheader
2025-04-23T12:39:26.8181915Z [command]/usr/bin/git submodule foreach --recursive sh -c "git config --local --name-only --get-regexp 'http\.https\:\/\/github\.com\/\.extraheader' && git config --local --unset-all 'http.https://github.com/.extraheader' || :"
2025-04-23T12:39:26.8393396Z [command]/usr/bin/git config --local http.https://github.com/.extraheader AUTHORIZATION: basic ***
2025-04-23T12:39:26.8471054Z ##[endgroup]
2025-04-23T12:39:26.8472463Z ##[group]Fetching the repository
2025-04-23T12:39:26.8479896Z [command]/usr/bin/git -c protocol.version=2 fetch --no-tags --prune --progress --no-recurse-submodules --depth=1 origin +32c13de1e71ed00ed5876fe435537196a7204af4:refs/remotes/origin/main
2025-04-23T12:39:27.1417944Z remote: Enumerating objects: 97, done.        
2025-04-23T12:39:27.1419600Z remote: Counting objects:   1% (1/97)        
2025-04-23T12:39:27.1420943Z remote: Counting objects:   2% (2/97)        
2025-04-23T12:39:27.1422034Z remote: Counting objects:   3% (3/97)        
2025-04-23T12:39:27.1422946Z remote: Counting objects:   4% (4/97)        
2025-04-23T12:39:27.1423863Z remote: Counting objects:   5% (5/97)        
2025-04-23T12:39:27.1424779Z remote: Counting objects:   6% (6/97)        
2025-04-23T12:39:27.1425711Z remote: Counting objects:   7% (7/97)        
2025-04-23T12:39:27.1426776Z remote: Counting objects:   8% (8/97)        
2025-04-23T12:39:27.1427802Z remote: Counting objects:   9% (9/97)        
2025-04-23T12:39:27.1428817Z remote: Counting objects:  10% (10/97)        
2025-04-23T12:39:27.1429847Z remote: Counting objects:  11% (11/97)        
2025-04-23T12:39:27.1431100Z remote: Counting objects:  12% (12/97)        
2025-04-23T12:39:27.1432242Z remote: Counting objects:  13% (13/97)        
2025-04-23T12:39:27.1433802Z remote: Counting objects:  14% (14/97)        
2025-04-23T12:39:27.1435328Z remote: Counting objects:  15% (15/97)        
2025-04-23T12:39:27.1436440Z remote: Counting objects:  16% (16/97)        
2025-04-23T12:39:27.1437388Z remote: Counting objects:  17% (17/97)        
2025-04-23T12:39:27.1438512Z remote: Counting objects:  18% (18/97)        
2025-04-23T12:39:27.1439561Z remote: Counting objects:  19% (19/97)        
2025-04-23T12:39:27.1440791Z remote: Counting objects:  20% (20/97)        
2025-04-23T12:39:27.1441864Z remote: Counting objects:  21% (21/97)        
2025-04-23T12:39:27.1443181Z remote: Counting objects:  22% (22/97)        
2025-04-23T12:39:27.1444227Z remote: Counting objects:  23% (23/97)        
2025-04-23T12:39:27.1445270Z remote: Counting objects:  24% (24/97)        
2025-04-23T12:39:27.1446296Z remote: Counting objects:  25% (25/97)        
2025-04-23T12:39:27.1447333Z remote: Counting objects:  26% (26/97)        
2025-04-23T12:39:27.1448366Z remote: Counting objects:  27% (27/97)        
2025-04-23T12:39:27.1449395Z remote: Counting objects:  28% (28/97)        
2025-04-23T12:39:27.1450687Z remote: Counting objects:  29% (29/97)        
2025-04-23T12:39:27.1451767Z remote: Counting objects:  30% (30/97)        
2025-04-23T12:39:27.1452793Z remote: Counting objects:  31% (31/97)        
2025-04-23T12:39:27.1453788Z remote: Counting objects:  32% (32/97)        
2025-04-23T12:39:27.1454787Z remote: Counting objects:  34% (33/97)        
2025-04-23T12:39:27.1455787Z remote: Counting objects:  35% (34/97)        
2025-04-23T12:39:27.1456808Z remote: Counting objects:  36% (35/97)        
2025-04-23T12:39:27.1457785Z remote: Counting objects:  37% (36/97)        
2025-04-23T12:39:27.1458768Z remote: Counting objects:  38% (37/97)        
2025-04-23T12:39:27.1459733Z remote: Counting objects:  39% (38/97)        
2025-04-23T12:39:27.1460860Z remote: Counting objects:  40% (39/97)        
2025-04-23T12:39:27.1461848Z remote: Counting objects:  41% (40/97)        
2025-04-23T12:39:27.1462825Z remote: Counting objects:  42% (41/97)        
2025-04-23T12:39:27.1463809Z remote: Counting objects:  43% (42/97)        
2025-04-23T12:39:27.1465066Z remote: Counting objects:  44% (43/97)        
2025-04-23T12:39:27.1466581Z remote: Counting objects:  45% (44/97)        
2025-04-23T12:39:27.1468060Z remote: Counting objects:  46% (45/97)        
2025-04-23T12:39:27.1469289Z remote: Counting objects:  47% (46/97)        
2025-04-23T12:39:27.1470679Z remote: Counting objects:  48% (47/97)        
2025-04-23T12:39:27.1472197Z remote: Counting objects:  49% (48/97)        
2025-04-23T12:39:27.1474061Z remote: Counting objects:  50% (49/97)        
2025-04-23T12:39:27.1475635Z remote: Counting objects:  51% (50/97)        
2025-04-23T12:39:27.1477169Z remote: Counting objects:  52% (51/97)        
2025-04-23T12:39:27.1478226Z remote: Counting objects:  53% (52/97)        
2025-04-23T12:39:27.1479220Z remote: Counting objects:  54% (53/97)        
2025-04-23T12:39:27.1480564Z remote: Counting objects:  55% (54/97)        
2025-04-23T12:39:27.1482143Z remote: Counting objects:  56% (55/97)        
2025-04-23T12:39:27.1483677Z remote: Counting objects:  57% (56/97)        
2025-04-23T12:39:27.1484831Z remote: Counting objects:  58% (57/97)        
2025-04-23T12:39:27.1485864Z remote: Counting objects:  59% (58/97)        
2025-04-23T12:39:27.1486902Z remote: Counting objects:  60% (59/97)        
2025-04-23T12:39:27.1487894Z remote: Counting objects:  61% (60/97)        
2025-04-23T12:39:27.1488913Z remote: Counting objects:  62% (61/97)        
2025-04-23T12:39:27.1489948Z remote: Counting objects:  63% (62/97)        
2025-04-23T12:39:27.1491183Z remote: Counting objects:  64% (63/97)        
2025-04-23T12:39:27.1492181Z remote: Counting objects:  65% (64/97)        
2025-04-23T12:39:27.1493203Z remote: Counting objects:  67% (65/97)        
2025-04-23T12:39:27.1494205Z remote: Counting objects:  68% (66/97)        
2025-04-23T12:39:27.1495206Z remote: Counting objects:  69% (67/97)        
2025-04-23T12:39:27.1496222Z remote: Counting objects:  70% (68/97)        
2025-04-23T12:39:27.1497222Z remote: Counting objects:  71% (69/97)        
2025-04-23T12:39:27.1498193Z remote: Counting objects:  72% (70/97)        
2025-04-23T12:39:27.1499169Z remote: Counting objects:  73% (71/97)        
2025-04-23T12:39:27.1500138Z remote: Counting objects:  74% (72/97)        
2025-04-23T12:39:27.1501275Z remote: Counting objects:  75% (73/97)        
2025-04-23T12:39:27.1502245Z remote: Counting objects:  76% (74/97)        
2025-04-23T12:39:27.1503199Z remote: Counting objects:  77% (75/97)        
2025-04-23T12:39:27.1504357Z remote: Counting objects:  78% (76/97)        
2025-04-23T12:39:27.1505320Z remote: Counting objects:  79% (77/97)        
2025-04-23T12:39:27.1506279Z remote: Counting objects:  80% (78/97)        
2025-04-23T12:39:27.1507253Z remote: Counting objects:  81% (79/97)        
2025-04-23T12:39:27.1508223Z remote: Counting objects:  82% (80/97)        
2025-04-23T12:39:27.1509191Z remote: Counting objects:  83% (81/97)        
2025-04-23T12:39:27.1510155Z remote: Counting objects:  84% (82/97)        
2025-04-23T12:39:27.1511345Z remote: Counting objects:  85% (83/97)        
2025-04-23T12:39:27.1512319Z remote: Counting objects:  86% (84/97)        
2025-04-23T12:39:27.1513292Z remote: Counting objects:  87% (85/97)        
2025-04-23T12:39:27.1514254Z remote: Counting objects:  88% (86/97)        
2025-04-23T12:39:27.1515224Z remote: Counting objects:  89% (87/97)        
2025-04-23T12:39:27.1516176Z remote: Counting objects:  90% (88/97)        
2025-04-23T12:39:27.1517149Z remote: Counting objects:  91% (89/97)        
2025-04-23T12:39:27.1518116Z remote: Counting objects:  92% (90/97)        
2025-04-23T12:39:27.1519105Z remote: Counting objects:  93% (91/97)        
2025-04-23T12:39:27.1520483Z remote: Counting objects:  94% (92/97)        
2025-04-23T12:39:27.1521590Z remote: Counting objects:  95% (93/97)        
2025-04-23T12:39:27.1522633Z remote: Counting objects:  96% (94/97)        
2025-04-23T12:39:27.1523660Z remote: Counting objects:  97% (95/97)        
2025-04-23T12:39:27.1524684Z remote: Counting objects:  98% (96/97)        
2025-04-23T12:39:27.1525701Z remote: Counting objects: 100% (97/97)        
2025-04-23T12:39:27.1526780Z remote: Counting objects: 100% (97/97), done.        
2025-04-23T12:39:27.1527894Z remote: Compressing objects:   1% (1/81)        
2025-04-23T12:39:27.1528961Z remote: Compressing objects:   2% (2/81)        
2025-04-23T12:39:27.1530024Z remote: Compressing objects:   3% (3/81)        
2025-04-23T12:39:27.1531219Z remote: Compressing objects:   4% (4/81)        
2025-04-23T12:39:27.1532480Z remote: Compressing objects:   6% (5/81)        
2025-04-23T12:39:27.1533632Z remote: Compressing objects:   7% (6/81)        
2025-04-23T12:39:27.1534789Z remote: Compressing objects:   8% (7/81)        
2025-04-23T12:39:27.1535933Z remote: Compressing objects:   9% (8/81)        
2025-04-23T12:39:27.1537064Z remote: Compressing objects:  11% (9/81)        
2025-04-23T12:39:27.1538264Z remote: Compressing objects:  12% (10/81)        
2025-04-23T12:39:27.1539457Z remote: Compressing objects:  13% (11/81)        
2025-04-23T12:39:27.1540754Z remote: Compressing objects:  14% (12/81)        
2025-04-23T12:39:27.1541949Z remote: Compressing objects:  16% (13/81)        
2025-04-23T12:39:27.1543161Z remote: Compressing objects:  17% (14/81)        
2025-04-23T12:39:27.1544385Z remote: Compressing objects:  18% (15/81)        
2025-04-23T12:39:27.1545592Z remote: Compressing objects:  19% (16/81)        
2025-04-23T12:39:27.1546779Z remote: Compressing objects:  20% (17/81)        
2025-04-23T12:39:27.1547959Z remote: Compressing objects:  22% (18/81)        
2025-04-23T12:39:27.1549137Z remote: Compressing objects:  23% (19/81)        
2025-04-23T12:39:27.1550291Z remote: Compressing objects:  24% (20/81)        
2025-04-23T12:39:27.1551661Z remote: Compressing objects:  25% (21/81)        
2025-04-23T12:39:27.1552831Z remote: Compressing objects:  27% (22/81)        
2025-04-23T12:39:27.1553999Z remote: Compressing objects:  28% (23/81)        
2025-04-23T12:39:27.1555159Z remote: Compressing objects:  29% (24/81)        
2025-04-23T12:39:27.1556381Z remote: Compressing objects:  30% (25/81)        
2025-04-23T12:39:27.1557597Z remote: Compressing objects:  32% (26/81)        
2025-04-23T12:39:27.1558801Z remote: Compressing objects:  33% (27/81)        
2025-04-23T12:39:27.1570945Z remote: Compressing objects:  34% (28/81)        
2025-04-23T12:39:27.1572260Z remote: Compressing objects:  35% (29/81)        
2025-04-23T12:39:27.1573702Z remote: Compressing objects:  37% (30/81)        
2025-04-23T12:39:27.1574958Z remote: Compressing objects:  38% (31/81)        
2025-04-23T12:39:27.1576271Z remote: Compressing objects:  39% (32/81)        
2025-04-23T12:39:27.1577875Z remote: Compressing objects:  40% (33/81)        
2025-04-23T12:39:27.1579362Z remote: Compressing objects:  41% (34/81)        
2025-04-23T12:39:27.1580829Z remote: Compressing objects:  43% (35/81)        
2025-04-23T12:39:27.1582151Z remote: Compressing objects:  44% (36/81)        
2025-04-23T12:39:27.1583474Z remote: Compressing objects:  45% (37/81)        
2025-04-23T12:39:27.1584816Z remote: Compressing objects:  46% (38/81)        
2025-04-23T12:39:27.1586129Z remote: Compressing objects:  48% (39/81)        
2025-04-23T12:39:27.1587438Z remote: Compressing objects:  49% (40/81)        
2025-04-23T12:39:27.1595549Z remote: Compressing objects:  50% (41/81)        
2025-04-23T12:39:27.1597487Z remote: Compressing objects:  51% (42/81)        
2025-04-23T12:39:27.1599219Z remote: Compressing objects:  53% (43/81)        
2025-04-23T12:39:27.1601156Z remote: Compressing objects:  54% (44/81)        
2025-04-23T12:39:27.1602994Z remote: Compressing objects:  55% (45/81)        
2025-04-23T12:39:27.1604991Z remote: Compressing objects:  56% (46/81)        
2025-04-23T12:39:27.1607015Z remote: Compressing objects:  58% (47/81)        
2025-04-23T12:39:27.1608932Z remote: Compressing objects:  59% (48/81)        
2025-04-23T12:39:27.1611098Z remote: Compressing objects:  60% (49/81)        
2025-04-23T12:39:27.1613035Z remote: Compressing objects:  61% (50/81)        
2025-04-23T12:39:27.1614992Z remote: Compressing objects:  62% (51/81)        
2025-04-23T12:39:27.1616554Z remote: Compressing objects:  64% (52/81)        
2025-04-23T12:39:27.1617884Z remote: Compressing objects:  65% (53/81)        
2025-04-23T12:39:27.1619201Z remote: Compressing objects:  66% (54/81)        
2025-04-23T12:39:27.1620662Z remote: Compressing objects:  67% (55/81)        
2025-04-23T12:39:27.1621987Z remote: Compressing objects:  69% (56/81)        
2025-04-23T12:39:27.1623456Z remote: Compressing objects:  70% (57/81)        
2025-04-23T12:39:27.1625425Z remote: Compressing objects:  71% (58/81)        
2025-04-23T12:39:27.1627389Z remote: Compressing objects:  72% (59/81)        
2025-04-23T12:39:27.1628824Z remote: Compressing objects:  74% (60/81)        
2025-04-23T12:39:27.1630123Z remote: Compressing objects:  75% (61/81)        
2025-04-23T12:39:27.1632104Z remote: Compressing objects:  76% (62/81)        
2025-04-23T12:39:27.1633904Z remote: Compressing objects:  77% (63/81)        
2025-04-23T12:39:27.1635192Z remote: Compressing objects:  79% (64/81)        
2025-04-23T12:39:27.1636619Z remote: Compressing objects:  80% (65/81)        
2025-04-23T12:39:27.1638068Z remote: Compressing objects:  81% (66/81)        
2025-04-23T12:39:27.1639468Z remote: Compressing objects:  82% (67/81)        
2025-04-23T12:39:27.1640970Z remote: Compressing objects:  83% (68/81)        
2025-04-23T12:39:27.1642278Z remote: Compressing objects:  85% (69/81)        
2025-04-23T12:39:27.1643539Z remote: Compressing objects:  86% (70/81)        
2025-04-23T12:39:27.1644798Z remote: Compressing objects:  87% (71/81)        
2025-04-23T12:39:27.1646051Z remote: Compressing objects:  88% (72/81)        
2025-04-23T12:39:27.1647297Z remote: Compressing objects:  90% (73/81)        
2025-04-23T12:39:27.1648545Z remote: Compressing objects:  91% (74/81)        
2025-04-23T12:39:27.1649810Z remote: Compressing objects:  92% (75/81)        
2025-04-23T12:39:27.1651235Z remote: Compressing objects:  93% (76/81)        
2025-04-23T12:39:27.1652485Z remote: Compressing objects:  95% (77/81)        
2025-04-23T12:39:27.1653723Z remote: Compressing objects:  96% (78/81)        
2025-04-23T12:39:27.1654957Z remote: Compressing objects:  97% (79/81)        
2025-04-23T12:39:27.1656199Z remote: Compressing objects:  98% (80/81)        
2025-04-23T12:39:27.1657441Z remote: Compressing objects: 100% (81/81)        
2025-04-23T12:39:27.1658958Z remote: Compressing objects: 100% (81/81), done.        
2025-04-23T12:39:27.5148535Z remote: Total 97 (delta 24), reused 54 (delta 9), pack-reused 0 (from 0)        
2025-04-23T12:39:27.5992586Z From https://github.com/sai-pranay-teja/JobManagement
2025-04-23T12:39:27.5994719Z  * [new ref]         32c13de1e71ed00ed5876fe435537196a7204af4 -> origin/main
2025-04-23T12:39:27.6025272Z ##[endgroup]
2025-04-23T12:39:27.6028394Z ##[group]Determining the checkout info
2025-04-23T12:39:27.6032069Z ##[endgroup]
2025-04-23T12:39:27.6034996Z ##[group]Checking out the ref
2025-04-23T12:39:27.6037903Z [command]/usr/bin/git checkout --progress --force -B main refs/remotes/origin/main
2025-04-23T12:39:27.6644055Z Switched to a new branch 'main'
2025-04-23T12:39:27.6647288Z branch 'main' set up to track 'origin/main'.
2025-04-23T12:39:27.6657176Z ##[endgroup]
2025-04-23T12:39:27.6697582Z [command]/usr/bin/git log -1 --format='%H'
2025-04-23T12:39:27.6722169Z '32c13de1e71ed00ed5876fe435537196a7204af4'
2025-04-23T12:39:27.7095581Z ##[group]Run actions/setup-java@v3
2025-04-23T12:39:27.7097224Z with:
2025-04-23T12:39:27.7098490Z   java-version: 17
2025-04-23T12:39:27.7099869Z   distribution: corretto
2025-04-23T12:39:27.7101504Z   java-package: jdk
2025-04-23T12:39:27.7102896Z   check-latest: false
2025-04-23T12:39:27.7104480Z   server-id: github
2025-04-23T12:39:27.7105872Z   server-username: GITHUB_ACTOR
2025-04-23T12:39:27.7107584Z   server-password: GITHUB_TOKEN
2025-04-23T12:39:27.7109142Z   overwrite-settings: true
2025-04-23T12:39:27.7110761Z   job-status: success
2025-04-23T12:39:27.7112430Z   token: ***
2025-04-23T12:39:27.7113706Z env:
2025-04-23T12:39:27.7114948Z   REMOTE_HOST: 18.60.149.136
2025-04-23T12:39:27.7116426Z   REMOTE_USER: ubuntu
2025-04-23T12:39:27.7117871Z   REMOTE_BACKUP_DIR: /tmp/actions_bak
2025-04-23T12:39:27.7119497Z ##[endgroup]
2025-04-23T12:39:27.9185173Z ##[group]Installed distributions
2025-04-23T12:39:27.9208518Z Trying to resolve the latest version from remote
2025-04-23T12:39:27.9778671Z Resolved latest version as 17.0.15+6.1
2025-04-23T12:39:27.9779503Z Trying to download...
2025-04-23T12:39:27.9782561Z Downloading Java 17.0.15+6.1 (Corretto) from https://corretto.aws/downloads/resources/17.0.15.6.1/amazon-corretto-17.0.15.6.1-linux-x64.tar.gz ...
2025-04-23T12:39:29.0058880Z Extracting Java archive...
2025-04-23T12:39:29.0171263Z [command]/usr/bin/tar xz --warning=no-unknown-keyword -C /home/runner/work/_temp/7037cfea-1e59-42a4-8021-493529d60def -f /home/runner/work/_temp/f4aab50f-43ed-481e-b82e-4e0fc7a53f6a
2025-04-23T12:39:31.5829099Z Java 17.0.15+6.1 was downloaded
2025-04-23T12:39:31.5843334Z Setting Java 17.0.15+6.1 as the default
2025-04-23T12:39:31.5844111Z Creating toolchains.xml for JDK version 17 from corretto
2025-04-23T12:39:31.5930986Z Writing to /home/runner/.m2/toolchains.xml
2025-04-23T12:39:31.5931740Z 
2025-04-23T12:39:31.5932010Z Java configuration:
2025-04-23T12:39:31.5932553Z   Distribution: corretto
2025-04-23T12:39:31.5933115Z   Version: 17.0.15+6.1
2025-04-23T12:39:31.5933930Z   Path: /opt/hostedtoolcache/Java_Corretto_jdk/17.0.15-6.1/x64
2025-04-23T12:39:31.5934481Z 
2025-04-23T12:39:31.5935092Z ##[endgroup]
2025-04-23T12:39:31.5949708Z Creating settings.xml with server-id: github
2025-04-23T12:39:31.5954082Z Writing to /home/runner/.m2/settings.xml
2025-04-23T12:39:31.6095656Z ##[group]Run echo "$SSH_KEY_SECRET" > key.pem
2025-04-23T12:39:31.6096177Z [36;1mecho "$SSH_KEY_SECRET" > key.pem[0m
2025-04-23T12:39:31.6096562Z [36;1msed -i 's/\\n/\n/g' key.pem[0m
2025-04-23T12:39:31.6097203Z [36;1mgrep -q "BEGIN RSA PRIVATE KEY" key.pem || sed -i '1i***' key.pem[0m
2025-04-23T12:39:31.6097835Z [36;1mgrep -q "END RSA PRIVATE KEY" key.pem || echo "***" >> key.pem[0m
2025-04-23T12:39:31.6098276Z [36;1mchmod 400 key.pem[0m
2025-04-23T12:39:31.6133991Z shell: /usr/bin/bash -e {0}
2025-04-23T12:39:31.6134338Z env:
2025-04-23T12:39:31.6134607Z   REMOTE_HOST: 18.60.149.136
2025-04-23T12:39:31.6134918Z   REMOTE_USER: ubuntu
2025-04-23T12:39:31.6135258Z   REMOTE_BACKUP_DIR: /tmp/actions_bak
2025-04-23T12:39:31.6135980Z   JAVA_HOME: /opt/hostedtoolcache/Java_Corretto_jdk/17.0.15-6.1/x64
2025-04-23T12:39:31.6136531Z   JAVA_HOME_17_X64: /opt/hostedtoolcache/Java_Corretto_jdk/17.0.15-6.1/x64
2025-04-23T12:39:31.6144042Z   SSH_KEY_SECRET: ***
2025-04-23T12:39:31.6144410Z ##[endgroup]
2025-04-23T12:39:31.6837447Z ##[group]Run echo "PIPELINE_START_TIME=$(date +%s)" >> $GITHUB_ENV
2025-04-23T12:39:31.6838321Z [36;1mecho "PIPELINE_START_TIME=$(date +%s)" >> $GITHUB_ENV[0m
2025-04-23T12:39:31.6871194Z shell: /usr/bin/bash -e {0}
2025-04-23T12:39:31.6871522Z env:
2025-04-23T12:39:31.6871796Z   REMOTE_HOST: 18.60.149.136
2025-04-23T12:39:31.6872108Z   REMOTE_USER: ubuntu
2025-04-23T12:39:31.6872414Z   REMOTE_BACKUP_DIR: /tmp/actions_bak
2025-04-23T12:39:31.6872867Z   JAVA_HOME: /opt/hostedtoolcache/Java_Corretto_jdk/17.0.15-6.1/x64
2025-04-23T12:39:31.6873404Z   JAVA_HOME_17_X64: /opt/hostedtoolcache/Java_Corretto_jdk/17.0.15-6.1/x64
2025-04-23T12:39:31.6873831Z ##[endgroup]
2025-04-23T12:39:31.6964324Z ##[group]Run mkdir -p build/WEB-INF/classes
2025-04-23T12:39:31.6964781Z [36;1mmkdir -p build/WEB-INF/classes[0m
2025-04-23T12:39:31.6965349Z [36;1m# Compile Java sources; redirect errors to compile_error.log and exit if compilation fails.[0m
2025-04-23T12:39:31.6966230Z [36;1m# javac -cp "src/main/webapp/WEB-INF/lib/*" -d build/WEB-INF/classes $(find src -name "*.java") 2> compile_error.log || { echo "Build failed!"; exit 1; }[0m
2025-04-23T12:39:31.6967184Z [36;1mjavac -cp "src/main/webapp/WEB-INF/lib/*" -d build/WEB-INF/classes $(find src -name "*.java") 2> compile_error.log[0m
2025-04-23T12:39:31.6967768Z [36;1m[0m
2025-04-23T12:39:31.6968093Z [36;1mcp -R src/main/resources/* build/WEB-INF/classes/[0m
2025-04-23T12:39:31.6968518Z [36;1mcp -R src/main/webapp/* build/[0m
2025-04-23T12:39:31.6968918Z [36;1mjar -cvf JobManagement_ACTIONS.war -C build .[0m
2025-04-23T12:39:31.6997165Z shell: /usr/bin/bash -e {0}
2025-04-23T12:39:31.6997497Z env:
2025-04-23T12:39:31.6997805Z   REMOTE_HOST: 18.60.149.136
2025-04-23T12:39:31.6998118Z   REMOTE_USER: ubuntu
2025-04-23T12:39:31.6998432Z   REMOTE_BACKUP_DIR: /tmp/actions_bak
2025-04-23T12:39:31.6998868Z   JAVA_HOME: /opt/hostedtoolcache/Java_Corretto_jdk/17.0.15-6.1/x64
2025-04-23T12:39:31.6999399Z   JAVA_HOME_17_X64: /opt/hostedtoolcache/Java_Corretto_jdk/17.0.15-6.1/x64
2025-04-23T12:39:31.6999866Z   PIPELINE_START_TIME: 1745411971
2025-04-23T12:39:31.7000192Z ##[endgroup]
2025-04-23T12:39:32.1572484Z ##[error]Process completed with exit code 1.
2025-04-23T12:39:32.1652786Z ##[group]Run ssh -o StrictHostKeyChecking=no -i key.pem $REMOTE_USER@$REMOTE_HOST "timeout 60 bash -c 'until grep -q \"Deployment of web application archive\" <(tail -n 50 /opt/tomcat10/logs/catalina.out); do sleep 5; done'"
2025-04-23T12:39:32.1654475Z [36;1mssh -o StrictHostKeyChecking=no -i key.pem $REMOTE_USER@$REMOTE_HOST "timeout 60 bash -c 'until grep -q \"Deployment of web application archive\" <(tail -n 50 /opt/tomcat10/logs/catalina.out); do sleep 5; done'"[0m
2025-04-23T12:39:32.1686785Z shell: /usr/bin/bash -e {0}
2025-04-23T12:39:32.1687341Z env:
2025-04-23T12:39:32.1687832Z   REMOTE_HOST: 18.60.149.136
2025-04-23T12:39:32.1688353Z   REMOTE_USER: ubuntu
2025-04-23T12:39:32.1688831Z   REMOTE_BACKUP_DIR: /tmp/actions_bak
2025-04-23T12:39:32.1689431Z   JAVA_HOME: /opt/hostedtoolcache/Java_Corretto_jdk/17.0.15-6.1/x64
2025-04-23T12:39:32.1690207Z   JAVA_HOME_17_X64: /opt/hostedtoolcache/Java_Corretto_jdk/17.0.15-6.1/x64
2025-04-23T12:39:32.1691163Z   PIPELINE_START_TIME: 1745411971
2025-04-23T12:39:32.1691654Z ##[endgroup]
2025-04-23T12:39:33.5197577Z Warning: Permanently added '18.60.149.136' (ED25519) to the list of known hosts.
2025-04-23T12:39:35.3869851Z ##[group]Run echo "DEPLOY_END_TIME=$(date +%s)" >> $GITHUB_ENV
2025-04-23T12:39:35.3870559Z [36;1mecho "DEPLOY_END_TIME=$(date +%s)" >> $GITHUB_ENV[0m
2025-04-23T12:39:35.3901835Z shell: /usr/bin/bash -e {0}
2025-04-23T12:39:35.3902146Z env:
2025-04-23T12:39:35.3902414Z   REMOTE_HOST: 18.60.149.136
2025-04-23T12:39:35.3902879Z   REMOTE_USER: ubuntu
2025-04-23T12:39:35.3903181Z   REMOTE_BACKUP_DIR: /tmp/actions_bak
2025-04-23T12:39:35.3903617Z   JAVA_HOME: /opt/hostedtoolcache/Java_Corretto_jdk/17.0.15-6.1/x64
2025-04-23T12:39:35.3904154Z   JAVA_HOME_17_X64: /opt/hostedtoolcache/Java_Corretto_jdk/17.0.15-6.1/x64
2025-04-23T12:39:35.3904591Z   PIPELINE_START_TIME: 1745411971
2025-04-23T12:39:35.3904912Z ##[endgroup]
2025-04-23T12:39:35.4002538Z ##[group]Run ssh -o StrictHostKeyChecking=no -i key.pem $REMOTE_USER@$REMOTE_HOST "vmstat -s | awk '{printf \"%.2f MB - %s\n\", \$1/1024, substr(\$0, index(\$0,\$2))}'" > resource_usage_after.log
2025-04-23T12:39:35.4003715Z [36;1mssh -o StrictHostKeyChecking=no -i key.pem $REMOTE_USER@$REMOTE_HOST "vmstat -s | awk '{printf \"%.2f MB - %s\n\", \$1/1024, substr(\$0, index(\$0,\$2))}'" > resource_usage_after.log[0m
2025-04-23T12:39:35.4004614Z [36;1mssh -o StrictHostKeyChecking=no -i key.pem $REMOTE_USER@$REMOTE_HOST "free -h" > mem_after.log[0m
2025-04-23T12:39:35.4032828Z shell: /usr/bin/bash -e {0}
2025-04-23T12:39:35.4033134Z env:
2025-04-23T12:39:35.4033404Z   REMOTE_HOST: 18.60.149.136
2025-04-23T12:39:35.4033710Z   REMOTE_USER: ubuntu
2025-04-23T12:39:35.4034013Z   REMOTE_BACKUP_DIR: /tmp/actions_bak
2025-04-23T12:39:35.4034457Z   JAVA_HOME: /opt/hostedtoolcache/Java_Corretto_jdk/17.0.15-6.1/x64
2025-04-23T12:39:35.4035021Z   JAVA_HOME_17_X64: /opt/hostedtoolcache/Java_Corretto_jdk/17.0.15-6.1/x64
2025-04-23T12:39:35.4035459Z   PIPELINE_START_TIME: 1745411971
2025-04-23T12:39:35.4035792Z   DEPLOY_END_TIME: 1745411975
2025-04-23T12:39:35.4036093Z ##[endgroup]
2025-04-23T12:39:40.9645001Z ##[group]Run source $GITHUB_ENV
2025-04-23T12:39:40.9645641Z [36;1msource $GITHUB_ENV[0m
2025-04-23T12:39:40.9646340Z [36;1mDEPLOY_DURATION=$(($DEPLOY_END_TIME - $DEPLOY_START_TIME))[0m
2025-04-23T12:39:40.9647119Z [36;1mPIPELINE_END_TIME=$(date +%s)[0m
2025-04-23T12:39:40.9647946Z [36;1mTOTAL_PIPELINE_TIME=$(($PIPELINE_END_TIME - $PIPELINE_START_TIME))[0m
2025-04-23T12:39:40.9648971Z [36;1mecho "DEPLOY_DURATION=$DEPLOY_DURATION" >> $GITHUB_ENV[0m
2025-04-23T12:39:40.9649866Z [36;1mecho "TOTAL_PIPELINE_TIME=$TOTAL_PIPELINE_TIME" >> $GITHUB_ENV[0m
2025-04-23T12:39:40.9694070Z shell: /usr/bin/bash -e {0}
2025-04-23T12:39:40.9694576Z env:
2025-04-23T12:39:40.9695020Z   REMOTE_HOST: 18.60.149.136
2025-04-23T12:39:40.9695521Z   REMOTE_USER: ubuntu
2025-04-23T12:39:40.9696025Z   REMOTE_BACKUP_DIR: /tmp/actions_bak
2025-04-23T12:39:40.9696751Z   JAVA_HOME: /opt/hostedtoolcache/Java_Corretto_jdk/17.0.15-6.1/x64
2025-04-23T12:39:40.9697705Z   JAVA_HOME_17_X64: /opt/hostedtoolcache/Java_Corretto_jdk/17.0.15-6.1/x64
2025-04-23T12:39:40.9698465Z   PIPELINE_START_TIME: 1745411971
2025-04-23T12:39:40.9699012Z   DEPLOY_END_TIME: 1745411975
2025-04-23T12:39:40.9699529Z ##[endgroup]
2025-04-23T12:39:40.9768610Z /home/runner/work/_temp/2e92dddb-b002-4d93-a310-dc7edadb4ab3.sh: line 2: 1745411975 - : syntax error: operand expected (error token is "- ")
2025-04-23T12:39:40.9820610Z ##[group]Run echo $'The error is:\n '
2025-04-23T12:39:40.9821272Z [36;1mecho $'The error is:\n '[0m
2025-04-23T12:39:40.9821837Z [36;1mcat compile_error.log[0m
2025-04-23T12:39:40.9822352Z [36;1m[0m
2025-04-23T12:39:40.9822899Z [36;1mecho "Deployment failed! Initiating rollback..."[0m
2025-04-23T12:39:40.9823624Z [36;1mROLLBACK_START=$(date +%s)[0m
2025-04-23T12:39:40.9824184Z [36;1m[0m
2025-04-23T12:39:40.9826059Z [36;1mssh -o StrictHostKeyChecking=no -i key.pem $REMOTE_USER@$REMOTE_HOST "if [ -f /tmp/actions_bak/JobManagement_ACTIONS.war_bak ]; then sudo cp /tmp/actions_bak/JobManagement_ACTIONS.war_bak /opt/tomcat10/webapps/JobManagement_ACTIONS.war; else echo 'No backup available'; exit 1; fi"[0m
2025-04-23T12:39:40.9828048Z [36;1m[0m
2025-04-23T12:39:40.9828749Z [36;1mssh -o StrictHostKeyChecking=no -i key.pem $REMOTE_USER@$REMOTE_HOST <<EOF[0m
2025-04-23T12:39:40.9829748Z [36;1m  sudo rm -rf /opt/tomcat10/webapps/JobManagement_ACTIONS || true[0m
2025-04-23T12:39:40.9830737Z [36;1m  sleep 5[0m
2025-04-23T12:39:40.9831562Z [36;1m  sudo /opt/tomcat10/bin/shutdown.sh || true[0m
2025-04-23T12:39:40.9832263Z [36;1m  sudo /opt/tomcat10/bin/startup.sh[0m
2025-04-23T12:39:40.9832869Z [36;1m  exit[0m
2025-04-23T12:39:40.9833322Z [36;1mEOF[0m
2025-04-23T12:39:40.9833758Z [36;1m[0m
2025-04-23T12:39:40.9834211Z [36;1mROLLBACK_END=$(date +%s)[0m
2025-04-23T12:39:40.9834905Z [36;1mROLLBACK_DURATION=$((ROLLBACK_END - ROLLBACK_START))[0m
2025-04-23T12:39:40.9835765Z [36;1mecho "ROLLBACK_DURATION=$ROLLBACK_DURATION" >> $GITHUB_ENV[0m
2025-04-23T12:39:40.9873187Z shell: /usr/bin/bash -e {0}
2025-04-23T12:39:40.9873689Z env:
2025-04-23T12:39:40.9874123Z   REMOTE_HOST: 18.60.149.136
2025-04-23T12:39:40.9874641Z   REMOTE_USER: ubuntu
2025-04-23T12:39:40.9875163Z   REMOTE_BACKUP_DIR: /tmp/actions_bak
2025-04-23T12:39:40.9875913Z   JAVA_HOME: /opt/hostedtoolcache/Java_Corretto_jdk/17.0.15-6.1/x64
2025-04-23T12:39:40.9876833Z   JAVA_HOME_17_X64: /opt/hostedtoolcache/Java_Corretto_jdk/17.0.15-6.1/x64
2025-04-23T12:39:40.9877593Z   PIPELINE_START_TIME: 1745411971
2025-04-23T12:39:40.9878150Z   DEPLOY_END_TIME: 1745411975
2025-04-23T12:39:40.9878675Z   DEPLOY_DURATION: 
2025-04-23T12:39:40.9879146Z   TOTAL_PIPELINE_TIME: 9
2025-04-23T12:39:40.9879629Z ##[endgroup]
2025-04-23T12:39:40.9941368Z The error is:
2025-04-23T12:39:40.9941883Z  
2025-04-23T12:39:40.9951165Z src/main/java/metrics/EfficiencyIndexCalculator.java:1: error: ';' expected
2025-04-23T12:39:40.9951999Z package metrics
2025-04-23T12:39:40.9952287Z                ^
2025-04-23T12:39:40.9952728Z 1 error
2025-04-23T12:39:40.9953195Z Deployment failed! Initiating rollback...
2025-04-23T12:39:43.9229762Z Pseudo-terminal will not be allocated because stdin is not a terminal.
2025-04-23T12:39:46.6333020Z Welcome to Ubuntu 24.04.2 LTS (GNU/Linux 6.8.0-1027-aws x86_64)
2025-04-23T12:39:46.6333573Z 
2025-04-23T12:39:46.6333865Z  * Documentation:  https://help.ubuntu.com
2025-04-23T12:39:46.6334644Z  * Management:     https://landscape.canonical.com
2025-04-23T12:39:46.6335236Z  * Support:        https://ubuntu.com/pro
2025-04-23T12:39:46.6335517Z 
2025-04-23T12:39:46.6335725Z  System information as of Wed Apr 23 12:39:34 UTC 2025
2025-04-23T12:39:46.6336033Z 
2025-04-23T12:39:46.6336251Z   System load:  0.09              Temperature:           -273.1 C
2025-04-23T12:39:46.6336775Z   Usage of /:   68.2% of 6.71GB   Processes:             115
2025-04-23T12:39:46.6337274Z   Memory usage: 27%               Users logged in:       1
2025-04-23T12:39:46.6337798Z   Swap usage:   0%                IPv4 address for ens5: 172.31.20.166
2025-04-23T12:39:46.6338118Z 
2025-04-23T12:39:46.6338382Z  * Ubuntu Pro delivers the most comprehensive open source security and
2025-04-23T12:39:46.6338890Z    compliance features.
2025-04-23T12:39:46.6339094Z 
2025-04-23T12:39:46.6339248Z    https://ubuntu.com/aws/pro
2025-04-23T12:39:46.6339630Z 
2025-04-23T12:39:46.6339992Z Expanded Security Maintenance for Applications is not enabled.
2025-04-23T12:39:46.6341237Z 
2025-04-23T12:39:46.6341599Z 1 update can be applied immediately.
2025-04-23T12:39:46.6342458Z To see these additional updates run: apt list --upgradable
2025-04-23T12:39:46.6343066Z 
2025-04-23T12:39:46.6343494Z Enable ESM Apps to receive additional future security updates.
2025-04-23T12:39:46.6344499Z See https://ubuntu.com/esm or run: sudo pro status
2025-04-23T12:39:46.6345060Z 
2025-04-23T12:39:46.6345068Z 
2025-04-23T12:39:51.8805150Z sudo: /opt/tomcat10/bin/shutdown.sh: command not found
2025-04-23T12:39:51.8958543Z Tomcat started.
2025-04-23T12:39:51.9035433Z ##[group]Run echo "-------------------------------------------------"
2025-04-23T12:39:51.9036011Z [36;1mecho "-------------------------------------------------"[0m
2025-04-23T12:39:51.9036454Z [36;1mecho "              CI/CD Metrics Summary              "[0m
2025-04-23T12:39:51.9036880Z [36;1mecho "-------------------------------------------------"[0m
2025-04-23T12:39:51.9037326Z [36;1mecho "| Metric                             | Value          |"[0m
2025-04-23T12:39:51.9037949Z [36;1mecho "-------------------------------------------------"[0m
2025-04-23T12:39:51.9038442Z [36;1mecho "| Total Pipeline Time (sec)          | $TOTAL_PIPELINE_TIME          |"[0m
2025-04-23T12:39:51.9039063Z [36;1m# If deployment succeeded, DEPLOY_DURATION is set; if not, ROLLBACK_DURATION is used.[0m
2025-04-23T12:39:51.9039588Z [36;1mif [ -n "$DEPLOY_DURATION" ]; then[0m
2025-04-23T12:39:51.9040091Z [36;1m  echo "| Deployment Time (sec)              | $DEPLOY_DURATION          |"[0m
2025-04-23T12:39:51.9040727Z [36;1melse[0m
2025-04-23T12:39:51.9041124Z [36;1m  echo "| Rollback Deployment Time (sec)     | $ROLLBACK_DURATION          |"[0m
2025-04-23T12:39:51.9041566Z [36;1mfi[0m
2025-04-23T12:39:51.9041930Z [36;1mecho "| Lead Time for Changes (sec)        | $LEAD_TIME          |"[0m
2025-04-23T12:39:51.9042372Z [36;1mif [ -f test_results.log ]; then[0m
2025-04-23T12:39:51.9042814Z [36;1m  TEST_SUMMARY=$(grep -i "tests found" test_results.log | head -n 1)[0m
2025-04-23T12:39:51.9043244Z [36;1melse[0m
2025-04-23T12:39:51.9043522Z [36;1m  TEST_SUMMARY="N/A"[0m
2025-04-23T12:39:51.9043825Z [36;1mfi[0m
2025-04-23T12:39:51.9044244Z [36;1m# ─── Cost Calculation & Echo ──────────────────────────────────────────────[0m
2025-04-23T12:39:51.9044815Z [36;1m# GitHub Actions hosted runner = $0.008 per minute = $0.0001333 per sec[0m
2025-04-23T12:39:51.9045375Z [36;1mCOST=$(awk "BEGIN { printf \"%.4f\", $TOTAL_PIPELINE_TIME * 0.008/60 }")[0m
2025-04-23T12:39:51.9045888Z [36;1mecho "| Cost (USD)                         | $COST              |"[0m
2025-04-23T12:39:51.9046391Z [36;1m# ─────────────────────────────────────────────────────────────────────────────[0m
2025-04-23T12:39:51.9046904Z [36;1mecho "| Test Summary                       | $TEST_SUMMARY          |"[0m
2025-04-23T12:39:51.9047319Z [36;1m[0m
2025-04-23T12:39:51.9047627Z [36;1mecho "-------------------------------------------------"[0m
2025-04-23T12:39:51.9048029Z [36;1mecho "Memory Usage BEFORE:"[0m
2025-04-23T12:39:51.9048386Z [36;1mcat mem_before.log[0m
2025-04-23T12:39:51.9048737Z [36;1mecho "-------------------------------------------------"[0m
2025-04-23T12:39:51.9049126Z [36;1mecho "Memory Usage AFTER:"[0m
2025-04-23T12:39:51.9049468Z [36;1mcat mem_after.log[0m
2025-04-23T12:39:51.9049821Z [36;1mecho "-------------------------------------------------"[0m
2025-04-23T12:39:51.9050220Z [36;1mecho "Resource Usage BEFORE (vmstat):"[0m
2025-04-23T12:39:51.9050808Z [36;1mcat resource_usage_before.log[0m
2025-04-23T12:39:51.9051205Z [36;1mecho "-------------------------------------------------"[0m
2025-04-23T12:39:51.9051613Z [36;1mecho "Resource Usage AFTER (vmstat):"[0m
2025-04-23T12:39:51.9051974Z [36;1mcat resource_usage_after.log[0m
2025-04-23T12:39:51.9052355Z [36;1mecho "-------------------------------------------------"[0m
2025-04-23T12:39:51.9082210Z shell: /usr/bin/bash -e {0}
2025-04-23T12:39:51.9082531Z env:
2025-04-23T12:39:51.9082804Z   REMOTE_HOST: 18.60.149.136
2025-04-23T12:39:51.9083120Z   REMOTE_USER: ubuntu
2025-04-23T12:39:51.9083423Z   REMOTE_BACKUP_DIR: /tmp/actions_bak
2025-04-23T12:39:51.9083854Z   JAVA_HOME: /opt/hostedtoolcache/Java_Corretto_jdk/17.0.15-6.1/x64
2025-04-23T12:39:51.9084398Z   JAVA_HOME_17_X64: /opt/hostedtoolcache/Java_Corretto_jdk/17.0.15-6.1/x64
2025-04-23T12:39:51.9084836Z   PIPELINE_START_TIME: 1745411971
2025-04-23T12:39:51.9085174Z   DEPLOY_END_TIME: 1745411975
2025-04-23T12:39:51.9085484Z   DEPLOY_DURATION: 
2025-04-23T12:39:51.9085948Z   TOTAL_PIPELINE_TIME: 9
2025-04-23T12:39:51.9086251Z   ROLLBACK_DURATION: 11
2025-04-23T12:39:51.9086536Z ##[endgroup]
2025-04-23T12:39:51.9137868Z -------------------------------------------------
2025-04-23T12:39:51.9138545Z               CI/CD Metrics Summary              
2025-04-23T12:39:51.9139162Z -------------------------------------------------
2025-04-23T12:39:51.9139778Z | Metric                             | Value          |
2025-04-23T12:39:51.9140652Z -------------------------------------------------
2025-04-23T12:39:51.9141276Z | Total Pipeline Time (sec)          | 9          |
2025-04-23T12:39:51.9141685Z | Rollback Deployment Time (sec)     | 11          |
2025-04-23T12:39:51.9142091Z | Lead Time for Changes (sec)        |           |
2025-04-23T12:39:51.9160801Z | Cost (USD)                         | 0.0012              |
2025-04-23T12:39:51.9161506Z | Test Summary                       | N/A          |
2025-04-23T12:39:51.9162151Z -------------------------------------------------
2025-04-23T12:39:51.9162713Z Memory Usage BEFORE:
2025-04-23T12:39:51.9169859Z cat: mem_before.log: No such file or directory
2025-04-23T12:39:51.9175042Z ##[error]Process completed with exit code 1.
2025-04-23T12:39:51.9249444Z Post job cleanup.
2025-04-23T12:39:52.0968956Z Post job cleanup.
2025-04-23T12:39:52.1686542Z [command]/usr/bin/git version
2025-04-23T12:39:52.1724759Z git version 2.49.0
2025-04-23T12:39:52.1768416Z Temporarily overriding HOME='/home/runner/work/_temp/c97ad252-e3ce-437c-9e26-0f5b2fb53a74' before making global git config changes
2025-04-23T12:39:52.1769907Z Adding repository directory to the temporary git global config as a safe directory
2025-04-23T12:39:52.1773699Z [command]/usr/bin/git config --global --add safe.directory /home/runner/work/JobManagement/JobManagement
2025-04-23T12:39:52.1806466Z [command]/usr/bin/git config --local --name-only --get-regexp core\.sshCommand
2025-04-23T12:39:52.1836101Z [command]/usr/bin/git submodule foreach --recursive sh -c "git config --local --name-only --get-regexp 'core\.sshCommand' && git config --local --unset-all 'core.sshCommand' || :"
2025-04-23T12:39:52.2076460Z [command]/usr/bin/git config --local --name-only --get-regexp http\.https\:\/\/github\.com\/\.extraheader
2025-04-23T12:39:52.2098392Z http.https://github.com/.extraheader
2025-04-23T12:39:52.2110199Z [command]/usr/bin/git config --local --unset-all http.https://github.com/.extraheader
2025-04-23T12:39:52.2140304Z [command]/usr/bin/git submodule foreach --recursive sh -c "git config --local --name-only --get-regexp 'http\.https\:\/\/github\.com\/\.extraheader' && git config --local --unset-all 'http.https://github.com/.extraheader' || :"
2025-04-23T12:39:52.2474768Z Cleaning up orphan processes
