2025-04-23T11:59:41.1016301Z Current runner version: '2.323.0'
2025-04-23T11:59:41.1053603Z ##[group]Operating System
2025-04-23T11:59:41.1055251Z Ubuntu
2025-04-23T11:59:41.1056536Z 24.04.2
2025-04-23T11:59:41.1058075Z LTS
2025-04-23T11:59:41.1059312Z ##[endgroup]
2025-04-23T11:59:41.1060673Z ##[group]Runner Image
2025-04-23T11:59:41.1062005Z Image: ubuntu-24.04
2025-04-23T11:59:41.1063385Z Version: 20250420.1.0
2025-04-23T11:59:41.1065762Z Included Software: https://github.com/actions/runner-images/blob/ubuntu24/20250420.1/images/ubuntu/Ubuntu2404-Readme.md
2025-04-23T11:59:41.1069106Z Image Release: https://github.com/actions/runner-images/releases/tag/ubuntu24%2F20250420.1
2025-04-23T11:59:41.1071230Z ##[endgroup]
2025-04-23T11:59:41.1072569Z ##[group]Runner Image Provisioner
2025-04-23T11:59:41.1074232Z 2.0.422.1
2025-04-23T11:59:41.1075471Z ##[endgroup]
2025-04-23T11:59:41.1078237Z ##[group]GITHUB_TOKEN Permissions
2025-04-23T11:59:41.1081196Z Contents: read
2025-04-23T11:59:41.1082517Z Metadata: read
2025-04-23T11:59:41.1084153Z Packages: read
2025-04-23T11:59:41.1085550Z ##[endgroup]
2025-04-23T11:59:41.1089321Z Secret source: Actions
2025-04-23T11:59:41.1091023Z Prepare workflow directory
2025-04-23T11:59:41.1647024Z Prepare all required actions
2025-04-23T11:59:41.1702558Z Getting action download info
2025-04-23T11:59:41.5514151Z ##[group]Download immutable action package 'actions/checkout@v3'
2025-04-23T11:59:41.5515634Z Version: 3.6.0
2025-04-23T11:59:41.5517082Z Digest: sha256:942562b9c7d4b1f2557f1da21f4d3eb4eb4fd01f2ad78b2a6e187d1b193e0a0f
2025-04-23T11:59:41.5518811Z Source commit SHA: f43a0e5ff2bd294095638e18286ca9a3d1956744
2025-04-23T11:59:41.5519871Z ##[endgroup]
2025-04-23T11:59:41.6494799Z ##[group]Download immutable action package 'actions/setup-java@v3'
2025-04-23T11:59:41.6495741Z Version: 3.14.1
2025-04-23T11:59:41.6496610Z Digest: sha256:0f5994bd85f236d7525048fec5b0b7b3ec7474ec50184c8f78a320717cfb3d51
2025-04-23T11:59:41.6497999Z Source commit SHA: 17f84c3641ba7b8f6deff6309fc4c864478f5d62
2025-04-23T11:59:41.6498845Z ##[endgroup]
2025-04-23T11:59:41.9663692Z Complete job name: build-and-deploy
2025-04-23T11:59:42.0387747Z ##[group]Run actions/checkout@v3
2025-04-23T11:59:42.0388834Z with:
2025-04-23T11:59:42.0389472Z   repository: sai-pranay-teja/JobManagement
2025-04-23T11:59:42.0390400Z   token: ***
2025-04-23T11:59:42.0390997Z   ssh-strict: true
2025-04-23T11:59:42.0391615Z   persist-credentials: true
2025-04-23T11:59:42.0392274Z   clean: true
2025-04-23T11:59:42.0392879Z   sparse-checkout-cone-mode: true
2025-04-23T11:59:42.0393591Z   fetch-depth: 1
2025-04-23T11:59:42.0394198Z   fetch-tags: false
2025-04-23T11:59:42.0394780Z   lfs: false
2025-04-23T11:59:42.0395356Z   submodules: false
2025-04-23T11:59:42.0395964Z   set-safe-directory: true
2025-04-23T11:59:42.0396989Z env:
2025-04-23T11:59:42.0397584Z   REMOTE_HOST: 18.60.149.136
2025-04-23T11:59:42.0398243Z   REMOTE_USER: ubuntu
2025-04-23T11:59:42.0398889Z   REMOTE_BACKUP_DIR: /tmp/actions_bak
2025-04-23T11:59:42.0399601Z ##[endgroup]
2025-04-23T11:59:42.2123150Z Syncing repository: sai-pranay-teja/JobManagement
2025-04-23T11:59:42.2125230Z ##[group]Getting Git version info
2025-04-23T11:59:42.2126219Z Working directory is '/home/runner/work/JobManagement/JobManagement'
2025-04-23T11:59:42.2127860Z [command]/usr/bin/git version
2025-04-23T11:59:42.2192171Z git version 2.49.0
2025-04-23T11:59:42.2221241Z ##[endgroup]
2025-04-23T11:59:42.2243944Z Temporarily overriding HOME='/home/runner/work/_temp/d7939dc9-8dde-4244-93bb-2e558f1f0562' before making global git config changes
2025-04-23T11:59:42.2246959Z Adding repository directory to the temporary git global config as a safe directory
2025-04-23T11:59:42.2249474Z [command]/usr/bin/git config --global --add safe.directory /home/runner/work/JobManagement/JobManagement
2025-04-23T11:59:42.2283526Z Deleting the contents of '/home/runner/work/JobManagement/JobManagement'
2025-04-23T11:59:42.2287382Z ##[group]Initializing the repository
2025-04-23T11:59:42.2291447Z [command]/usr/bin/git init /home/runner/work/JobManagement/JobManagement
2025-04-23T11:59:42.2380582Z hint: Using 'master' as the name for the initial branch. This default branch name
2025-04-23T11:59:42.2382144Z hint: is subject to change. To configure the initial branch name to use in all
2025-04-23T11:59:42.2383334Z hint: of your new repositories, which will suppress this warning, call:
2025-04-23T11:59:42.2384635Z hint:
2025-04-23T11:59:42.2385522Z hint: 	git config --global init.defaultBranch <name>
2025-04-23T11:59:42.2386624Z hint:
2025-04-23T11:59:42.2388186Z hint: Names commonly chosen instead of 'master' are 'main', 'trunk' and
2025-04-23T11:59:42.2390378Z hint: 'development'. The just-created branch can be renamed via this command:
2025-04-23T11:59:42.2392062Z hint:
2025-04-23T11:59:42.2393093Z hint: 	git branch -m <name>
2025-04-23T11:59:42.2394755Z Initialized empty Git repository in /home/runner/work/JobManagement/JobManagement/.git/
2025-04-23T11:59:42.2398624Z [command]/usr/bin/git remote add origin https://github.com/sai-pranay-teja/JobManagement
2025-04-23T11:59:42.2429627Z ##[endgroup]
2025-04-23T11:59:42.2431324Z ##[group]Disabling automatic garbage collection
2025-04-23T11:59:42.2432834Z [command]/usr/bin/git config --local gc.auto 0
2025-04-23T11:59:42.2460777Z ##[endgroup]
2025-04-23T11:59:42.2462454Z ##[group]Setting up auth
2025-04-23T11:59:42.2467022Z [command]/usr/bin/git config --local --name-only --get-regexp core\.sshCommand
2025-04-23T11:59:42.2494992Z [command]/usr/bin/git submodule foreach --recursive sh -c "git config --local --name-only --get-regexp 'core\.sshCommand' && git config --local --unset-all 'core.sshCommand' || :"
2025-04-23T11:59:42.2798010Z [command]/usr/bin/git config --local --name-only --get-regexp http\.https\:\/\/github\.com\/\.extraheader
2025-04-23T11:59:42.2825863Z [command]/usr/bin/git submodule foreach --recursive sh -c "git config --local --name-only --get-regexp 'http\.https\:\/\/github\.com\/\.extraheader' && git config --local --unset-all 'http.https://github.com/.extraheader' || :"
2025-04-23T11:59:42.3040557Z [command]/usr/bin/git config --local http.https://github.com/.extraheader AUTHORIZATION: basic ***
2025-04-23T11:59:42.3135219Z ##[endgroup]
2025-04-23T11:59:42.3137208Z ##[group]Fetching the repository
2025-04-23T11:59:42.3145157Z [command]/usr/bin/git -c protocol.version=2 fetch --no-tags --prune --progress --no-recurse-submodules --depth=1 origin +7089f278c3700e29031f3240a0499eb9d72e9b22:refs/remotes/origin/main
2025-04-23T11:59:42.5606165Z remote: Enumerating objects: 97, done.        
2025-04-23T11:59:42.5608659Z remote: Counting objects:   1% (1/97)        
2025-04-23T11:59:42.5610228Z remote: Counting objects:   2% (2/97)        
2025-04-23T11:59:42.5611772Z remote: Counting objects:   3% (3/97)        
2025-04-23T11:59:42.5613393Z remote: Counting objects:   4% (4/97)        
2025-04-23T11:59:42.5614997Z remote: Counting objects:   5% (5/97)        
2025-04-23T11:59:42.5616594Z remote: Counting objects:   6% (6/97)        
2025-04-23T11:59:42.5618305Z remote: Counting objects:   7% (7/97)        
2025-04-23T11:59:42.5619817Z remote: Counting objects:   8% (8/97)        
2025-04-23T11:59:42.5621282Z remote: Counting objects:   9% (9/97)        
2025-04-23T11:59:42.5622703Z remote: Counting objects:  10% (10/97)        
2025-04-23T11:59:42.5624201Z remote: Counting objects:  11% (11/97)        
2025-04-23T11:59:42.5625734Z remote: Counting objects:  12% (12/97)        
2025-04-23T11:59:42.5629998Z remote: Counting objects:  13% (13/97)        
2025-04-23T11:59:42.5631611Z remote: Counting objects:  14% (14/97)        
2025-04-23T11:59:42.5633210Z remote: Counting objects:  15% (15/97)        
2025-04-23T11:59:42.5634700Z remote: Counting objects:  16% (16/97)        
2025-04-23T11:59:42.5636190Z remote: Counting objects:  17% (17/97)        
2025-04-23T11:59:42.5637868Z remote: Counting objects:  18% (18/97)        
2025-04-23T11:59:42.5642269Z remote: Counting objects:  19% (19/97)        
2025-04-23T11:59:42.5644013Z remote: Counting objects:  20% (20/97)        
2025-04-23T11:59:42.5645448Z remote: Counting objects:  21% (21/97)        
2025-04-23T11:59:42.5647631Z remote: Counting objects:  22% (22/97)        
2025-04-23T11:59:42.5649130Z remote: Counting objects:  23% (23/97)        
2025-04-23T11:59:42.5650581Z remote: Counting objects:  24% (24/97)        
2025-04-23T11:59:42.5652163Z remote: Counting objects:  25% (25/97)        
2025-04-23T11:59:42.5653844Z remote: Counting objects:  26% (26/97)        
2025-04-23T11:59:42.5657201Z remote: Counting objects:  27% (27/97)        
2025-04-23T11:59:42.5660320Z remote: Counting objects:  28% (28/97)        
2025-04-23T11:59:42.5663330Z remote: Counting objects:  29% (29/97)        
2025-04-23T11:59:42.5665068Z remote: Counting objects:  30% (30/97)        
2025-04-23T11:59:42.5668836Z remote: Counting objects:  31% (31/97)        
2025-04-23T11:59:42.5670545Z remote: Counting objects:  32% (32/97)        
2025-04-23T11:59:42.5672163Z remote: Counting objects:  34% (33/97)        
2025-04-23T11:59:42.5675202Z remote: Counting objects:  35% (34/97)        
2025-04-23T11:59:42.5677072Z remote: Counting objects:  36% (35/97)        
2025-04-23T11:59:42.5680097Z remote: Counting objects:  37% (36/97)        
2025-04-23T11:59:42.5683274Z remote: Counting objects:  38% (37/97)        
2025-04-23T11:59:42.5685036Z remote: Counting objects:  39% (38/97)        
2025-04-23T11:59:42.5686957Z remote: Counting objects:  40% (39/97)        
2025-04-23T11:59:42.5688701Z remote: Counting objects:  41% (40/97)        
2025-04-23T11:59:42.5691850Z remote: Counting objects:  42% (41/97)        
2025-04-23T11:59:42.5693603Z remote: Counting objects:  43% (42/97)        
2025-04-23T11:59:42.5695314Z remote: Counting objects:  44% (43/97)        
2025-04-23T11:59:42.5697199Z remote: Counting objects:  45% (44/97)        
2025-04-23T11:59:42.5698933Z remote: Counting objects:  46% (45/97)        
2025-04-23T11:59:42.5700623Z remote: Counting objects:  47% (46/97)        
2025-04-23T11:59:42.5702329Z remote: Counting objects:  48% (47/97)        
2025-04-23T11:59:42.5704023Z remote: Counting objects:  49% (48/97)        
2025-04-23T11:59:42.5706015Z remote: Counting objects:  50% (49/97)        
2025-04-23T11:59:42.5707975Z remote: Counting objects:  51% (50/97)        
2025-04-23T11:59:42.5711030Z remote: Counting objects:  52% (51/97)        
2025-04-23T11:59:42.5712640Z remote: Counting objects:  53% (52/97)        
2025-04-23T11:59:42.5714266Z remote: Counting objects:  54% (53/97)        
2025-04-23T11:59:42.5715858Z remote: Counting objects:  55% (54/97)        
2025-04-23T11:59:42.5718730Z remote: Counting objects:  56% (55/97)        
2025-04-23T11:59:42.5720305Z remote: Counting objects:  57% (56/97)        
2025-04-23T11:59:42.5721895Z remote: Counting objects:  58% (57/97)        
2025-04-23T11:59:42.5723475Z remote: Counting objects:  59% (58/97)        
2025-04-23T11:59:42.5725087Z remote: Counting objects:  60% (59/97)        
2025-04-23T11:59:42.5726936Z remote: Counting objects:  61% (60/97)        
2025-04-23T11:59:42.5728562Z remote: Counting objects:  62% (61/97)        
2025-04-23T11:59:42.5730137Z remote: Counting objects:  63% (62/97)        
2025-04-23T11:59:42.5731710Z remote: Counting objects:  64% (63/97)        
2025-04-23T11:59:42.5733300Z remote: Counting objects:  65% (64/97)        
2025-04-23T11:59:42.5734897Z remote: Counting objects:  67% (65/97)        
2025-04-23T11:59:42.5736510Z remote: Counting objects:  68% (66/97)        
2025-04-23T11:59:42.5738335Z remote: Counting objects:  69% (67/97)        
2025-04-23T11:59:42.5739966Z remote: Counting objects:  70% (68/97)        
2025-04-23T11:59:42.5741713Z remote: Counting objects:  71% (69/97)        
2025-04-23T11:59:42.5743274Z remote: Counting objects:  72% (70/97)        
2025-04-23T11:59:42.5744839Z remote: Counting objects:  73% (71/97)        
2025-04-23T11:59:42.5746497Z remote: Counting objects:  74% (72/97)        
2025-04-23T11:59:42.5748565Z remote: Counting objects:  75% (73/97)        
2025-04-23T11:59:42.5750311Z remote: Counting objects:  76% (74/97)        
2025-04-23T11:59:42.5751868Z remote: Counting objects:  77% (75/97)        
2025-04-23T11:59:42.5753822Z remote: Counting objects:  78% (76/97)        
2025-04-23T11:59:42.5755508Z remote: Counting objects:  79% (77/97)        
2025-04-23T11:59:42.5757292Z remote: Counting objects:  80% (78/97)        
2025-04-23T11:59:42.5758943Z remote: Counting objects:  81% (79/97)        
2025-04-23T11:59:42.5760515Z remote: Counting objects:  82% (80/97)        
2025-04-23T11:59:42.5762071Z remote: Counting objects:  83% (81/97)        
2025-04-23T11:59:42.5763633Z remote: Counting objects:  84% (82/97)        
2025-04-23T11:59:42.5764631Z remote: Counting objects:  85% (83/97)        
2025-04-23T11:59:42.5765584Z remote: Counting objects:  86% (84/97)        
2025-04-23T11:59:42.5766515Z remote: Counting objects:  87% (85/97)        
2025-04-23T11:59:42.5767728Z remote: Counting objects:  88% (86/97)        
2025-04-23T11:59:42.5768652Z remote: Counting objects:  89% (87/97)        
2025-04-23T11:59:42.5769573Z remote: Counting objects:  90% (88/97)        
2025-04-23T11:59:42.5771180Z remote: Counting objects:  91% (89/97)        
2025-04-23T11:59:42.5772394Z remote: Counting objects:  92% (90/97)        
2025-04-23T11:59:42.5773709Z remote: Counting objects:  93% (91/97)        
2025-04-23T11:59:42.5774883Z remote: Counting objects:  94% (92/97)        
2025-04-23T11:59:42.5775806Z remote: Counting objects:  95% (93/97)        
2025-04-23T11:59:42.5776904Z remote: Counting objects:  96% (94/97)        
2025-04-23T11:59:42.5778041Z remote: Counting objects:  97% (95/97)        
2025-04-23T11:59:42.5779384Z remote: Counting objects:  98% (96/97)        
2025-04-23T11:59:42.5780514Z remote: Counting objects: 100% (97/97)        
2025-04-23T11:59:42.5781949Z remote: Counting objects: 100% (97/97), done.        
2025-04-23T11:59:42.5783539Z remote: Compressing objects:   1% (1/82)        
2025-04-23T11:59:42.5785273Z remote: Compressing objects:   2% (2/82)        
2025-04-23T11:59:42.5787029Z remote: Compressing objects:   3% (3/82)        
2025-04-23T11:59:42.5788768Z remote: Compressing objects:   4% (4/82)        
2025-04-23T11:59:42.5790267Z remote: Compressing objects:   6% (5/82)        
2025-04-23T11:59:42.5791526Z remote: Compressing objects:   7% (6/82)        
2025-04-23T11:59:42.5793022Z remote: Compressing objects:   8% (7/82)        
2025-04-23T11:59:42.5794643Z remote: Compressing objects:   9% (8/82)        
2025-04-23T11:59:42.5795925Z remote: Compressing objects:  10% (9/82)        
2025-04-23T11:59:42.5797125Z remote: Compressing objects:  12% (10/82)        
2025-04-23T11:59:42.5798117Z remote: Compressing objects:  13% (11/82)        
2025-04-23T11:59:42.5799058Z remote: Compressing objects:  14% (12/82)        
2025-04-23T11:59:42.5800003Z remote: Compressing objects:  15% (13/82)        
2025-04-23T11:59:42.5800947Z remote: Compressing objects:  17% (14/82)        
2025-04-23T11:59:42.5801873Z remote: Compressing objects:  18% (15/82)        
2025-04-23T11:59:42.5802809Z remote: Compressing objects:  19% (16/82)        
2025-04-23T11:59:42.5803788Z remote: Compressing objects:  20% (17/82)        
2025-04-23T11:59:42.5804771Z remote: Compressing objects:  21% (18/82)        
2025-04-23T11:59:42.5805715Z remote: Compressing objects:  23% (19/82)        
2025-04-23T11:59:42.5806645Z remote: Compressing objects:  24% (20/82)        
2025-04-23T11:59:42.5807798Z remote: Compressing objects:  25% (21/82)        
2025-04-23T11:59:42.5808896Z remote: Compressing objects:  26% (22/82)        
2025-04-23T11:59:42.5809837Z remote: Compressing objects:  28% (23/82)        
2025-04-23T11:59:42.5810774Z remote: Compressing objects:  29% (24/82)        
2025-04-23T11:59:42.5811717Z remote: Compressing objects:  30% (25/82)        
2025-04-23T11:59:42.5812657Z remote: Compressing objects:  31% (26/82)        
2025-04-23T11:59:42.5813598Z remote: Compressing objects:  32% (27/82)        
2025-04-23T11:59:42.5814525Z remote: Compressing objects:  34% (28/82)        
2025-04-23T11:59:42.5815470Z remote: Compressing objects:  35% (29/82)        
2025-04-23T11:59:42.5816604Z remote: Compressing objects:  36% (30/82)        
2025-04-23T11:59:42.5817753Z remote: Compressing objects:  37% (31/82)        
2025-04-23T11:59:42.5818776Z remote: Compressing objects:  39% (32/82)        
2025-04-23T11:59:42.5819716Z remote: Compressing objects:  40% (33/82)        
2025-04-23T11:59:42.5820644Z remote: Compressing objects:  41% (34/82)        
2025-04-23T11:59:42.5821579Z remote: Compressing objects:  42% (35/82)        
2025-04-23T11:59:42.5822515Z remote: Compressing objects:  43% (36/82)        
2025-04-23T11:59:42.5823449Z remote: Compressing objects:  45% (37/82)        
2025-04-23T11:59:42.5824387Z remote: Compressing objects:  46% (38/82)        
2025-04-23T11:59:42.5825320Z remote: Compressing objects:  47% (39/82)        
2025-04-23T11:59:42.5826256Z remote: Compressing objects:  48% (40/82)        
2025-04-23T11:59:42.5827493Z remote: Compressing objects:  50% (41/82)        
2025-04-23T11:59:42.5828445Z remote: Compressing objects:  51% (42/82)        
2025-04-23T11:59:42.5829399Z remote: Compressing objects:  52% (43/82)        
2025-04-23T11:59:42.5830349Z remote: Compressing objects:  53% (44/82)        
2025-04-23T11:59:42.5831284Z remote: Compressing objects:  54% (45/82)        
2025-04-23T11:59:42.5832378Z remote: Compressing objects:  56% (46/82)        
2025-04-23T11:59:42.5833335Z remote: Compressing objects:  57% (47/82)        
2025-04-23T11:59:42.5834284Z remote: Compressing objects:  58% (48/82)        
2025-04-23T11:59:42.5835220Z remote: Compressing objects:  59% (49/82)        
2025-04-23T11:59:42.5836182Z remote: Compressing objects:  60% (50/82)        
2025-04-23T11:59:42.5837401Z remote: Compressing objects:  62% (51/82)        
2025-04-23T11:59:42.5838419Z remote: Compressing objects:  63% (52/82)        
2025-04-23T11:59:42.5839387Z remote: Compressing objects:  64% (53/82)        
2025-04-23T11:59:42.5840354Z remote: Compressing objects:  65% (54/82)        
2025-04-23T11:59:42.5841319Z remote: Compressing objects:  67% (55/82)        
2025-04-23T11:59:42.5842285Z remote: Compressing objects:  68% (56/82)        
2025-04-23T11:59:42.5843603Z remote: Compressing objects:  69% (57/82)        
2025-04-23T11:59:42.5844602Z remote: Compressing objects:  70% (58/82)        
2025-04-23T11:59:42.5845567Z remote: Compressing objects:  71% (59/82)        
2025-04-23T11:59:42.5846666Z remote: Compressing objects:  73% (60/82)        
2025-04-23T11:59:42.5848125Z remote: Compressing objects:  74% (61/82)        
2025-04-23T11:59:42.5849148Z remote: Compressing objects:  75% (62/82)        
2025-04-23T11:59:42.5850098Z remote: Compressing objects:  76% (63/82)        
2025-04-23T11:59:42.5851067Z remote: Compressing objects:  78% (64/82)        
2025-04-23T11:59:42.5852020Z remote: Compressing objects:  79% (65/82)        
2025-04-23T11:59:42.5852964Z remote: Compressing objects:  80% (66/82)        
2025-04-23T11:59:42.5853913Z remote: Compressing objects:  81% (67/82)        
2025-04-23T11:59:42.5854874Z remote: Compressing objects:  82% (68/82)        
2025-04-23T11:59:42.5855848Z remote: Compressing objects:  84% (69/82)        
2025-04-23T11:59:42.5857020Z remote: Compressing objects:  85% (70/82)        
2025-04-23T11:59:42.5858002Z remote: Compressing objects:  86% (71/82)        
2025-04-23T11:59:42.5858968Z remote: Compressing objects:  87% (72/82)        
2025-04-23T11:59:42.5860148Z remote: Compressing objects:  89% (73/82)        
2025-04-23T11:59:42.5861136Z remote: Compressing objects:  90% (74/82)        
2025-04-23T11:59:42.5862117Z remote: Compressing objects:  91% (75/82)        
2025-04-23T11:59:42.5863091Z remote: Compressing objects:  92% (76/82)        
2025-04-23T11:59:42.5864194Z remote: Compressing objects:  93% (77/82)        
2025-04-23T11:59:42.5865251Z remote: Compressing objects:  95% (78/82)        
2025-04-23T11:59:42.5866242Z remote: Compressing objects:  96% (79/82)        
2025-04-23T11:59:42.5867420Z remote: Compressing objects:  97% (80/82)        
2025-04-23T11:59:42.5868404Z remote: Compressing objects:  98% (81/82)        
2025-04-23T11:59:42.5869554Z remote: Compressing objects: 100% (82/82)        
2025-04-23T11:59:42.5870588Z remote: Compressing objects: 100% (82/82), done.        
2025-04-23T11:59:43.0375613Z remote: Total 97 (delta 24), reused 53 (delta 9), pack-reused 0 (from 0)        
2025-04-23T11:59:43.1225963Z From https://github.com/sai-pranay-teja/JobManagement
2025-04-23T11:59:43.1226922Z  * [new ref]         7089f278c3700e29031f3240a0499eb9d72e9b22 -> origin/main
2025-04-23T11:59:43.1254224Z ##[endgroup]
2025-04-23T11:59:43.1255369Z ##[group]Determining the checkout info
2025-04-23T11:59:43.1256929Z ##[endgroup]
2025-04-23T11:59:43.1258055Z ##[group]Checking out the ref
2025-04-23T11:59:43.1262210Z [command]/usr/bin/git checkout --progress --force -B main refs/remotes/origin/main
2025-04-23T11:59:43.1793155Z Switched to a new branch 'main'
2025-04-23T11:59:43.1796658Z branch 'main' set up to track 'origin/main'.
2025-04-23T11:59:43.1833756Z ##[endgroup]
2025-04-23T11:59:43.1836521Z [command]/usr/bin/git log -1 --format='%H'
2025-04-23T11:59:43.1857421Z '7089f278c3700e29031f3240a0499eb9d72e9b22'
2025-04-23T11:59:43.2094607Z ##[group]Run actions/setup-java@v3
2025-04-23T11:59:43.2095111Z with:
2025-04-23T11:59:43.2095487Z   java-version: 17
2025-04-23T11:59:43.2095873Z   distribution: corretto
2025-04-23T11:59:43.2096271Z   java-package: jdk
2025-04-23T11:59:43.2096645Z   check-latest: false
2025-04-23T11:59:43.2097294Z   server-id: github
2025-04-23T11:59:43.2097809Z   server-username: GITHUB_ACTOR
2025-04-23T11:59:43.2098295Z   server-password: GITHUB_TOKEN
2025-04-23T11:59:43.2098713Z   overwrite-settings: true
2025-04-23T11:59:43.2099108Z   job-status: success
2025-04-23T11:59:43.2099663Z   token: ***
2025-04-23T11:59:43.2100035Z env:
2025-04-23T11:59:43.2100383Z   REMOTE_HOST: 18.60.149.136
2025-04-23T11:59:43.2100788Z   REMOTE_USER: ubuntu
2025-04-23T11:59:43.2101195Z   REMOTE_BACKUP_DIR: /tmp/actions_bak
2025-04-23T11:59:43.2101653Z ##[endgroup]
2025-04-23T11:59:43.4051856Z ##[group]Installed distributions
2025-04-23T11:59:43.4097577Z Trying to resolve the latest version from remote
2025-04-23T11:59:43.4906675Z Resolved latest version as 17.0.15+6.1
2025-04-23T11:59:43.4907835Z Trying to download...
2025-04-23T11:59:43.4908829Z Downloading Java 17.0.15+6.1 (Corretto) from https://corretto.aws/downloads/resources/17.0.15.6.1/amazon-corretto-17.0.15.6.1-linux-x64.tar.gz ...
2025-04-23T11:59:44.5737317Z Extracting Java archive...
2025-04-23T11:59:44.5875652Z [command]/usr/bin/tar xz --warning=no-unknown-keyword -C /home/runner/work/_temp/99f2cf6b-3909-486a-83fb-467e5cbf8b31 -f /home/runner/work/_temp/4f402fbb-5990-483e-ad69-0639fcac5c22
2025-04-23T11:59:47.0877915Z Java 17.0.15+6.1 was downloaded
2025-04-23T11:59:47.0878502Z Setting Java 17.0.15+6.1 as the default
2025-04-23T11:59:47.0888517Z Creating toolchains.xml for JDK version 17 from corretto
2025-04-23T11:59:47.0964153Z Writing to /home/runner/.m2/toolchains.xml
2025-04-23T11:59:47.0964703Z 
2025-04-23T11:59:47.0964928Z Java configuration:
2025-04-23T11:59:47.0965469Z   Distribution: corretto
2025-04-23T11:59:47.0966113Z   Version: 17.0.15+6.1
2025-04-23T11:59:47.0967106Z   Path: /opt/hostedtoolcache/Java_Corretto_jdk/17.0.15-6.1/x64
2025-04-23T11:59:47.0967673Z 
2025-04-23T11:59:47.0968455Z ##[endgroup]
2025-04-23T11:59:47.0985837Z Creating settings.xml with server-id: github
2025-04-23T11:59:47.0992767Z Writing to /home/runner/.m2/settings.xml
2025-04-23T11:59:47.1136217Z ##[group]Run echo "$SSH_KEY_SECRET" > key.pem
2025-04-23T11:59:47.1136924Z [36;1mecho "$SSH_KEY_SECRET" > key.pem[0m
2025-04-23T11:59:47.1137316Z [36;1msed -i 's/\\n/\n/g' key.pem[0m
2025-04-23T11:59:47.1137942Z [36;1mgrep -q "BEGIN RSA PRIVATE KEY" key.pem || sed -i '1i***' key.pem[0m
2025-04-23T11:59:47.1138546Z [36;1mgrep -q "END RSA PRIVATE KEY" key.pem || echo "***" >> key.pem[0m
2025-04-23T11:59:47.1138950Z [36;1mchmod 400 key.pem[0m
2025-04-23T11:59:47.1174559Z shell: /usr/bin/bash -e {0}
2025-04-23T11:59:47.1174865Z env:
2025-04-23T11:59:47.1175118Z   REMOTE_HOST: 18.60.149.136
2025-04-23T11:59:47.1175615Z   REMOTE_USER: ubuntu
2025-04-23T11:59:47.1175900Z   REMOTE_BACKUP_DIR: /tmp/actions_bak
2025-04-23T11:59:47.1176327Z   JAVA_HOME: /opt/hostedtoolcache/Java_Corretto_jdk/17.0.15-6.1/x64
2025-04-23T11:59:47.1177072Z   JAVA_HOME_17_X64: /opt/hostedtoolcache/Java_Corretto_jdk/17.0.15-6.1/x64
2025-04-23T11:59:47.1184416Z   SSH_KEY_SECRET: ***
2025-04-23T11:59:47.1184727Z ##[endgroup]
2025-04-23T11:59:47.2402267Z ##[group]Run echo "PIPELINE_START_TIME=$(date +%s)" >> $GITHUB_ENV
2025-04-23T11:59:47.2402806Z [36;1mecho "PIPELINE_START_TIME=$(date +%s)" >> $GITHUB_ENV[0m
2025-04-23T11:59:47.2432230Z shell: /usr/bin/bash -e {0}
2025-04-23T11:59:47.2432521Z env:
2025-04-23T11:59:47.2432768Z   REMOTE_HOST: 18.60.149.136
2025-04-23T11:59:47.2433057Z   REMOTE_USER: ubuntu
2025-04-23T11:59:47.2433335Z   REMOTE_BACKUP_DIR: /tmp/actions_bak
2025-04-23T11:59:47.2433758Z   JAVA_HOME: /opt/hostedtoolcache/Java_Corretto_jdk/17.0.15-6.1/x64
2025-04-23T11:59:47.2434270Z   JAVA_HOME_17_X64: /opt/hostedtoolcache/Java_Corretto_jdk/17.0.15-6.1/x64
2025-04-23T11:59:47.2434682Z ##[endgroup]
2025-04-23T11:59:47.2523413Z ##[group]Run mkdir -p build/WEB-INF/classes
2025-04-23T11:59:47.2523845Z [36;1mmkdir -p build/WEB-INF/classes[0m
2025-04-23T11:59:47.2524402Z [36;1m# Compile Java sources; redirect errors to compile_error.log and exit if compilation fails.[0m
2025-04-23T11:59:47.2525270Z [36;1m# javac -cp "src/main/webapp/WEB-INF/lib/*" -d build/WEB-INF/classes $(find src -name "*.java") 2> compile_error.log || { echo "Build failed!"; exit 1; }[0m
2025-04-23T11:59:47.2526206Z [36;1mjavac -cp "src/main/webapp/WEB-INF/lib/*" -d build/WEB-INF/classes $(find src -name "*.java") 2> compile_error.log[0m
2025-04-23T11:59:47.2526987Z [36;1m[0m
2025-04-23T11:59:47.2527304Z [36;1mcp -R src/main/resources/* build/WEB-INF/classes/[0m
2025-04-23T11:59:47.2527703Z [36;1mcp -R src/main/webapp/* build/[0m
2025-04-23T11:59:47.2528090Z [36;1mjar -cvf JobManagement_ACTIONS.war -C build .[0m
2025-04-23T11:59:47.2555875Z shell: /usr/bin/bash -e {0}
2025-04-23T11:59:47.2556171Z env:
2025-04-23T11:59:47.2556441Z   REMOTE_HOST: 18.60.149.136
2025-04-23T11:59:47.2556918Z   REMOTE_USER: ubuntu
2025-04-23T11:59:47.2557223Z   REMOTE_BACKUP_DIR: /tmp/actions_bak
2025-04-23T11:59:47.2557639Z   JAVA_HOME: /opt/hostedtoolcache/Java_Corretto_jdk/17.0.15-6.1/x64
2025-04-23T11:59:47.2558166Z   JAVA_HOME_17_X64: /opt/hostedtoolcache/Java_Corretto_jdk/17.0.15-6.1/x64
2025-04-23T11:59:47.2558580Z   PIPELINE_START_TIME: 1745409587
2025-04-23T11:59:47.2558879Z ##[endgroup]
2025-04-23T11:59:48.6581109Z added manifest
2025-04-23T11:59:48.6669368Z adding: WEB-INF/(in = 0) (out= 0)(stored 0%)
2025-04-23T11:59:48.6670577Z adding: WEB-INF/classes/(in = 0) (out= 0)(stored 0%)
2025-04-23T11:59:48.6675306Z adding: WEB-INF/classes/TestApp.class(in = 393) (out= 279)(deflated 29%)
2025-04-23T11:59:48.6676500Z adding: WEB-INF/classes/TestAppPart1.class(in = 3452) (out= 1808)(deflated 47%)
2025-04-23T11:59:48.6680563Z adding: WEB-INF/classes/TestAppPart2.class(in = 644) (out= 427)(deflated 33%)
2025-04-23T11:59:48.6681773Z adding: WEB-INF/classes/config.properties(in = 132) (out= 117)(deflated 11%)
2025-04-23T11:59:48.6682897Z adding: WEB-INF/classes/metrics/(in = 0) (out= 0)(stored 0%)
2025-04-23T11:59:48.6688537Z adding: WEB-INF/classes/metrics/EfficiencyIndexCalculator.class(in = 796) (out= 525)(deflated 34%)
2025-04-23T11:59:48.6690194Z adding: WEB-INF/classes/metrics/ExportMetricsCSVServlet.class(in = 6498) (out= 2926)(deflated 54%)
2025-04-23T11:59:48.6691581Z adding: WEB-INF/classes/metrics/MetricRecord.class(in = 1674) (out= 687)(deflated 58%)
2025-04-23T11:59:48.6695562Z adding: WEB-INF/classes/metrics/MetricsDashboardServlet.class(in = 5675) (out= 2432)(deflated 57%)
2025-04-23T11:59:48.6699533Z adding: WEB-INF/classes/metrics/MetricsParser.class(in = 4726) (out= 2606)(deflated 44%)
2025-04-23T11:59:48.6703177Z adding: WEB-INF/classes/model/(in = 0) (out= 0)(stored 0%)
2025-04-23T11:59:48.6704799Z adding: WEB-INF/classes/model/Application.class(in = 1590) (out= 613)(deflated 61%)
2025-04-23T11:59:48.6707182Z adding: WEB-INF/classes/model/ApplicationController.class(in = 3616) (out= 1875)(deflated 48%)
2025-04-23T11:59:48.6709627Z adding: WEB-INF/classes/model/ApplicationDAO.class(in = 5283) (out= 2359)(deflated 55%)
2025-04-23T11:59:48.6712821Z adding: WEB-INF/classes/model/CancelApplicationController.class(in = 1651) (out= 891)(deflated 46%)
2025-04-23T11:59:48.6714964Z adding: WEB-INF/classes/model/DatabaseUtil.class(in = 2328) (out= 1292)(deflated 44%)
2025-04-23T11:59:48.6718556Z adding: WEB-INF/classes/model/DeleteJobController.class(in = 2258) (out= 1187)(deflated 47%)
2025-04-23T11:59:48.6721382Z adding: WEB-INF/classes/model/DownloadResumeController.class(in = 2480) (out= 1329)(deflated 46%)
2025-04-23T11:59:48.6724540Z adding: WEB-INF/classes/model/EmployerDashboardController.class(in = 2913) (out= 1416)(deflated 51%)
2025-04-23T11:59:48.6727266Z adding: WEB-INF/classes/model/Job.class(in = 1299) (out= 572)(deflated 55%)
2025-04-23T11:59:48.6730516Z adding: WEB-INF/classes/model/JobController.class(in = 2383) (out= 1290)(deflated 45%)
2025-04-23T11:59:48.6735110Z adding: WEB-INF/classes/model/JobDAO.class(in = 5248) (out= 2320)(deflated 55%)
2025-04-23T11:59:48.6737442Z adding: WEB-INF/classes/model/LoginController.class(in = 2435) (out= 1248)(deflated 48%)
2025-04-23T11:59:48.6739757Z adding: WEB-INF/classes/model/LogoutServlet.class(in = 969) (out= 538)(deflated 44%)
2025-04-23T11:59:48.6742689Z adding: WEB-INF/classes/model/UpdateApplicationStatusController.class(in = 1727) (out= 926)(deflated 46%)
2025-04-23T11:59:48.6744759Z adding: WEB-INF/classes/model/User.class(in = 1110) (out= 469)(deflated 57%)
2025-04-23T11:59:48.6748569Z adding: WEB-INF/classes/model/UserController.class(in = 2109) (out= 1166)(deflated 44%)
2025-04-23T11:59:48.6752296Z adding: WEB-INF/classes/model/UserDAO.class(in = 4628) (out= 2108)(deflated 54%)
2025-04-23T11:59:48.6755297Z adding: WEB-INF/classes/model/ViewApplicationsController.class(in = 2475) (out= 1234)(deflated 50%)
2025-04-23T11:59:48.6758924Z adding: WEB-INF/classes/model/ViewJobsController.class(in = 3200) (out= 1649)(deflated 48%)
2025-04-23T11:59:48.6760421Z adding: WEB-INF/lib/(in = 0) (out= 0)(stored 0%)
2025-04-23T11:59:48.6787377Z adding: WEB-INF/lib/commons-fileupload2-core-2.0.0-M2.jar(in = 63228) (out= 55526)(deflated 12%)
2025-04-23T11:59:48.6927648Z adding: WEB-INF/lib/commons-io-2.18.0.jar(in = 538910) (out= 479979)(deflated 10%)
2025-04-23T11:59:48.6939135Z adding: WEB-INF/lib/hamcrest-core-1.3.jar(in = 45024) (out= 39918)(deflated 11%)
2025-04-23T11:59:48.7029032Z adding: WEB-INF/lib/jakarta.servlet-api-6.0.0.jar(in = 347613) (out= 324001)(deflated 6%)
2025-04-23T11:59:48.7960929Z adding: WEB-INF/lib/jakarta.servlet.jsp.jstl-3.0.0.jar(in = 3712950) (out= 3357798)(deflated 9%)
2025-04-23T11:59:48.7973836Z adding: WEB-INF/lib/jakarta.servlet.jsp.jstl-api-3.0.0.jar(in = 46041) (out= 41321)(deflated 10%)
2025-04-23T11:59:48.8628827Z adding: WEB-INF/lib/junit-platform-console-standalone-1.9.2.jar(in = 2614420) (out= 2294330)(deflated 12%)
2025-04-23T11:59:48.9337685Z adding: WEB-INF/lib/mysql-connector-j-9.2.0.jar(in = 2609756) (out= 2445064)(deflated 6%)
2025-04-23T11:59:48.9338482Z adding: WEB-INF/web.xml(in = 1218) (out= 397)(deflated 67%)
2025-04-23T11:59:48.9339328Z adding: css/(in = 0) (out= 0)(stored 0%)
2025-04-23T11:59:48.9341952Z adding: css/styles.css(in = 4741) (out= 1265)(deflated 73%)
2025-04-23T11:59:48.9344165Z adding: dashboard.jsp(in = 941) (out= 435)(deflated 53%)
2025-04-23T11:59:48.9346889Z adding: employerDashboard.jsp(in = 2440) (out= 870)(deflated 64%)
2025-04-23T11:59:48.9349007Z adding: error.jsp(in = 327) (out= 232)(deflated 29%)
2025-04-23T11:59:48.9351147Z adding: login.jsp(in = 606) (out= 335)(deflated 44%)
2025-04-23T11:59:48.9352276Z adding: logs/(in = 0) (out= 0)(stored 0%)
2025-04-23T11:59:48.9358041Z adding: logs/codebuild-rollback.log(in = 26758) (out= 3486)(deflated 86%)
2025-04-23T11:59:48.9363648Z adding: logs/codebuild.log(in = 20462) (out= 4294)(deflated 79%)
2025-04-23T11:59:48.9374476Z adding: logs/gha-rollback.log(in = 41669) (out= 9105)(deflated 78%)
2025-04-23T11:59:48.9386283Z adding: logs/gha.log(in = 57429) (out= 12210)(deflated 78%)
2025-04-23T11:59:48.9393805Z adding: logs/jenkins-1.log(in = 32996) (out= 6427)(deflated 80%)
2025-04-23T11:59:48.9400588Z adding: logs/jenkins-2.log(in = 33005) (out= 6420)(deflated 80%)
2025-04-23T11:59:48.9405795Z adding: logs/jenkins-3.log(in = 23908) (out= 5358)(deflated 77%)
2025-04-23T11:59:48.9413244Z adding: logs/jenkins-4.log(in = 33002) (out= 6389)(deflated 80%)
2025-04-23T11:59:48.9417332Z adding: logs/jenkins-rollback.log(in = 11672) (out= 2705)(deflated 76%)
2025-04-23T11:59:48.9424969Z adding: logs/jenkins.log(in = 32974) (out= 6426)(deflated 80%)
2025-04-23T11:59:48.9428005Z adding: metrics.jsp(in = 3715) (out= 1269)(deflated 65%)
2025-04-23T11:59:48.9429807Z adding: postJob.jsp(in = 899) (out= 454)(deflated 49%)
2025-04-23T11:59:48.9432069Z adding: register.jsp(in = 931) (out= 410)(deflated 55%)
2025-04-23T11:59:48.9435317Z adding: viewApplications.jsp(in = 3165) (out= 1113)(deflated 64%)
2025-04-23T11:59:48.9439445Z adding: viewJobs.jsp(in = 5148) (out= 1546)(deflated 69%)
2025-04-23T11:59:48.9579813Z ##[group]Run ssh -o StrictHostKeyChecking=no -i key.pem $REMOTE_USER@$REMOTE_HOST "mkdir -p /tmp/actions_bak"
2025-04-23T11:59:48.9580673Z [36;1mssh -o StrictHostKeyChecking=no -i key.pem $REMOTE_USER@$REMOTE_HOST "mkdir -p /tmp/actions_bak"[0m
2025-04-23T11:59:48.9581588Z [36;1mscp -o StrictHostKeyChecking=no -i key.pem JobManagement_ACTIONS.war $REMOTE_USER@$REMOTE_HOST:/tmp/actions_bak/JobManagement_ACTIONS.war_bak[0m
2025-04-23T11:59:48.9582404Z [36;1mecho "Backup saved on remote host at /tmp/actions_bak/JobManagement_ACTIONS.war_bak"[0m
2025-04-23T11:59:48.9613855Z shell: /usr/bin/bash -e {0}
2025-04-23T11:59:48.9614154Z env:
2025-04-23T11:59:48.9614404Z   REMOTE_HOST: 18.60.149.136
2025-04-23T11:59:48.9614689Z   REMOTE_USER: ubuntu
2025-04-23T11:59:48.9614977Z   REMOTE_BACKUP_DIR: /tmp/actions_bak
2025-04-23T11:59:48.9615422Z   JAVA_HOME: /opt/hostedtoolcache/Java_Corretto_jdk/17.0.15-6.1/x64
2025-04-23T11:59:48.9615959Z   JAVA_HOME_17_X64: /opt/hostedtoolcache/Java_Corretto_jdk/17.0.15-6.1/x64
2025-04-23T11:59:48.9616392Z   PIPELINE_START_TIME: 1745409587
2025-04-23T11:59:48.9616839Z ##[endgroup]
2025-04-23T11:59:49.9122326Z Warning: Permanently added '18.60.149.136' (ED25519) to the list of known hosts.
2025-04-23T11:59:58.7930163Z Backup saved on remote host at /tmp/actions_bak/JobManagement_ACTIONS.war_bak
2025-04-23T11:59:58.7959333Z ##[group]Run mkdir -p test_output
2025-04-23T11:59:58.7959962Z [36;1mmkdir -p test_output[0m
2025-04-23T11:59:58.7960693Z [36;1mjavac -cp "src/main/webapp/WEB-INF/lib/*:src" -d test_output $(find src/main/test -name "*.java")[0m
2025-04-23T11:59:58.7961858Z [36;1mjava -cp "test_output:src/main/webapp/WEB-INF/lib/*" org.junit.platform.console.ConsoleLauncher --scan-class-path test_output --details summary > test_results.log || true[0m
2025-04-23T11:59:58.7962840Z [36;1mhead -n 20 test_results.log[0m
2025-04-23T11:59:58.8006160Z shell: /usr/bin/bash -e {0}
2025-04-23T11:59:58.8006676Z env:
2025-04-23T11:59:58.8007474Z   REMOTE_HOST: 18.60.149.136
2025-04-23T11:59:58.8007934Z   REMOTE_USER: ubuntu
2025-04-23T11:59:58.8008320Z   REMOTE_BACKUP_DIR: /tmp/actions_bak
2025-04-23T11:59:58.8008760Z   JAVA_HOME: /opt/hostedtoolcache/Java_Corretto_jdk/17.0.15-6.1/x64
2025-04-23T11:59:58.8009291Z   JAVA_HOME_17_X64: /opt/hostedtoolcache/Java_Corretto_jdk/17.0.15-6.1/x64
2025-04-23T11:59:58.8009780Z   PIPELINE_START_TIME: 1745409587
2025-04-23T11:59:58.8010084Z ##[endgroup]
2025-04-23T12:00:00.1112562Z 
2025-04-23T12:00:00.1113321Z Thanks for using JUnit! Support its development at https://junit.org/sponsoring
2025-04-23T12:00:00.1113752Z 
2025-04-23T12:00:00.1113757Z 
2025-04-23T12:00:00.1113871Z Failures (2):
2025-04-23T12:00:00.1114200Z   JUnit Jupiter:TestAppPart1:testDatabaseConnection()
2025-04-23T12:00:00.1114823Z     MethodSource [className = 'TestAppPart1', methodName = 'testDatabaseConnection', methodParameterTypes = '']
2025-04-23T12:00:00.1116055Z     => org.opentest4j.AssertionFailedError: Database connection failed: config.properties not found
2025-04-23T12:00:00.1117341Z        org.junit.jupiter.api.AssertionUtils.fail(AssertionUtils.java:38)
2025-04-23T12:00:00.1117901Z        org.junit.jupiter.api.Assertions.fail(Assertions.java:135)
2025-04-23T12:00:00.1118740Z        TestAppPart1.testDatabaseConnection(TestAppPart1.java:31)
2025-04-23T12:00:00.1119460Z        java.base/jdk.internal.reflect.NativeMethodAccessorImpl.invoke0(Native Method)
2025-04-23T12:00:00.1120179Z        java.base/jdk.internal.reflect.NativeMethodAccessorImpl.invoke(NativeMethodAccessorImpl.java:77)
2025-04-23T12:00:00.1121007Z        java.base/jdk.internal.reflect.DelegatingMethodAccessorImpl.invoke(DelegatingMethodAccessorImpl.java:43)
2025-04-23T12:00:00.1121667Z        java.base/java.lang.reflect.Method.invoke(Method.java:569)
2025-04-23T12:00:00.1122263Z        org.junit.platform.commons.util.ReflectionUtils.invokeMethod(ReflectionUtils.java:727)
2025-04-23T12:00:00.1122973Z        org.junit.jupiter.engine.execution.MethodInvocation.proceed(MethodInvocation.java:60)
2025-04-23T12:00:00.1123863Z        org.junit.jupiter.engine.execution.InvocationInterceptorChain$ValidatingInvocation.proceed(InvocationInterceptorChain.java:131)
2025-04-23T12:00:00.1124542Z        [...]
2025-04-23T12:00:00.1124835Z   JUnit Jupiter:TestAppPart1:testQueryExecution()
2025-04-23T12:00:00.1151451Z ##[group]Run ssh -o StrictHostKeyChecking=no -i key.pem $REMOTE_USER@$REMOTE_HOST "vmstat -s | awk '{printf \"%.2f MB - %s\n\", \$1/1024, substr(\$0, index(\$0,\$2))}'" > resource_usage_before.log
2025-04-23T12:00:00.1152594Z [36;1mssh -o StrictHostKeyChecking=no -i key.pem $REMOTE_USER@$REMOTE_HOST "vmstat -s | awk '{printf \"%.2f MB - %s\n\", \$1/1024, substr(\$0, index(\$0,\$2))}'" > resource_usage_before.log[0m
2025-04-23T12:00:00.1153474Z [36;1mssh -o StrictHostKeyChecking=no -i key.pem $REMOTE_USER@$REMOTE_HOST "free -h" > mem_before.log[0m
2025-04-23T12:00:00.1183676Z shell: /usr/bin/bash -e {0}
2025-04-23T12:00:00.1183978Z env:
2025-04-23T12:00:00.1184212Z   REMOTE_HOST: 18.60.149.136
2025-04-23T12:00:00.1184495Z   REMOTE_USER: ubuntu
2025-04-23T12:00:00.1184800Z   REMOTE_BACKUP_DIR: /tmp/actions_bak
2025-04-23T12:00:00.1185235Z   JAVA_HOME: /opt/hostedtoolcache/Java_Corretto_jdk/17.0.15-6.1/x64
2025-04-23T12:00:00.1185781Z   JAVA_HOME_17_X64: /opt/hostedtoolcache/Java_Corretto_jdk/17.0.15-6.1/x64
2025-04-23T12:00:00.1186195Z   PIPELINE_START_TIME: 1745409587
2025-04-23T12:00:00.1186488Z ##[endgroup]
2025-04-23T12:00:05.3059376Z ##[group]Run echo "DEPLOY_START_TIME=$(date +%s)" >> $GITHUB_ENV
2025-04-23T12:00:05.3059910Z [36;1mecho "DEPLOY_START_TIME=$(date +%s)" >> $GITHUB_ENV[0m
2025-04-23T12:00:05.3060335Z [36;1mCOMMIT_TIME=$(git log -1 --format=%ct)[0m
2025-04-23T12:00:05.3060722Z [36;1mLEAD_TIME=$(($(date +%s) - COMMIT_TIME))[0m
2025-04-23T12:00:05.3061108Z [36;1mecho "LEAD_TIME=$LEAD_TIME" >> $GITHUB_ENV[0m
2025-04-23T12:00:05.3091386Z shell: /usr/bin/bash -e {0}
2025-04-23T12:00:05.3091681Z env:
2025-04-23T12:00:05.3091930Z   REMOTE_HOST: 18.60.149.136
2025-04-23T12:00:05.3092215Z   REMOTE_USER: ubuntu
2025-04-23T12:00:05.3092501Z   REMOTE_BACKUP_DIR: /tmp/actions_bak
2025-04-23T12:00:05.3092928Z   JAVA_HOME: /opt/hostedtoolcache/Java_Corretto_jdk/17.0.15-6.1/x64
2025-04-23T12:00:05.3093441Z   JAVA_HOME_17_X64: /opt/hostedtoolcache/Java_Corretto_jdk/17.0.15-6.1/x64
2025-04-23T12:00:05.3093860Z   PIPELINE_START_TIME: 1745409587
2025-04-23T12:00:05.3094152Z ##[endgroup]
2025-04-23T12:00:05.3212129Z ##[group]Run scp -o StrictHostKeyChecking=no -i key.pem JobManagement_ACTIONS.war $REMOTE_USER@$REMOTE_HOST:/opt/tomcat10/webapps/
2025-04-23T12:00:05.3213071Z [36;1mscp -o StrictHostKeyChecking=no -i key.pem JobManagement_ACTIONS.war $REMOTE_USER@$REMOTE_HOST:/opt/tomcat10/webapps/[0m
2025-04-23T12:00:05.3213814Z [36;1mssh -o StrictHostKeyChecking=no -i key.pem $REMOTE_USER@$REMOTE_HOST <<EOF[0m
2025-04-23T12:00:05.3214559Z [36;1m  sudo rm -rf /opt/tomcat10/webapps/JobManagement_ACTIONS || true[0m
2025-04-23T12:00:05.3214964Z [36;1m  sleep 5[0m
2025-04-23T12:00:05.3215274Z [36;1m  sudo /opt/tomcat10/bin/shutdown.sh || true[0m
2025-04-23T12:00:05.3215652Z [36;1m  sudo /opt/tomcat10/bin/startup.sh[0m
2025-04-23T12:00:05.3215973Z [36;1m  exit[0m
2025-04-23T12:00:05.3216210Z [36;1mEOF[0m
2025-04-23T12:00:05.3243481Z shell: /usr/bin/bash -e {0}
2025-04-23T12:00:05.3243770Z env:
2025-04-23T12:00:05.3244014Z   REMOTE_HOST: 18.60.149.136
2025-04-23T12:00:05.3244329Z   REMOTE_USER: ubuntu
2025-04-23T12:00:05.3244610Z   REMOTE_BACKUP_DIR: /tmp/actions_bak
2025-04-23T12:00:05.3245033Z   JAVA_HOME: /opt/hostedtoolcache/Java_Corretto_jdk/17.0.15-6.1/x64
2025-04-23T12:00:05.3245546Z   JAVA_HOME_17_X64: /opt/hostedtoolcache/Java_Corretto_jdk/17.0.15-6.1/x64
2025-04-23T12:00:05.3245968Z   PIPELINE_START_TIME: 1745409587
2025-04-23T12:00:05.3246271Z   DEPLOY_START_TIME: 1745409605
2025-04-23T12:00:05.3246550Z   LEAD_TIME: 159
2025-04-23T12:00:05.3247015Z ##[endgroup]
2025-04-23T12:00:12.4045272Z Pseudo-terminal will not be allocated because stdin is not a terminal.
2025-04-23T12:00:14.9784945Z Welcome to Ubuntu 24.04.2 LTS (GNU/Linux 6.8.0-1027-aws x86_64)
2025-04-23T12:00:14.9785462Z 
2025-04-23T12:00:14.9785708Z  * Documentation:  https://help.ubuntu.com
2025-04-23T12:00:14.9786318Z  * Management:     https://landscape.canonical.com
2025-04-23T12:00:14.9787118Z  * Support:        https://ubuntu.com/pro
2025-04-23T12:00:14.9787520Z 
2025-04-23T12:00:14.9787845Z  System information as of Wed Apr 23 11:59:50 UTC 2025
2025-04-23T12:00:14.9788153Z 
2025-04-23T12:00:14.9788376Z   System load:  0.18              Temperature:           -273.1 C
2025-04-23T12:00:14.9788887Z   Usage of /:   68.5% of 6.71GB   Processes:             122
2025-04-23T12:00:14.9789386Z   Memory usage: 27%               Users logged in:       1
2025-04-23T12:00:14.9789906Z   Swap usage:   0%                IPv4 address for ens5: 172.31.20.166
2025-04-23T12:00:14.9790237Z 
2025-04-23T12:00:14.9790496Z  * Ubuntu Pro delivers the most comprehensive open source security and
2025-04-23T12:00:14.9790988Z    compliance features.
2025-04-23T12:00:14.9791189Z 
2025-04-23T12:00:14.9791340Z    https://ubuntu.com/aws/pro
2025-04-23T12:00:14.9791560Z 
2025-04-23T12:00:14.9791797Z Expanded Security Maintenance for Applications is not enabled.
2025-04-23T12:00:14.9792152Z 
2025-04-23T12:00:14.9792310Z 1 update can be applied immediately.
2025-04-23T12:00:14.9792757Z To see these additional updates run: apt list --upgradable
2025-04-23T12:00:14.9793084Z 
2025-04-23T12:00:14.9793299Z Enable ESM Apps to receive additional future security updates.
2025-04-23T12:00:14.9793816Z See https://ubuntu.com/esm or run: sudo pro status
2025-04-23T12:00:14.9794110Z 
2025-04-23T12:00:14.9794114Z 
2025-04-23T12:00:20.2291147Z sudo: /opt/tomcat10/bin/shutdown.sh: command not found
2025-04-23T12:00:20.2512595Z Tomcat started.
2025-04-23T12:00:20.2623140Z ##[group]Run ssh -o StrictHostKeyChecking=no -i key.pem $REMOTE_USER@$REMOTE_HOST "timeout 60 bash -c 'until grep -q \"Deployment of web application archive\" <(tail -n 50 /opt/tomcat10/logs/catalina.out); do sleep 5; done'"
2025-04-23T12:00:20.2624562Z [36;1mssh -o StrictHostKeyChecking=no -i key.pem $REMOTE_USER@$REMOTE_HOST "timeout 60 bash -c 'until grep -q \"Deployment of web application archive\" <(tail -n 50 /opt/tomcat10/logs/catalina.out); do sleep 5; done'"[0m
2025-04-23T12:00:20.2654995Z shell: /usr/bin/bash -e {0}
2025-04-23T12:00:20.2655293Z env:
2025-04-23T12:00:20.2655541Z   REMOTE_HOST: 18.60.149.136
2025-04-23T12:00:20.2655823Z   REMOTE_USER: ubuntu
2025-04-23T12:00:20.2656116Z   REMOTE_BACKUP_DIR: /tmp/actions_bak
2025-04-23T12:00:20.2656542Z   JAVA_HOME: /opt/hostedtoolcache/Java_Corretto_jdk/17.0.15-6.1/x64
2025-04-23T12:00:20.2657165Z   JAVA_HOME_17_X64: /opt/hostedtoolcache/Java_Corretto_jdk/17.0.15-6.1/x64
2025-04-23T12:00:20.2657630Z   PIPELINE_START_TIME: 1745409587
2025-04-23T12:00:20.2657937Z   DEPLOY_START_TIME: 1745409605
2025-04-23T12:00:20.2658390Z   LEAD_TIME: 159
2025-04-23T12:00:20.2658640Z ##[endgroup]
2025-04-23T12:00:28.0332323Z ##[group]Run echo "DEPLOY_END_TIME=$(date +%s)" >> $GITHUB_ENV
2025-04-23T12:00:28.0332821Z [36;1mecho "DEPLOY_END_TIME=$(date +%s)" >> $GITHUB_ENV[0m
2025-04-23T12:00:28.0362707Z shell: /usr/bin/bash -e {0}
2025-04-23T12:00:28.0362998Z env:
2025-04-23T12:00:28.0363247Z   REMOTE_HOST: 18.60.149.136
2025-04-23T12:00:28.0363537Z   REMOTE_USER: ubuntu
2025-04-23T12:00:28.0363823Z   REMOTE_BACKUP_DIR: /tmp/actions_bak
2025-04-23T12:00:28.0364233Z   JAVA_HOME: /opt/hostedtoolcache/Java_Corretto_jdk/17.0.15-6.1/x64
2025-04-23T12:00:28.0364729Z   JAVA_HOME_17_X64: /opt/hostedtoolcache/Java_Corretto_jdk/17.0.15-6.1/x64
2025-04-23T12:00:28.0365145Z   PIPELINE_START_TIME: 1745409587
2025-04-23T12:00:28.0365449Z   DEPLOY_START_TIME: 1745409605
2025-04-23T12:00:28.0365750Z   LEAD_TIME: 159
2025-04-23T12:00:28.0366001Z ##[endgroup]
2025-04-23T12:00:28.0463766Z ##[group]Run ssh -o StrictHostKeyChecking=no -i key.pem $REMOTE_USER@$REMOTE_HOST "vmstat -s | awk '{printf \"%.2f MB - %s\n\", \$1/1024, substr(\$0, index(\$0,\$2))}'" > resource_usage_after.log
2025-04-23T12:00:28.0464892Z [36;1mssh -o StrictHostKeyChecking=no -i key.pem $REMOTE_USER@$REMOTE_HOST "vmstat -s | awk '{printf \"%.2f MB - %s\n\", \$1/1024, substr(\$0, index(\$0,\$2))}'" > resource_usage_after.log[0m
2025-04-23T12:00:28.0465783Z [36;1mssh -o StrictHostKeyChecking=no -i key.pem $REMOTE_USER@$REMOTE_HOST "free -h" > mem_after.log[0m
2025-04-23T12:00:28.0492900Z shell: /usr/bin/bash -e {0}
2025-04-23T12:00:28.0493194Z env:
2025-04-23T12:00:28.0493442Z   REMOTE_HOST: 18.60.149.136
2025-04-23T12:00:28.0493726Z   REMOTE_USER: ubuntu
2025-04-23T12:00:28.0494020Z   REMOTE_BACKUP_DIR: /tmp/actions_bak
2025-04-23T12:00:28.0494439Z   JAVA_HOME: /opt/hostedtoolcache/Java_Corretto_jdk/17.0.15-6.1/x64
2025-04-23T12:00:28.0494971Z   JAVA_HOME_17_X64: /opt/hostedtoolcache/Java_Corretto_jdk/17.0.15-6.1/x64
2025-04-23T12:00:28.0495397Z   PIPELINE_START_TIME: 1745409587
2025-04-23T12:00:28.0495716Z   DEPLOY_START_TIME: 1745409605
2025-04-23T12:00:28.0495999Z   LEAD_TIME: 159
2025-04-23T12:00:28.0496264Z   DEPLOY_END_TIME: 1745409628
2025-04-23T12:00:28.0496549Z ##[endgroup]
2025-04-23T12:00:33.2710333Z ##[group]Run source $GITHUB_ENV
2025-04-23T12:00:33.2710708Z [36;1msource $GITHUB_ENV[0m
2025-04-23T12:00:33.2711100Z [36;1mDEPLOY_DURATION=$(($DEPLOY_END_TIME - $DEPLOY_START_TIME))[0m
2025-04-23T12:00:33.2711518Z [36;1mPIPELINE_END_TIME=$(date +%s)[0m
2025-04-23T12:00:33.2711951Z [36;1mTOTAL_PIPELINE_TIME=$(($PIPELINE_END_TIME - $PIPELINE_START_TIME))[0m
2025-04-23T12:00:33.2712446Z [36;1mecho "DEPLOY_DURATION=$DEPLOY_DURATION" >> $GITHUB_ENV[0m
2025-04-23T12:00:33.2712923Z [36;1mecho "TOTAL_PIPELINE_TIME=$TOTAL_PIPELINE_TIME" >> $GITHUB_ENV[0m
2025-04-23T12:00:33.2742594Z shell: /usr/bin/bash -e {0}
2025-04-23T12:00:33.2742881Z env:
2025-04-23T12:00:33.2743130Z   REMOTE_HOST: 18.60.149.136
2025-04-23T12:00:33.2743418Z   REMOTE_USER: ubuntu
2025-04-23T12:00:33.2743717Z   REMOTE_BACKUP_DIR: /tmp/actions_bak
2025-04-23T12:00:33.2744148Z   JAVA_HOME: /opt/hostedtoolcache/Java_Corretto_jdk/17.0.15-6.1/x64
2025-04-23T12:00:33.2744780Z   JAVA_HOME_17_X64: /opt/hostedtoolcache/Java_Corretto_jdk/17.0.15-6.1/x64
2025-04-23T12:00:33.2745202Z   PIPELINE_START_TIME: 1745409587
2025-04-23T12:00:33.2745511Z   DEPLOY_START_TIME: 1745409605
2025-04-23T12:00:33.2745794Z   LEAD_TIME: 159
2025-04-23T12:00:33.2746045Z   DEPLOY_END_TIME: 1745409628
2025-04-23T12:00:33.2746327Z ##[endgroup]
2025-04-23T12:00:33.2839939Z ##[group]Run echo "-------------------------------------------------"
2025-04-23T12:00:33.2840455Z [36;1mecho "-------------------------------------------------"[0m
2025-04-23T12:00:33.2840862Z [36;1mecho "              CI/CD Metrics Summary              "[0m
2025-04-23T12:00:33.2841283Z [36;1mecho "-------------------------------------------------"[0m
2025-04-23T12:00:33.2841705Z [36;1mecho "| Metric                             | Value          |"[0m
2025-04-23T12:00:33.2842275Z [36;1mecho "-------------------------------------------------"[0m
2025-04-23T12:00:33.2842754Z [36;1mecho "| Total Pipeline Time (sec)          | $TOTAL_PIPELINE_TIME          |"[0m
2025-04-23T12:00:33.2843348Z [36;1m# If deployment succeeded, DEPLOY_DURATION is set; if not, ROLLBACK_DURATION is used.[0m
2025-04-23T12:00:33.2843851Z [36;1mif [ -n "$DEPLOY_DURATION" ]; then[0m
2025-04-23T12:00:33.2844316Z [36;1m  echo "| Deployment Time (sec)              | $DEPLOY_DURATION          |"[0m
2025-04-23T12:00:33.2844743Z [36;1melse[0m
2025-04-23T12:00:33.2845109Z [36;1m  echo "| Rollback Deployment Time (sec)     | $ROLLBACK_DURATION          |"[0m
2025-04-23T12:00:33.2845526Z [36;1mfi[0m
2025-04-23T12:00:33.2845865Z [36;1mecho "| Lead Time for Changes (sec)        | $LEAD_TIME          |"[0m
2025-04-23T12:00:33.2846281Z [36;1mif [ -f test_results.log ]; then[0m
2025-04-23T12:00:33.2846866Z [36;1m  TEST_SUMMARY=$(grep -i "tests found" test_results.log | head -n 1)[0m
2025-04-23T12:00:33.2847294Z [36;1melse[0m
2025-04-23T12:00:33.2847541Z [36;1m  TEST_SUMMARY="N/A"[0m
2025-04-23T12:00:33.2847807Z [36;1mfi[0m
2025-04-23T12:00:33.2848206Z [36;1m# ─── Cost Calculation & Echo ──────────────────────────────────────────────[0m
2025-04-23T12:00:33.2848753Z [36;1m# GitHub Actions hosted runner = $0.008 per minute = $0.0001333 per sec[0m
2025-04-23T12:00:33.2849264Z [36;1mCOST=$(awk "BEGIN { printf \"%.4f\", $TOTAL_PIPELINE_TIME * 0.008/60 }")[0m
2025-04-23T12:00:33.2849740Z [36;1mecho "| Cost (USD)                         | $COST              |"[0m
2025-04-23T12:00:33.2850210Z [36;1m# ─────────────────────────────────────────────────────────────────────────────[0m
2025-04-23T12:00:33.2850703Z [36;1mecho "| Test Summary                       | $TEST_SUMMARY          |"[0m
2025-04-23T12:00:33.2851079Z [36;1m[0m
2025-04-23T12:00:33.2851364Z [36;1mecho "-------------------------------------------------"[0m
2025-04-23T12:00:33.2851739Z [36;1mecho "Memory Usage BEFORE:"[0m
2025-04-23T12:00:33.2852069Z [36;1mcat mem_before.log[0m
2025-04-23T12:00:33.2852402Z [36;1mecho "-------------------------------------------------"[0m
2025-04-23T12:00:33.2852759Z [36;1mecho "Memory Usage AFTER:"[0m
2025-04-23T12:00:33.2853070Z [36;1mcat mem_after.log[0m
2025-04-23T12:00:33.2853399Z [36;1mecho "-------------------------------------------------"[0m
2025-04-23T12:00:33.2853771Z [36;1mecho "Resource Usage BEFORE (vmstat):"[0m
2025-04-23T12:00:33.2854129Z [36;1mcat resource_usage_before.log[0m
2025-04-23T12:00:33.2854491Z [36;1mecho "-------------------------------------------------"[0m
2025-04-23T12:00:33.2854863Z [36;1mecho "Resource Usage AFTER (vmstat):"[0m
2025-04-23T12:00:33.2855199Z [36;1mcat resource_usage_after.log[0m
2025-04-23T12:00:33.2855558Z [36;1mecho "-------------------------------------------------"[0m
2025-04-23T12:00:33.2882696Z shell: /usr/bin/bash -e {0}
2025-04-23T12:00:33.2882987Z env:
2025-04-23T12:00:33.2883227Z   REMOTE_HOST: 18.60.149.136
2025-04-23T12:00:33.2883507Z   REMOTE_USER: ubuntu
2025-04-23T12:00:33.2883789Z   REMOTE_BACKUP_DIR: /tmp/actions_bak
2025-04-23T12:00:33.2884204Z   JAVA_HOME: /opt/hostedtoolcache/Java_Corretto_jdk/17.0.15-6.1/x64
2025-04-23T12:00:33.2884716Z   JAVA_HOME_17_X64: /opt/hostedtoolcache/Java_Corretto_jdk/17.0.15-6.1/x64
2025-04-23T12:00:33.2885128Z   PIPELINE_START_TIME: 1745409587
2025-04-23T12:00:33.2885438Z   DEPLOY_START_TIME: 1745409605
2025-04-23T12:00:33.2885716Z   LEAD_TIME: 159
2025-04-23T12:00:33.2886147Z   DEPLOY_END_TIME: 1745409628
2025-04-23T12:00:33.2886436Z   DEPLOY_DURATION: 23
2025-04-23T12:00:33.2886936Z   TOTAL_PIPELINE_TIME: 46
2025-04-23T12:00:33.2887211Z ##[endgroup]
2025-04-23T12:00:33.2933399Z -------------------------------------------------
2025-04-23T12:00:33.2934012Z               CI/CD Metrics Summary              
2025-04-23T12:00:33.2934566Z -------------------------------------------------
2025-04-23T12:00:33.2935088Z | Metric                             | Value          |
2025-04-23T12:00:33.2935644Z -------------------------------------------------
2025-04-23T12:00:33.2936007Z | Total Pipeline Time (sec)          | 46          |
2025-04-23T12:00:33.2936388Z | Deployment Time (sec)              | 23          |
2025-04-23T12:00:33.2936954Z | Lead Time for Changes (sec)        | 159          |
2025-04-23T12:00:33.2974160Z | Cost (USD)                         | 0.0061              |
2025-04-23T12:00:33.2974932Z | Test Summary                       | [         5 tests found           ]          |
2025-04-23T12:00:33.2975639Z -------------------------------------------------
2025-04-23T12:00:33.2976035Z Memory Usage BEFORE:
2025-04-23T12:00:33.2983295Z                total        used        free      shared  buff/cache   available
2025-04-23T12:00:33.2984000Z Mem:           3.7Gi       1.2Gi       2.0Gi       2.8Mi       756Mi       2.5Gi
2025-04-23T12:00:33.2984390Z Swap:             0B          0B          0B
2025-04-23T12:00:33.2984887Z -------------------------------------------------
2025-04-23T12:00:33.2985450Z Memory Usage AFTER:
2025-04-23T12:00:33.2993489Z                total        used        free      shared  buff/cache   available
2025-04-23T12:00:33.2994158Z Mem:           3.7Gi       1.2Gi       2.0Gi       2.7Mi       757Mi       2.5Gi
2025-04-23T12:00:33.2994542Z Swap:             0B          0B          0B
2025-04-23T12:00:33.2995036Z -------------------------------------------------
2025-04-23T12:00:33.2995598Z Resource Usage BEFORE (vmstat):
2025-04-23T12:00:33.3003582Z 3836.87 MB - K total memory
2025-04-23T12:00:33.3004067Z 1248.09 MB - K used memory
2025-04-23T12:00:33.3004403Z 1193.91 MB - K active memory
2025-04-23T12:00:33.3004677Z 382.18 MB - K inactive memory
2025-04-23T12:00:33.3005082Z 2069.83 MB - K free memory
2025-04-23T12:00:33.3005534Z 87.53 MB - K buffer memory
2025-04-23T12:00:33.3005926Z 668.93 MB - K swap cache
2025-04-23T12:00:33.3006192Z 0.00 MB - K total swap
2025-04-23T12:00:33.3006452Z 0.00 MB - K used swap
2025-04-23T12:00:33.3007058Z 0.00 MB - K free swap
2025-04-23T12:00:33.3007354Z 91.61 MB - non-nice user cpu ticks
2025-04-23T12:00:33.3007668Z 0.06 MB - nice user cpu ticks
2025-04-23T12:00:33.3007952Z 8.68 MB - system cpu ticks
2025-04-23T12:00:33.3008224Z 4483.48 MB - idle cpu ticks
2025-04-23T12:00:33.3008501Z 4.00 MB - IO-wait cpu ticks
2025-04-23T12:00:33.3008766Z 0.00 MB - IRQ cpu ticks
2025-04-23T12:00:33.3009033Z 0.15 MB - softirq cpu ticks
2025-04-23T12:00:33.3009300Z 0.17 MB - stolen cpu ticks
2025-04-23T12:00:33.3009586Z 0.00 MB - non-nice guest cpu ticks
2025-04-23T12:00:33.3009895Z 0.00 MB - nice guest cpu ticks
2025-04-23T12:00:33.3010173Z 540.37 MB - K paged in
2025-04-23T12:00:33.3010438Z 2499.07 MB - K paged out
2025-04-23T12:00:33.3010715Z 0.00 MB - pages swapped in
2025-04-23T12:00:33.3010984Z 0.00 MB - pages swapped out
2025-04-23T12:00:33.3011255Z 4176.47 MB - interrupts
2025-04-23T12:00:33.3011524Z 6107.09 MB - CPU context switches
2025-04-23T12:00:33.3011831Z 1704478.59 MB - boot time
2025-04-23T12:00:33.3012087Z 26.64 MB - forks
2025-04-23T12:00:33.3012367Z -------------------------------------------------
2025-04-23T12:00:33.3012706Z Resource Usage AFTER (vmstat):
2025-04-23T12:00:33.3014112Z 3836.87 MB - K total memory
2025-04-23T12:00:33.3014569Z 1268.68 MB - K used memory
2025-04-23T12:00:33.3014972Z 1210.05 MB - K active memory
2025-04-23T12:00:33.3015261Z 382.24 MB - K inactive memory
2025-04-23T12:00:33.3015624Z 2049.20 MB - K free memory
2025-04-23T12:00:33.3016183Z 87.54 MB - K buffer memory
2025-04-23T12:00:33.3016971Z 668.94 MB - K swap cache
2025-04-23T12:00:33.3017562Z 0.00 MB - K total swap
2025-04-23T12:00:33.3018017Z 0.00 MB - K used swap
2025-04-23T12:00:33.3018449Z 0.00 MB - K free swap
2025-04-23T12:00:33.3018919Z 94.14 MB - non-nice user cpu ticks
2025-04-23T12:00:33.3019270Z 0.06 MB - nice user cpu ticks
2025-04-23T12:00:33.3019572Z 8.78 MB - system cpu ticks
2025-04-23T12:00:33.3019847Z 4486.30 MB - idle cpu ticks
2025-04-23T12:00:33.3020124Z 4.00 MB - IO-wait cpu ticks
2025-04-23T12:00:33.3020541Z 0.00 MB - IRQ cpu ticks
2025-04-23T12:00:33.3020809Z 0.16 MB - softirq cpu ticks
2025-04-23T12:00:33.3021081Z 0.17 MB - stolen cpu ticks
2025-04-23T12:00:33.3021363Z 0.00 MB - non-nice guest cpu ticks
2025-04-23T12:00:33.3021668Z 0.00 MB - nice guest cpu ticks
2025-04-23T12:00:33.3021956Z 540.37 MB - K paged in
2025-04-23T12:00:33.3022216Z 2528.50 MB - K paged out
2025-04-23T12:00:33.3022490Z 0.00 MB - pages swapped in
2025-04-23T12:00:33.3022761Z 0.00 MB - pages swapped out
2025-04-23T12:00:33.3023038Z 4209.89 MB - interrupts
2025-04-23T12:00:33.3023314Z 6130.09 MB - CPU context switches
2025-04-23T12:00:33.3023606Z 1704478.59 MB - boot time
2025-04-23T12:00:33.3023869Z 26.93 MB - forks
2025-04-23T12:00:33.3024140Z -------------------------------------------------
2025-04-23T12:00:33.3096211Z Post job cleanup.
2025-04-23T12:00:33.4814012Z Post job cleanup.
2025-04-23T12:00:33.5539960Z [command]/usr/bin/git version
2025-04-23T12:00:33.5578229Z git version 2.49.0
2025-04-23T12:00:33.5620831Z Temporarily overriding HOME='/home/runner/work/_temp/66b76e47-c6d3-4355-a572-91537f726799' before making global git config changes
2025-04-23T12:00:33.5621815Z Adding repository directory to the temporary git global config as a safe directory
2025-04-23T12:00:33.5624772Z [command]/usr/bin/git config --global --add safe.directory /home/runner/work/JobManagement/JobManagement
2025-04-23T12:00:33.5655026Z [command]/usr/bin/git config --local --name-only --get-regexp core\.sshCommand
2025-04-23T12:00:33.5683323Z [command]/usr/bin/git submodule foreach --recursive sh -c "git config --local --name-only --get-regexp 'core\.sshCommand' && git config --local --unset-all 'core.sshCommand' || :"
2025-04-23T12:00:33.5900372Z [command]/usr/bin/git config --local --name-only --get-regexp http\.https\:\/\/github\.com\/\.extraheader
2025-04-23T12:00:33.5919634Z http.https://github.com/.extraheader
2025-04-23T12:00:33.5930616Z [command]/usr/bin/git config --local --unset-all http.https://github.com/.extraheader
2025-04-23T12:00:33.5958018Z [command]/usr/bin/git submodule foreach --recursive sh -c "git config --local --name-only --get-regexp 'http\.https\:\/\/github\.com\/\.extraheader' && git config --local --unset-all 'http.https://github.com/.extraheader' || :"
2025-04-23T12:00:33.6270333Z Cleaning up orphan processes
